OpenJDK 64-Bit Server VM (25.372-b07) for linux-amd64 JRE (1.8.0_372-b07), built on May 15 2023 14:44:58 by "mockbuild" with gcc 4.8.5 20150623 (Red Hat 4.8.5-44)
Memory: 4k page, physical 7833708k(2005884k free), swap 2097152k(2097152k free)
CommandLine flags: -XX:+CMSClassUnloadingEnabled -XX:CMSInitiatingOccupancyFraction=70 -XX:+CMSParallelRemarkEnabled -XX:GCLogFileSize=104857600 -XX:InitialHeapSize=268435456 -XX:MaxHeapSize=268435456 -XX:MaxNewSize=134217728 -XX:NewSize=134217728 -XX:NumberOfGCLogFiles=10 -XX:OldPLABSize=16 -XX:+PrintGC -XX:+PrintGCDateStamps -XX:+PrintGCDetails -XX:+PrintGCTimeStamps -XX:SoftRefLRUPolicyMSPerMB=0 -XX:SurvivorRatio=8 -XX:+UseCMSCompactAtFullCollection -XX:+UseCompressedClassPointers -XX:+UseCompressedOops -XX:+UseConcMarkSweepGC -XX:+UseGCLogFileRotation -XX:-UseParNewGC 
2026-05-27T20:41:40.239+0800: 2.195: [GC (Allocation Failure) 2026-05-27T20:41:40.239+0800: 2.195: [DefNew: 104960K->3425K(118016K), 0.0159979 secs] 104960K->3425K(249088K), 0.0170838 secs] [Times: user=0.01 sys=0.00, real=0.02 secs] 
2026-05-27T20:41:41.328+0800: 3.285: [GC (Allocation Failure) 2026-05-27T20:41:41.329+0800: 3.285: [DefNew: 108385K->5015K(118016K), 0.0236391 secs] 108385K->5015K(249088K), 0.0247440 secs] [Times: user=0.02 sys=0.01, real=0.02 secs] 
2026-05-27T20:41:42.796+0800: 4.752: [GC (Allocation Failure) 2026-05-27T20:41:42.796+0800: 4.753: [DefNew: 109975K->5495K(118016K), 0.0170088 secs] 109975K->5495K(249088K), 0.0181261 secs] [Times: user=0.02 sys=0.00, real=0.01 secs] 
2026-05-27T20:41:43.429+0800: 5.385: [GC (Allocation Failure) 2026-05-27T20:41:43.432+0800: 5.388: [DefNew: 110455K->6237K(118016K), 0.0201439 secs] 110455K->6237K(249088K), 0.0315848 secs] [Times: user=0.05 sys=0.00, real=0.03 secs] 
2026-05-27T20:41:43.462+0800: 5.418: [GC (CMS Initial Mark) [1 CMS-initial-mark: 0K(131072K)] 7570K(249088K), 0.0070986 secs] [Times: user=0.02 sys=0.00, real=0.01 secs] 
2026-05-27T20:41:43.470+0800: 5.426: [CMS-concurrent-mark-start]
2026-05-27T20:41:43.475+0800: 5.431: [CMS-concurrent-mark: 0.005/0.005 secs] [Times: user=0.01 sys=0.00, real=0.00 secs] 
2026-05-27T20:41:43.477+0800: 5.433: [CMS-concurrent-preclean-start]
2026-05-27T20:41:43.480+0800: 5.436: [CMS-concurrent-preclean: 0.002/0.003 secs] [Times: user=0.00 sys=0.00, real=0.00 secs] 
2026-05-27T20:41:43.482+0800: 5.438: [GC (CMS Final Remark) [YG occupancy: 7570 K (118016 K)]2026-05-27T20:41:43.482+0800: 5.439: [Rescan (non-parallel) 2026-05-27T20:41:43.483+0800: 5.439: [grey object rescan, 0.0005460 secs]2026-05-27T20:41:43.484+0800: 5.440: [root rescan, 0.0075253 secs]2026-05-27T20:41:43.486+0800: 5.448: [visit unhandled CLDs, 0.0006925 secs]2026-05-27T20:41:43.487+0800: 5.449: [dirty klass scan, 0.0010703 secs], 0.0121978 secs]2026-05-27T20:41:43.488+0800: 5.451: [weak refs processing, 0.0004252 secs]2026-05-27T20:41:43.489+0800: 5.452: [class unloading, 0.0088824 secs]2026-05-27T20:41:43.500+0800: 5.463: [scrub symbol table, 0.0083595 secs]2026-05-27T20:41:43.509+0800: 5.472: [scrub string table, 0.0007576 secs][1 CMS-remark: 0K(131072K)] 7570K(249088K), 0.0355937 secs] [Times: user=0.03 sys=0.01, real=0.04 secs] 
2026-05-27T20:41:43.513+0800: 5.476: [CMS-concurrent-sweep-start]
2026-05-27T20:41:43.514+0800: 5.476: [CMS-concurrent-sweep: 0.000/0.000 secs] [Times: user=0.00 sys=0.00, real=0.00 secs] 
2026-05-27T20:41:43.517+0800: 5.480: [CMS-concurrent-reset-start]
2026-05-27T20:41:43.522+0800: 5.485: [CMS-concurrent-reset: 0.005/0.005 secs] [Times: user=0.01 sys=0.01, real=0.01 secs] 
2026-05-27T20:41:44.146+0800: 6.109: [GC (Allocation Failure) 2026-05-27T20:41:44.147+0800: 6.109: [DefNew: 111197K->10701K(118016K), 0.0428826 secs] 111197K->10701K(249088K), 0.0438876 secs] [Times: user=0.04 sys=0.02, real=0.05 secs] 
2026-05-27T20:41:44.540+0800: 6.503: [GC (Allocation Failure) 2026-05-27T20:41:44.541+0800: 6.503: [DefNew: 115661K->8586K(118016K), 0.0579844 secs] 115661K->13715K(249088K), 0.0590368 secs] [Times: user=0.06 sys=0.01, real=0.06 secs] 
2026-05-27T20:41:45.139+0800: 7.101: [GC (Allocation Failure) 2026-05-27T20:41:45.141+0800: 7.104: [DefNew: 113546K->4815K(118016K), 0.0394598 secs] 118675K->15270K(249088K), 0.0423086 secs] [Times: user=0.05 sys=0.01, real=0.05 secs] 
2026-05-27T20:41:45.520+0800: 7.482: [GC (Allocation Failure) 2026-05-27T20:41:45.520+0800: 7.483: [DefNew: 109775K->5550K(118016K), 0.0152828 secs] 120230K->16005K(249088K), 0.0164128 secs] [Times: user=0.03 sys=0.00, real=0.02 secs] 
2026-05-27T20:41:45.689+0800: 7.652: [GC (Allocation Failure) 2026-05-27T20:41:45.690+0800: 7.653: [DefNew: 110510K->6600K(118016K), 0.0122726 secs] 120965K->17055K(249088K), 0.0133943 secs] [Times: user=0.03 sys=0.00, real=0.01 secs] 
2026-05-27T20:41:45.834+0800: 7.797: [GC (Allocation Failure) 2026-05-27T20:41:45.835+0800: 7.798: [DefNew: 111560K->5432K(118016K), 0.0240319 secs] 122015K->18639K(249088K), 0.0251289 secs] [Times: user=0.02 sys=0.01, real=0.02 secs] 
2026-05-27T20:41:46.075+0800: 8.038: [GC (Allocation Failure) 2026-05-27T20:41:46.076+0800: 8.038: [DefNew: 110392K->6791K(118016K), 0.0103262 secs] 123599K->19998K(249088K), 0.0113411 secs] [Times: user=0.01 sys=0.00, real=0.01 secs] 
2026-05-27T20:41:46.479+0800: 8.441: [GC (Allocation Failure) 2026-05-27T20:41:46.481+0800: 8.444: [DefNew: 111751K->6363K(118016K), 0.0237190 secs] 124958K->21341K(249088K), 0.0267877 secs] [Times: user=0.03 sys=0.00, real=0.03 secs] 
2026-05-27T20:41:47.038+0800: 9.001: [GC (Allocation Failure) 2026-05-27T20:41:47.039+0800: 9.001: [DefNew: 111323K->7079K(118016K), 0.0182042 secs] 126301K->22057K(249088K), 0.0191247 secs] [Times: user=0.07 sys=0.00, real=0.02 secs] 
2026-05-27T20:41:47.634+0800: 9.597: [GC (Allocation Failure) 2026-05-27T20:41:47.635+0800: 9.597: [DefNew: 112039K->8635K(118016K), 0.0270637 secs] 127017K->24439K(249088K), 0.0281221 secs] [Times: user=0.07 sys=0.01, real=0.03 secs] 
2026-05-27T20:41:48.152+0800: 10.115: [GC (Allocation Failure) 2026-05-27T20:41:48.152+0800: 10.115: [DefNew: 113595K->5610K(118016K), 0.0389721 secs] 129399K->24204K(249088K), 0.0399210 secs] [Times: user=0.11 sys=0.00, real=0.04 secs] 
2026-05-27T20:41:49.513+0800: 11.475: [GC (Allocation Failure) 2026-05-27T20:41:49.513+0800: 11.476: [DefNew: 110570K->9597K(118016K), 0.0323865 secs] 129164K->28191K(249088K), 0.0333472 secs] [Times: user=0.05 sys=0.01, real=0.03 secs] 
2026-05-27T20:41:49.547+0800: 11.510: [GC (CMS Initial Mark) [1 CMS-initial-mark: 18593K(131072K)] 30221K(249088K), 0.0107699 secs] [Times: user=0.01 sys=0.00, real=0.01 secs] 
2026-05-27T20:41:49.559+0800: 11.521: [CMS-concurrent-mark-start]
2026-05-27T20:41:49.578+0800: 11.540: [CMS-concurrent-mark: 0.018/0.019 secs] [Times: user=0.05 sys=0.00, real=0.02 secs] 
2026-05-27T20:41:49.578+0800: 11.541: [CMS-concurrent-preclean-start]
2026-05-27T20:41:49.579+0800: 11.542: [CMS-concurrent-preclean: 0.001/0.001 secs] [Times: user=0.00 sys=0.00, real=0.00 secs] 
2026-05-27T20:41:49.580+0800: 11.543: [CMS-concurrent-abortable-preclean-start]
2026-05-27T20:41:50.072+0800: 12.035: [CMS-concurrent-abortable-preclean: 0.381/0.492 secs] [Times: user=2.29 sys=0.03, real=0.50 secs] 
2026-05-27T20:41:50.074+0800: 12.037: [GC (CMS Final Remark) [YG occupancy: 63575 K (118016 K)]2026-05-27T20:41:50.074+0800: 12.037: [Rescan (non-parallel) 2026-05-27T20:41:50.075+0800: 12.037: [grey object rescan, 0.0005310 secs]2026-05-27T20:41:50.076+0800: 12.038: [root rescan, 0.0381555 secs]2026-05-27T20:41:50.115+0800: 12.077: [visit unhandled CLDs, 0.0010082 secs]2026-05-27T20:41:50.117+0800: 12.080: [dirty klass scan, 0.0018188 secs], 0.0449662 secs]2026-05-27T20:41:50.120+0800: 12.083: [weak refs processing, 0.0005608 secs]2026-05-27T20:41:50.121+0800: 12.084: [class unloading, 0.0134961 secs]2026-05-27T20:41:50.135+0800: 12.098: [scrub symbol table, 0.0145246 secs]2026-05-27T20:41:50.150+0800: 12.113: [scrub string table, 0.0009362 secs][1 CMS-remark: 18593K(131072K)] 82169K(249088K), 0.0781390 secs] [Times: user=0.08 sys=0.00, real=0.08 secs] 
2026-05-27T20:41:50.153+0800: 12.116: [CMS-concurrent-sweep-start]
2026-05-27T20:41:50.160+0800: 12.123: [CMS-concurrent-sweep: 0.007/0.007 secs] [Times: user=0.02 sys=0.00, real=0.00 secs] 
2026-05-27T20:41:50.162+0800: 12.125: [CMS-concurrent-reset-start]
2026-05-27T20:41:50.162+0800: 12.125: [CMS-concurrent-reset: 0.000/0.000 secs] [Times: user=0.00 sys=0.00, real=0.00 secs] 
2026-05-27T20:41:50.753+0800: 12.716: [GC (Allocation Failure) 2026-05-27T20:41:50.754+0800: 12.716: [DefNew: 114557K->7960K(118016K), 0.0539548 secs] 129507K->26533K(249088K), 0.0553575 secs] [Times: user=0.12 sys=0.00, real=0.06 secs] 
2026-05-27T20:41:54.178+0800: 16.141: [GC (Allocation Failure) 2026-05-27T20:41:54.179+0800: 16.142: [DefNew: 112920K->7273K(118016K), 0.0544051 secs] 131493K->30406K(249088K), 0.0559253 secs] [Times: user=0.10 sys=0.00, real=0.06 secs] 
2026-05-27T20:41:55.261+0800: 17.223: [GC (Allocation Failure) 2026-05-27T20:41:55.261+0800: 17.224: [DefNew: 112233K->7262K(118016K), 0.0418269 secs] 135366K->33505K(249088K), 0.0429837 secs] [Times: user=0.11 sys=0.00, real=0.05 secs] 
2026-05-27T20:41:56.184+0800: 18.147: [GC (Allocation Failure) 2026-05-27T20:41:56.185+0800: 18.148: [DefNew: 112222K->6030K(118016K), 0.0335790 secs] 138465K->35899K(249088K), 0.0348584 secs] [Times: user=0.05 sys=0.01, real=0.03 secs] 
2026-05-27T20:41:56.746+0800: 18.708: [GC (Allocation Failure) 2026-05-27T20:41:56.746+0800: 18.709: [DefNew: 110990K->6957K(118016K), 0.0219234 secs] 140859K->36825K(249088K), 0.0228555 secs] [Times: user=0.09 sys=0.00, real=0.02 secs] 
2026-05-27T20:41:58.091+0800: 20.054: [GC (Allocation Failure) 2026-05-27T20:41:58.092+0800: 20.054: [DefNew: 111917K->8814K(118016K), 0.0409718 secs] 141785K->41249K(249088K), 0.0420637 secs] [Times: user=0.05 sys=0.02, real=0.04 secs] 
2026-05-27T20:41:58.640+0800: 20.603: [GC (Allocation Failure) 2026-05-27T20:41:58.640+0800: 20.603: [DefNew: 113774K->10034K(118016K), 0.0344826 secs] 146209K->44967K(249088K), 0.0353465 secs] [Times: user=0.03 sys=0.01, real=0.04 secs] 
2026-05-27T20:41:58.677+0800: 20.640: [GC (CMS Initial Mark) [1 CMS-initial-mark: 34933K(131072K)] 45712K(249088K), 0.0129261 secs] [Times: user=0.02 sys=0.00, real=0.02 secs] 
2026-05-27T20:41:58.691+0800: 20.654: [CMS-concurrent-mark-start]
2026-05-27T20:41:58.790+0800: 20.753: [CMS-concurrent-mark: 0.094/0.099 secs] [Times: user=0.35 sys=0.04, real=0.10 secs] 
2026-05-27T20:41:58.792+0800: 20.754: [CMS-concurrent-preclean-start]
2026-05-27T20:41:58.795+0800: 20.758: [CMS-concurrent-preclean: 0.003/0.003 secs] [Times: user=0.01 sys=0.00, real=0.00 secs] 
2026-05-27T20:41:58.803+0800: 20.766: [CMS-concurrent-abortable-preclean-start]
2026-05-27T20:41:59.570+0800: 21.532: [GC (Allocation Failure) 2026-05-27T20:41:59.571+0800: 21.533: [DefNew: 114994K->8422K(118016K), 0.0747549 secs] 149927K->49976K(249088K), 0.0763454 secs] [Times: user=0.08 sys=0.02, real=0.07 secs] 
2026-05-27T20:42:01.140+0800: 23.102: [CMS-concurrent-abortable-preclean: 2.133/2.337 secs] [Times: user=10.84 sys=0.62, real=2.33 secs] 
2026-05-27T20:42:01.143+0800: 23.105: [GC (CMS Final Remark) [YG occupancy: 62306 K (118016 K)]2026-05-27T20:42:01.153+0800: 23.116: [Rescan (non-parallel) 2026-05-27T20:42:01.156+0800: 23.118: [grey object rescan, 0.0009092 secs]2026-05-27T20:42:01.158+0800: 23.120: [root rescan, 0.1627515 secs]2026-05-27T20:42:01.325+0800: 23.288: [visit unhandled CLDs, 0.0019387 secs]2026-05-27T20:42:01.328+0800: 23.291: [dirty klass scan, 0.0105930 secs], 0.1886229 secs]2026-05-27T20:42:01.343+0800: 23.306: [weak refs processing, 0.0014398 secs]2026-05-27T20:42:01.345+0800: 23.308: [class unloading, 0.0785170 secs]2026-05-27T20:42:01.426+0800: 23.388: [scrub symbol table, 0.0447153 secs]2026-05-27T20:42:01.471+0800: 23.434: [scrub string table, 0.0047564 secs][1 CMS-remark: 41554K(131072K)] 103860K(249088K), 0.3472332 secs] [Times: user=0.76 sys=0.05, real=0.35 secs] 
2026-05-27T20:42:01.492+0800: 23.455: [CMS-concurrent-sweep-start]
2026-05-27T20:42:01.526+0800: 23.489: [CMS-concurrent-sweep: 0.034/0.034 secs] [Times: user=0.15 sys=0.02, real=0.03 secs] 
2026-05-27T20:42:01.535+0800: 23.498: [CMS-concurrent-reset-start]
2026-05-27T20:42:01.536+0800: 23.499: [CMS-concurrent-reset: 0.001/0.001 secs] [Times: user=0.00 sys=0.00, real=0.00 secs] 
2026-05-27T20:42:02.608+0800: 24.570: [GC (Allocation Failure) 2026-05-27T20:42:02.609+0800: 24.571: [DefNew: 113382K->8025K(118016K), 0.0730976 secs] 153120K->51614K(249088K), 0.0751197 secs] [Times: user=0.12 sys=0.01, real=0.08 secs] 
2026-05-27T20:42:04.545+0800: 26.508: [GC (Allocation Failure) 2026-05-27T20:42:04.548+0800: 26.511: [DefNew: 112985K->4700K(118016K), 0.1640093 secs] 156574K->52519K(249088K), 0.1671549 secs] [Times: user=0.54 sys=0.09, real=0.17 secs] 
2026-05-27T20:47:26.914+0800: 348.918: [GC (Allocation Failure) 2026-05-27T20:47:26.915+0800: 348.919: [DefNew: 109660K->13056K(118016K), 0.1224930 secs] 157479K->63082K(249088K), 0.1242513 secs] [Times: user=0.12 sys=0.00, real=0.12 secs] 
2026-05-27T21:21:55.436+0800: 2417.625: [GC (Allocation Failure) 2026-05-27T21:21:55.438+0800: 2417.627: [DefNew: 118016K->1033K(118016K), 0.5945543 secs] 168042K->64168K(249088K), 0.5973506 secs] [Times: user=0.57 sys=0.03, real=0.59 secs] 
2026-05-27T21:53:00.089+0800: 4282.418: [GC (Allocation Failure) 2026-05-27T21:53:00.091+0800: 4282.420: [DefNew: 105993K->1767K(118016K), 0.1791019 secs] 169128K->64902K(249088K), 0.1817378 secs] [Times: user=0.19 sys=0.00, real=0.18 secs] 
2026-05-27T22:05:59.474+0800: 5061.860: [GC (Allocation Failure) 2026-05-27T22:05:59.475+0800: 5061.861: [DefNew: 106727K->6262K(118016K), 0.5264288 secs] 169862K->102165K(249088K), 0.5284897 secs] [Times: user=0.46 sys=0.07, real=0.53 secs] 
2026-05-27T22:06:00.013+0800: 5062.398: [GC (CMS Initial Mark) [1 CMS-initial-mark: 95902K(131072K)] 102665K(249088K), 0.0279618 secs] [Times: user=0.03 sys=0.00, real=0.03 secs] 
2026-05-27T22:06:00.042+0800: 5062.427: [CMS-concurrent-mark-start]
2026-05-27T22:06:00.577+0800: 5062.962: [CMS-concurrent-mark: 0.535/0.535 secs] [Times: user=0.56 sys=0.00, real=0.53 secs] 
2026-05-27T22:06:00.577+0800: 5062.963: [CMS-concurrent-preclean-start]
2026-05-27T22:06:00.582+0800: 5062.968: [CMS-concurrent-preclean: 0.004/0.004 secs] [Times: user=0.00 sys=0.00, real=0.01 secs] 
2026-05-27T22:06:00.585+0800: 5062.970: [GC (CMS Final Remark) [YG occupancy: 7152 K (118016 K)]2026-05-27T22:06:00.586+0800: 5062.971: [Rescan (non-parallel) 2026-05-27T22:06:00.586+0800: 5062.972: [grey object rescan, 0.0005090 secs]2026-05-27T22:06:00.587+0800: 5062.973: [root rescan, 0.0049614 secs]2026-05-27T22:06:00.593+0800: 5062.978: [visit unhandled CLDs, 0.0003704 secs]2026-05-27T22:06:00.593+0800: 5062.979: [dirty klass scan, 0.0022910 secs], 0.0106773 secs]2026-05-27T22:06:00.597+0800: 5062.983: [weak refs processing, 0.0012095 secs]2026-05-27T22:06:00.599+0800: 5062.984: [class unloading, 0.7547089 secs]2026-05-27T22:06:01.354+0800: 5063.740: [scrub symbol table, 0.1691421 secs]2026-05-27T22:06:01.524+0800: 5063.910: [scrub string table, 0.0044601 secs][1 CMS-remark: 95902K(131072K)] 103055K(249088K), 0.9564527 secs] [Times: user=0.96 sys=0.00, real=0.96 secs] 
2026-05-27T22:06:01.543+0800: 5063.928: [CMS-concurrent-sweep-start]
2026-05-27T22:06:01.759+0800: 5064.145: [CMS-concurrent-sweep: 0.215/0.216 secs] [Times: user=0.26 sys=0.00, real=0.22 secs] 
2026-05-27T22:06:01.760+0800: 5064.146: [CMS-concurrent-reset-start]
2026-05-27T22:06:01.761+0800: 5064.146: [CMS-concurrent-reset: 0.000/0.000 secs] [Times: user=0.00 sys=0.00, real=0.00 secs] 
2026-05-27T22:06:03.763+0800: 5066.149: [GC (CMS Initial Mark) [1 CMS-initial-mark: 85139K(131072K)] 92783K(249088K), 0.0064170 secs] [Times: user=0.01 sys=0.00, real=0.01 secs] 
2026-05-27T22:06:03.771+0800: 5066.157: [CMS-concurrent-mark-start]
2026-05-27T22:06:03.826+0800: 5066.211: [CMS-concurrent-mark: 0.054/0.054 secs] [Times: user=0.05 sys=0.00, real=0.05 secs] 
2026-05-27T22:06:03.827+0800: 5066.212: [CMS-concurrent-preclean-start]
2026-05-27T22:06:03.829+0800: 5066.215: [CMS-concurrent-preclean: 0.003/0.003 secs] [Times: user=0.01 sys=0.00, real=0.00 secs] 
2026-05-27T22:06:03.831+0800: 5066.217: [GC (CMS Final Remark) [YG occupancy: 7643 K (118016 K)]2026-05-27T22:06:03.832+0800: 5066.217: [Rescan (non-parallel) 2026-05-27T22:06:03.832+0800: 5066.218: [grey object rescan, 0.0008274 secs]2026-05-27T22:06:03.833+0800: 5066.219: [root rescan, 0.0043025 secs]2026-05-27T22:06:03.838+0800: 5066.224: [visit unhandled CLDs, 0.0003637 secs]2026-05-27T22:06:03.839+0800: 5066.224: [dirty klass scan, 0.0019328 secs], 0.0092440 secs]2026-05-27T22:06:03.841+0800: 5066.227: [weak refs processing, 0.0003492 secs]2026-05-27T22:06:03.842+0800: 5066.227: [class unloading, 0.0163312 secs]2026-05-27T22:06:03.859+0800: 5066.244: [scrub symbol table, 0.0247838 secs]2026-05-27T22:06:03.884+0800: 5066.270: [scrub string table, 0.0008493 secs][1 CMS-remark: 85139K(131072K)] 92783K(249088K), 0.0544507 secs] [Times: user=0.05 sys=0.00, real=0.06 secs] 
2026-05-27T22:06:03.887+0800: 5066.272: [CMS-concurrent-sweep-start]
2026-05-27T22:06:03.901+0800: 5066.286: [CMS-concurrent-sweep: 0.014/0.014 secs] [Times: user=0.01 sys=0.00, real=0.01 secs] 
2026-05-27T22:06:03.902+0800: 5066.287: [CMS-concurrent-reset-start]
2026-05-27T22:06:03.902+0800: 5066.287: [CMS-concurrent-reset: 0.000/0.000 secs] [Times: user=0.00 sys=0.00, real=0.00 secs] 
2026-05-27T22:06:05.903+0800: 5068.289: [GC (CMS Initial Mark) [1 CMS-initial-mark: 85010K(131072K)] 93259K(249088K), 0.0070978 secs] [Times: user=0.01 sys=0.00, real=0.01 secs] 
2026-05-27T22:06:05.911+0800: 5068.297: [CMS-concurrent-mark-start]
2026-05-27T22:06:05.964+0800: 5068.350: [CMS-concurrent-mark: 0.053/0.053 secs] [Times: user=0.05 sys=0.00, real=0.05 secs] 
2026-05-27T22:06:05.965+0800: 5068.351: [CMS-concurrent-preclean-start]
2026-05-27T22:06:05.968+0800: 5068.353: [CMS-concurrent-preclean: 0.003/0.003 secs] [Times: user=0.00 sys=0.00, real=0.01 secs] 
2026-05-27T22:06:05.969+0800: 5068.355: [GC (CMS Final Remark) [YG occupancy: 8249 K (118016 K)]2026-05-27T22:06:05.969+0800: 5068.355: [Rescan (non-parallel) 2026-05-27T22:06:05.970+0800: 5068.355: [grey object rescan, 0.0003969 secs]2026-05-27T22:06:05.970+0800: 5068.356: [root rescan, 0.0055053 secs]2026-05-27T22:06:05.976+0800: 5068.362: [visit unhandled CLDs, 0.0002918 secs]2026-05-27T22:06:05.977+0800: 5068.363: [dirty klass scan, 0.0019810 secs], 0.0098580 secs]2026-05-27T22:06:05.980+0800: 5068.365: [weak refs processing, 0.0003328 secs]2026-05-27T22:06:05.980+0800: 5068.366: [class unloading, 0.0170372 secs]2026-05-27T22:06:05.998+0800: 5068.384: [scrub symbol table, 0.0218394 secs]2026-05-27T22:06:06.020+0800: 5068.406: [scrub string table, 0.0014466 secs][1 CMS-remark: 85010K(131072K)] 93259K(249088K), 0.0537398 secs] [Times: user=0.05 sys=0.00, real=0.05 secs] 
2026-05-27T22:06:06.024+0800: 5068.409: [CMS-concurrent-sweep-start]
2026-05-27T22:06:06.038+0800: 5068.424: [CMS-concurrent-sweep: 0.014/0.014 secs] [Times: user=0.02 sys=0.00, real=0.02 secs] 
2026-05-27T22:06:06.039+0800: 5068.424: [CMS-concurrent-reset-start]
2026-05-27T22:06:06.039+0800: 5068.424: [CMS-concurrent-reset: 0.000/0.000 secs] [Times: user=0.00 sys=0.00, real=0.00 secs] 
2026-05-27T22:06:08.040+0800: 5070.426: [GC (CMS Initial Mark) [1 CMS-initial-mark: 85009K(131072K)] 93472K(249088K), 0.0073636 secs] [Times: user=0.01 sys=0.00, real=0.01 secs] 
2026-05-27T22:06:08.049+0800: 5070.434: [CMS-concurrent-mark-start]
2026-05-27T22:06:08.116+0800: 5070.502: [CMS-concurrent-mark: 0.067/0.067 secs] [Times: user=0.07 sys=0.00, real=0.06 secs] 
2026-05-27T22:06:08.117+0800: 5070.502: [CMS-concurrent-preclean-start]
2026-05-27T22:06:08.120+0800: 5070.506: [CMS-concurrent-preclean: 0.003/0.003 secs] [Times: user=0.00 sys=0.00, real=0.01 secs] 
2026-05-27T22:06:08.121+0800: 5070.506: [CMS-concurrent-abortable-preclean-start]
 CMS: abort preclean due to time 2026-05-27T22:06:13.201+0800: 5075.586: [CMS-concurrent-abortable-preclean: 0.732/5.080 secs] [Times: user=0.87 sys=0.00, real=5.08 secs] 
2026-05-27T22:06:13.202+0800: 5075.588: [GC (CMS Final Remark) [YG occupancy: 9348 K (118016 K)]2026-05-27T22:06:13.203+0800: 5075.588: [Rescan (non-parallel) 2026-05-27T22:06:13.203+0800: 5075.589: [grey object rescan, 0.0004458 secs]2026-05-27T22:06:13.204+0800: 5075.589: [root rescan, 0.0048859 secs]2026-05-27T22:06:13.209+0800: 5075.595: [visit unhandled CLDs, 0.0003487 secs]2026-05-27T22:06:13.210+0800: 5075.595: [dirty klass scan, 0.0019933 secs], 0.0094986 secs]2026-05-27T22:06:13.212+0800: 5075.598: [weak refs processing, 0.0004379 secs]2026-05-27T22:06:13.213+0800: 5075.599: [class unloading, 0.0153989 secs]2026-05-27T22:06:13.229+0800: 5075.615: [scrub symbol table, 0.0224242 secs]2026-05-27T22:06:13.252+0800: 5075.638: [scrub string table, 0.0012030 secs][1 CMS-remark: 85009K(131072K)] 94357K(249088K), 0.0524570 secs] [Times: user=0.05 sys=0.00, real=0.05 secs] 
2026-05-27T22:06:13.255+0800: 5075.641: [CMS-concurrent-sweep-start]
2026-05-27T22:06:13.273+0800: 5075.658: [CMS-concurrent-sweep: 0.017/0.017 secs] [Times: user=0.02 sys=0.00, real=0.02 secs] 
2026-05-27T22:06:13.273+0800: 5075.659: [CMS-concurrent-reset-start]
2026-05-27T22:06:13.273+0800: 5075.659: [CMS-concurrent-reset: 0.000/0.000 secs] [Times: user=0.00 sys=0.00, real=0.00 secs] 
2026-05-27T22:06:15.272+0800: 5077.660: [GC (CMS Initial Mark) [1 CMS-initial-mark: 85009K(131072K)] 94649K(249088K), 0.0075660 secs] [Times: user=0.00 sys=0.00, real=0.01 secs] 
2026-05-27T22:06:15.281+0800: 5077.668: [CMS-concurrent-mark-start]
2026-05-27T22:06:15.348+0800: 5077.736: [CMS-concurrent-mark: 0.067/0.067 secs] [Times: user=0.07 sys=0.00, real=0.07 secs] 
2026-05-27T22:06:15.348+0800: 5077.736: [CMS-concurrent-preclean-start]
2026-05-27T22:06:15.351+0800: 5077.739: [CMS-concurrent-preclean: 0.003/0.003 secs] [Times: user=0.01 sys=0.00, real=0.00 secs] 
2026-05-27T22:06:15.352+0800: 5077.740: [CMS-concurrent-abortable-preclean-start]
 CMS: abort preclean due to time 2026-05-27T22:06:20.402+0800: 5082.790: [CMS-concurrent-abortable-preclean: 0.642/5.050 secs] [Times: user=0.69 sys=0.01, real=5.05 secs] 
2026-05-27T22:06:20.403+0800: 5082.791: [GC (CMS Final Remark) [YG occupancy: 10406 K (118016 K)]2026-05-27T22:06:20.404+0800: 5082.792: [Rescan (non-parallel) 2026-05-27T22:06:20.405+0800: 5082.793: [grey object rescan, 0.0005028 secs]2026-05-27T22:06:20.406+0800: 5082.794: [root rescan, 0.0054533 secs]2026-05-27T22:06:20.411+0800: 5082.799: [visit unhandled CLDs, 0.0003015 secs]2026-05-27T22:06:20.412+0800: 5082.800: [dirty klass scan, 0.0018921 secs], 0.0098901 secs]2026-05-27T22:06:20.415+0800: 5082.802: [weak refs processing, 0.0003544 secs]2026-05-27T22:06:20.415+0800: 5082.803: [class unloading, 0.0165573 secs]2026-05-27T22:06:20.432+0800: 5082.820: [scrub symbol table, 0.0221518 secs]2026-05-27T22:06:20.455+0800: 5082.843: [scrub string table, 0.0009459 secs][1 CMS-remark: 85009K(131072K)] 95416K(249088K), 0.0531304 secs] [Times: user=0.05 sys=0.00, real=0.06 secs] 
2026-05-27T22:06:20.458+0800: 5082.846: [CMS-concurrent-sweep-start]
2026-05-27T22:06:20.472+0800: 5082.860: [CMS-concurrent-sweep: 0.014/0.014 secs] [Times: user=0.01 sys=0.00, real=0.01 secs] 
2026-05-27T22:06:20.472+0800: 5082.860: [CMS-concurrent-reset-start]
2026-05-27T22:06:20.472+0800: 5082.860: [CMS-concurrent-reset: 0.000/0.000 secs] [Times: user=0.00 sys=0.00, real=0.00 secs] 
2026-05-27T22:06:22.473+0800: 5084.861: [GC (CMS Initial Mark) [1 CMS-initial-mark: 85009K(131072K)] 95823K(249088K), 0.0083182 secs] [Times: user=0.01 sys=0.00, real=0.01 secs] 
2026-05-27T22:06:22.482+0800: 5084.870: [CMS-concurrent-mark-start]
2026-05-27T22:06:22.536+0800: 5084.924: [CMS-concurrent-mark: 0.054/0.054 secs] [Times: user=0.05 sys=0.00, real=0.06 secs] 
2026-05-27T22:06:22.537+0800: 5084.925: [CMS-concurrent-preclean-start]
2026-05-27T22:06:22.539+0800: 5084.927: [CMS-concurrent-preclean: 0.002/0.002 secs] [Times: user=0.01 sys=0.00, real=0.00 secs] 
2026-05-27T22:06:22.540+0800: 5084.928: [CMS-concurrent-abortable-preclean-start]
 CMS: abort preclean due to time 2026-05-27T22:06:27.611+0800: 5089.999: [CMS-concurrent-abortable-preclean: 0.644/5.071 secs] [Times: user=0.71 sys=0.00, real=5.07 secs] 
2026-05-27T22:06:27.613+0800: 5090.001: [GC (CMS Final Remark) [YG occupancy: 11287 K (118016 K)]2026-05-27T22:06:27.613+0800: 5090.001: [Rescan (non-parallel) 2026-05-27T22:06:27.614+0800: 5090.002: [grey object rescan, 0.0006666 secs]2026-05-27T22:06:27.615+0800: 5090.003: [root rescan, 0.0053464 secs]2026-05-27T22:06:27.620+0800: 5090.008: [visit unhandled CLDs, 0.0003337 secs]2026-05-27T22:06:27.621+0800: 5090.009: [dirty klass scan, 0.0019242 secs], 0.0098926 secs]2026-05-27T22:06:27.624+0800: 5090.012: [weak refs processing, 0.0006463 secs]2026-05-27T22:06:27.625+0800: 5090.013: [class unloading, 0.0175480 secs]2026-05-27T22:06:27.643+0800: 5090.031: [scrub symbol table, 0.0223595 secs]2026-05-27T22:06:27.665+0800: 5090.053: [scrub string table, 0.0009974 secs][1 CMS-remark: 85009K(131072K)] 96296K(249088K), 0.0542737 secs] [Times: user=0.05 sys=0.00, real=0.06 secs] 
2026-05-27T22:06:27.668+0800: 5090.056: [CMS-concurrent-sweep-start]
2026-05-27T22:06:27.680+0800: 5090.068: [CMS-concurrent-sweep: 0.012/0.012 secs] [Times: user=0.01 sys=0.00, real=0.01 secs] 
2026-05-27T22:06:27.680+0800: 5090.068: [CMS-concurrent-reset-start]
2026-05-27T22:06:27.680+0800: 5090.068: [CMS-concurrent-reset: 0.000/0.000 secs] [Times: user=0.00 sys=0.00, real=0.00 secs] 
2026-05-27T22:06:29.681+0800: 5092.069: [GC (CMS Initial Mark) [1 CMS-initial-mark: 85009K(131072K)] 96610K(249088K), 0.0080324 secs] [Times: user=0.01 sys=0.00, real=0.01 secs] 
2026-05-27T22:06:29.690+0800: 5092.078: [CMS-concurrent-mark-start]
2026-05-27T22:06:29.752+0800: 5092.140: [CMS-concurrent-mark: 0.061/0.061 secs] [Times: user=0.06 sys=0.00, real=0.06 secs] 
2026-05-27T22:06:29.753+0800: 5092.141: [CMS-concurrent-preclean-start]
2026-05-27T22:06:29.755+0800: 5092.143: [CMS-concurrent-preclean: 0.002/0.002 secs] [Times: user=0.00 sys=0.00, real=0.00 secs] 
2026-05-27T22:06:29.755+0800: 5092.143: [CMS-concurrent-abortable-preclean-start]
 CMS: abort preclean due to time 2026-05-27T22:06:34.834+0800: 5097.222: [CMS-concurrent-abortable-preclean: 0.678/5.078 secs] [Times: user=0.74 sys=0.00, real=5.08 secs] 
2026-05-27T22:06:34.835+0800: 5097.223: [GC (CMS Final Remark) [YG occupancy: 11954 K (118016 K)]2026-05-27T22:06:34.836+0800: 5097.223: [Rescan (non-parallel) 2026-05-27T22:06:34.836+0800: 5097.224: [grey object rescan, 0.0005240 secs]2026-05-27T22:06:34.837+0800: 5097.225: [root rescan, 0.0058966 secs]2026-05-27T22:06:34.843+0800: 5097.231: [visit unhandled CLDs, 0.0003762 secs]2026-05-27T22:06:34.844+0800: 5097.232: [dirty klass scan, 0.0019596 secs], 0.0106695 secs]2026-05-27T22:06:34.846+0800: 5097.234: [weak refs processing, 0.0004170 secs]2026-05-27T22:06:34.847+0800: 5097.235: [class unloading, 0.0191634 secs]2026-05-27T22:06:34.867+0800: 5097.255: [scrub symbol table, 0.0238393 secs]2026-05-27T22:06:34.891+0800: 5097.279: [scrub string table, 0.0009368 secs][1 CMS-remark: 85009K(131072K)] 96963K(249088K), 0.0580528 secs] [Times: user=0.06 sys=0.00, real=0.06 secs] 
2026-05-27T22:06:34.895+0800: 5097.283: [CMS-concurrent-sweep-start]
2026-05-27T22:06:34.907+0800: 5097.295: [CMS-concurrent-sweep: 0.012/0.012 secs] [Times: user=0.01 sys=0.00, real=0.02 secs] 
2026-05-27T22:06:34.907+0800: 5097.295: [CMS-concurrent-reset-start]
2026-05-27T22:06:34.907+0800: 5097.295: [CMS-concurrent-reset: 0.000/0.000 secs] [Times: user=0.00 sys=0.00, real=0.00 secs] 
2026-05-27T22:06:36.909+0800: 5099.297: [GC (CMS Initial Mark) [1 CMS-initial-mark: 85009K(131072K)] 97058K(249088K), 0.0110977 secs] [Times: user=0.01 sys=0.00, real=0.01 secs] 
2026-05-27T22:06:36.921+0800: 5099.309: [CMS-concurrent-mark-start]
2026-05-27T22:06:36.997+0800: 5099.385: [CMS-concurrent-mark: 0.076/0.076 secs] [Times: user=0.07 sys=0.00, real=0.08 secs] 
2026-05-27T22:06:36.998+0800: 5099.386: [CMS-concurrent-preclean-start]
2026-05-27T22:06:37.001+0800: 5099.389: [CMS-concurrent-preclean: 0.003/0.003 secs] [Times: user=0.01 sys=0.00, real=0.00 secs] 
2026-05-27T22:06:37.002+0800: 5099.390: [CMS-concurrent-abortable-preclean-start]
 CMS: abort preclean due to time 2026-05-27T22:06:42.054+0800: 5104.442: [CMS-concurrent-abortable-preclean: 0.714/5.053 secs] [Times: user=0.84 sys=0.00, real=5.05 secs] 
2026-05-27T22:06:42.056+0800: 5104.444: [GC (CMS Final Remark) [YG occupancy: 12227 K (118016 K)]2026-05-27T22:06:42.057+0800: 5104.445: [Rescan (non-parallel) 2026-05-27T22:06:42.057+0800: 5104.445: [grey object rescan, 0.0004095 secs]2026-05-27T22:06:42.058+0800: 5104.446: [root rescan, 0.0062171 secs]2026-05-27T22:06:42.064+0800: 5104.452: [visit unhandled CLDs, 0.0003608 secs]2026-05-27T22:06:42.065+0800: 5104.453: [dirty klass scan, 0.0018960 secs], 0.0108702 secs]2026-05-27T22:06:42.068+0800: 5104.456: [weak refs processing, 0.0004668 secs]2026-05-27T22:06:42.069+0800: 5104.457: [class unloading, 0.0153442 secs]2026-05-27T22:06:42.084+0800: 5104.472: [scrub symbol table, 0.0209748 secs]2026-05-27T22:06:42.106+0800: 5104.494: [scrub string table, 0.0009860 secs][1 CMS-remark: 85009K(131072K)] 97236K(249088K), 0.0514716 secs] [Times: user=0.05 sys=0.00, real=0.05 secs] 
2026-05-27T22:06:42.109+0800: 5104.497: [CMS-concurrent-sweep-start]
2026-05-27T22:06:42.122+0800: 5104.510: [CMS-concurrent-sweep: 0.013/0.013 secs] [Times: user=0.01 sys=0.00, real=0.01 secs] 
2026-05-27T22:06:42.123+0800: 5104.511: [CMS-concurrent-reset-start]
2026-05-27T22:06:42.123+0800: 5104.511: [CMS-concurrent-reset: 0.000/0.000 secs] [Times: user=0.00 sys=0.00, real=0.00 secs] 
2026-05-27T22:06:44.122+0800: 5106.512: [GC (CMS Initial Mark) [1 CMS-initial-mark: 85009K(131072K)] 97628K(249088K), 0.0136199 secs] [Times: user=0.02 sys=0.00, real=0.01 secs] 
2026-05-27T22:06:44.137+0800: 5106.527: [CMS-concurrent-mark-start]
2026-05-27T22:06:44.227+0800: 5106.617: [CMS-concurrent-mark: 0.090/0.090 secs] [Times: user=0.09 sys=0.00, real=0.09 secs] 
2026-05-27T22:06:44.227+0800: 5106.617: [CMS-concurrent-preclean-start]
2026-05-27T22:06:44.230+0800: 5106.621: [CMS-concurrent-preclean: 0.003/0.003 secs] [Times: user=0.00 sys=0.00, real=0.00 secs] 
2026-05-27T22:06:44.231+0800: 5106.621: [CMS-concurrent-abortable-preclean-start]
 CMS: abort preclean due to time 2026-05-27T22:06:49.265+0800: 5111.655: [CMS-concurrent-abortable-preclean: 0.733/5.034 secs] [Times: user=0.80 sys=0.00, real=5.04 secs] 
2026-05-27T22:06:49.266+0800: 5111.656: [GC (CMS Final Remark) [YG occupancy: 12729 K (118016 K)]2026-05-27T22:06:49.267+0800: 5111.657: [Rescan (non-parallel) 2026-05-27T22:06:49.267+0800: 5111.657: [grey object rescan, 0.0004728 secs]2026-05-27T22:06:49.268+0800: 5111.658: [root rescan, 0.0069514 secs]2026-05-27T22:06:49.275+0800: 5111.666: [visit unhandled CLDs, 0.0004346 secs]2026-05-27T22:06:49.276+0800: 5111.666: [dirty klass scan, 0.0028578 secs], 0.0131855 secs]2026-05-27T22:06:49.280+0800: 5111.671: [weak refs processing, 0.0005408 secs]2026-05-27T22:06:49.281+0800: 5111.672: [class unloading, 0.0176382 secs]2026-05-27T22:06:49.299+0800: 5111.690: [scrub symbol table, 0.0225312 secs]2026-05-27T22:06:49.323+0800: 5111.713: [scrub string table, 0.0014005 secs][1 CMS-remark: 85009K(131072K)] 97738K(249088K), 0.0588479 secs] [Times: user=0.05 sys=0.00, real=0.06 secs] 
2026-05-27T22:06:49.326+0800: 5111.716: [CMS-concurrent-sweep-start]
2026-05-27T22:06:49.339+0800: 5111.729: [CMS-concurrent-sweep: 0.013/0.013 secs] [Times: user=0.02 sys=0.00, real=0.01 secs] 
2026-05-27T22:06:49.340+0800: 5111.730: [CMS-concurrent-reset-start]
2026-05-27T22:06:49.341+0800: 5111.731: [CMS-concurrent-reset: 0.001/0.001 secs] [Times: user=0.00 sys=0.00, real=0.00 secs] 
2026-05-27T22:06:51.342+0800: 5113.732: [GC (CMS Initial Mark) [1 CMS-initial-mark: 85009K(131072K)] 97862K(249088K), 0.0099680 secs] [Times: user=0.01 sys=0.00, real=0.00 secs] 
2026-05-27T22:06:51.353+0800: 5113.744: [CMS-concurrent-mark-start]
2026-05-27T22:06:51.416+0800: 5113.806: [CMS-concurrent-mark: 0.063/0.063 secs] [Times: user=0.07 sys=0.00, real=0.06 secs] 
2026-05-27T22:06:51.417+0800: 5113.807: [CMS-concurrent-preclean-start]
2026-05-27T22:06:51.419+0800: 5113.810: [CMS-concurrent-preclean: 0.003/0.003 secs] [Times: user=0.00 sys=0.00, real=0.00 secs] 
2026-05-27T22:06:51.420+0800: 5113.810: [CMS-concurrent-abortable-preclean-start]
 CMS: abort preclean due to time 2026-05-27T22:06:56.498+0800: 5118.888: [CMS-concurrent-abortable-preclean: 0.670/5.078 secs] [Times: user=0.73 sys=0.00, real=5.08 secs] 
2026-05-27T22:06:56.500+0800: 5118.890: [GC (CMS Final Remark) [YG occupancy: 13116 K (118016 K)]2026-05-27T22:06:56.501+0800: 5118.891: [Rescan (non-parallel) 2026-05-27T22:06:56.501+0800: 5118.891: [grey object rescan, 0.0004370 secs]2026-05-27T22:06:56.502+0800: 5118.892: [root rescan, 0.0072801 secs]2026-05-27T22:06:56.509+0800: 5118.900: [visit unhandled CLDs, 0.0004513 secs]2026-05-27T22:06:56.510+0800: 5118.900: [dirty klass scan, 0.0019381 secs], 0.0122431 secs]2026-05-27T22:06:56.513+0800: 5118.903: [weak refs processing, 0.0003301 secs]2026-05-27T22:06:56.514+0800: 5118.904: [class unloading, 0.0155733 secs]2026-05-27T22:06:56.530+0800: 5118.920: [scrub symbol table, 0.0210237 secs]2026-05-27T22:06:56.552+0800: 5118.942: [scrub string table, 0.0010338 secs][1 CMS-remark: 85009K(131072K)] 98125K(249088K), 0.0536619 secs] [Times: user=0.05 sys=0.00, real=0.06 secs] 
2026-05-27T22:06:56.554+0800: 5118.945: [CMS-concurrent-sweep-start]
2026-05-27T22:06:56.566+0800: 5118.956: [CMS-concurrent-sweep: 0.011/0.011 secs] [Times: user=0.01 sys=0.00, real=0.01 secs] 
2026-05-27T22:06:56.567+0800: 5118.957: [CMS-concurrent-reset-start]
2026-05-27T22:06:56.567+0800: 5118.957: [CMS-concurrent-reset: 0.000/0.000 secs] [Times: user=0.01 sys=0.00, real=0.00 secs] 
2026-05-27T22:06:58.568+0800: 5120.958: [GC (CMS Initial Mark) [1 CMS-initial-mark: 85009K(131072K)] 98430K(249088K), 0.0092088 secs] [Times: user=0.01 sys=0.00, real=0.01 secs] 
2026-05-27T22:06:58.578+0800: 5120.968: [CMS-concurrent-mark-start]
2026-05-27T22:06:58.635+0800: 5121.025: [CMS-concurrent-mark: 0.057/0.057 secs] [Times: user=0.05 sys=0.00, real=0.06 secs] 
2026-05-27T22:06:58.636+0800: 5121.026: [CMS-concurrent-preclean-start]
2026-05-27T22:06:58.638+0800: 5121.028: [CMS-concurrent-preclean: 0.002/0.002 secs] [Times: user=0.01 sys=0.00, real=0.00 secs] 
2026-05-27T22:06:58.639+0800: 5121.029: [CMS-concurrent-abortable-preclean-start]
 CMS: abort preclean due to time 2026-05-27T22:07:03.706+0800: 5126.096: [CMS-concurrent-abortable-preclean: 0.740/5.067 secs] [Times: user=0.84 sys=0.00, real=5.07 secs] 
2026-05-27T22:07:03.707+0800: 5126.098: [GC (CMS Final Remark) [YG occupancy: 13704 K (118016 K)]2026-05-27T22:07:03.708+0800: 5126.098: [Rescan (non-parallel) 2026-05-27T22:07:03.708+0800: 5126.099: [grey object rescan, 0.0005798 secs]2026-05-27T22:07:03.709+0800: 5126.100: [root rescan, 0.0069418 secs]2026-05-27T22:07:03.717+0800: 5126.107: [visit unhandled CLDs, 0.0004343 secs]2026-05-27T22:07:03.718+0800: 5126.108: [dirty klass scan, 0.0023726 secs], 0.0129254 secs]2026-05-27T22:07:03.721+0800: 5126.112: [weak refs processing, 0.0008984 secs]2026-05-27T22:07:03.723+0800: 5126.113: [class unloading, 0.0166970 secs]2026-05-27T22:07:03.740+0800: 5126.130: [scrub symbol table, 0.0211489 secs]2026-05-27T22:07:03.762+0800: 5126.152: [scrub string table, 0.0009908 secs][1 CMS-remark: 85009K(131072K)] 98713K(249088K), 0.0566600 secs] [Times: user=0.05 sys=0.00, real=0.06 secs] 
2026-05-27T22:07:03.765+0800: 5126.155: [CMS-concurrent-sweep-start]
2026-05-27T22:07:03.776+0800: 5126.167: [CMS-concurrent-sweep: 0.011/0.011 secs] [Times: user=0.01 sys=0.00, real=0.01 secs] 
2026-05-27T22:07:03.777+0800: 5126.167: [CMS-concurrent-reset-start]
2026-05-27T22:07:03.777+0800: 5126.168: [CMS-concurrent-reset: 0.000/0.000 secs] [Times: user=0.00 sys=0.00, real=0.00 secs] 
2026-05-27T22:07:05.778+0800: 5128.168: [GC (CMS Initial Mark) [1 CMS-initial-mark: 85009K(131072K)] 98921K(249088K), 0.0095770 secs] [Times: user=0.01 sys=0.00, real=0.01 secs] 
2026-05-27T22:07:05.789+0800: 5128.180: [CMS-concurrent-mark-start]
2026-05-27T22:07:05.844+0800: 5128.234: [CMS-concurrent-mark: 0.055/0.055 secs] [Times: user=0.06 sys=0.00, real=0.06 secs] 
2026-05-27T22:07:05.845+0800: 5128.235: [CMS-concurrent-preclean-start]
2026-05-27T22:07:05.848+0800: 5128.238: [CMS-concurrent-preclean: 0.003/0.003 secs] [Times: user=0.00 sys=0.00, real=0.00 secs] 
2026-05-27T22:07:05.848+0800: 5128.239: [CMS-concurrent-abortable-preclean-start]
 CMS: abort preclean due to time 2026-05-27T22:07:10.921+0800: 5133.312: [CMS-concurrent-abortable-preclean: 0.664/5.073 secs] [Times: user=0.73 sys=0.00, real=5.08 secs] 
2026-05-27T22:07:10.923+0800: 5133.314: [GC (CMS Final Remark) [YG occupancy: 14122 K (118016 K)]2026-05-27T22:07:10.924+0800: 5133.314: [Rescan (non-parallel) 2026-05-27T22:07:10.925+0800: 5133.315: [grey object rescan, 0.0004515 secs]2026-05-27T22:07:10.925+0800: 5133.316: [root rescan, 0.0073867 secs]2026-05-27T22:07:10.933+0800: 5133.323: [visit unhandled CLDs, 0.0003100 secs]2026-05-27T22:07:10.934+0800: 5133.324: [dirty klass scan, 0.0020398 secs], 0.0122325 secs]2026-05-27T22:07:10.937+0800: 5133.327: [weak refs processing, 0.0004718 secs]2026-05-27T22:07:10.938+0800: 5133.328: [class unloading, 0.0168794 secs]2026-05-27T22:07:10.955+0800: 5133.345: [scrub symbol table, 0.0230419 secs]2026-05-27T22:07:10.979+0800: 5133.369: [scrub string table, 0.0009369 secs][1 CMS-remark: 85009K(131072K)] 99131K(249088K), 0.0567824 secs] [Times: user=0.05 sys=0.00, real=0.05 secs] 
2026-05-27T22:07:10.981+0800: 5133.371: [CMS-concurrent-sweep-start]
2026-05-27T22:07:10.993+0800: 5133.384: [CMS-concurrent-sweep: 0.012/0.012 secs] [Times: user=0.02 sys=0.00, real=0.02 secs] 
2026-05-27T22:07:10.994+0800: 5133.384: [CMS-concurrent-reset-start]
2026-05-27T22:07:10.994+0800: 5133.384: [CMS-concurrent-reset: 0.000/0.000 secs] [Times: user=0.00 sys=0.00, real=0.00 secs] 
2026-05-27T22:07:12.995+0800: 5135.385: [GC (CMS Initial Mark) [1 CMS-initial-mark: 85009K(131072K)] 99329K(249088K), 0.0089378 secs] [Times: user=0.01 sys=0.00, real=0.01 secs] 
2026-05-27T22:07:13.005+0800: 5135.395: [CMS-concurrent-mark-start]
2026-05-27T22:07:13.060+0800: 5135.450: [CMS-concurrent-mark: 0.055/0.055 secs] [Times: user=0.06 sys=0.00, real=0.05 secs] 
2026-05-27T22:07:13.060+0800: 5135.450: [CMS-concurrent-preclean-start]
2026-05-27T22:07:13.063+0800: 5135.453: [CMS-concurrent-preclean: 0.003/0.003 secs] [Times: user=0.00 sys=0.00, real=0.01 secs] 
2026-05-27T22:07:13.063+0800: 5135.453: [CMS-concurrent-abortable-preclean-start]
 CMS: abort preclean due to time 2026-05-27T22:07:18.094+0800: 5140.486: [CMS-concurrent-abortable-preclean: 0.625/5.033 secs] [Times: user=0.69 sys=0.00, real=5.03 secs] 
2026-05-27T22:07:18.096+0800: 5140.488: [GC (CMS Final Remark) [YG occupancy: 14453 K (118016 K)]2026-05-27T22:07:18.097+0800: 5140.489: [Rescan (non-parallel) 2026-05-27T22:07:18.097+0800: 5140.489: [grey object rescan, 0.0005681 secs]2026-05-27T22:07:18.098+0800: 5140.490: [root rescan, 0.0086253 secs]2026-05-27T22:07:18.107+0800: 5140.499: [visit unhandled CLDs, 0.0003142 secs]2026-05-27T22:07:18.108+0800: 5140.500: [dirty klass scan, 0.0022400 secs], 0.0137924 secs]2026-05-27T22:07:18.111+0800: 5140.503: [weak refs processing, 0.0004575 secs]2026-05-27T22:07:18.112+0800: 5140.504: [class unloading, 0.0160016 secs]2026-05-27T22:07:18.128+0800: 5140.520: [scrub symbol table, 0.0222473 secs]2026-05-27T22:07:18.151+0800: 5140.544: [scrub string table, 0.0011028 secs][1 CMS-remark: 85009K(131072K)] 99462K(249088K), 0.0573108 secs] [Times: user=0.05 sys=0.00, real=0.06 secs] 
2026-05-27T22:07:18.155+0800: 5140.547: [CMS-concurrent-sweep-start]
2026-05-27T22:07:18.169+0800: 5140.561: [CMS-concurrent-sweep: 0.014/0.014 secs] [Times: user=0.01 sys=0.00, real=0.01 secs] 
2026-05-27T22:07:18.170+0800: 5140.562: [CMS-concurrent-reset-start]
2026-05-27T22:07:18.170+0800: 5140.562: [CMS-concurrent-reset: 0.000/0.000 secs] [Times: user=0.00 sys=0.00, real=0.00 secs] 
2026-05-27T22:07:20.170+0800: 5142.562: [GC (CMS Initial Mark) [1 CMS-initial-mark: 85009K(131072K)] 99558K(249088K), 0.0119518 secs] [Times: user=0.01 sys=0.00, real=0.02 secs] 
2026-05-27T22:07:20.184+0800: 5142.576: [CMS-concurrent-mark-start]
2026-05-27T22:07:20.256+0800: 5142.648: [CMS-concurrent-mark: 0.072/0.072 secs] [Times: user=0.08 sys=0.00, real=0.07 secs] 
2026-05-27T22:07:20.256+0800: 5142.648: [CMS-concurrent-preclean-start]
2026-05-27T22:07:20.259+0800: 5142.651: [CMS-concurrent-preclean: 0.003/0.003 secs] [Times: user=0.00 sys=0.00, real=0.00 secs] 
2026-05-27T22:07:20.260+0800: 5142.652: [CMS-concurrent-abortable-preclean-start]
 CMS: abort preclean due to time 2026-05-27T22:07:25.303+0800: 5147.695: [CMS-concurrent-abortable-preclean: 0.634/5.043 secs] [Times: user=0.70 sys=0.00, real=5.04 secs] 
2026-05-27T22:07:25.304+0800: 5147.696: [GC (CMS Final Remark) [YG occupancy: 14927 K (118016 K)]2026-05-27T22:07:25.305+0800: 5147.697: [Rescan (non-parallel) 2026-05-27T22:07:25.305+0800: 5147.697: [grey object rescan, 0.0004021 secs]2026-05-27T22:07:25.306+0800: 5147.698: [root rescan, 0.0083852 secs]2026-05-27T22:07:25.315+0800: 5147.707: [visit unhandled CLDs, 0.0003619 secs]2026-05-27T22:07:25.315+0800: 5147.707: [dirty klass scan, 0.0019783 secs], 0.0129008 secs]2026-05-27T22:07:25.318+0800: 5147.710: [weak refs processing, 0.0003969 secs]2026-05-27T22:07:25.319+0800: 5147.711: [class unloading, 0.0161694 secs]2026-05-27T22:07:25.336+0800: 5147.728: [scrub symbol table, 0.0235942 secs]2026-05-27T22:07:25.360+0800: 5147.752: [scrub string table, 0.0010902 secs][1 CMS-remark: 85009K(131072K)] 99936K(249088K), 0.0573801 secs] [Times: user=0.04 sys=0.01, real=0.06 secs] 
2026-05-27T22:07:25.363+0800: 5147.755: [CMS-concurrent-sweep-start]
2026-05-27T22:07:25.375+0800: 5147.767: [CMS-concurrent-sweep: 0.012/0.012 secs] [Times: user=0.02 sys=0.00, real=0.01 secs] 
2026-05-27T22:07:25.375+0800: 5147.768: [CMS-concurrent-reset-start]
2026-05-27T22:07:25.376+0800: 5147.768: [CMS-concurrent-reset: 0.000/0.000 secs] [Times: user=0.00 sys=0.00, real=0.00 secs] 
2026-05-27T22:07:27.378+0800: 5149.770: [GC (CMS Initial Mark) [1 CMS-initial-mark: 85009K(131072K)] 100539K(249088K), 0.0102230 secs] [Times: user=0.01 sys=0.00, real=0.01 secs] 
2026-05-27T22:07:27.389+0800: 5149.781: [CMS-concurrent-mark-start]
2026-05-27T22:07:27.444+0800: 5149.836: [CMS-concurrent-mark: 0.055/0.055 secs] [Times: user=0.05 sys=0.00, real=0.06 secs] 
2026-05-27T22:07:27.445+0800: 5149.837: [CMS-concurrent-preclean-start]
2026-05-27T22:07:27.448+0800: 5149.840: [CMS-concurrent-preclean: 0.003/0.003 secs] [Times: user=0.01 sys=0.00, real=0.00 secs] 
2026-05-27T22:07:27.448+0800: 5149.840: [CMS-concurrent-abortable-preclean-start]
 CMS: abort preclean due to time 2026-05-27T22:07:32.455+0800: 5154.847: [CMS-concurrent-abortable-preclean: 0.698/5.007 secs] [Times: user=0.76 sys=0.00, real=5.01 secs] 
2026-05-27T22:07:32.457+0800: 5154.849: [GC (CMS Final Remark) [YG occupancy: 15744 K (118016 K)]2026-05-27T22:07:32.457+0800: 5154.849: [Rescan (non-parallel) 2026-05-27T22:07:32.457+0800: 5154.849: [grey object rescan, 0.0003846 secs]2026-05-27T22:07:32.458+0800: 5154.850: [root rescan, 0.0083502 secs]2026-05-27T22:07:32.467+0800: 5154.859: [visit unhandled CLDs, 0.0003534 secs]2026-05-27T22:07:32.467+0800: 5154.860: [dirty klass scan, 0.0020974 secs], 0.0129250 secs]2026-05-27T22:07:32.470+0800: 5154.862: [weak refs processing, 0.0003039 secs]2026-05-27T22:07:32.471+0800: 5154.863: [class unloading, 0.0155050 secs]2026-05-27T22:07:32.487+0800: 5154.879: [scrub symbol table, 0.0232988 secs]2026-05-27T22:07:32.511+0800: 5154.903: [scrub string table, 0.0009724 secs][1 CMS-remark: 85009K(131072K)] 100753K(249088K), 0.0563975 secs] [Times: user=0.05 sys=0.00, real=0.06 secs] 
2026-05-27T22:07:32.514+0800: 5154.906: [CMS-concurrent-sweep-start]
2026-05-27T22:07:32.528+0800: 5154.920: [CMS-concurrent-sweep: 0.014/0.014 secs] [Times: user=0.01 sys=0.00, real=0.01 secs] 
2026-05-27T22:07:32.529+0800: 5154.921: [CMS-concurrent-reset-start]
2026-05-27T22:07:32.529+0800: 5154.921: [CMS-concurrent-reset: 0.000/0.000 secs] [Times: user=0.00 sys=0.00, real=0.00 secs] 
2026-05-27T22:07:34.530+0800: 5156.922: [GC (CMS Initial Mark) [1 CMS-initial-mark: 85009K(131072K)] 100794K(249088K), 0.0112167 secs] [Times: user=0.01 sys=0.00, real=0.02 secs] 
2026-05-27T22:07:34.542+0800: 5156.934: [CMS-concurrent-mark-start]
2026-05-27T22:07:34.607+0800: 5156.999: [CMS-concurrent-mark: 0.065/0.065 secs] [Times: user=0.07 sys=0.00, real=0.06 secs] 
2026-05-27T22:07:34.611+0800: 5157.003: [CMS-concurrent-preclean-start]
2026-05-27T22:07:34.613+0800: 5157.005: [CMS-concurrent-preclean: 0.003/0.003 secs] [Times: user=0.00 sys=0.00, real=0.01 secs] 
2026-05-27T22:07:34.614+0800: 5157.006: [CMS-concurrent-abortable-preclean-start]
 CMS: abort preclean due to time 2026-05-27T22:07:39.622+0800: 5162.014: [CMS-concurrent-abortable-preclean: 0.701/5.008 secs] [Times: user=0.77 sys=0.00, real=5.01 secs] 
2026-05-27T22:07:39.624+0800: 5162.016: [GC (CMS Final Remark) [YG occupancy: 15899 K (118016 K)]2026-05-27T22:07:39.625+0800: 5162.017: [Rescan (non-parallel) 2026-05-27T22:07:39.625+0800: 5162.017: [grey object rescan, 0.0004983 secs]2026-05-27T22:07:39.626+0800: 5162.018: [root rescan, 0.0098643 secs]2026-05-27T22:07:39.636+0800: 5162.028: [visit unhandled CLDs, 0.0003218 secs]2026-05-27T22:07:39.637+0800: 5162.029: [dirty klass scan, 0.0022924 secs], 0.0148164 secs]2026-05-27T22:07:39.640+0800: 5162.032: [weak refs processing, 0.0003344 secs]2026-05-27T22:07:39.641+0800: 5162.033: [class unloading, 0.0257401 secs]2026-05-27T22:07:39.667+0800: 5162.059: [scrub symbol table, 0.0229060 secs]2026-05-27T22:07:39.690+0800: 5162.083: [scrub string table, 0.0010608 secs][1 CMS-remark: 85009K(131072K)] 100908K(249088K), 0.0680790 secs] [Times: user=0.06 sys=0.00, real=0.07 secs] 
2026-05-27T22:07:39.694+0800: 5162.086: [CMS-concurrent-sweep-start]
2026-05-27T22:07:39.707+0800: 5162.099: [CMS-concurrent-sweep: 0.013/0.013 secs] [Times: user=0.02 sys=0.00, real=0.01 secs] 
2026-05-27T22:07:39.707+0800: 5162.099: [CMS-concurrent-reset-start]
2026-05-27T22:07:39.707+0800: 5162.100: [CMS-concurrent-reset: 0.000/0.000 secs] [Times: user=0.00 sys=0.00, real=0.00 secs] 
2026-05-27T22:07:41.708+0800: 5164.100: [GC (CMS Initial Mark) [1 CMS-initial-mark: 85009K(131072K)] 101169K(249088K), 0.0105907 secs] [Times: user=0.01 sys=0.00, real=0.01 secs] 
2026-05-27T22:07:41.720+0800: 5164.112: [CMS-concurrent-mark-start]
2026-05-27T22:07:41.778+0800: 5164.170: [CMS-concurrent-mark: 0.059/0.059 secs] [Times: user=0.06 sys=0.00, real=0.05 secs] 
2026-05-27T22:07:41.779+0800: 5164.171: [CMS-concurrent-preclean-start]
2026-05-27T22:07:41.782+0800: 5164.174: [CMS-concurrent-preclean: 0.003/0.003 secs] [Times: user=0.00 sys=0.00, real=0.01 secs] 
2026-05-27T22:07:41.783+0800: 5164.175: [CMS-concurrent-abortable-preclean-start]
 CMS: abort preclean due to time 2026-05-27T22:07:46.887+0800: 5169.281: [CMS-concurrent-abortable-preclean: 0.698/5.106 secs] [Times: user=0.77 sys=0.00, real=5.10 secs] 
2026-05-27T22:07:46.888+0800: 5169.282: [GC (CMS Final Remark) [YG occupancy: 16417 K (118016 K)]2026-05-27T22:07:46.889+0800: 5169.283: [Rescan (non-parallel) 2026-05-27T22:07:46.889+0800: 5169.283: [grey object rescan, 0.0004281 secs]2026-05-27T22:07:46.890+0800: 5169.284: [root rescan, 0.0086227 secs]2026-05-27T22:07:46.899+0800: 5169.293: [visit unhandled CLDs, 0.0004571 secs]2026-05-27T22:07:46.900+0800: 5169.294: [dirty klass scan, 0.0020413 secs], 0.0132444 secs]2026-05-27T22:07:46.902+0800: 5169.296: [weak refs processing, 0.0003177 secs]2026-05-27T22:07:46.903+0800: 5169.297: [class unloading, 0.0157681 secs]2026-05-27T22:07:46.919+0800: 5169.314: [scrub symbol table, 0.0221819 secs]2026-05-27T22:07:46.942+0800: 5169.336: [scrub string table, 0.0015761 secs][1 CMS-remark: 85009K(131072K)] 101426K(249088K), 0.0565222 secs] [Times: user=0.05 sys=0.00, real=0.06 secs] 
2026-05-27T22:07:46.946+0800: 5169.340: [CMS-concurrent-sweep-start]
2026-05-27T22:07:46.958+0800: 5169.353: [CMS-concurrent-sweep: 0.012/0.012 secs] [Times: user=0.01 sys=0.00, real=0.02 secs] 
2026-05-27T22:07:46.959+0800: 5169.353: [CMS-concurrent-reset-start]
2026-05-27T22:07:46.959+0800: 5169.354: [CMS-concurrent-reset: 0.000/0.000 secs] [Times: user=0.00 sys=0.00, real=0.00 secs] 
2026-05-27T22:07:48.960+0800: 5171.354: [GC (CMS Initial Mark) [1 CMS-initial-mark: 85009K(131072K)] 101636K(249088K), 0.0108242 secs] [Times: user=0.01 sys=0.00, real=0.01 secs] 
2026-05-27T22:07:48.972+0800: 5171.366: [CMS-concurrent-mark-start]
2026-05-27T22:07:49.040+0800: 5171.434: [CMS-concurrent-mark: 0.068/0.068 secs] [Times: user=0.07 sys=0.00, real=0.07 secs] 
2026-05-27T22:07:49.040+0800: 5171.435: [CMS-concurrent-preclean-start]
2026-05-27T22:07:49.043+0800: 5171.437: [CMS-concurrent-preclean: 0.003/0.003 secs] [Times: user=0.00 sys=0.00, real=0.00 secs] 
2026-05-27T22:07:49.044+0800: 5171.438: [CMS-concurrent-abortable-preclean-start]
 CMS: abort preclean due to time 2026-05-27T22:07:54.051+0800: 5176.445: [CMS-concurrent-abortable-preclean: 0.724/5.007 secs] [Times: user=0.99 sys=0.00, real=5.01 secs] 
2026-05-27T22:07:54.053+0800: 5176.447: [GC (CMS Final Remark) [YG occupancy: 16882 K (118016 K)]2026-05-27T22:07:54.054+0800: 5176.448: [Rescan (non-parallel) 2026-05-27T22:07:54.054+0800: 5176.448: [grey object rescan, 0.0004537 secs]2026-05-27T22:07:54.055+0800: 5176.449: [root rescan, 0.0096597 secs]2026-05-27T22:07:54.065+0800: 5176.459: [visit unhandled CLDs, 0.0004455 secs]2026-05-27T22:07:54.066+0800: 5176.460: [dirty klass scan, 0.0021136 secs], 0.0149818 secs]2026-05-27T22:07:54.069+0800: 5176.463: [weak refs processing, 0.0003973 secs]2026-05-27T22:07:54.070+0800: 5176.464: [class unloading, 0.0169799 secs]2026-05-27T22:07:54.087+0800: 5176.481: [scrub symbol table, 0.0266459 secs]2026-05-27T22:07:54.114+0800: 5176.509: [scrub string table, 0.0015766 secs][1 CMS-remark: 85009K(131072K)] 101891K(249088K), 0.0638727 secs] [Times: user=0.05 sys=0.00, real=0.07 secs] 
2026-05-27T22:07:54.118+0800: 5176.512: [CMS-concurrent-sweep-start]
2026-05-27T22:07:54.134+0800: 5176.528: [CMS-concurrent-sweep: 0.015/0.015 secs] [Times: user=0.02 sys=0.00, real=0.01 secs] 
2026-05-27T22:07:54.134+0800: 5176.528: [CMS-concurrent-reset-start]
2026-05-27T22:07:54.135+0800: 5176.529: [CMS-concurrent-reset: 0.000/0.000 secs] [Times: user=0.00 sys=0.00, real=0.00 secs] 
2026-05-27T22:07:56.135+0800: 5178.529: [GC (CMS Initial Mark) [1 CMS-initial-mark: 85009K(131072K)] 102184K(249088K), 0.0115749 secs] [Times: user=0.01 sys=0.00, real=0.01 secs] 
2026-05-27T22:07:56.148+0800: 5178.542: [CMS-concurrent-mark-start]
2026-05-27T22:07:56.207+0800: 5178.602: [CMS-concurrent-mark: 0.060/0.060 secs] [Times: user=0.06 sys=0.00, real=0.06 secs] 
2026-05-27T22:07:56.208+0800: 5178.602: [CMS-concurrent-preclean-start]
2026-05-27T22:07:56.211+0800: 5178.605: [CMS-concurrent-preclean: 0.002/0.002 secs] [Times: user=0.00 sys=0.00, real=0.01 secs] 
2026-05-27T22:07:56.211+0800: 5178.605: [CMS-concurrent-abortable-preclean-start]
 CMS: abort preclean due to time 2026-05-27T22:08:01.256+0800: 5183.650: [CMS-concurrent-abortable-preclean: 0.689/5.045 secs] [Times: user=0.75 sys=0.01, real=5.04 secs] 
2026-05-27T22:08:01.259+0800: 5183.653: [GC (CMS Final Remark) [YG occupancy: 17448 K (118016 K)]2026-05-27T22:08:01.260+0800: 5183.654: [Rescan (non-parallel) 2026-05-27T22:08:01.260+0800: 5183.654: [grey object rescan, 0.0005293 secs]2026-05-27T22:08:01.261+0800: 5183.655: [root rescan, 0.0117100 secs]2026-05-27T22:08:01.273+0800: 5183.668: [visit unhandled CLDs, 0.0004596 secs]2026-05-27T22:08:01.274+0800: 5183.668: [dirty klass scan, 0.0029136 secs], 0.0183028 secs]2026-05-27T22:08:01.278+0800: 5183.672: [weak refs processing, 0.0004486 secs]2026-05-27T22:08:01.279+0800: 5183.673: [class unloading, 0.0189989 secs]2026-05-27T22:08:01.299+0800: 5183.693: [scrub symbol table, 0.0259612 secs]2026-05-27T22:08:01.325+0800: 5183.719: [scrub string table, 0.0013308 secs][1 CMS-remark: 85009K(131072K)] 102457K(249088K), 0.0688857 secs] [Times: user=0.06 sys=0.00, real=0.06 secs] 
2026-05-27T22:08:01.329+0800: 5183.723: [CMS-concurrent-sweep-start]
2026-05-27T22:08:01.344+0800: 5183.738: [CMS-concurrent-sweep: 0.015/0.015 secs] [Times: user=0.01 sys=0.00, real=0.02 secs] 
2026-05-27T22:08:01.345+0800: 5183.739: [CMS-concurrent-reset-start]
2026-05-27T22:08:01.345+0800: 5183.739: [CMS-concurrent-reset: 0.000/0.000 secs] [Times: user=0.00 sys=0.00, real=0.00 secs] 
2026-05-27T22:08:03.346+0800: 5185.740: [GC (CMS Initial Mark) [1 CMS-initial-mark: 85009K(131072K)] 102646K(249088K), 0.0112748 secs] [Times: user=0.01 sys=0.00, real=0.02 secs] 
2026-05-27T22:08:03.358+0800: 5185.752: [CMS-concurrent-mark-start]
2026-05-27T22:08:03.417+0800: 5185.811: [CMS-concurrent-mark: 0.058/0.058 secs] [Times: user=0.06 sys=0.00, real=0.05 secs] 
2026-05-27T22:08:03.418+0800: 5185.812: [CMS-concurrent-preclean-start]
2026-05-27T22:08:03.420+0800: 5185.814: [CMS-concurrent-preclean: 0.002/0.002 secs] [Times: user=0.00 sys=0.00, real=0.00 secs] 
2026-05-27T22:08:03.421+0800: 5185.815: [CMS-concurrent-abortable-preclean-start]
 CMS: abort preclean due to time 2026-05-27T22:08:08.521+0800: 5190.915: [CMS-concurrent-abortable-preclean: 0.693/5.101 secs] [Times: user=0.76 sys=0.00, real=5.10 secs] 
2026-05-27T22:08:08.523+0800: 5190.917: [GC (CMS Final Remark) [YG occupancy: 18005 K (118016 K)]2026-05-27T22:08:08.524+0800: 5190.918: [Rescan (non-parallel) 2026-05-27T22:08:08.524+0800: 5190.918: [grey object rescan, 0.0005586 secs]2026-05-27T22:08:08.525+0800: 5190.919: [root rescan, 0.0124374 secs]2026-05-27T22:08:08.538+0800: 5190.932: [visit unhandled CLDs, 0.0004466 secs]2026-05-27T22:08:08.539+0800: 5190.933: [dirty klass scan, 0.0019602 secs], 0.0175053 secs]2026-05-27T22:08:08.541+0800: 5190.936: [weak refs processing, 0.0004514 secs]2026-05-27T22:08:08.542+0800: 5190.936: [class unloading, 0.0196850 secs]2026-05-27T22:08:08.562+0800: 5190.957: [scrub symbol table, 0.0251741 secs]2026-05-27T22:08:08.588+0800: 5190.982: [scrub string table, 0.0009657 secs][1 CMS-remark: 85009K(131072K)] 103014K(249088K), 0.0669614 secs] [Times: user=0.06 sys=0.00, real=0.07 secs] 
2026-05-27T22:08:08.591+0800: 5190.986: [CMS-concurrent-sweep-start]
2026-05-27T22:08:08.606+0800: 5191.001: [CMS-concurrent-sweep: 0.015/0.015 secs] [Times: user=0.02 sys=0.00, real=0.01 secs] 
2026-05-27T22:08:08.607+0800: 5191.001: [CMS-concurrent-reset-start]
2026-05-27T22:08:08.608+0800: 5191.002: [CMS-concurrent-reset: 0.000/0.000 secs] [Times: user=0.00 sys=0.00, real=0.00 secs] 
2026-05-27T22:08:10.609+0800: 5193.003: [GC (CMS Initial Mark) [1 CMS-initial-mark: 85008K(131072K)] 103178K(249088K), 0.0126733 secs] [Times: user=0.01 sys=0.00, real=0.02 secs] 
2026-05-27T22:08:10.623+0800: 5193.017: [CMS-concurrent-mark-start]
2026-05-27T22:08:10.675+0800: 5193.070: [CMS-concurrent-mark: 0.053/0.053 secs] [Times: user=0.05 sys=0.00, real=0.05 secs] 
2026-05-27T22:08:10.676+0800: 5193.070: [CMS-concurrent-preclean-start]
2026-05-27T22:08:10.679+0800: 5193.073: [CMS-concurrent-preclean: 0.003/0.003 secs] [Times: user=0.01 sys=0.00, real=0.01 secs] 
2026-05-27T22:08:10.679+0800: 5193.074: [CMS-concurrent-abortable-preclean-start]
 CMS: abort preclean due to time 2026-05-27T22:08:15.762+0800: 5198.158: [CMS-concurrent-abortable-preclean: 0.877/5.085 secs] [Times: user=0.96 sys=0.00, real=5.08 secs] 
2026-05-27T22:08:15.764+0800: 5198.160: [GC (CMS Final Remark) [YG occupancy: 18514 K (118016 K)]2026-05-27T22:08:15.764+0800: 5198.161: [Rescan (non-parallel) 2026-05-27T22:08:15.764+0800: 5198.161: [grey object rescan, 0.0004913 secs]2026-05-27T22:08:15.765+0800: 5198.162: [root rescan, 0.0155798 secs]2026-05-27T22:08:15.781+0800: 5198.178: [visit unhandled CLDs, 0.0002811 secs]2026-05-27T22:08:15.782+0800: 5198.178: [dirty klass scan, 0.0022830 secs], 0.0205465 secs]2026-05-27T22:08:15.785+0800: 5198.182: [weak refs processing, 0.0003692 secs]2026-05-27T22:08:15.786+0800: 5198.182: [class unloading, 0.0216254 secs]2026-05-27T22:08:15.808+0800: 5198.204: [scrub symbol table, 0.0292160 secs]2026-05-27T22:08:15.837+0800: 5198.234: [scrub string table, 0.0010956 secs][1 CMS-remark: 85008K(131072K)] 103523K(249088K), 0.0759793 secs] [Times: user=0.07 sys=0.00, real=0.08 secs] 
2026-05-27T22:08:15.841+0800: 5198.237: [CMS-concurrent-sweep-start]
2026-05-27T22:08:15.857+0800: 5198.254: [CMS-concurrent-sweep: 0.017/0.017 secs] [Times: user=0.02 sys=0.00, real=0.02 secs] 
2026-05-27T22:08:15.858+0800: 5198.255: [CMS-concurrent-reset-start]
2026-05-27T22:08:15.859+0800: 5198.255: [CMS-concurrent-reset: 0.000/0.000 secs] [Times: user=0.00 sys=0.00, real=0.00 secs] 
2026-05-27T22:08:17.860+0800: 5200.257: [GC (CMS Initial Mark) [1 CMS-initial-mark: 85008K(131072K)] 103648K(249088K), 0.0134914 secs] [Times: user=0.01 sys=0.00, real=0.01 secs] 
2026-05-27T22:08:17.875+0800: 5200.272: [CMS-concurrent-mark-start]
2026-05-27T22:08:17.946+0800: 5200.342: [CMS-concurrent-mark: 0.070/0.070 secs] [Times: user=0.07 sys=0.00, real=0.06 secs] 
2026-05-27T22:08:17.947+0800: 5200.343: [CMS-concurrent-preclean-start]
2026-05-27T22:08:17.950+0800: 5200.347: [CMS-concurrent-preclean: 0.003/0.003 secs] [Times: user=0.00 sys=0.00, real=0.01 secs] 
2026-05-27T22:08:17.951+0800: 5200.347: [CMS-concurrent-abortable-preclean-start]
 CMS: abort preclean due to time 2026-05-27T22:08:23.011+0800: 5205.408: [CMS-concurrent-abortable-preclean: 0.781/5.060 secs] [Times: user=0.87 sys=0.00, real=5.06 secs] 
2026-05-27T22:08:23.013+0800: 5205.410: [GC (CMS Final Remark) [YG occupancy: 18879 K (118016 K)]2026-05-27T22:08:23.014+0800: 5205.410: [Rescan (non-parallel) 2026-05-27T22:08:23.014+0800: 5205.410: [grey object rescan, 0.0004703 secs]2026-05-27T22:08:23.015+0800: 5205.411: [root rescan, 0.0104813 secs]2026-05-27T22:08:23.026+0800: 5205.422: [visit unhandled CLDs, 0.0003562 secs]2026-05-27T22:08:23.026+0800: 5205.423: [dirty klass scan, 0.0018802 secs], 0.0149507 secs]2026-05-27T22:08:23.029+0800: 5205.425: [weak refs processing, 0.0003449 secs]2026-05-27T22:08:23.030+0800: 5205.426: [class unloading, 0.0157276 secs]2026-05-27T22:08:23.046+0800: 5205.442: [scrub symbol table, 0.0231461 secs]2026-05-27T22:08:23.069+0800: 5205.466: [scrub string table, 0.0010743 secs][1 CMS-remark: 85008K(131072K)] 103888K(249088K), 0.0582786 secs] [Times: user=0.05 sys=0.00, real=0.06 secs] 
2026-05-27T22:08:23.072+0800: 5205.469: [CMS-concurrent-sweep-start]
2026-05-27T22:08:23.084+0800: 5205.481: [CMS-concurrent-sweep: 0.012/0.012 secs] [Times: user=0.02 sys=0.00, real=0.01 secs] 
2026-05-27T22:08:23.085+0800: 5205.481: [CMS-concurrent-reset-start]
2026-05-27T22:08:23.085+0800: 5205.481: [CMS-concurrent-reset: 0.000/0.000 secs] [Times: user=0.00 sys=0.00, real=0.00 secs] 
2026-05-27T22:08:25.086+0800: 5207.482: [GC (CMS Initial Mark) [1 CMS-initial-mark: 85008K(131072K)] 103922K(249088K), 0.0131390 secs] [Times: user=0.02 sys=0.00, real=0.02 secs] 
2026-05-27T22:08:25.100+0800: 5207.497: [CMS-concurrent-mark-start]
2026-05-27T22:08:25.170+0800: 5207.567: [CMS-concurrent-mark: 0.070/0.070 secs] [Times: user=0.07 sys=0.00, real=0.07 secs] 
2026-05-27T22:08:25.171+0800: 5207.568: [CMS-concurrent-preclean-start]
2026-05-27T22:08:25.174+0800: 5207.570: [CMS-concurrent-preclean: 0.002/0.002 secs] [Times: user=0.00 sys=0.00, real=0.00 secs] 
2026-05-27T22:08:25.174+0800: 5207.571: [CMS-concurrent-abortable-preclean-start]
 CMS: abort preclean due to time 2026-05-27T22:08:30.233+0800: 5212.629: [CMS-concurrent-abortable-preclean: 0.667/5.058 secs] [Times: user=0.78 sys=0.00, real=5.06 secs] 
2026-05-27T22:08:30.234+0800: 5212.631: [GC (CMS Final Remark) [YG occupancy: 19482 K (118016 K)]2026-05-27T22:08:30.235+0800: 5212.631: [Rescan (non-parallel) 2026-05-27T22:08:30.235+0800: 5212.632: [grey object rescan, 0.0007780 secs]2026-05-27T22:08:30.237+0800: 5212.633: [root rescan, 0.0123416 secs]2026-05-27T22:08:30.249+0800: 5212.646: [visit unhandled CLDs, 0.0003195 secs]2026-05-27T22:08:30.250+0800: 5212.646: [dirty klass scan, 0.0019712 secs], 0.0174016 secs]2026-05-27T22:08:30.253+0800: 5212.649: [weak refs processing, 0.0005036 secs]2026-05-27T22:08:30.253+0800: 5212.650: [class unloading, 0.0206912 secs]2026-05-27T22:08:30.275+0800: 5212.671: [scrub symbol table, 0.0232494 secs]2026-05-27T22:08:30.299+0800: 5212.695: [scrub string table, 0.0016514 secs][1 CMS-remark: 85008K(131072K)] 104491K(249088K), 0.0670076 secs] [Times: user=0.06 sys=0.00, real=0.07 secs] 
2026-05-27T22:08:30.302+0800: 5212.699: [CMS-concurrent-sweep-start]
2026-05-27T22:08:30.315+0800: 5212.712: [CMS-concurrent-sweep: 0.013/0.013 secs] [Times: user=0.01 sys=0.00, real=0.02 secs] 
2026-05-27T22:08:30.316+0800: 5212.713: [CMS-concurrent-reset-start]
2026-05-27T22:08:30.316+0800: 5212.713: [CMS-concurrent-reset: 0.000/0.000 secs] [Times: user=0.00 sys=0.00, real=0.00 secs] 
2026-05-27T22:08:32.317+0800: 5214.714: [GC (CMS Initial Mark) [1 CMS-initial-mark: 85008K(131072K)] 104602K(249088K), 0.0125616 secs] [Times: user=0.01 sys=0.00, real=0.01 secs] 
2026-05-27T22:08:32.331+0800: 5214.728: [CMS-concurrent-mark-start]
2026-05-27T22:08:32.385+0800: 5214.782: [CMS-concurrent-mark: 0.054/0.054 secs] [Times: user=0.05 sys=0.00, real=0.05 secs] 
2026-05-27T22:08:32.386+0800: 5214.782: [CMS-concurrent-preclean-start]
2026-05-27T22:08:32.389+0800: 5214.786: [CMS-concurrent-preclean: 0.003/0.003 secs] [Times: user=0.01 sys=0.00, real=0.01 secs] 
2026-05-27T22:08:32.390+0800: 5214.786: [CMS-concurrent-abortable-preclean-start]
 CMS: abort preclean due to time 2026-05-27T22:08:37.460+0800: 5219.857: [CMS-concurrent-abortable-preclean: 0.663/5.071 secs] [Times: user=0.70 sys=0.02, real=5.07 secs] 
2026-05-27T22:08:37.462+0800: 5219.859: [GC (CMS Final Remark) [YG occupancy: 19952 K (118016 K)]2026-05-27T22:08:37.463+0800: 5219.859: [Rescan (non-parallel) 2026-05-27T22:08:37.463+0800: 5219.860: [grey object rescan, 0.0004548 secs]2026-05-27T22:08:37.464+0800: 5219.860: [root rescan, 0.0129611 secs]2026-05-27T22:08:37.477+0800: 5219.874: [visit unhandled CLDs, 0.0004568 secs]2026-05-27T22:08:37.478+0800: 5219.875: [dirty klass scan, 0.0024817 secs], 0.0187089 secs]2026-05-27T22:08:37.482+0800: 5219.878: [weak refs processing, 0.0003894 secs]2026-05-27T22:08:37.482+0800: 5219.879: [class unloading, 0.0185795 secs]2026-05-27T22:08:37.502+0800: 5219.898: [scrub symbol table, 0.0233665 secs]2026-05-27T22:08:37.525+0800: 5219.922: [scrub string table, 0.0009539 secs][1 CMS-remark: 85008K(131072K)] 104961K(249088K), 0.0650709 secs] [Times: user=0.06 sys=0.00, real=0.07 secs] 
2026-05-27T22:08:37.528+0800: 5219.925: [CMS-concurrent-sweep-start]
2026-05-27T22:08:37.542+0800: 5219.938: [CMS-concurrent-sweep: 0.013/0.013 secs] [Times: user=0.02 sys=0.00, real=0.01 secs] 
2026-05-27T22:08:37.542+0800: 5219.939: [CMS-concurrent-reset-start]
2026-05-27T22:08:37.543+0800: 5219.939: [CMS-concurrent-reset: 0.000/0.000 secs] [Times: user=0.00 sys=0.00, real=0.00 secs] 
2026-05-27T22:08:39.543+0800: 5221.939: [GC (CMS Initial Mark) [1 CMS-initial-mark: 85008K(131072K)] 105050K(249088K), 0.0127863 secs] [Times: user=0.01 sys=0.00, real=0.02 secs] 
2026-05-27T22:08:39.557+0800: 5221.954: [CMS-concurrent-mark-start]
2026-05-27T22:08:39.612+0800: 5222.008: [CMS-concurrent-mark: 0.055/0.055 secs] [Times: user=0.05 sys=0.00, real=0.05 secs] 
2026-05-27T22:08:39.613+0800: 5222.009: [CMS-concurrent-preclean-start]
2026-05-27T22:08:39.615+0800: 5222.012: [CMS-concurrent-preclean: 0.003/0.003 secs] [Times: user=0.01 sys=0.00, real=0.01 secs] 
2026-05-27T22:08:39.616+0800: 5222.012: [CMS-concurrent-abortable-preclean-start]
 CMS: abort preclean due to time 2026-05-27T22:08:44.727+0800: 5227.125: [CMS-concurrent-abortable-preclean: 0.704/5.113 secs] [Times: user=0.77 sys=0.00, real=5.11 secs] 
2026-05-27T22:08:44.729+0800: 5227.127: [GC (CMS Final Remark) [YG occupancy: 20389 K (118016 K)]2026-05-27T22:08:44.729+0800: 5227.128: [Rescan (non-parallel) 2026-05-27T22:08:44.730+0800: 5227.128: [grey object rescan, 0.0004955 secs]2026-05-27T22:08:44.730+0800: 5227.129: [root rescan, 0.0120870 secs]2026-05-27T22:08:44.743+0800: 5227.141: [visit unhandled CLDs, 0.0002710 secs]2026-05-27T22:08:44.743+0800: 5227.142: [dirty klass scan, 0.0020370 secs], 0.0165289 secs]2026-05-27T22:08:44.746+0800: 5227.145: [weak refs processing, 0.0004734 secs]2026-05-27T22:08:44.747+0800: 5227.146: [class unloading, 0.0164111 secs]2026-05-27T22:08:44.764+0800: 5227.163: [scrub symbol table, 0.0240260 secs]2026-05-27T22:08:44.789+0800: 5227.187: [scrub string table, 0.0016130 secs][1 CMS-remark: 85008K(131072K)] 105398K(249088K), 0.0625853 secs] [Times: user=0.06 sys=0.00, real=0.06 secs] 
2026-05-27T22:08:44.792+0800: 5227.191: [CMS-concurrent-sweep-start]
2026-05-27T22:08:44.805+0800: 5227.203: [CMS-concurrent-sweep: 0.012/0.012 secs] [Times: user=0.01 sys=0.00, real=0.01 secs] 
2026-05-27T22:08:44.805+0800: 5227.204: [CMS-concurrent-reset-start]
2026-05-27T22:08:44.805+0800: 5227.204: [CMS-concurrent-reset: 0.000/0.000 secs] [Times: user=0.00 sys=0.00, real=0.00 secs] 
2026-05-27T22:08:46.807+0800: 5229.206: [GC (CMS Initial Mark) [1 CMS-initial-mark: 85008K(131072K)] 105468K(249088K), 0.0147466 secs] [Times: user=0.01 sys=0.00, real=0.01 secs] 
2026-05-27T22:08:46.824+0800: 5229.222: [CMS-concurrent-mark-start]
2026-05-27T22:08:46.885+0800: 5229.284: [CMS-concurrent-mark: 0.062/0.062 secs] [Times: user=0.07 sys=0.00, real=0.07 secs] 
2026-05-27T22:08:46.886+0800: 5229.285: [CMS-concurrent-preclean-start]
2026-05-27T22:08:46.889+0800: 5229.287: [CMS-concurrent-preclean: 0.003/0.003 secs] [Times: user=0.00 sys=0.00, real=0.00 secs] 
2026-05-27T22:08:46.890+0800: 5229.288: [CMS-concurrent-abortable-preclean-start]
 CMS: abort preclean due to time 2026-05-27T22:08:51.951+0800: 5234.350: [CMS-concurrent-abortable-preclean: 0.743/5.062 secs] [Times: user=0.82 sys=0.00, real=5.06 secs] 
2026-05-27T22:08:51.954+0800: 5234.352: [GC (CMS Final Remark) [YG occupancy: 20994 K (118016 K)]2026-05-27T22:08:51.954+0800: 5234.353: [Rescan (non-parallel) 2026-05-27T22:08:51.955+0800: 5234.353: [grey object rescan, 0.0004156 secs]2026-05-27T22:08:51.955+0800: 5234.354: [root rescan, 0.0149998 secs]2026-05-27T22:08:51.971+0800: 5234.369: [visit unhandled CLDs, 0.0003492 secs]2026-05-27T22:08:51.972+0800: 5234.370: [dirty klass scan, 0.0023285 secs], 0.0200500 secs]2026-05-27T22:08:51.975+0800: 5234.373: [weak refs processing, 0.0003909 secs]2026-05-27T22:08:51.975+0800: 5234.374: [class unloading, 0.0165826 secs]2026-05-27T22:08:51.993+0800: 5234.391: [scrub symbol table, 0.0241204 secs]2026-05-27T22:08:52.017+0800: 5234.416: [scrub string table, 0.0009712 secs][1 CMS-remark: 85008K(131072K)] 106003K(249088K), 0.0654245 secs] [Times: user=0.06 sys=0.00, real=0.06 secs] 
2026-05-27T22:08:52.020+0800: 5234.419: [CMS-concurrent-sweep-start]
2026-05-27T22:08:52.035+0800: 5234.433: [CMS-concurrent-sweep: 0.015/0.015 secs] [Times: user=0.01 sys=0.00, real=0.02 secs] 
2026-05-27T22:08:52.036+0800: 5234.434: [CMS-concurrent-reset-start]
2026-05-27T22:08:52.039+0800: 5234.438: [CMS-concurrent-reset: 0.003/0.003 secs] [Times: user=0.01 sys=0.00, real=0.00 secs] 
2026-05-27T22:08:54.040+0800: 5236.439: [GC (CMS Initial Mark) [1 CMS-initial-mark: 85008K(131072K)] 106192K(249088K), 0.0178055 secs] [Times: user=0.01 sys=0.00, real=0.02 secs] 
2026-05-27T22:08:54.060+0800: 5236.458: [CMS-concurrent-mark-start]
2026-05-27T22:08:54.341+0800: 5236.740: [CMS-concurrent-mark: 0.282/0.282 secs] [Times: user=0.29 sys=0.00, real=0.28 secs] 
2026-05-27T22:08:54.342+0800: 5236.741: [CMS-concurrent-preclean-start]
2026-05-27T22:08:54.347+0800: 5236.746: [CMS-concurrent-preclean: 0.005/0.005 secs] [Times: user=0.00 sys=0.00, real=0.01 secs] 
2026-05-27T22:08:54.348+0800: 5236.746: [CMS-concurrent-abortable-preclean-start]
 CMS: abort preclean due to time 2026-05-27T22:08:59.393+0800: 5241.792: [CMS-concurrent-abortable-preclean: 0.739/5.046 secs] [Times: user=0.91 sys=0.00, real=5.05 secs] 
2026-05-27T22:08:59.397+0800: 5241.796: [GC (CMS Final Remark) [YG occupancy: 21403 K (118016 K)]2026-05-27T22:08:59.399+0800: 5241.797: [Rescan (non-parallel) 2026-05-27T22:08:59.399+0800: 5241.798: [grey object rescan, 0.0004859 secs]2026-05-27T22:08:59.400+0800: 5241.799: [root rescan, 0.0349350 secs]2026-05-27T22:08:59.436+0800: 5241.834: [visit unhandled CLDs, 0.0006137 secs]2026-05-27T22:08:59.437+0800: 5241.835: [dirty klass scan, 0.0027509 secs], 0.0410892 secs]2026-05-27T22:08:59.440+0800: 5241.839: [weak refs processing, 0.0005110 secs]2026-05-27T22:08:59.441+0800: 5241.839: [class unloading, 0.0613657 secs]2026-05-27T22:08:59.503+0800: 5241.901: [scrub symbol table, 0.0370220 secs]2026-05-27T22:08:59.540+0800: 5241.939: [scrub string table, 0.0020696 secs][1 CMS-remark: 85008K(131072K)] 106412K(249088K), 0.1457424 secs] [Times: user=0.14 sys=0.00, real=0.14 secs] 
2026-05-27T22:08:59.545+0800: 5241.943: [CMS-concurrent-sweep-start]
2026-05-27T22:08:59.584+0800: 5241.982: [CMS-concurrent-sweep: 0.039/0.039 secs] [Times: user=0.04 sys=0.00, real=0.04 secs] 
2026-05-27T22:08:59.584+0800: 5241.983: [CMS-concurrent-reset-start]
2026-05-27T22:08:59.586+0800: 5241.985: [CMS-concurrent-reset: 0.001/0.001 secs] [Times: user=0.01 sys=0.00, real=0.01 secs] 
2026-05-27T22:09:01.587+0800: 5243.986: [GC (CMS Initial Mark) [1 CMS-initial-mark: 85008K(131072K)] 106579K(249088K), 0.0159867 secs] [Times: user=0.02 sys=0.00, real=0.01 secs] 
2026-05-27T22:09:01.605+0800: 5244.003: [CMS-concurrent-mark-start]
2026-05-27T22:09:01.677+0800: 5244.076: [CMS-concurrent-mark: 0.072/0.072 secs] [Times: user=0.07 sys=0.00, real=0.08 secs] 
2026-05-27T22:09:01.678+0800: 5244.076: [CMS-concurrent-preclean-start]
2026-05-27T22:09:01.680+0800: 5244.079: [CMS-concurrent-preclean: 0.002/0.003 secs] [Times: user=0.01 sys=0.00, real=0.00 secs] 
2026-05-27T22:09:01.681+0800: 5244.079: [CMS-concurrent-abortable-preclean-start]
 CMS: abort preclean due to time 2026-05-27T22:09:06.777+0800: 5249.175: [CMS-concurrent-abortable-preclean: 0.688/5.096 secs] [Times: user=0.76 sys=0.02, real=5.10 secs] 
2026-05-27T22:09:06.778+0800: 5249.177: [GC (CMS Final Remark) [YG occupancy: 21765 K (118016 K)]2026-05-27T22:09:06.779+0800: 5249.178: [Rescan (non-parallel) 2026-05-27T22:09:06.779+0800: 5249.178: [grey object rescan, 0.0004550 secs]2026-05-27T22:09:06.780+0800: 5249.179: [root rescan, 0.0125783 secs]2026-05-27T22:09:06.793+0800: 5249.192: [visit unhandled CLDs, 0.0003179 secs]2026-05-27T22:09:06.794+0800: 5249.192: [dirty klass scan, 0.0019435 secs], 0.0169817 secs]2026-05-27T22:09:06.796+0800: 5249.195: [weak refs processing, 0.0003566 secs]2026-05-27T22:09:06.797+0800: 5249.196: [class unloading, 0.0153060 secs]2026-05-27T22:09:06.813+0800: 5249.211: [scrub symbol table, 0.0218515 secs]2026-05-27T22:09:06.835+0800: 5249.234: [scrub string table, 0.0010027 secs][1 CMS-remark: 85008K(131072K)] 106774K(249088K), 0.0585458 secs] [Times: user=0.06 sys=0.00, real=0.06 secs] 
2026-05-27T22:09:06.838+0800: 5249.237: [CMS-concurrent-sweep-start]
2026-05-27T22:09:06.851+0800: 5249.250: [CMS-concurrent-sweep: 0.013/0.013 secs] [Times: user=0.01 sys=0.00, real=0.01 secs] 
2026-05-27T22:09:06.852+0800: 5249.251: [CMS-concurrent-reset-start]
2026-05-27T22:09:06.852+0800: 5249.251: [CMS-concurrent-reset: 0.000/0.000 secs] [Times: user=0.00 sys=0.00, real=0.00 secs] 
2026-05-27T22:09:08.853+0800: 5251.252: [GC (CMS Initial Mark) [1 CMS-initial-mark: 85008K(131072K)] 106938K(249088K), 0.0146610 secs] [Times: user=0.01 sys=0.01, real=0.01 secs] 
2026-05-27T22:09:08.869+0800: 5251.268: [CMS-concurrent-mark-start]
2026-05-27T22:09:08.929+0800: 5251.327: [CMS-concurrent-mark: 0.060/0.060 secs] [Times: user=0.06 sys=0.00, real=0.06 secs] 
2026-05-27T22:09:08.929+0800: 5251.328: [CMS-concurrent-preclean-start]
2026-05-27T22:09:08.932+0800: 5251.330: [CMS-concurrent-preclean: 0.003/0.003 secs] [Times: user=0.00 sys=0.00, real=0.00 secs] 
2026-05-27T22:09:08.932+0800: 5251.331: [CMS-concurrent-abortable-preclean-start]
 CMS: abort preclean due to time 2026-05-27T22:09:13.985+0800: 5256.384: [CMS-concurrent-abortable-preclean: 0.745/5.053 secs] [Times: user=0.83 sys=0.00, real=5.06 secs] 
2026-05-27T22:09:13.987+0800: 5256.385: [GC (CMS Final Remark) [YG occupancy: 22393 K (118016 K)]2026-05-27T22:09:13.987+0800: 5256.386: [Rescan (non-parallel) 2026-05-27T22:09:13.988+0800: 5256.386: [grey object rescan, 0.0004464 secs]2026-05-27T22:09:13.988+0800: 5256.387: [root rescan, 0.0140309 secs]2026-05-27T22:09:14.003+0800: 5256.401: [visit unhandled CLDs, 0.0005699 secs]2026-05-27T22:09:14.004+0800: 5256.402: [dirty klass scan, 0.0023820 secs], 0.0193427 secs]2026-05-27T22:09:14.007+0800: 5256.406: [weak refs processing, 0.0004319 secs]2026-05-27T22:09:14.008+0800: 5256.406: [class unloading, 0.0170456 secs]2026-05-27T22:09:14.025+0800: 5256.424: [scrub symbol table, 0.0215651 secs]2026-05-27T22:09:14.047+0800: 5256.446: [scrub string table, 0.0013646 secs][1 CMS-remark: 85008K(131072K)] 107402K(249088K), 0.0626959 secs] [Times: user=0.05 sys=0.00, real=0.06 secs] 
2026-05-27T22:09:14.051+0800: 5256.449: [CMS-concurrent-sweep-start]
2026-05-27T22:09:14.063+0800: 5256.462: [CMS-concurrent-sweep: 0.012/0.012 secs] [Times: user=0.01 sys=0.00, real=0.01 secs] 
2026-05-27T22:09:14.064+0800: 5256.463: [CMS-concurrent-reset-start]
2026-05-27T22:09:14.064+0800: 5256.463: [CMS-concurrent-reset: 0.000/0.000 secs] [Times: user=0.00 sys=0.00, real=0.00 secs] 
2026-05-27T22:09:16.063+0800: 5258.464: [GC (CMS Initial Mark) [1 CMS-initial-mark: 85008K(131072K)] 107478K(249088K), 0.0150947 secs] [Times: user=0.01 sys=0.00, real=0.01 secs] 
2026-05-27T22:09:16.080+0800: 5258.481: [CMS-concurrent-mark-start]
2026-05-27T22:09:16.137+0800: 5258.539: [CMS-concurrent-mark: 0.058/0.058 secs] [Times: user=0.06 sys=0.00, real=0.06 secs] 
2026-05-27T22:09:16.138+0800: 5258.539: [CMS-concurrent-preclean-start]
2026-05-27T22:09:16.141+0800: 5258.542: [CMS-concurrent-preclean: 0.003/0.003 secs] [Times: user=0.00 sys=0.00, real=0.00 secs] 
2026-05-27T22:09:16.141+0800: 5258.543: [CMS-concurrent-abortable-preclean-start]
 CMS: abort preclean due to time 2026-05-27T22:09:21.160+0800: 5263.561: [CMS-concurrent-abortable-preclean: 0.711/5.018 secs] [Times: user=0.78 sys=0.01, real=5.02 secs] 
2026-05-27T22:09:21.161+0800: 5263.562: [GC (CMS Final Remark) [YG occupancy: 22824 K (118016 K)]2026-05-27T22:09:21.162+0800: 5263.563: [Rescan (non-parallel) 2026-05-27T22:09:21.162+0800: 5263.564: [grey object rescan, 0.0005103 secs]2026-05-27T22:09:21.163+0800: 5263.564: [root rescan, 0.0166278 secs]2026-05-27T22:09:21.180+0800: 5263.582: [visit unhandled CLDs, 0.0002825 secs]2026-05-27T22:09:21.181+0800: 5263.582: [dirty klass scan, 0.0022804 secs], 0.0218073 secs]2026-05-27T22:09:21.184+0800: 5263.585: [weak refs processing, 0.0004696 secs]2026-05-27T22:09:21.185+0800: 5263.586: [class unloading, 0.0187938 secs]2026-05-27T22:09:21.204+0800: 5263.605: [scrub symbol table, 0.0245630 secs]2026-05-27T22:09:21.230+0800: 5263.631: [scrub string table, 0.0011329 secs][1 CMS-remark: 85008K(131072K)] 107833K(249088K), 0.0704462 secs] [Times: user=0.06 sys=0.00, real=0.08 secs] 
2026-05-27T22:09:21.233+0800: 5263.634: [CMS-concurrent-sweep-start]
2026-05-27T22:09:21.249+0800: 5263.651: [CMS-concurrent-sweep: 0.016/0.016 secs] [Times: user=0.02 sys=0.00, real=0.01 secs] 
2026-05-27T22:09:21.250+0800: 5263.651: [CMS-concurrent-reset-start]
2026-05-27T22:09:21.250+0800: 5263.651: [CMS-concurrent-reset: 0.000/0.000 secs] [Times: user=0.00 sys=0.00, real=0.00 secs] 
2026-05-27T22:09:23.252+0800: 5265.653: [GC (CMS Initial Mark) [1 CMS-initial-mark: 85008K(131072K)] 108046K(249088K), 0.0150087 secs] [Times: user=0.02 sys=0.00, real=0.01 secs] 
2026-05-27T22:09:23.268+0800: 5265.670: [CMS-concurrent-mark-start]
2026-05-27T22:09:23.328+0800: 5265.729: [CMS-concurrent-mark: 0.059/0.059 secs] [Times: user=0.06 sys=0.00, real=0.06 secs] 
2026-05-27T22:09:23.328+0800: 5265.729: [CMS-concurrent-preclean-start]
2026-05-27T22:09:23.331+0800: 5265.732: [CMS-concurrent-preclean: 0.002/0.002 secs] [Times: user=0.00 sys=0.00, real=0.01 secs] 
2026-05-27T22:09:23.331+0800: 5265.732: [CMS-concurrent-abortable-preclean-start]
 CMS: abort preclean due to time 2026-05-27T22:09:28.335+0800: 5270.736: [CMS-concurrent-abortable-preclean: 0.718/5.004 secs] [Times: user=0.85 sys=0.00, real=5.00 secs] 
2026-05-27T22:09:28.337+0800: 5270.738: [GC (CMS Final Remark) [YG occupancy: 23237 K (118016 K)]2026-05-27T22:09:28.337+0800: 5270.738: [Rescan (non-parallel) 2026-05-27T22:09:28.338+0800: 5270.739: [grey object rescan, 0.0003525 secs]2026-05-27T22:09:28.338+0800: 5270.739: [root rescan, 0.0152388 secs]2026-05-27T22:09:28.354+0800: 5270.755: [visit unhandled CLDs, 0.0002963 secs]2026-05-27T22:09:28.354+0800: 5270.755: [dirty klass scan, 0.0023127 secs], 0.0197728 secs]2026-05-27T22:09:28.357+0800: 5270.759: [weak refs processing, 0.0004095 secs]2026-05-27T22:09:28.358+0800: 5270.759: [class unloading, 0.0171776 secs]2026-05-27T22:09:28.376+0800: 5270.777: [scrub symbol table, 0.0275044 secs]2026-05-27T22:09:28.404+0800: 5270.805: [scrub string table, 0.0010563 secs][1 CMS-remark: 85008K(131072K)] 108246K(249088K), 0.0689898 secs] [Times: user=0.06 sys=0.00, real=0.07 secs] 
2026-05-27T22:09:28.407+0800: 5270.808: [CMS-concurrent-sweep-start]
2026-05-27T22:09:28.422+0800: 5270.823: [CMS-concurrent-sweep: 0.015/0.015 secs] [Times: user=0.02 sys=0.00, real=0.01 secs] 
2026-05-27T22:09:28.423+0800: 5270.824: [CMS-concurrent-reset-start]
2026-05-27T22:09:28.423+0800: 5270.824: [CMS-concurrent-reset: 0.000/0.000 secs] [Times: user=0.00 sys=0.00, real=0.00 secs] 
2026-05-27T22:09:30.424+0800: 5272.825: [GC (CMS Initial Mark) [1 CMS-initial-mark: 85008K(131072K)] 108309K(249088K), 0.0227921 secs] [Times: user=0.02 sys=0.00, real=0.02 secs] 
2026-05-27T22:09:30.448+0800: 5272.849: [CMS-concurrent-mark-start]
2026-05-27T22:09:30.525+0800: 5272.926: [CMS-concurrent-mark: 0.077/0.077 secs] [Times: user=0.08 sys=0.00, real=0.08 secs] 
2026-05-27T22:09:30.526+0800: 5272.927: [CMS-concurrent-preclean-start]
2026-05-27T22:09:30.529+0800: 5272.930: [CMS-concurrent-preclean: 0.003/0.003 secs] [Times: user=0.00 sys=0.00, real=0.00 secs] 
2026-05-27T22:09:30.529+0800: 5272.931: [CMS-concurrent-abortable-preclean-start]
 CMS: abort preclean due to time 2026-05-27T22:09:35.603+0800: 5278.004: [CMS-concurrent-abortable-preclean: 0.666/5.074 secs] [Times: user=0.73 sys=0.00, real=5.08 secs] 
2026-05-27T22:09:35.605+0800: 5278.006: [GC (CMS Final Remark) [YG occupancy: 23840 K (118016 K)]2026-05-27T22:09:35.606+0800: 5278.007: [Rescan (non-parallel) 2026-05-27T22:09:35.606+0800: 5278.007: [grey object rescan, 0.0003700 secs]2026-05-27T22:09:35.607+0800: 5278.008: [root rescan, 0.0137685 secs]2026-05-27T22:09:35.621+0800: 5278.022: [visit unhandled CLDs, 0.0005064 secs]2026-05-27T22:09:35.622+0800: 5278.023: [dirty klass scan, 0.0021716 secs], 0.0189869 secs]2026-05-27T22:09:35.625+0800: 5278.026: [weak refs processing, 0.0003227 secs]2026-05-27T22:09:35.626+0800: 5278.027: [class unloading, 0.0152135 secs]2026-05-27T22:09:35.641+0800: 5278.043: [scrub symbol table, 0.0218700 secs]2026-05-27T22:09:35.664+0800: 5278.065: [scrub string table, 0.0014665 secs][1 CMS-remark: 85008K(131072K)] 108849K(249088K), 0.0613607 secs] [Times: user=0.06 sys=0.00, real=0.06 secs] 
2026-05-27T22:09:35.668+0800: 5278.069: [CMS-concurrent-sweep-start]
2026-05-27T22:09:35.681+0800: 5278.082: [CMS-concurrent-sweep: 0.013/0.013 secs] [Times: user=0.01 sys=0.00, real=0.01 secs] 
2026-05-27T22:09:35.681+0800: 5278.083: [CMS-concurrent-reset-start]
2026-05-27T22:09:35.682+0800: 5278.083: [CMS-concurrent-reset: 0.000/0.000 secs] [Times: user=0.00 sys=0.00, real=0.00 secs] 
2026-05-27T22:09:37.683+0800: 5280.084: [GC (CMS Initial Mark) [1 CMS-initial-mark: 85008K(131072K)] 108996K(249088K), 0.0205709 secs] [Times: user=0.02 sys=0.00, real=0.02 secs] 
2026-05-27T22:09:37.704+0800: 5280.106: [CMS-concurrent-mark-start]
2026-05-27T22:09:37.782+0800: 5280.183: [CMS-concurrent-mark: 0.077/0.077 secs] [Times: user=0.08 sys=0.00, real=0.07 secs] 
2026-05-27T22:09:37.782+0800: 5280.183: [CMS-concurrent-preclean-start]
2026-05-27T22:09:37.785+0800: 5280.186: [CMS-concurrent-preclean: 0.002/0.002 secs] [Times: user=0.00 sys=0.00, real=0.01 secs] 
2026-05-27T22:09:37.785+0800: 5280.186: [CMS-concurrent-abortable-preclean-start]
 CMS: abort preclean due to time 2026-05-27T22:09:42.827+0800: 5285.228: [CMS-concurrent-abortable-preclean: 0.733/5.041 secs] [Times: user=0.81 sys=0.00, real=5.04 secs] 
2026-05-27T22:09:42.828+0800: 5285.229: [GC (CMS Final Remark) [YG occupancy: 24451 K (118016 K)]2026-05-27T22:09:42.829+0800: 5285.230: [Rescan (non-parallel) 2026-05-27T22:09:42.829+0800: 5285.230: [grey object rescan, 0.0004695 secs]2026-05-27T22:09:42.830+0800: 5285.231: [root rescan, 0.0178858 secs]2026-05-27T22:09:42.849+0800: 5285.250: [visit unhandled CLDs, 0.0003049 secs]2026-05-27T22:09:42.849+0800: 5285.250: [dirty klass scan, 0.0022496 secs], 0.0230246 secs]2026-05-27T22:09:42.852+0800: 5285.253: [weak refs processing, 0.0003639 secs]2026-05-27T22:09:42.853+0800: 5285.254: [class unloading, 0.0187859 secs]2026-05-27T22:09:42.872+0800: 5285.273: [scrub symbol table, 0.0262882 secs]2026-05-27T22:09:42.899+0800: 5285.300: [scrub string table, 0.0009979 secs][1 CMS-remark: 85008K(131072K)] 109460K(249088K), 0.0724190 secs] [Times: user=0.07 sys=0.00, real=0.07 secs] 
2026-05-27T22:09:42.902+0800: 5285.303: [CMS-concurrent-sweep-start]
2026-05-27T22:09:42.918+0800: 5285.319: [CMS-concurrent-sweep: 0.016/0.016 secs] [Times: user=0.02 sys=0.00, real=0.02 secs] 
2026-05-27T22:09:42.919+0800: 5285.320: [CMS-concurrent-reset-start]
2026-05-27T22:09:42.919+0800: 5285.320: [CMS-concurrent-reset: 0.000/0.000 secs] [Times: user=0.00 sys=0.00, real=0.00 secs] 
2026-05-27T22:09:44.916+0800: 5287.320: [GC (CMS Initial Mark) [1 CMS-initial-mark: 85008K(131072K)] 109504K(249088K), 0.0155577 secs] [Times: user=0.02 sys=0.00, real=0.02 secs] 
2026-05-27T22:09:44.933+0800: 5287.337: [CMS-concurrent-mark-start]
2026-05-27T22:09:44.989+0800: 5287.393: [CMS-concurrent-mark: 0.056/0.056 secs] [Times: user=0.06 sys=0.00, real=0.06 secs] 
2026-05-27T22:09:44.989+0800: 5287.393: [CMS-concurrent-preclean-start]
2026-05-27T22:09:44.992+0800: 5287.396: [CMS-concurrent-preclean: 0.002/0.002 secs] [Times: user=0.00 sys=0.00, real=0.00 secs] 
2026-05-27T22:09:44.992+0800: 5287.396: [CMS-concurrent-abortable-preclean-start]
 CMS: abort preclean due to time 2026-05-27T22:09:49.997+0800: 5292.401: [CMS-concurrent-abortable-preclean: 0.697/5.005 secs] [Times: user=0.76 sys=0.00, real=5.00 secs] 
2026-05-27T22:09:49.999+0800: 5292.403: [GC (CMS Final Remark) [YG occupancy: 24712 K (118016 K)]2026-05-27T22:09:49.999+0800: 5292.403: [Rescan (non-parallel) 2026-05-27T22:09:50.000+0800: 5292.404: [grey object rescan, 0.0004602 secs]2026-05-27T22:09:50.001+0800: 5292.405: [root rescan, 0.0152539 secs]2026-05-27T22:09:50.016+0800: 5292.420: [visit unhandled CLDs, 0.0003442 secs]2026-05-27T22:09:50.017+0800: 5292.421: [dirty klass scan, 0.0019610 secs], 0.0199120 secs]2026-05-27T22:09:50.020+0800: 5292.424: [weak refs processing, 0.0004915 secs]2026-05-27T22:09:50.021+0800: 5292.425: [class unloading, 0.0162950 secs]2026-05-27T22:09:50.037+0800: 5292.441: [scrub symbol table, 0.0234190 secs]2026-05-27T22:09:50.061+0800: 5292.465: [scrub string table, 0.0009356 secs][1 CMS-remark: 85008K(131072K)] 109721K(249088K), 0.0642556 secs] [Times: user=0.06 sys=0.00, real=0.07 secs] 
2026-05-27T22:09:50.064+0800: 5292.468: [CMS-concurrent-sweep-start]
2026-05-27T22:09:50.078+0800: 5292.482: [CMS-concurrent-sweep: 0.014/0.014 secs] [Times: user=0.02 sys=0.00, real=0.01 secs] 
2026-05-27T22:09:50.079+0800: 5292.483: [CMS-concurrent-reset-start]
2026-05-27T22:09:50.080+0800: 5292.484: [CMS-concurrent-reset: 0.001/0.001 secs] [Times: user=0.00 sys=0.00, real=0.01 secs] 
2026-05-27T22:09:52.081+0800: 5294.485: [GC (CMS Initial Mark) [1 CMS-initial-mark: 85008K(131072K)] 109946K(249088K), 0.0186663 secs] [Times: user=0.01 sys=0.00, real=0.02 secs] 
2026-05-27T22:09:52.101+0800: 5294.505: [CMS-concurrent-mark-start]
2026-05-27T22:09:52.160+0800: 5294.564: [CMS-concurrent-mark: 0.059/0.059 secs] [Times: user=0.07 sys=0.00, real=0.06 secs] 
2026-05-27T22:09:52.160+0800: 5294.564: [CMS-concurrent-preclean-start]
2026-05-27T22:09:52.163+0800: 5294.567: [CMS-concurrent-preclean: 0.002/0.002 secs] [Times: user=0.00 sys=0.00, real=0.00 secs] 
2026-05-27T22:09:52.163+0800: 5294.567: [CMS-concurrent-abortable-preclean-start]
 CMS: abort preclean due to time 2026-05-27T22:09:57.210+0800: 5299.614: [CMS-concurrent-abortable-preclean: 0.639/5.047 secs] [Times: user=0.70 sys=0.00, real=5.05 secs] 
2026-05-27T22:09:57.212+0800: 5299.616: [GC (CMS Final Remark) [YG occupancy: 25202 K (118016 K)]2026-05-27T22:09:57.213+0800: 5299.617: [Rescan (non-parallel) 2026-05-27T22:09:57.213+0800: 5299.617: [grey object rescan, 0.0003889 secs]2026-05-27T22:09:57.214+0800: 5299.618: [root rescan, 0.0161125 secs]2026-05-27T22:09:57.230+0800: 5299.634: [visit unhandled CLDs, 0.0004434 secs]2026-05-27T22:09:57.231+0800: 5299.635: [dirty klass scan, 0.0029801 secs], 0.0221850 secs]2026-05-27T22:09:57.235+0800: 5299.639: [weak refs processing, 0.0003823 secs]2026-05-27T22:09:57.236+0800: 5299.640: [class unloading, 0.0176382 secs]2026-05-27T22:09:57.254+0800: 5299.658: [scrub symbol table, 0.0259892 secs]2026-05-27T22:09:57.281+0800: 5299.685: [scrub string table, 0.0009456 secs][1 CMS-remark: 85008K(131072K)] 110211K(249088K), 0.0701991 secs] [Times: user=0.07 sys=0.00, real=0.07 secs] 
2026-05-27T22:09:57.284+0800: 5299.688: [CMS-concurrent-sweep-start]
2026-05-27T22:09:57.299+0800: 5299.703: [CMS-concurrent-sweep: 0.015/0.015 secs] [Times: user=0.01 sys=0.00, real=0.01 secs] 
2026-05-27T22:09:57.300+0800: 5299.704: [CMS-concurrent-reset-start]
2026-05-27T22:09:57.300+0800: 5299.704: [CMS-concurrent-reset: 0.000/0.000 secs] [Times: user=0.00 sys=0.00, real=0.00 secs] 
2026-05-27T22:09:59.302+0800: 5301.706: [GC (CMS Initial Mark) [1 CMS-initial-mark: 85008K(131072K)] 110329K(249088K), 0.0226439 secs] [Times: user=0.02 sys=0.00, real=0.02 secs] 
2026-05-27T22:09:59.326+0800: 5301.730: [CMS-concurrent-mark-start]
2026-05-27T22:09:59.396+0800: 5301.800: [CMS-concurrent-mark: 0.070/0.070 secs] [Times: user=0.06 sys=0.00, real=0.07 secs] 
2026-05-27T22:09:59.397+0800: 5301.801: [CMS-concurrent-preclean-start]
2026-05-27T22:09:59.401+0800: 5301.805: [CMS-concurrent-preclean: 0.003/0.003 secs] [Times: user=0.01 sys=0.00, real=0.01 secs] 
2026-05-27T22:09:59.402+0800: 5301.806: [CMS-concurrent-abortable-preclean-start]
 CMS: abort preclean due to time 2026-05-27T22:10:04.419+0800: 5306.823: [CMS-concurrent-abortable-preclean: 0.709/5.017 secs] [Times: user=0.76 sys=0.02, real=5.01 secs] 
2026-05-27T22:10:04.421+0800: 5306.825: [GC (CMS Final Remark) [YG occupancy: 25928 K (118016 K)]2026-05-27T22:10:04.422+0800: 5306.826: [Rescan (non-parallel) 2026-05-27T22:10:04.422+0800: 5306.826: [grey object rescan, 0.0004273 secs]2026-05-27T22:10:04.423+0800: 5306.827: [root rescan, 0.0198022 secs]2026-05-27T22:10:04.443+0800: 5306.847: [visit unhandled CLDs, 0.0009081 secs]2026-05-27T22:10:04.444+0800: 5306.848: [dirty klass scan, 0.0023115 secs], 0.0253349 secs]2026-05-27T22:10:04.447+0800: 5306.851: [weak refs processing, 0.0005196 secs]2026-05-27T22:10:04.448+0800: 5306.852: [class unloading, 0.0199684 secs]2026-05-27T22:10:04.469+0800: 5306.873: [scrub symbol table, 0.0260975 secs]2026-05-27T22:10:04.495+0800: 5306.899: [scrub string table, 0.0018823 secs][1 CMS-remark: 85008K(131072K)] 110937K(249088K), 0.0773971 secs] [Times: user=0.07 sys=0.00, real=0.07 secs] 
2026-05-27T22:10:04.499+0800: 5306.903: [CMS-concurrent-sweep-start]
2026-05-27T22:10:04.514+0800: 5306.918: [CMS-concurrent-sweep: 0.015/0.015 secs] [Times: user=0.02 sys=0.00, real=0.02 secs] 
2026-05-27T22:10:04.515+0800: 5306.919: [CMS-concurrent-reset-start]
2026-05-27T22:10:04.515+0800: 5306.919: [CMS-concurrent-reset: 0.000/0.000 secs] [Times: user=0.00 sys=0.00, real=0.00 secs] 
2026-05-27T22:10:06.517+0800: 5308.921: [GC (CMS Initial Mark) [1 CMS-initial-mark: 85008K(131072K)] 111030K(249088K), 0.0173012 secs] [Times: user=0.02 sys=0.00, real=0.02 secs] 
2026-05-27T22:10:06.536+0800: 5308.940: [CMS-concurrent-mark-start]
2026-05-27T22:10:06.596+0800: 5309.000: [CMS-concurrent-mark: 0.060/0.060 secs] [Times: user=0.06 sys=0.00, real=0.06 secs] 
2026-05-27T22:10:06.596+0800: 5309.000: [CMS-concurrent-preclean-start]
2026-05-27T22:10:06.599+0800: 5309.003: [CMS-concurrent-preclean: 0.002/0.002 secs] [Times: user=0.00 sys=0.00, real=0.00 secs] 
2026-05-27T22:10:06.599+0800: 5309.003: [CMS-concurrent-abortable-preclean-start]
 CMS: abort preclean due to time 2026-05-27T22:10:11.665+0800: 5314.069: [CMS-concurrent-abortable-preclean: 0.782/5.066 secs] [Times: user=0.85 sys=0.01, real=5.07 secs] 
2026-05-27T22:10:11.667+0800: 5314.071: [GC (CMS Final Remark) [YG occupancy: 26142 K (118016 K)]2026-05-27T22:10:11.667+0800: 5314.071: [Rescan (non-parallel) 2026-05-27T22:10:11.667+0800: 5314.071: [grey object rescan, 0.0003930 secs]2026-05-27T22:10:11.668+0800: 5314.072: [root rescan, 0.0157778 secs]2026-05-27T22:10:11.684+0800: 5314.088: [visit unhandled CLDs, 0.0004351 secs]2026-05-27T22:10:11.685+0800: 5314.089: [dirty klass scan, 0.0020107 secs], 0.0206696 secs]2026-05-27T22:10:11.688+0800: 5314.092: [weak refs processing, 0.0004689 secs]2026-05-27T22:10:11.689+0800: 5314.093: [class unloading, 0.0164426 secs]2026-05-27T22:10:11.706+0800: 5314.110: [scrub symbol table, 0.0231243 secs]2026-05-27T22:10:11.730+0800: 5314.134: [scrub string table, 0.0012529 secs][1 CMS-remark: 85008K(131072K)] 111151K(249088K), 0.0658269 secs] [Times: user=0.06 sys=0.00, real=0.07 secs] 
2026-05-27T22:10:11.734+0800: 5314.138: [CMS-concurrent-sweep-start]
2026-05-27T22:10:11.746+0800: 5314.150: [CMS-concurrent-sweep: 0.013/0.013 secs] [Times: user=0.01 sys=0.00, real=0.01 secs] 
2026-05-27T22:10:11.747+0800: 5314.151: [CMS-concurrent-reset-start]
2026-05-27T22:10:11.747+0800: 5314.151: [CMS-concurrent-reset: 0.000/0.000 secs] [Times: user=0.00 sys=0.00, real=0.00 secs] 
2026-05-27T22:10:13.749+0800: 5316.153: [GC (CMS Initial Mark) [1 CMS-initial-mark: 85008K(131072K)] 111248K(249088K), 0.0163678 secs] [Times: user=0.02 sys=0.00, real=0.01 secs] 
2026-05-27T22:10:13.766+0800: 5316.170: [CMS-concurrent-mark-start]
2026-05-27T22:10:13.823+0800: 5316.228: [CMS-concurrent-mark: 0.057/0.057 secs] [Times: user=0.06 sys=0.00, real=0.06 secs] 
2026-05-27T22:10:13.824+0800: 5316.228: [CMS-concurrent-preclean-start]
2026-05-27T22:10:13.827+0800: 5316.231: [CMS-concurrent-preclean: 0.003/0.003 secs] [Times: user=0.00 sys=0.00, real=0.00 secs] 
2026-05-27T22:10:13.828+0800: 5316.232: [CMS-concurrent-abortable-preclean-start]
 CMS: abort preclean due to time 2026-05-27T22:10:18.841+0800: 5321.246: [CMS-concurrent-abortable-preclean: 0.707/5.015 secs] [Times: user=0.80 sys=0.00, real=5.01 secs] 
2026-05-27T22:10:18.843+0800: 5321.248: [GC (CMS Final Remark) [YG occupancy: 26843 K (118016 K)]2026-05-27T22:10:18.843+0800: 5321.248: [Rescan (non-parallel) 2026-05-27T22:10:18.843+0800: 5321.248: [grey object rescan, 0.0004060 secs]2026-05-27T22:10:18.844+0800: 5321.249: [root rescan, 0.0153338 secs]2026-05-27T22:10:18.860+0800: 5321.265: [visit unhandled CLDs, 0.0003657 secs]2026-05-27T22:10:18.861+0800: 5321.266: [dirty klass scan, 0.0019961 secs], 0.0199668 secs]2026-05-27T22:10:18.863+0800: 5321.268: [weak refs processing, 0.0003091 secs]2026-05-27T22:10:18.864+0800: 5321.269: [class unloading, 0.0157832 secs]2026-05-27T22:10:18.881+0800: 5321.286: [scrub symbol table, 0.0221923 secs]2026-05-27T22:10:18.903+0800: 5321.308: [scrub string table, 0.0011171 secs][1 CMS-remark: 85008K(131072K)] 111852K(249088K), 0.0625887 secs] [Times: user=0.06 sys=0.00, real=0.06 secs] 
2026-05-27T22:10:18.906+0800: 5321.311: [CMS-concurrent-sweep-start]
2026-05-27T22:10:18.919+0800: 5321.324: [CMS-concurrent-sweep: 0.013/0.013 secs] [Times: user=0.02 sys=0.00, real=0.02 secs] 
2026-05-27T22:10:18.920+0800: 5321.325: [CMS-concurrent-reset-start]
2026-05-27T22:10:18.920+0800: 5321.325: [CMS-concurrent-reset: 0.000/0.000 secs] [Times: user=0.00 sys=0.00, real=0.00 secs] 
2026-05-27T22:10:20.921+0800: 5323.326: [GC (CMS Initial Mark) [1 CMS-initial-mark: 85008K(131072K)] 111906K(249088K), 0.0167473 secs] [Times: user=0.01 sys=0.00, real=0.01 secs] 
2026-05-27T22:10:20.939+0800: 5323.344: [CMS-concurrent-mark-start]
2026-05-27T22:10:20.996+0800: 5323.400: [CMS-concurrent-mark: 0.056/0.056 secs] [Times: user=0.06 sys=0.00, real=0.05 secs] 
2026-05-27T22:10:20.996+0800: 5323.401: [CMS-concurrent-preclean-start]
2026-05-27T22:10:20.999+0800: 5323.404: [CMS-concurrent-preclean: 0.003/0.003 secs] [Times: user=0.00 sys=0.00, real=0.01 secs] 
2026-05-27T22:10:21.000+0800: 5323.405: [CMS-concurrent-abortable-preclean-start]
 CMS: abort preclean due to time 2026-05-27T22:10:26.007+0800: 5328.412: [CMS-concurrent-abortable-preclean: 0.700/5.007 secs] [Times: user=0.78 sys=0.00, real=5.01 secs] 
2026-05-27T22:10:26.009+0800: 5328.414: [GC (CMS Final Remark) [YG occupancy: 27124 K (118016 K)]2026-05-27T22:10:26.010+0800: 5328.415: [Rescan (non-parallel) 2026-05-27T22:10:26.010+0800: 5328.415: [grey object rescan, 0.0003961 secs]2026-05-27T22:10:26.011+0800: 5328.416: [root rescan, 0.0177455 secs]2026-05-27T22:10:26.029+0800: 5328.434: [visit unhandled CLDs, 0.0005562 secs]2026-05-27T22:10:26.030+0800: 5328.435: [dirty klass scan, 0.0031168 secs], 0.0239588 secs]2026-05-27T22:10:26.034+0800: 5328.439: [weak refs processing, 0.0003031 secs]2026-05-27T22:10:26.035+0800: 5328.440: [class unloading, 0.0187409 secs]2026-05-27T22:10:26.054+0800: 5328.459: [scrub symbol table, 0.0234772 secs]2026-05-27T22:10:26.078+0800: 5328.483: [scrub string table, 0.0012575 secs][1 CMS-remark: 85008K(131072K)] 112132K(249088K), 0.0709579 secs] [Times: user=0.06 sys=0.00, real=0.07 secs] 
2026-05-27T22:10:26.081+0800: 5328.486: [CMS-concurrent-sweep-start]
2026-05-27T22:10:26.096+0800: 5328.501: [CMS-concurrent-sweep: 0.014/0.014 secs] [Times: user=0.02 sys=0.00, real=0.01 secs] 
2026-05-27T22:10:26.096+0800: 5328.501: [CMS-concurrent-reset-start]
2026-05-27T22:10:26.097+0800: 5328.502: [CMS-concurrent-reset: 0.000/0.000 secs] [Times: user=0.00 sys=0.00, real=0.00 secs] 
2026-05-27T22:10:28.097+0800: 5330.502: [GC (CMS Initial Mark) [1 CMS-initial-mark: 85008K(131072K)] 112320K(249088K), 0.0238706 secs] [Times: user=0.02 sys=0.00, real=0.03 secs] 
2026-05-27T22:10:28.123+0800: 5330.528: [CMS-concurrent-mark-start]
2026-05-27T22:10:28.186+0800: 5330.591: [CMS-concurrent-mark: 0.063/0.063 secs] [Times: user=0.06 sys=0.00, real=0.06 secs] 
2026-05-27T22:10:28.187+0800: 5330.592: [CMS-concurrent-preclean-start]
2026-05-27T22:10:28.190+0800: 5330.595: [CMS-concurrent-preclean: 0.003/0.003 secs] [Times: user=0.01 sys=0.00, real=0.00 secs] 
2026-05-27T22:10:28.191+0800: 5330.596: [CMS-concurrent-abortable-preclean-start]
 CMS: abort preclean due to time 2026-05-27T22:10:33.306+0800: 5335.711: [CMS-concurrent-abortable-preclean: 0.760/5.115 secs] [Times: user=0.85 sys=0.03, real=5.11 secs] 
2026-05-27T22:10:33.307+0800: 5335.712: [GC (CMS Final Remark) [YG occupancy: 27766 K (118016 K)]2026-05-27T22:10:33.308+0800: 5335.713: [Rescan (non-parallel) 2026-05-27T22:10:33.308+0800: 5335.713: [grey object rescan, 0.0004223 secs]2026-05-27T22:10:33.309+0800: 5335.714: [root rescan, 0.0184501 secs]2026-05-27T22:10:33.328+0800: 5335.733: [visit unhandled CLDs, 0.0004122 secs]2026-05-27T22:10:33.329+0800: 5335.734: [dirty klass scan, 0.0022380 secs], 0.0234449 secs]2026-05-27T22:10:33.332+0800: 5335.737: [weak refs processing, 0.0004445 secs]2026-05-27T22:10:33.333+0800: 5335.738: [class unloading, 0.0167973 secs]2026-05-27T22:10:33.350+0800: 5335.755: [scrub symbol table, 0.0237434 secs]2026-05-27T22:10:33.374+0800: 5335.779: [scrub string table, 0.0013940 secs][1 CMS-remark: 85008K(131072K)] 112775K(249088K), 0.0689062 secs] [Times: user=0.07 sys=0.00, real=0.06 secs] 
2026-05-27T22:10:33.378+0800: 5335.783: [CMS-concurrent-sweep-start]
2026-05-27T22:10:33.390+0800: 5335.795: [CMS-concurrent-sweep: 0.012/0.012 secs] [Times: user=0.01 sys=0.00, real=0.02 secs] 
2026-05-27T22:10:33.390+0800: 5335.795: [CMS-concurrent-reset-start]
2026-05-27T22:10:33.391+0800: 5335.796: [CMS-concurrent-reset: 0.000/0.000 secs] [Times: user=0.00 sys=0.00, real=0.00 secs] 
2026-05-27T22:10:35.391+0800: 5337.796: [GC (CMS Initial Mark) [1 CMS-initial-mark: 85008K(131072K)] 112908K(249088K), 0.0248791 secs] [Times: user=0.02 sys=0.00, real=0.02 secs] 
2026-05-27T22:10:35.417+0800: 5337.822: [CMS-concurrent-mark-start]
2026-05-27T22:10:35.487+0800: 5337.892: [CMS-concurrent-mark: 0.070/0.070 secs] [Times: user=0.07 sys=0.00, real=0.08 secs] 
2026-05-27T22:10:35.488+0800: 5337.893: [CMS-concurrent-preclean-start]
2026-05-27T22:10:35.490+0800: 5337.895: [CMS-concurrent-preclean: 0.002/0.002 secs] [Times: user=0.01 sys=0.00, real=0.00 secs] 
2026-05-27T22:10:35.491+0800: 5337.896: [CMS-concurrent-abortable-preclean-start]
 CMS: abort preclean due to time 2026-05-27T22:10:40.562+0800: 5342.967: [CMS-concurrent-abortable-preclean: 0.775/5.071 secs] [Times: user=0.85 sys=0.02, real=5.07 secs] 
2026-05-27T22:10:40.563+0800: 5342.968: [GC (CMS Final Remark) [YG occupancy: 28150 K (118016 K)]2026-05-27T22:10:40.564+0800: 5342.969: [Rescan (non-parallel) 2026-05-27T22:10:40.564+0800: 5342.969: [grey object rescan, 0.0005597 secs]2026-05-27T22:10:40.565+0800: 5342.970: [root rescan, 0.0237336 secs]2026-05-27T22:10:40.590+0800: 5342.995: [visit unhandled CLDs, 0.0003914 secs]2026-05-27T22:10:40.590+0800: 5342.995: [dirty klass scan, 0.0024209 secs], 0.0293542 secs]2026-05-27T22:10:40.594+0800: 5342.999: [weak refs processing, 0.0003594 secs]2026-05-27T22:10:40.594+0800: 5342.999: [class unloading, 0.0196628 secs]2026-05-27T22:10:40.615+0800: 5343.019: [scrub symbol table, 0.0332430 secs]2026-05-27T22:10:40.648+0800: 5343.053: [scrub string table, 0.0017102 secs][1 CMS-remark: 85008K(131072K)] 113158K(249088K), 0.0878171 secs] [Times: user=0.08 sys=0.00, real=0.09 secs] 
2026-05-27T22:10:40.653+0800: 5343.058: [CMS-concurrent-sweep-start]
2026-05-27T22:10:40.669+0800: 5343.074: [CMS-concurrent-sweep: 0.017/0.017 secs] [Times: user=0.02 sys=0.00, real=0.02 secs] 
2026-05-27T22:10:40.670+0800: 5343.075: [CMS-concurrent-reset-start]
2026-05-27T22:10:40.670+0800: 5343.075: [CMS-concurrent-reset: 0.000/0.000 secs] [Times: user=0.00 sys=0.00, real=0.00 secs] 
2026-05-27T22:10:42.671+0800: 5345.076: [GC (CMS Initial Mark) [1 CMS-initial-mark: 85008K(131072K)] 113187K(249088K), 0.0181375 secs] [Times: user=0.01 sys=0.01, real=0.02 secs] 
2026-05-27T22:10:42.690+0800: 5345.095: [CMS-concurrent-mark-start]
2026-05-27T22:10:42.750+0800: 5345.155: [CMS-concurrent-mark: 0.060/0.060 secs] [Times: user=0.06 sys=0.00, real=0.06 secs] 
2026-05-27T22:10:42.750+0800: 5345.155: [CMS-concurrent-preclean-start]
2026-05-27T22:10:42.753+0800: 5345.158: [CMS-concurrent-preclean: 0.002/0.002 secs] [Times: user=0.00 sys=0.00, real=0.00 secs] 
2026-05-27T22:10:42.753+0800: 5345.158: [CMS-concurrent-abortable-preclean-start]
 CMS: abort preclean due to time 2026-05-27T22:10:47.818+0800: 5350.226: [CMS-concurrent-abortable-preclean: 0.813/5.068 secs] [Times: user=0.89 sys=0.00, real=5.07 secs] 
2026-05-27T22:10:47.820+0800: 5350.227: [GC (CMS Final Remark) [YG occupancy: 28560 K (118016 K)]2026-05-27T22:10:47.821+0800: 5350.228: [Rescan (non-parallel) 2026-05-27T22:10:47.821+0800: 5350.228: [grey object rescan, 0.0005784 secs]2026-05-27T22:10:47.822+0800: 5350.229: [root rescan, 0.0321793 secs]2026-05-27T22:10:47.855+0800: 5350.262: [visit unhandled CLDs, 0.0003260 secs]2026-05-27T22:10:47.856+0800: 5350.263: [dirty klass scan, 0.0025885 secs], 0.0379594 secs]2026-05-27T22:10:47.859+0800: 5350.266: [weak refs processing, 0.0005049 secs]2026-05-27T22:10:47.860+0800: 5350.267: [class unloading, 0.0247649 secs]2026-05-27T22:10:47.885+0800: 5350.292: [scrub symbol table, 0.0330925 secs]2026-05-27T22:10:47.919+0800: 5350.326: [scrub string table, 0.0012872 secs][1 CMS-remark: 85008K(131072K)] 113569K(249088K), 0.1010393 secs] [Times: user=0.10 sys=0.00, real=0.10 secs] 
2026-05-27T22:10:47.923+0800: 5350.330: [CMS-concurrent-sweep-start]
2026-05-27T22:10:47.945+0800: 5350.352: [CMS-concurrent-sweep: 0.022/0.022 secs] [Times: user=0.02 sys=0.00, real=0.03 secs] 
2026-05-27T22:10:47.946+0800: 5350.353: [CMS-concurrent-reset-start]
2026-05-27T22:10:47.946+0800: 5350.353: [CMS-concurrent-reset: 0.000/0.000 secs] [Times: user=0.00 sys=0.00, real=0.00 secs] 
2026-05-27T22:10:49.948+0800: 5352.355: [GC (CMS Initial Mark) [1 CMS-initial-mark: 85008K(131072K)] 113706K(249088K), 0.0192537 secs] [Times: user=0.02 sys=0.00, real=0.02 secs] 
2026-05-27T22:10:49.968+0800: 5352.375: [CMS-concurrent-mark-start]
2026-05-27T22:10:50.026+0800: 5352.433: [CMS-concurrent-mark: 0.058/0.058 secs] [Times: user=0.06 sys=0.00, real=0.06 secs] 
2026-05-27T22:10:50.027+0800: 5352.434: [CMS-concurrent-preclean-start]
2026-05-27T22:10:50.030+0800: 5352.437: [CMS-concurrent-preclean: 0.003/0.003 secs] [Times: user=0.00 sys=0.00, real=0.00 secs] 
2026-05-27T22:10:50.031+0800: 5352.438: [CMS-concurrent-abortable-preclean-start]
 CMS: abort preclean due to time 2026-05-27T22:10:55.066+0800: 5357.473: [CMS-concurrent-abortable-preclean: 0.928/5.035 secs] [Times: user=1.00 sys=0.01, real=5.04 secs] 
2026-05-27T22:10:55.072+0800: 5357.479: [GC (CMS Final Remark) [YG occupancy: 28852 K (118016 K)]2026-05-27T22:10:55.073+0800: 5357.480: [Rescan (non-parallel) 2026-05-27T22:10:55.074+0800: 5357.481: [grey object rescan, 0.0008449 secs]2026-05-27T22:10:55.075+0800: 5357.482: [root rescan, 0.0490325 secs]2026-05-27T22:10:55.125+0800: 5357.532: [visit unhandled CLDs, 0.0007942 secs]2026-05-27T22:10:55.127+0800: 5357.534: [dirty klass scan, 0.0095373 secs], 0.0637797 secs]2026-05-27T22:10:55.137+0800: 5357.544: [weak refs processing, 0.0007372 secs]2026-05-27T22:10:55.139+0800: 5357.546: [class unloading, 0.0412052 secs]2026-05-27T22:10:55.180+0800: 5357.588: [scrub symbol table, 0.0584548 secs]2026-05-27T22:10:55.239+0800: 5357.647: [scrub string table, 0.0023786 secs][1 CMS-remark: 85008K(131072K)] 113861K(249088K), 0.1709568 secs] [Times: user=0.17 sys=0.00, real=0.17 secs] 
2026-05-27T22:10:55.244+0800: 5357.652: [CMS-concurrent-sweep-start]
2026-05-27T22:10:55.267+0800: 5357.674: [CMS-concurrent-sweep: 0.022/0.022 secs] [Times: user=0.02 sys=0.00, real=0.02 secs] 
2026-05-27T22:10:55.267+0800: 5357.675: [CMS-concurrent-reset-start]
2026-05-27T22:10:55.268+0800: 5357.675: [CMS-concurrent-reset: 0.000/0.000 secs] [Times: user=0.00 sys=0.00, real=0.00 secs] 
2026-05-27T22:10:57.268+0800: 5359.676: [GC (CMS Initial Mark) [1 CMS-initial-mark: 85008K(131072K)] 114027K(249088K), 0.0237442 secs] [Times: user=0.02 sys=0.00, real=0.02 secs] 
2026-05-27T22:10:57.293+0800: 5359.701: [CMS-concurrent-mark-start]
2026-05-27T22:10:57.359+0800: 5359.766: [CMS-concurrent-mark: 0.066/0.066 secs] [Times: user=0.07 sys=0.00, real=0.07 secs] 
2026-05-27T22:10:57.360+0800: 5359.767: [CMS-concurrent-preclean-start]
2026-05-27T22:10:57.362+0800: 5359.770: [CMS-concurrent-preclean: 0.002/0.002 secs] [Times: user=0.00 sys=0.00, real=0.00 secs] 
2026-05-27T22:10:57.363+0800: 5359.770: [CMS-concurrent-abortable-preclean-start]
 CMS: abort preclean due to time 2026-05-27T22:11:02.464+0800: 5364.871: [CMS-concurrent-abortable-preclean: 0.693/5.101 secs] [Times: user=0.73 sys=0.03, real=5.10 secs] 
2026-05-27T22:11:02.465+0800: 5364.872: [GC (CMS Final Remark) [YG occupancy: 29608 K (118016 K)]2026-05-27T22:11:02.466+0800: 5364.873: [Rescan (non-parallel) 2026-05-27T22:11:02.466+0800: 5364.874: [grey object rescan, 0.0006102 secs]2026-05-27T22:11:02.467+0800: 5364.874: [root rescan, 0.0220842 secs]2026-05-27T22:11:02.490+0800: 5364.897: [visit unhandled CLDs, 0.0006390 secs]2026-05-27T22:11:02.491+0800: 5364.898: [dirty klass scan, 0.0021829 secs], 0.0277730 secs]2026-05-27T22:11:02.494+0800: 5364.901: [weak refs processing, 0.0004406 secs]2026-05-27T22:11:02.495+0800: 5364.902: [class unloading, 0.0183594 secs]2026-05-27T22:11:02.513+0800: 5364.921: [scrub symbol table, 0.0235026 secs]2026-05-27T22:11:02.538+0800: 5364.945: [scrub string table, 0.0015764 secs][1 CMS-remark: 85008K(131072K)] 114617K(249088K), 0.0748159 secs] [Times: user=0.07 sys=0.00, real=0.07 secs] 
2026-05-27T22:11:02.541+0800: 5364.948: [CMS-concurrent-sweep-start]
2026-05-27T22:11:02.553+0800: 5364.961: [CMS-concurrent-sweep: 0.012/0.012 secs] [Times: user=0.01 sys=0.00, real=0.01 secs] 
2026-05-27T22:11:02.554+0800: 5364.961: [CMS-concurrent-reset-start]
2026-05-27T22:11:02.554+0800: 5364.961: [CMS-concurrent-reset: 0.000/0.000 secs] [Times: user=0.00 sys=0.00, real=0.00 secs] 
2026-05-27T22:11:04.555+0800: 5366.962: [GC (CMS Initial Mark) [1 CMS-initial-mark: 85008K(131072K)] 114691K(249088K), 0.0315934 secs] [Times: user=0.03 sys=0.00, real=0.04 secs] 
2026-05-27T22:11:04.588+0800: 5366.995: [CMS-concurrent-mark-start]
2026-05-27T22:11:04.677+0800: 5367.084: [CMS-concurrent-mark: 0.089/0.089 secs] [Times: user=0.08 sys=0.00, real=0.09 secs] 
2026-05-27T22:11:04.677+0800: 5367.084: [CMS-concurrent-preclean-start]
2026-05-27T22:11:04.680+0800: 5367.087: [CMS-concurrent-preclean: 0.003/0.003 secs] [Times: user=0.00 sys=0.00, real=0.00 secs] 
2026-05-27T22:11:04.681+0800: 5367.088: [CMS-concurrent-abortable-preclean-start]
 CMS: abort preclean due to time 2026-05-27T22:11:09.710+0800: 5372.117: [CMS-concurrent-abortable-preclean: 0.709/5.029 secs] [Times: user=0.77 sys=0.02, real=5.03 secs] 
2026-05-27T22:11:09.711+0800: 5372.118: [GC (CMS Final Remark) [YG occupancy: 30242 K (118016 K)]2026-05-27T22:11:09.712+0800: 5372.119: [Rescan (non-parallel) 2026-05-27T22:11:09.712+0800: 5372.119: [grey object rescan, 0.0006180 secs]2026-05-27T22:11:09.713+0800: 5372.120: [root rescan, 0.0268545 secs]2026-05-27T22:11:09.741+0800: 5372.148: [visit unhandled CLDs, 0.0004238 secs]2026-05-27T22:11:09.741+0800: 5372.149: [dirty klass scan, 0.0023298 secs], 0.0325508 secs]2026-05-27T22:11:09.745+0800: 5372.152: [weak refs processing, 0.0004861 secs]2026-05-27T22:11:09.746+0800: 5372.153: [class unloading, 0.0320941 secs]2026-05-27T22:11:09.778+0800: 5372.185: [scrub symbol table, 0.0275550 secs]2026-05-27T22:11:09.806+0800: 5372.214: [scrub string table, 0.0014698 secs][1 CMS-remark: 85008K(131072K)] 115251K(249088K), 0.0974840 secs] [Times: user=0.09 sys=0.00, real=0.10 secs] 
2026-05-27T22:11:09.810+0800: 5372.217: [CMS-concurrent-sweep-start]
2026-05-27T22:11:09.825+0800: 5372.232: [CMS-concurrent-sweep: 0.015/0.015 secs] [Times: user=0.02 sys=0.00, real=0.02 secs] 
2026-05-27T22:11:09.826+0800: 5372.233: [CMS-concurrent-reset-start]
2026-05-27T22:11:09.826+0800: 5372.233: [CMS-concurrent-reset: 0.000/0.000 secs] [Times: user=0.00 sys=0.00, real=0.00 secs] 
2026-05-27T22:11:11.827+0800: 5374.234: [GC (CMS Initial Mark) [1 CMS-initial-mark: 85008K(131072K)] 115557K(249088K), 0.0236185 secs] [Times: user=0.02 sys=0.01, real=0.02 secs] 
2026-05-27T22:11:11.852+0800: 5374.259: [CMS-concurrent-mark-start]
2026-05-27T22:11:11.914+0800: 5374.321: [CMS-concurrent-mark: 0.062/0.062 secs] [Times: user=0.06 sys=0.00, real=0.06 secs] 
2026-05-27T22:11:11.915+0800: 5374.322: [CMS-concurrent-preclean-start]
2026-05-27T22:11:11.917+0800: 5374.325: [CMS-concurrent-preclean: 0.002/0.002 secs] [Times: user=0.01 sys=0.00, real=0.01 secs] 
2026-05-27T22:11:11.918+0800: 5374.325: [CMS-concurrent-abortable-preclean-start]
 CMS: abort preclean due to time 2026-05-27T22:11:17.018+0800: 5379.427: [CMS-concurrent-abortable-preclean: 0.690/5.101 secs] [Times: user=0.73 sys=0.02, real=5.10 secs] 
2026-05-27T22:11:17.019+0800: 5379.428: [GC (CMS Final Remark) [YG occupancy: 31018 K (118016 K)]2026-05-27T22:11:17.020+0800: 5379.429: [Rescan (non-parallel) 2026-05-27T22:11:17.020+0800: 5379.429: [grey object rescan, 0.0006481 secs]2026-05-27T22:11:17.021+0800: 5379.430: [root rescan, 0.0185263 secs]2026-05-27T22:11:17.040+0800: 5379.449: [visit unhandled CLDs, 0.0003601 secs]2026-05-27T22:11:17.041+0800: 5379.450: [dirty klass scan, 0.0020197 secs], 0.0234741 secs]2026-05-27T22:11:17.044+0800: 5379.453: [weak refs processing, 0.0004239 secs]2026-05-27T22:11:17.044+0800: 5379.453: [class unloading, 0.0165749 secs]2026-05-27T22:11:17.061+0800: 5379.470: [scrub symbol table, 0.0231801 secs]2026-05-27T22:11:17.085+0800: 5379.494: [scrub string table, 0.0010785 secs][1 CMS-remark: 85008K(131072K)] 116026K(249088K), 0.0676918 secs] [Times: user=0.06 sys=0.00, real=0.07 secs] 
2026-05-27T22:11:17.088+0800: 5379.497: [CMS-concurrent-sweep-start]
2026-05-27T22:11:17.103+0800: 5379.512: [CMS-concurrent-sweep: 0.014/0.014 secs] [Times: user=0.02 sys=0.00, real=0.02 secs] 
2026-05-27T22:11:17.103+0800: 5379.512: [CMS-concurrent-reset-start]
2026-05-27T22:11:17.104+0800: 5379.513: [CMS-concurrent-reset: 0.000/0.000 secs] [Times: user=0.00 sys=0.00, real=0.00 secs] 
2026-05-27T22:11:19.104+0800: 5381.513: [GC (CMS Initial Mark) [1 CMS-initial-mark: 85007K(131072K)] 116176K(249088K), 0.0191510 secs] [Times: user=0.02 sys=0.00, real=0.02 secs] 
2026-05-27T22:11:19.125+0800: 5381.534: [CMS-concurrent-mark-start]
2026-05-27T22:11:19.181+0800: 5381.590: [CMS-concurrent-mark: 0.056/0.056 secs] [Times: user=0.06 sys=0.00, real=0.05 secs] 
2026-05-27T22:11:19.182+0800: 5381.591: [CMS-concurrent-preclean-start]
2026-05-27T22:11:19.184+0800: 5381.593: [CMS-concurrent-preclean: 0.003/0.003 secs] [Times: user=0.00 sys=0.00, real=0.01 secs] 
2026-05-27T22:11:19.185+0800: 5381.594: [CMS-concurrent-abortable-preclean-start]
 CMS: abort preclean due to time 2026-05-27T22:11:24.273+0800: 5386.682: [CMS-concurrent-abortable-preclean: 0.680/5.088 secs] [Times: user=0.74 sys=0.01, real=5.08 secs] 
2026-05-27T22:11:24.274+0800: 5386.683: [GC (CMS Final Remark) [YG occupancy: 31496 K (118016 K)]2026-05-27T22:11:24.275+0800: 5386.684: [Rescan (non-parallel) 2026-05-27T22:11:24.275+0800: 5386.684: [grey object rescan, 0.0003855 secs]2026-05-27T22:11:24.276+0800: 5386.685: [root rescan, 0.0195815 secs]2026-05-27T22:11:24.296+0800: 5386.705: [visit unhandled CLDs, 0.0004230 secs]2026-05-27T22:11:24.297+0800: 5386.706: [dirty klass scan, 0.0020903 secs], 0.0243505 secs]2026-05-27T22:11:24.300+0800: 5386.709: [weak refs processing, 0.0003940 secs]2026-05-27T22:11:24.300+0800: 5386.709: [class unloading, 0.0179006 secs]2026-05-27T22:11:24.319+0800: 5386.728: [scrub symbol table, 0.0248558 secs]2026-05-27T22:11:24.344+0800: 5386.753: [scrub string table, 0.0009541 secs][1 CMS-remark: 85007K(131072K)] 116504K(249088K), 0.0714063 secs] [Times: user=0.06 sys=0.00, real=0.08 secs] 
2026-05-27T22:11:24.347+0800: 5386.756: [CMS-concurrent-sweep-start]
2026-05-27T22:11:24.361+0800: 5386.770: [CMS-concurrent-sweep: 0.014/0.014 secs] [Times: user=0.02 sys=0.00, real=0.01 secs] 
2026-05-27T22:11:24.361+0800: 5386.770: [CMS-concurrent-reset-start]
2026-05-27T22:11:24.362+0800: 5386.771: [CMS-concurrent-reset: 0.000/0.000 secs] [Times: user=0.00 sys=0.00, real=0.00 secs] 
2026-05-27T22:11:26.362+0800: 5388.771: [GC (CMS Initial Mark) [1 CMS-initial-mark: 85007K(131072K)] 116546K(249088K), 0.0228965 secs] [Times: user=0.02 sys=0.00, real=0.03 secs] 
2026-05-27T22:11:26.387+0800: 5388.796: [CMS-concurrent-mark-start]
2026-05-27T22:11:26.444+0800: 5388.853: [CMS-concurrent-mark: 0.057/0.057 secs] [Times: user=0.06 sys=0.01, real=0.06 secs] 
2026-05-27T22:11:26.445+0800: 5388.854: [CMS-concurrent-preclean-start]
2026-05-27T22:11:26.448+0800: 5388.857: [CMS-concurrent-preclean: 0.003/0.003 secs] [Times: user=0.00 sys=0.00, real=0.00 secs] 
2026-05-27T22:11:26.449+0800: 5388.858: [CMS-concurrent-abortable-preclean-start]
 CMS: abort preclean due to time 2026-05-27T22:11:31.483+0800: 5393.892: [CMS-concurrent-abortable-preclean: 0.725/5.034 secs] [Times: user=0.80 sys=0.00, real=5.04 secs] 
2026-05-27T22:11:31.485+0800: 5393.894: [GC (CMS Final Remark) [YG occupancy: 31824 K (118016 K)]2026-05-27T22:11:31.485+0800: 5393.894: [Rescan (non-parallel) 2026-05-27T22:11:31.486+0800: 5393.895: [grey object rescan, 0.0004581 secs]2026-05-27T22:11:31.486+0800: 5393.895: [root rescan, 0.0231824 secs]2026-05-27T22:11:31.510+0800: 5393.919: [visit unhandled CLDs, 0.0004564 secs]2026-05-27T22:11:31.511+0800: 5393.920: [dirty klass scan, 0.0021709 secs], 0.0282217 secs]2026-05-27T22:11:31.514+0800: 5393.923: [weak refs processing, 0.0004990 secs]2026-05-27T22:11:31.515+0800: 5393.924: [class unloading, 0.0179727 secs]2026-05-27T22:11:31.533+0800: 5393.942: [scrub symbol table, 0.0232784 secs]2026-05-27T22:11:31.557+0800: 5393.966: [scrub string table, 0.0015898 secs][1 CMS-remark: 85007K(131072K)] 116832K(249088K), 0.0746548 secs] [Times: user=0.07 sys=0.00, real=0.07 secs] 
2026-05-27T22:11:31.561+0800: 5393.970: [CMS-concurrent-sweep-start]
2026-05-27T22:11:31.573+0800: 5393.982: [CMS-concurrent-sweep: 0.013/0.013 secs] [Times: user=0.01 sys=0.00, real=0.01 secs] 
2026-05-27T22:11:31.574+0800: 5393.983: [CMS-concurrent-reset-start]
2026-05-27T22:11:31.574+0800: 5393.983: [CMS-concurrent-reset: 0.000/0.000 secs] [Times: user=0.00 sys=0.00, real=0.00 secs] 
2026-05-27T22:11:33.575+0800: 5395.984: [GC (CMS Initial Mark) [1 CMS-initial-mark: 85007K(131072K)] 117052K(249088K), 0.0247043 secs] [Times: user=0.03 sys=0.00, real=0.02 secs] 
2026-05-27T22:11:33.601+0800: 5396.010: [CMS-concurrent-mark-start]
2026-05-27T22:11:33.660+0800: 5396.069: [CMS-concurrent-mark: 0.058/0.058 secs] [Times: user=0.06 sys=0.00, real=0.06 secs] 
2026-05-27T22:11:33.660+0800: 5396.069: [CMS-concurrent-preclean-start]
2026-05-27T22:11:33.663+0800: 5396.072: [CMS-concurrent-preclean: 0.003/0.003 secs] [Times: user=0.00 sys=0.00, real=0.01 secs] 
2026-05-27T22:11:33.664+0800: 5396.073: [CMS-concurrent-abortable-preclean-start]
 CMS: abort preclean due to time 2026-05-27T22:11:38.673+0800: 5401.082: [CMS-concurrent-abortable-preclean: 0.702/5.009 secs] [Times: user=0.77 sys=0.00, real=5.00 secs] 
2026-05-27T22:11:38.674+0800: 5401.083: [GC (CMS Final Remark) [YG occupancy: 32276 K (118016 K)]2026-05-27T22:11:38.675+0800: 5401.084: [Rescan (non-parallel) 2026-05-27T22:11:38.675+0800: 5401.084: [grey object rescan, 0.0006181 secs]2026-05-27T22:11:38.676+0800: 5401.085: [root rescan, 0.0196268 secs]2026-05-27T22:11:38.696+0800: 5401.105: [visit unhandled CLDs, 0.0004463 secs]2026-05-27T22:11:38.697+0800: 5401.106: [dirty klass scan, 0.0020264 secs], 0.0246788 secs]2026-05-27T22:11:38.700+0800: 5401.109: [weak refs processing, 0.0004543 secs]2026-05-27T22:11:38.701+0800: 5401.110: [class unloading, 0.0152602 secs]2026-05-27T22:11:38.716+0800: 5401.125: [scrub symbol table, 0.0240304 secs]2026-05-27T22:11:38.741+0800: 5401.150: [scrub string table, 0.0015949 secs][1 CMS-remark: 85007K(131072K)] 117283K(249088K), 0.0691738 secs] [Times: user=0.06 sys=0.00, real=0.08 secs] 
2026-05-27T22:11:38.744+0800: 5401.153: [CMS-concurrent-sweep-start]
2026-05-27T22:11:38.756+0800: 5401.165: [CMS-concurrent-sweep: 0.012/0.012 secs] [Times: user=0.01 sys=0.00, real=0.01 secs] 
2026-05-27T22:11:38.758+0800: 5401.167: [CMS-concurrent-reset-start]
2026-05-27T22:11:38.758+0800: 5401.167: [CMS-concurrent-reset: 0.000/0.000 secs] [Times: user=0.00 sys=0.00, real=0.00 secs] 
2026-05-27T22:11:40.759+0800: 5403.168: [GC (CMS Initial Mark) [1 CMS-initial-mark: 85007K(131072K)] 117419K(249088K), 0.0197955 secs] [Times: user=0.02 sys=0.00, real=0.02 secs] 
2026-05-27T22:11:40.780+0800: 5403.189: [CMS-concurrent-mark-start]
2026-05-27T22:11:40.839+0800: 5403.248: [CMS-concurrent-mark: 0.059/0.059 secs] [Times: user=0.06 sys=0.00, real=0.06 secs] 
2026-05-27T22:11:40.839+0800: 5403.248: [CMS-concurrent-preclean-start]
2026-05-27T22:11:40.842+0800: 5403.251: [CMS-concurrent-preclean: 0.002/0.002 secs] [Times: user=0.00 sys=0.00, real=0.00 secs] 
2026-05-27T22:11:40.843+0800: 5403.252: [CMS-concurrent-abortable-preclean-start]
 CMS: abort preclean due to time 2026-05-27T22:11:45.912+0800: 5408.324: [CMS-concurrent-abortable-preclean: 0.737/5.072 secs] [Times: user=0.84 sys=0.00, real=5.07 secs] 
2026-05-27T22:11:45.914+0800: 5408.326: [GC (CMS Final Remark) [YG occupancy: 32690 K (118016 K)]2026-05-27T22:11:45.915+0800: 5408.326: [Rescan (non-parallel) 2026-05-27T22:11:45.915+0800: 5408.327: [grey object rescan, 0.0004859 secs]2026-05-27T22:11:45.916+0800: 5408.327: [root rescan, 0.0219755 secs]2026-05-27T22:11:45.939+0800: 5408.350: [visit unhandled CLDs, 0.0004233 secs]2026-05-27T22:11:45.939+0800: 5408.351: [dirty klass scan, 0.0023720 secs], 0.0275799 secs]2026-05-27T22:11:45.943+0800: 5408.354: [weak refs processing, 0.0005198 secs]2026-05-27T22:11:45.943+0800: 5408.355: [class unloading, 0.0176708 secs]2026-05-27T22:11:45.962+0800: 5408.373: [scrub symbol table, 0.0230350 secs]2026-05-27T22:11:45.985+0800: 5408.397: [scrub string table, 0.0013476 secs][1 CMS-remark: 85007K(131072K)] 117698K(249088K), 0.0733746 secs] [Times: user=0.07 sys=0.00, real=0.07 secs] 
2026-05-27T22:11:45.989+0800: 5408.400: [CMS-concurrent-sweep-start]
2026-05-27T22:11:46.002+0800: 5408.413: [CMS-concurrent-sweep: 0.013/0.013 secs] [Times: user=0.01 sys=0.00, real=0.02 secs] 
2026-05-27T22:11:46.002+0800: 5408.414: [CMS-concurrent-reset-start]
2026-05-27T22:11:46.003+0800: 5408.414: [CMS-concurrent-reset: 0.000/0.000 secs] [Times: user=0.00 sys=0.00, real=0.00 secs] 
2026-05-27T22:11:48.003+0800: 5410.415: [GC (CMS Initial Mark) [1 CMS-initial-mark: 85007K(131072K)] 118043K(249088K), 0.0222698 secs] [Times: user=0.02 sys=0.00, real=0.02 secs] 
2026-05-27T22:11:48.027+0800: 5410.439: [CMS-concurrent-mark-start]
2026-05-27T22:11:48.090+0800: 5410.501: [CMS-concurrent-mark: 0.063/0.063 secs] [Times: user=0.06 sys=0.00, real=0.06 secs] 
2026-05-27T22:11:48.090+0800: 5410.502: [CMS-concurrent-preclean-start]
2026-05-27T22:11:48.094+0800: 5410.505: [CMS-concurrent-preclean: 0.003/0.003 secs] [Times: user=0.00 sys=0.00, real=0.01 secs] 
2026-05-27T22:11:48.094+0800: 5410.506: [CMS-concurrent-abortable-preclean-start]
 CMS: abort preclean due to time 2026-05-27T22:11:53.160+0800: 5415.572: [CMS-concurrent-abortable-preclean: 0.758/5.066 secs] [Times: user=0.85 sys=0.00, real=5.07 secs] 
2026-05-27T22:11:53.169+0800: 5415.581: [GC (CMS Final Remark) [YG occupancy: 33362 K (118016 K)]2026-05-27T22:11:53.172+0800: 5415.584: [Rescan (non-parallel) 2026-05-27T22:11:53.178+0800: 5415.590: [grey object rescan, 0.0152663 secs]2026-05-27T22:11:53.198+0800: 5415.610: [root rescan, 0.0352208 secs]2026-05-27T22:11:53.235+0800: 5415.647: [visit unhandled CLDs, 0.0003983 secs]2026-05-27T22:11:53.236+0800: 5415.648: [dirty klass scan, 0.0032949 secs], 0.0679062 secs]2026-05-27T22:11:53.240+0800: 5415.652: [weak refs processing, 0.0003613 secs]2026-05-27T22:11:53.241+0800: 5415.653: [class unloading, 0.0322608 secs]2026-05-27T22:11:53.280+0800: 5415.691: [scrub symbol table, 0.0322064 secs]2026-05-27T22:11:53.312+0800: 5415.724: [scrub string table, 0.0013072 secs][1 CMS-remark: 85007K(131072K)] 118370K(249088K), 0.1453862 secs] [Times: user=0.10 sys=0.00, real=0.15 secs] 
2026-05-27T22:11:53.316+0800: 5415.727: [CMS-concurrent-sweep-start]
2026-05-27T22:11:53.334+0800: 5415.746: [CMS-concurrent-sweep: 0.018/0.018 secs] [Times: user=0.02 sys=0.00, real=0.02 secs] 
2026-05-27T22:11:53.335+0800: 5415.746: [CMS-concurrent-reset-start]
2026-05-27T22:11:53.335+0800: 5415.746: [CMS-concurrent-reset: 0.000/0.000 secs] [Times: user=0.00 sys=0.00, real=0.00 secs] 
2026-05-27T22:11:55.336+0800: 5417.747: [GC (CMS Initial Mark) [1 CMS-initial-mark: 85007K(131072K)] 118531K(249088K), 0.0218011 secs] [Times: user=0.03 sys=0.00, real=0.02 secs] 
2026-05-27T22:11:55.359+0800: 5417.771: [CMS-concurrent-mark-start]
2026-05-27T22:11:55.417+0800: 5417.829: [CMS-concurrent-mark: 0.058/0.058 secs] [Times: user=0.05 sys=0.00, real=0.06 secs] 
2026-05-27T22:11:55.418+0800: 5417.830: [CMS-concurrent-preclean-start]
2026-05-27T22:11:55.421+0800: 5417.832: [CMS-concurrent-preclean: 0.003/0.003 secs] [Times: user=0.01 sys=0.00, real=0.01 secs] 
2026-05-27T22:11:55.421+0800: 5417.833: [CMS-concurrent-abortable-preclean-start]
 CMS: abort preclean due to time 2026-05-27T22:12:00.499+0800: 5422.911: [CMS-concurrent-abortable-preclean: 0.762/5.078 secs] [Times: user=0.92 sys=0.00, real=5.07 secs] 
2026-05-27T22:12:00.501+0800: 5422.913: [GC (CMS Final Remark) [YG occupancy: 33879 K (118016 K)]2026-05-27T22:12:00.502+0800: 5422.913: [Rescan (non-parallel) 2026-05-27T22:12:00.502+0800: 5422.914: [grey object rescan, 0.0005285 secs]2026-05-27T22:12:00.503+0800: 5422.915: [root rescan, 0.0227016 secs]2026-05-27T22:12:00.526+0800: 5422.938: [visit unhandled CLDs, 0.0003612 secs]2026-05-27T22:12:00.527+0800: 5422.939: [dirty klass scan, 0.0023006 secs], 0.0279452 secs]2026-05-27T22:12:00.530+0800: 5422.942: [weak refs processing, 0.0004673 secs]2026-05-27T22:12:00.531+0800: 5422.943: [class unloading, 0.0166642 secs]2026-05-27T22:12:00.548+0800: 5422.960: [scrub symbol table, 0.0249447 secs]2026-05-27T22:12:00.574+0800: 5422.986: [scrub string table, 0.0015135 secs][1 CMS-remark: 85007K(131072K)] 118886K(249088K), 0.0751696 secs] [Times: user=0.07 sys=0.00, real=0.07 secs] 
2026-05-27T22:12:00.578+0800: 5422.989: [CMS-concurrent-sweep-start]
2026-05-27T22:12:00.592+0800: 5423.004: [CMS-concurrent-sweep: 0.015/0.015 secs] [Times: user=0.01 sys=0.00, real=0.02 secs] 
2026-05-27T22:12:00.593+0800: 5423.005: [CMS-concurrent-reset-start]
2026-05-27T22:12:00.593+0800: 5423.005: [CMS-concurrent-reset: 0.000/0.000 secs] [Times: user=0.00 sys=0.00, real=0.00 secs] 
2026-05-27T22:12:02.594+0800: 5425.006: [GC (CMS Initial Mark) [1 CMS-initial-mark: 85007K(131072K)] 119225K(249088K), 0.0209026 secs] [Times: user=0.03 sys=0.00, real=0.02 secs] 
2026-05-27T22:12:02.616+0800: 5425.028: [CMS-concurrent-mark-start]
2026-05-27T22:12:02.672+0800: 5425.084: [CMS-concurrent-mark: 0.056/0.056 secs] [Times: user=0.05 sys=0.00, real=0.06 secs] 
2026-05-27T22:12:02.673+0800: 5425.084: [CMS-concurrent-preclean-start]
2026-05-27T22:12:02.675+0800: 5425.087: [CMS-concurrent-preclean: 0.002/0.002 secs] [Times: user=0.00 sys=0.00, real=0.00 secs] 
2026-05-27T22:12:02.676+0800: 5425.088: [CMS-concurrent-abortable-preclean-start]
 CMS: abort preclean due to time 2026-05-27T22:12:07.735+0800: 5430.147: [CMS-concurrent-abortable-preclean: 0.651/5.059 secs] [Times: user=0.73 sys=0.00, real=5.06 secs] 
2026-05-27T22:12:07.737+0800: 5430.148: [GC (CMS Final Remark) [YG occupancy: 34477 K (118016 K)]2026-05-27T22:12:07.737+0800: 5430.149: [Rescan (non-parallel) 2026-05-27T22:12:07.737+0800: 5430.149: [grey object rescan, 0.0004243 secs]2026-05-27T22:12:07.738+0800: 5430.150: [root rescan, 0.0203063 secs]2026-05-27T22:12:07.759+0800: 5430.171: [visit unhandled CLDs, 0.0003744 secs]2026-05-27T22:12:07.760+0800: 5430.171: [dirty klass scan, 0.0021102 secs], 0.0250947 secs]2026-05-27T22:12:07.763+0800: 5430.174: [weak refs processing, 0.0003021 secs]2026-05-27T22:12:07.763+0800: 5430.175: [class unloading, 0.0162805 secs]2026-05-27T22:12:07.780+0800: 5430.192: [scrub symbol table, 0.0218258 secs]2026-05-27T22:12:07.802+0800: 5430.214: [scrub string table, 0.0008786 secs][1 CMS-remark: 85007K(131072K)] 119484K(249088K), 0.0670200 secs] [Times: user=0.06 sys=0.00, real=0.07 secs] 
2026-05-27T22:12:07.805+0800: 5430.216: [CMS-concurrent-sweep-start]
2026-05-27T22:12:07.817+0800: 5430.228: [CMS-concurrent-sweep: 0.012/0.012 secs] [Times: user=0.02 sys=0.00, real=0.01 secs] 
2026-05-27T22:12:07.817+0800: 5430.229: [CMS-concurrent-reset-start]
2026-05-27T22:12:07.818+0800: 5430.229: [CMS-concurrent-reset: 0.000/0.000 secs] [Times: user=0.00 sys=0.00, real=0.00 secs] 
2026-05-27T22:12:09.819+0800: 5432.230: [GC (CMS Initial Mark) [1 CMS-initial-mark: 85007K(131072K)] 119523K(249088K), 0.0218021 secs] [Times: user=0.02 sys=0.00, real=0.03 secs] 
2026-05-27T22:12:09.842+0800: 5432.254: [CMS-concurrent-mark-start]
2026-05-27T22:12:09.900+0800: 5432.312: [CMS-concurrent-mark: 0.058/0.058 secs] [Times: user=0.06 sys=0.00, real=0.06 secs] 
2026-05-27T22:12:09.901+0800: 5432.313: [CMS-concurrent-preclean-start]
2026-05-27T22:12:09.903+0800: 5432.315: [CMS-concurrent-preclean: 0.002/0.002 secs] [Times: user=0.00 sys=0.00, real=0.00 secs] 
2026-05-27T22:12:09.904+0800: 5432.316: [CMS-concurrent-abortable-preclean-start]
 CMS: abort preclean due to time 2026-05-27T22:12:14.907+0800: 5437.321: [CMS-concurrent-abortable-preclean: 0.680/5.005 secs] [Times: user=0.75 sys=0.00, real=5.00 secs] 
2026-05-27T22:12:14.910+0800: 5437.323: [GC (CMS Final Remark) [YG occupancy: 34861 K (118016 K)]2026-05-27T22:12:14.911+0800: 5437.324: [Rescan (non-parallel) 2026-05-27T22:12:14.925+0800: 5437.339: [grey object rescan, 0.0028855 secs]2026-05-27T22:12:14.929+0800: 5437.342: [root rescan, 0.0311792 secs]2026-05-27T22:12:14.960+0800: 5437.374: [visit unhandled CLDs, 0.0004662 secs]2026-05-27T22:12:14.961+0800: 5437.375: [dirty klass scan, 0.0025046 secs], 0.0535027 secs]2026-05-27T22:12:14.964+0800: 5437.378: [weak refs processing, 0.0003098 secs]2026-05-27T22:12:14.965+0800: 5437.379: [class unloading, 0.0220140 secs]2026-05-27T22:12:14.988+0800: 5437.401: [scrub symbol table, 0.0265760 secs]2026-05-27T22:12:15.015+0800: 5437.428: [scrub string table, 0.0015601 secs][1 CMS-remark: 85007K(131072K)] 119869K(249088K), 0.1081066 secs] [Times: user=0.08 sys=0.00, real=0.12 secs] 
2026-05-27T22:12:15.019+0800: 5437.433: [CMS-concurrent-sweep-start]
2026-05-27T22:12:15.034+0800: 5437.448: [CMS-concurrent-sweep: 0.015/0.015 secs] [Times: user=0.02 sys=0.00, real=0.01 secs] 
2026-05-27T22:12:15.035+0800: 5437.448: [CMS-concurrent-reset-start]
2026-05-27T22:12:15.035+0800: 5437.449: [CMS-concurrent-reset: 0.000/0.000 secs] [Times: user=0.00 sys=0.00, real=0.00 secs] 
2026-05-27T22:12:17.036+0800: 5439.449: [GC (CMS Initial Mark) [1 CMS-initial-mark: 85007K(131072K)] 119929K(249088K), 0.0241827 secs] [Times: user=0.02 sys=0.00, real=0.03 secs] 
2026-05-27T22:12:17.062+0800: 5439.475: [CMS-concurrent-mark-start]
2026-05-27T22:12:17.121+0800: 5439.535: [CMS-concurrent-mark: 0.060/0.060 secs] [Times: user=0.06 sys=0.00, real=0.06 secs] 
2026-05-27T22:12:17.122+0800: 5439.535: [CMS-concurrent-preclean-start]
2026-05-27T22:12:17.124+0800: 5439.538: [CMS-concurrent-preclean: 0.002/0.002 secs] [Times: user=0.01 sys=0.00, real=0.00 secs] 
2026-05-27T22:12:17.125+0800: 5439.539: [CMS-concurrent-abortable-preclean-start]
 CMS: abort preclean due to time 2026-05-27T22:12:22.154+0800: 5444.568: [CMS-concurrent-abortable-preclean: 0.722/5.029 secs] [Times: user=0.78 sys=0.02, real=5.03 secs] 
2026-05-27T22:12:22.156+0800: 5444.569: [GC (CMS Final Remark) [YG occupancy: 35418 K (118016 K)]2026-05-27T22:12:22.156+0800: 5444.570: [Rescan (non-parallel) 2026-05-27T22:12:22.156+0800: 5444.570: [grey object rescan, 0.0004203 secs]2026-05-27T22:12:22.157+0800: 5444.571: [root rescan, 0.0232159 secs]2026-05-27T22:12:22.181+0800: 5444.594: [visit unhandled CLDs, 0.0003284 secs]2026-05-27T22:12:22.181+0800: 5444.595: [dirty klass scan, 0.0020833 secs], 0.0278642 secs]2026-05-27T22:12:22.184+0800: 5444.598: [weak refs processing, 0.0005456 secs]2026-05-27T22:12:22.185+0800: 5444.599: [class unloading, 0.0178716 secs]2026-05-27T22:12:22.204+0800: 5444.618: [scrub symbol table, 0.0229362 secs]2026-05-27T22:12:22.228+0800: 5444.641: [scrub string table, 0.0011193 secs][1 CMS-remark: 85007K(131072K)] 120426K(249088K), 0.0740473 secs] [Times: user=0.07 sys=0.00, real=0.08 secs] 
2026-05-27T22:12:22.232+0800: 5444.645: [CMS-concurrent-sweep-start]
2026-05-27T22:12:22.245+0800: 5444.658: [CMS-concurrent-sweep: 0.013/0.013 secs] [Times: user=0.01 sys=0.00, real=0.01 secs] 
2026-05-27T22:12:22.245+0800: 5444.659: [CMS-concurrent-reset-start]
2026-05-27T22:12:22.246+0800: 5444.659: [CMS-concurrent-reset: 0.000/0.000 secs] [Times: user=0.00 sys=0.00, real=0.00 secs] 
2026-05-27T22:12:24.247+0800: 5446.660: [GC (CMS Initial Mark) [1 CMS-initial-mark: 85007K(131072K)] 120867K(249088K), 0.0233898 secs] [Times: user=0.03 sys=0.00, real=0.03 secs] 
2026-05-27T22:12:24.272+0800: 5446.686: [CMS-concurrent-mark-start]
2026-05-27T22:12:24.332+0800: 5446.745: [CMS-concurrent-mark: 0.059/0.059 secs] [Times: user=0.06 sys=0.00, real=0.06 secs] 
2026-05-27T22:12:24.333+0800: 5446.746: [CMS-concurrent-preclean-start]
2026-05-27T22:12:24.335+0800: 5446.749: [CMS-concurrent-preclean: 0.003/0.003 secs] [Times: user=0.00 sys=0.00, real=0.00 secs] 
2026-05-27T22:12:24.336+0800: 5446.749: [CMS-concurrent-abortable-preclean-start]
 CMS: abort preclean due to time 2026-05-27T22:12:29.444+0800: 5451.858: [CMS-concurrent-abortable-preclean: 0.756/5.108 secs] [Times: user=0.97 sys=0.01, real=5.11 secs] 
2026-05-27T22:12:29.446+0800: 5451.859: [GC (CMS Final Remark) [YG occupancy: 36122 K (118016 K)]2026-05-27T22:12:29.446+0800: 5451.860: [Rescan (non-parallel) 2026-05-27T22:12:29.447+0800: 5451.860: [grey object rescan, 0.0004681 secs]2026-05-27T22:12:29.447+0800: 5451.861: [root rescan, 0.0215222 secs]2026-05-27T22:12:29.469+0800: 5451.883: [visit unhandled CLDs, 0.0003844 secs]2026-05-27T22:12:29.470+0800: 5451.884: [dirty klass scan, 0.0021146 secs], 0.0264380 secs]2026-05-27T22:12:29.473+0800: 5451.887: [weak refs processing, 0.0004644 secs]2026-05-27T22:12:29.474+0800: 5451.887: [class unloading, 0.0163804 secs]2026-05-27T22:12:29.491+0800: 5451.904: [scrub symbol table, 0.0247710 secs]2026-05-27T22:12:29.516+0800: 5451.929: [scrub string table, 0.0008986 secs][1 CMS-remark: 85007K(131072K)] 121130K(249088K), 0.0716922 secs] [Times: user=0.06 sys=0.00, real=0.07 secs] 
2026-05-27T22:12:29.518+0800: 5451.932: [CMS-concurrent-sweep-start]
2026-05-27T22:12:29.531+0800: 5451.944: [CMS-concurrent-sweep: 0.012/0.012 secs] [Times: user=0.02 sys=0.00, real=0.01 secs] 
2026-05-27T22:12:29.531+0800: 5451.945: [CMS-concurrent-reset-start]
2026-05-27T22:12:29.532+0800: 5451.945: [CMS-concurrent-reset: 0.000/0.000 secs] [Times: user=0.00 sys=0.00, real=0.00 secs] 
2026-05-27T22:12:31.532+0800: 5453.946: [GC (CMS Initial Mark) [1 CMS-initial-mark: 85006K(131072K)] 121284K(249088K), 0.0281040 secs] [Times: user=0.03 sys=0.00, real=0.03 secs] 
2026-05-27T22:12:31.562+0800: 5453.975: [CMS-concurrent-mark-start]
2026-05-27T22:12:31.644+0800: 5454.058: [CMS-concurrent-mark: 0.082/0.082 secs] [Times: user=0.08 sys=0.00, real=0.08 secs] 
2026-05-27T22:12:31.645+0800: 5454.058: [CMS-concurrent-preclean-start]
2026-05-27T22:12:31.649+0800: 5454.062: [CMS-concurrent-preclean: 0.004/0.004 secs] [Times: user=0.01 sys=0.00, real=0.00 secs] 
2026-05-27T22:12:31.650+0800: 5454.063: [CMS-concurrent-abortable-preclean-start]
 CMS: abort preclean due to time 2026-05-27T22:12:36.654+0800: 5459.068: [CMS-concurrent-abortable-preclean: 0.632/5.005 secs] [Times: user=0.69 sys=0.00, real=5.01 secs] 
2026-05-27T22:12:36.656+0800: 5459.070: [GC (CMS Final Remark) [YG occupancy: 36575 K (118016 K)]2026-05-27T22:12:36.657+0800: 5459.070: [Rescan (non-parallel) 2026-05-27T22:12:36.657+0800: 5459.071: [grey object rescan, 0.0004219 secs]2026-05-27T22:12:36.658+0800: 5459.071: [root rescan, 0.0231439 secs]2026-05-27T22:12:36.681+0800: 5459.095: [visit unhandled CLDs, 0.0002996 secs]2026-05-27T22:12:36.682+0800: 5459.096: [dirty klass scan, 0.0020415 secs], 0.0279607 secs]2026-05-27T22:12:36.685+0800: 5459.099: [weak refs processing, 0.0005813 secs]2026-05-27T22:12:36.686+0800: 5459.100: [class unloading, 0.0163220 secs]2026-05-27T22:12:36.703+0800: 5459.117: [scrub symbol table, 0.0212656 secs]2026-05-27T22:12:36.725+0800: 5459.138: [scrub string table, 0.0009756 secs][1 CMS-remark: 85006K(131072K)] 121581K(249088K), 0.0705269 secs] [Times: user=0.07 sys=0.00, real=0.07 secs] 
2026-05-27T22:12:36.728+0800: 5459.141: [CMS-concurrent-sweep-start]
2026-05-27T22:12:36.740+0800: 5459.154: [CMS-concurrent-sweep: 0.012/0.012 secs] [Times: user=0.01 sys=0.00, real=0.02 secs] 
2026-05-27T22:12:36.741+0800: 5459.154: [CMS-concurrent-reset-start]
2026-05-27T22:12:36.741+0800: 5459.154: [CMS-concurrent-reset: 0.000/0.000 secs] [Times: user=0.00 sys=0.00, real=0.00 secs] 
2026-05-27T22:12:38.743+0800: 5461.156: [GC (CMS Initial Mark) [1 CMS-initial-mark: 85006K(131072K)] 121679K(249088K), 0.0285386 secs] [Times: user=0.03 sys=0.00, real=0.03 secs] 
2026-05-27T22:12:38.773+0800: 5461.186: [CMS-concurrent-mark-start]
2026-05-27T22:12:38.843+0800: 5461.256: [CMS-concurrent-mark: 0.070/0.070 secs] [Times: user=0.07 sys=0.00, real=0.07 secs] 
2026-05-27T22:12:38.843+0800: 5461.257: [CMS-concurrent-preclean-start]
2026-05-27T22:12:38.846+0800: 5461.259: [CMS-concurrent-preclean: 0.002/0.002 secs] [Times: user=0.00 sys=0.00, real=0.00 secs] 
2026-05-27T22:12:38.847+0800: 5461.260: [CMS-concurrent-abortable-preclean-start]
 CMS: abort preclean due to time 2026-05-27T22:12:43.957+0800: 5466.370: [CMS-concurrent-abortable-preclean: 0.702/5.110 secs] [Times: user=0.77 sys=0.00, real=5.11 secs] 
2026-05-27T22:12:43.959+0800: 5466.372: [GC (CMS Final Remark) [YG occupancy: 37059 K (118016 K)]2026-05-27T22:12:43.959+0800: 5466.373: [Rescan (non-parallel) 2026-05-27T22:12:43.960+0800: 5466.373: [grey object rescan, 0.0004554 secs]2026-05-27T22:12:43.961+0800: 5466.374: [root rescan, 0.0244742 secs]2026-05-27T22:12:43.986+0800: 5466.399: [visit unhandled CLDs, 0.0005501 secs]2026-05-27T22:12:43.987+0800: 5466.400: [dirty klass scan, 0.0020218 secs], 0.0296141 secs]2026-05-27T22:12:43.990+0800: 5466.403: [weak refs processing, 0.0004631 secs]2026-05-27T22:12:43.990+0800: 5466.404: [class unloading, 0.0165668 secs]2026-05-27T22:12:44.008+0800: 5466.421: [scrub symbol table, 0.0222437 secs]2026-05-27T22:12:44.030+0800: 5466.444: [scrub string table, 0.0013969 secs][1 CMS-remark: 85006K(131072K)] 122065K(249088K), 0.0742935 secs] [Times: user=0.07 sys=0.00, real=0.07 secs] 
2026-05-27T22:12:44.034+0800: 5466.448: [CMS-concurrent-sweep-start]
2026-05-27T22:12:44.046+0800: 5466.459: [CMS-concurrent-sweep: 0.012/0.012 secs] [Times: user=0.01 sys=0.00, real=0.01 secs] 
2026-05-27T22:12:44.047+0800: 5466.460: [CMS-concurrent-reset-start]
2026-05-27T22:12:44.047+0800: 5466.460: [CMS-concurrent-reset: 0.000/0.000 secs] [Times: user=0.00 sys=0.00, real=0.00 secs] 
2026-05-27T22:12:46.045+0800: 5468.461: [GC (CMS Initial Mark) [1 CMS-initial-mark: 85006K(131072K)] 122413K(249088K), 0.0234755 secs] [Times: user=0.02 sys=0.00, real=0.03 secs] 
2026-05-27T22:12:46.070+0800: 5468.485: [CMS-concurrent-mark-start]
2026-05-27T22:12:46.128+0800: 5468.544: [CMS-concurrent-mark: 0.058/0.058 secs] [Times: user=0.06 sys=0.00, real=0.06 secs] 
2026-05-27T22:12:46.129+0800: 5468.544: [CMS-concurrent-preclean-start]
2026-05-27T22:12:46.132+0800: 5468.548: [CMS-concurrent-preclean: 0.003/0.003 secs] [Times: user=0.01 sys=0.00, real=0.00 secs] 
2026-05-27T22:12:46.133+0800: 5468.549: [CMS-concurrent-abortable-preclean-start]
 CMS: abort preclean due to time 2026-05-27T22:12:51.180+0800: 5473.595: [CMS-concurrent-abortable-preclean: 0.639/5.047 secs] [Times: user=0.69 sys=0.00, real=5.05 secs] 
2026-05-27T22:12:51.181+0800: 5473.597: [GC (CMS Final Remark) [YG occupancy: 37673 K (118016 K)]2026-05-27T22:12:51.182+0800: 5473.597: [Rescan (non-parallel) 2026-05-27T22:12:51.182+0800: 5473.598: [grey object rescan, 0.0006056 secs]2026-05-27T22:12:51.183+0800: 5473.599: [root rescan, 0.0225580 secs]2026-05-27T22:12:51.206+0800: 5473.622: [visit unhandled CLDs, 0.0003276 secs]2026-05-27T22:12:51.207+0800: 5473.622: [dirty klass scan, 0.0021515 secs], 0.0275353 secs]2026-05-27T22:12:51.210+0800: 5473.625: [weak refs processing, 0.0003064 secs]2026-05-27T22:12:51.210+0800: 5473.626: [class unloading, 0.0156456 secs]2026-05-27T22:12:51.226+0800: 5473.642: [scrub symbol table, 0.0293966 secs]2026-05-27T22:12:51.256+0800: 5473.672: [scrub string table, 0.0009449 secs][1 CMS-remark: 85006K(131072K)] 122680K(249088K), 0.0765584 secs] [Times: user=0.07 sys=0.00, real=0.08 secs] 
2026-05-27T22:12:51.259+0800: 5473.674: [CMS-concurrent-sweep-start]
2026-05-27T22:12:51.272+0800: 5473.687: [CMS-concurrent-sweep: 0.013/0.013 secs] [Times: user=0.02 sys=0.00, real=0.01 secs] 
2026-05-27T22:12:51.273+0800: 5473.688: [CMS-concurrent-reset-start]
2026-05-27T22:12:51.273+0800: 5473.689: [CMS-concurrent-reset: 0.000/0.000 secs] [Times: user=0.00 sys=0.00, real=0.00 secs] 
2026-05-27T22:12:53.275+0800: 5475.690: [GC (CMS Initial Mark) [1 CMS-initial-mark: 85006K(131072K)] 122730K(249088K), 0.0267033 secs] [Times: user=0.03 sys=0.00, real=0.03 secs] 
2026-05-27T22:12:53.303+0800: 5475.718: [CMS-concurrent-mark-start]
2026-05-27T22:12:53.365+0800: 5475.781: [CMS-concurrent-mark: 0.062/0.062 secs] [Times: user=0.06 sys=0.00, real=0.06 secs] 
2026-05-27T22:12:53.365+0800: 5475.781: [CMS-concurrent-preclean-start]
2026-05-27T22:12:53.368+0800: 5475.784: [CMS-concurrent-preclean: 0.003/0.003 secs] [Times: user=0.01 sys=0.00, real=0.01 secs] 
2026-05-27T22:12:53.369+0800: 5475.784: [CMS-concurrent-abortable-preclean-start]
 CMS: abort preclean due to time 2026-05-27T22:12:58.423+0800: 5480.839: [CMS-concurrent-abortable-preclean: 0.722/5.054 secs] [Times: user=0.84 sys=0.00, real=5.05 secs] 
2026-05-27T22:12:58.425+0800: 5480.841: [GC (CMS Final Remark) [YG occupancy: 37922 K (118016 K)]2026-05-27T22:12:58.426+0800: 5480.841: [Rescan (non-parallel) 2026-05-27T22:12:58.426+0800: 5480.842: [grey object rescan, 0.0004240 secs]2026-05-27T22:12:58.427+0800: 5480.842: [root rescan, 0.0228430 secs]2026-05-27T22:12:58.450+0800: 5480.866: [visit unhandled CLDs, 0.0003949 secs]2026-05-27T22:12:58.451+0800: 5480.866: [dirty klass scan, 0.0020242 secs], 0.0277757 secs]2026-05-27T22:12:58.454+0800: 5480.870: [weak refs processing, 0.0003678 secs]2026-05-27T22:12:58.455+0800: 5480.870: [class unloading, 0.0161985 secs]2026-05-27T22:12:58.471+0800: 5480.887: [scrub symbol table, 0.0220920 secs]2026-05-27T22:12:58.494+0800: 5480.910: [scrub string table, 0.0013063 secs][1 CMS-remark: 85006K(131072K)] 122929K(249088K), 0.0713342 secs] [Times: user=0.06 sys=0.00, real=0.08 secs] 
2026-05-27T22:12:58.497+0800: 5480.913: [CMS-concurrent-sweep-start]
2026-05-27T22:12:58.510+0800: 5480.925: [CMS-concurrent-sweep: 0.012/0.012 secs] [Times: user=0.02 sys=0.00, real=0.01 secs] 
2026-05-27T22:12:58.510+0800: 5480.926: [CMS-concurrent-reset-start]
2026-05-27T22:12:58.510+0800: 5480.926: [CMS-concurrent-reset: 0.000/0.000 secs] [Times: user=0.00 sys=0.00, real=0.00 secs] 
2026-05-27T22:13:00.512+0800: 5482.927: [GC (CMS Initial Mark) [1 CMS-initial-mark: 85006K(131072K)] 123061K(249088K), 0.0292985 secs] [Times: user=0.03 sys=0.00, real=0.03 secs] 
2026-05-27T22:13:00.543+0800: 5482.959: [CMS-concurrent-mark-start]
2026-05-27T22:13:00.621+0800: 5483.037: [CMS-concurrent-mark: 0.078/0.078 secs] [Times: user=0.08 sys=0.00, real=0.08 secs] 
2026-05-27T22:13:00.621+0800: 5483.037: [CMS-concurrent-preclean-start]
2026-05-27T22:13:00.624+0800: 5483.040: [CMS-concurrent-preclean: 0.003/0.003 secs] [Times: user=0.00 sys=0.00, real=0.00 secs] 
2026-05-27T22:13:00.625+0800: 5483.040: [CMS-concurrent-abortable-preclean-start]
 CMS: abort preclean due to time 2026-05-27T22:13:05.655+0800: 5488.071: [CMS-concurrent-abortable-preclean: 0.723/5.030 secs] [Times: user=0.86 sys=0.01, real=5.03 secs] 
2026-05-27T22:13:05.656+0800: 5488.072: [GC (CMS Final Remark) [YG occupancy: 38346 K (118016 K)]2026-05-27T22:13:05.657+0800: 5488.073: [Rescan (non-parallel) 2026-05-27T22:13:05.657+0800: 5488.073: [grey object rescan, 0.0003449 secs]2026-05-27T22:13:05.658+0800: 5488.074: [root rescan, 0.0223902 secs]2026-05-27T22:13:05.681+0800: 5488.097: [visit unhandled CLDs, 0.0003984 secs]2026-05-27T22:13:05.682+0800: 5488.097: [dirty klass scan, 0.0019588 secs], 0.0269448 secs]2026-05-27T22:13:05.684+0800: 5488.100: [weak refs processing, 0.0004848 secs]2026-05-27T22:13:05.685+0800: 5488.101: [class unloading, 0.0167392 secs]2026-05-27T22:13:05.703+0800: 5488.118: [scrub symbol table, 0.0242857 secs]2026-05-27T22:13:05.727+0800: 5488.143: [scrub string table, 0.0012393 secs][1 CMS-remark: 85006K(131072K)] 123352K(249088K), 0.0729453 secs] [Times: user=0.07 sys=0.00, real=0.07 secs] 
2026-05-27T22:13:05.731+0800: 5488.147: [CMS-concurrent-sweep-start]
2026-05-27T22:13:05.748+0800: 5488.163: [CMS-concurrent-sweep: 0.017/0.017 secs] [Times: user=0.02 sys=0.00, real=0.02 secs] 
2026-05-27T22:13:05.748+0800: 5488.164: [CMS-concurrent-reset-start]
2026-05-27T22:13:05.748+0800: 5488.164: [CMS-concurrent-reset: 0.000/0.000 secs] [Times: user=0.00 sys=0.00, real=0.00 secs] 
2026-05-27T22:13:07.749+0800: 5490.165: [GC (CMS Initial Mark) [1 CMS-initial-mark: 85006K(131072K)] 123597K(249088K), 0.0271793 secs] [Times: user=0.03 sys=0.00, real=0.03 secs] 
2026-05-27T22:13:07.778+0800: 5490.193: [CMS-concurrent-mark-start]
2026-05-27T22:13:07.841+0800: 5490.257: [CMS-concurrent-mark: 0.064/0.064 secs] [Times: user=0.06 sys=0.00, real=0.06 secs] 
2026-05-27T22:13:07.842+0800: 5490.258: [CMS-concurrent-preclean-start]
2026-05-27T22:13:07.844+0800: 5490.260: [CMS-concurrent-preclean: 0.002/0.002 secs] [Times: user=0.01 sys=0.00, real=0.00 secs] 
2026-05-27T22:13:07.845+0800: 5490.261: [CMS-concurrent-abortable-preclean-start]
 CMS: abort preclean due to time 2026-05-27T22:13:12.915+0800: 5495.330: [CMS-concurrent-abortable-preclean: 0.763/5.070 secs] [Times: user=0.83 sys=0.00, real=5.07 secs] 
2026-05-27T22:13:12.916+0800: 5495.332: [GC (CMS Final Remark) [YG occupancy: 39045 K (118016 K)]2026-05-27T22:13:12.917+0800: 5495.332: [Rescan (non-parallel) 2026-05-27T22:13:12.917+0800: 5495.333: [grey object rescan, 0.0004408 secs]2026-05-27T22:13:12.918+0800: 5495.333: [root rescan, 0.0253468 secs]2026-05-27T22:13:12.944+0800: 5495.359: [visit unhandled CLDs, 0.0004050 secs]2026-05-27T22:13:12.945+0800: 5495.360: [dirty klass scan, 0.0022818 secs], 0.0306385 secs]2026-05-27T22:13:12.948+0800: 5495.363: [weak refs processing, 0.0004498 secs]2026-05-27T22:13:12.948+0800: 5495.364: [class unloading, 0.0172519 secs]2026-05-27T22:13:12.966+0800: 5495.382: [scrub symbol table, 0.0221404 secs]2026-05-27T22:13:12.989+0800: 5495.405: [scrub string table, 0.0014350 secs][1 CMS-remark: 85006K(131072K)] 124052K(249088K), 0.0749764 secs] [Times: user=0.07 sys=0.00, real=0.07 secs] 
2026-05-27T22:13:12.993+0800: 5495.408: [CMS-concurrent-sweep-start]
2026-05-27T22:13:13.005+0800: 5495.421: [CMS-concurrent-sweep: 0.013/0.013 secs] [Times: user=0.01 sys=0.00, real=0.01 secs] 
2026-05-27T22:13:13.006+0800: 5495.422: [CMS-concurrent-reset-start]
2026-05-27T22:13:13.006+0800: 5495.422: [CMS-concurrent-reset: 0.000/0.000 secs] [Times: user=0.01 sys=0.00, real=0.00 secs] 
2026-05-27T22:13:15.006+0800: 5497.423: [GC (CMS Initial Mark) [1 CMS-initial-mark: 85006K(131072K)] 124142K(249088K), 0.0404543 secs] [Times: user=0.04 sys=0.00, real=0.05 secs] 
2026-05-27T22:13:15.048+0800: 5497.465: [CMS-concurrent-mark-start]
2026-05-27T22:13:15.159+0800: 5497.576: [CMS-concurrent-mark: 0.111/0.111 secs] [Times: user=0.12 sys=0.00, real=0.11 secs] 
2026-05-27T22:13:15.159+0800: 5497.577: [CMS-concurrent-preclean-start]
2026-05-27T22:13:15.163+0800: 5497.581: [CMS-concurrent-preclean: 0.003/0.003 secs] [Times: user=0.00 sys=0.00, real=0.00 secs] 
2026-05-27T22:13:15.164+0800: 5497.581: [CMS-concurrent-abortable-preclean-start]
 CMS: abort preclean due to time 2026-05-27T22:13:20.259+0800: 5502.677: [CMS-concurrent-abortable-preclean: 0.736/5.096 secs] [Times: user=0.82 sys=0.00, real=5.10 secs] 
2026-05-27T22:13:20.261+0800: 5502.678: [GC (CMS Final Remark) [YG occupancy: 39456 K (118016 K)]2026-05-27T22:13:20.262+0800: 5502.680: [Rescan (non-parallel) 2026-05-27T22:13:20.263+0800: 5502.680: [grey object rescan, 0.0004327 secs]2026-05-27T22:13:20.263+0800: 5502.681: [root rescan, 0.0430344 secs]2026-05-27T22:13:20.307+0800: 5502.725: [visit unhandled CLDs, 0.0003550 secs]2026-05-27T22:13:20.308+0800: 5502.725: [dirty klass scan, 0.0025716 secs], 0.0484161 secs]2026-05-27T22:13:20.311+0800: 5502.729: [weak refs processing, 0.0003843 secs]2026-05-27T22:13:20.312+0800: 5502.729: [class unloading, 0.0218882 secs]2026-05-27T22:13:20.334+0800: 5502.751: [scrub symbol table, 0.0301857 secs]2026-05-27T22:13:20.365+0800: 5502.782: [scrub string table, 0.0012622 secs][1 CMS-remark: 85006K(131072K)] 124463K(249088K), 0.1060759 secs] [Times: user=0.10 sys=0.00, real=0.11 secs] 
2026-05-27T22:13:20.368+0800: 5502.786: [CMS-concurrent-sweep-start]
2026-05-27T22:13:20.388+0800: 5502.805: [CMS-concurrent-sweep: 0.019/0.019 secs] [Times: user=0.02 sys=0.00, real=0.02 secs] 
2026-05-27T22:13:20.388+0800: 5502.806: [CMS-concurrent-reset-start]
2026-05-27T22:13:20.389+0800: 5502.806: [CMS-concurrent-reset: 0.000/0.000 secs] [Times: user=0.00 sys=0.00, real=0.00 secs] 
2026-05-27T22:13:22.389+0800: 5504.807: [GC (CMS Initial Mark) [1 CMS-initial-mark: 85006K(131072K)] 124519K(249088K), 0.0280730 secs] [Times: user=0.03 sys=0.00, real=0.03 secs] 
2026-05-27T22:13:22.419+0800: 5504.836: [CMS-concurrent-mark-start]
2026-05-27T22:13:22.477+0800: 5504.895: [CMS-concurrent-mark: 0.059/0.059 secs] [Times: user=0.06 sys=0.00, real=0.06 secs] 
2026-05-27T22:13:22.478+0800: 5504.896: [CMS-concurrent-preclean-start]
2026-05-27T22:13:22.481+0800: 5504.898: [CMS-concurrent-preclean: 0.003/0.003 secs] [Times: user=0.00 sys=0.00, real=0.00 secs] 
2026-05-27T22:13:22.481+0800: 5504.899: [CMS-concurrent-abortable-preclean-start]
 CMS: abort preclean due to time 2026-05-27T22:13:27.571+0800: 5509.989: [CMS-concurrent-abortable-preclean: 0.682/5.090 secs] [Times: user=0.75 sys=0.02, real=5.09 secs] 
2026-05-27T22:13:27.573+0800: 5509.991: [GC (CMS Final Remark) [YG occupancy: 39752 K (118016 K)]2026-05-27T22:13:27.574+0800: 5509.991: [Rescan (non-parallel) 2026-05-27T22:13:27.574+0800: 5509.992: [grey object rescan, 0.0004592 secs]2026-05-27T22:13:27.575+0800: 5509.992: [root rescan, 0.0251577 secs]2026-05-27T22:13:27.601+0800: 5510.018: [visit unhandled CLDs, 0.0004712 secs]2026-05-27T22:13:27.601+0800: 5510.019: [dirty klass scan, 0.0023691 secs], 0.0304805 secs]2026-05-27T22:13:27.604+0800: 5510.022: [weak refs processing, 0.0005176 secs]2026-05-27T22:13:27.605+0800: 5510.023: [class unloading, 0.0170708 secs]2026-05-27T22:13:27.623+0800: 5510.041: [scrub symbol table, 0.0233527 secs]2026-05-27T22:13:27.647+0800: 5510.065: [scrub string table, 0.0015038 secs][1 CMS-remark: 85006K(131072K)] 124759K(249088K), 0.0765803 secs] [Times: user=0.07 sys=0.00, real=0.08 secs] 
2026-05-27T22:13:27.651+0800: 5510.068: [CMS-concurrent-sweep-start]
2026-05-27T22:13:27.665+0800: 5510.083: [CMS-concurrent-sweep: 0.014/0.014 secs] [Times: user=0.02 sys=0.00, real=0.01 secs] 
2026-05-27T22:13:27.666+0800: 5510.083: [CMS-concurrent-reset-start]
2026-05-27T22:13:27.666+0800: 5510.083: [CMS-concurrent-reset: 0.000/0.000 secs] [Times: user=0.00 sys=0.00, real=0.00 secs] 
2026-05-27T22:13:29.667+0800: 5512.084: [GC (CMS Initial Mark) [1 CMS-initial-mark: 85006K(131072K)] 124999K(249088K), 0.0800806 secs] [Times: user=0.08 sys=0.00, real=0.08 secs] 
2026-05-27T22:13:29.748+0800: 5512.166: [CMS-concurrent-mark-start]
2026-05-27T22:13:29.940+0800: 5512.358: [CMS-concurrent-mark: 0.192/0.192 secs] [Times: user=0.16 sys=0.04, real=0.19 secs] 
2026-05-27T22:13:29.941+0800: 5512.359: [CMS-concurrent-preclean-start]
2026-05-27T22:13:29.946+0800: 5512.363: [CMS-concurrent-preclean: 0.004/0.004 secs] [Times: user=0.01 sys=0.00, real=0.00 secs] 
2026-05-27T22:13:29.946+0800: 5512.364: [CMS-concurrent-abortable-preclean-start]
 CMS: abort preclean due to time 2026-05-27T22:13:34.959+0800: 5517.376: [CMS-concurrent-abortable-preclean: 0.803/5.013 secs] [Times: user=0.85 sys=0.01, real=5.01 secs] 
2026-05-27T22:13:34.960+0800: 5517.378: [GC (CMS Final Remark) [YG occupancy: 40349 K (118016 K)]2026-05-27T22:13:34.961+0800: 5517.378: [Rescan (non-parallel) 2026-05-27T22:13:34.961+0800: 5517.379: [grey object rescan, 0.0004172 secs]2026-05-27T22:13:34.962+0800: 5517.379: [root rescan, 0.0262806 secs]2026-05-27T22:13:34.988+0800: 5517.406: [visit unhandled CLDs, 0.0003672 secs]2026-05-27T22:13:34.989+0800: 5517.407: [dirty klass scan, 0.0025172 secs], 0.0314503 secs]2026-05-27T22:13:34.993+0800: 5517.410: [weak refs processing, 0.0004959 secs]2026-05-27T22:13:34.994+0800: 5517.411: [class unloading, 0.0192851 secs]2026-05-27T22:13:35.014+0800: 5517.431: [scrub symbol table, 0.0253819 secs]2026-05-27T22:13:35.039+0800: 5517.457: [scrub string table, 0.0012569 secs][1 CMS-remark: 85006K(131072K)] 125356K(249088K), 0.0813916 secs] [Times: user=0.08 sys=0.00, real=0.08 secs] 
2026-05-27T22:13:35.043+0800: 5517.460: [CMS-concurrent-sweep-start]
2026-05-27T22:13:35.056+0800: 5517.473: [CMS-concurrent-sweep: 0.013/0.013 secs] [Times: user=0.01 sys=0.00, real=0.02 secs] 
2026-05-27T22:13:35.057+0800: 5517.474: [CMS-concurrent-reset-start]
2026-05-27T22:13:35.057+0800: 5517.474: [CMS-concurrent-reset: 0.000/0.000 secs] [Times: user=0.00 sys=0.00, real=0.00 secs] 
2026-05-27T22:13:37.057+0800: 5519.475: [GC (CMS Initial Mark) [1 CMS-initial-mark: 85006K(131072K)] 125395K(249088K), 0.0267346 secs] [Times: user=0.03 sys=0.00, real=0.02 secs] 
2026-05-27T22:13:37.085+0800: 5519.503: [CMS-concurrent-mark-start]
2026-05-27T22:13:37.148+0800: 5519.566: [CMS-concurrent-mark: 0.062/0.062 secs] [Times: user=0.06 sys=0.00, real=0.07 secs] 
2026-05-27T22:13:37.148+0800: 5519.566: [CMS-concurrent-preclean-start]
2026-05-27T22:13:37.151+0800: 5519.568: [CMS-concurrent-preclean: 0.002/0.002 secs] [Times: user=0.00 sys=0.00, real=0.00 secs] 
2026-05-27T22:13:37.151+0800: 5519.569: [CMS-concurrent-abortable-preclean-start]
 CMS: abort preclean due to time 2026-05-27T22:13:42.197+0800: 5524.614: [CMS-concurrent-abortable-preclean: 0.738/5.045 secs] [Times: user=0.81 sys=0.00, real=5.05 secs] 
2026-05-27T22:13:42.198+0800: 5524.616: [GC (CMS Final Remark) [YG occupancy: 40882 K (118016 K)]2026-05-27T22:13:42.199+0800: 5524.617: [Rescan (non-parallel) 2026-05-27T22:13:42.199+0800: 5524.617: [grey object rescan, 0.0004034 secs]2026-05-27T22:13:42.200+0800: 5524.618: [root rescan, 0.0267672 secs]2026-05-27T22:13:42.228+0800: 5524.645: [visit unhandled CLDs, 0.0004386 secs]2026-05-27T22:13:42.228+0800: 5524.646: [dirty klass scan, 0.0021685 secs], 0.0320073 secs]2026-05-27T22:13:42.232+0800: 5524.649: [weak refs processing, 0.0004344 secs]2026-05-27T22:13:42.232+0800: 5524.650: [class unloading, 0.0167089 secs]2026-05-27T22:13:42.250+0800: 5524.667: [scrub symbol table, 0.0244307 secs]2026-05-27T22:13:42.275+0800: 5524.693: [scrub string table, 0.0015654 secs][1 CMS-remark: 85006K(131072K)] 125888K(249088K), 0.0789783 secs] [Times: user=0.07 sys=0.00, real=0.08 secs] 
2026-05-27T22:13:42.278+0800: 5524.696: [CMS-concurrent-sweep-start]
2026-05-27T22:13:42.291+0800: 5524.708: [CMS-concurrent-sweep: 0.012/0.012 secs] [Times: user=0.01 sys=0.00, real=0.01 secs] 
2026-05-27T22:13:42.291+0800: 5524.709: [CMS-concurrent-reset-start]
2026-05-27T22:13:42.291+0800: 5524.709: [CMS-concurrent-reset: 0.000/0.000 secs] [Times: user=0.00 sys=0.00, real=0.00 secs] 
2026-05-27T22:13:44.290+0800: 5526.710: [GC (CMS Initial Mark) [1 CMS-initial-mark: 85006K(131072K)] 126015K(249088K), 0.0247794 secs] [Times: user=0.03 sys=0.00, real=0.03 secs] 
2026-05-27T22:13:44.316+0800: 5526.736: [CMS-concurrent-mark-start]
2026-05-27T22:13:44.377+0800: 5526.797: [CMS-concurrent-mark: 0.061/0.061 secs] [Times: user=0.06 sys=0.00, real=0.06 secs] 
2026-05-27T22:13:44.378+0800: 5526.797: [CMS-concurrent-preclean-start]
2026-05-27T22:13:44.380+0800: 5526.800: [CMS-concurrent-preclean: 0.003/0.003 secs] [Times: user=0.00 sys=0.00, real=0.00 secs] 
2026-05-27T22:13:44.381+0800: 5526.801: [CMS-concurrent-abortable-preclean-start]
 CMS: abort preclean due to time 2026-05-27T22:13:49.433+0800: 5531.853: [CMS-concurrent-abortable-preclean: 0.730/5.052 secs] [Times: user=0.80 sys=0.00, real=5.06 secs] 
2026-05-27T22:13:49.434+0800: 5531.854: [GC (CMS Final Remark) [YG occupancy: 41253 K (118016 K)]2026-05-27T22:13:49.435+0800: 5531.855: [Rescan (non-parallel) 2026-05-27T22:13:49.435+0800: 5531.855: [grey object rescan, 0.0003978 secs]2026-05-27T22:13:49.436+0800: 5531.856: [root rescan, 0.0349630 secs]2026-05-27T22:13:49.471+0800: 5531.891: [visit unhandled CLDs, 0.0007015 secs]2026-05-27T22:13:49.472+0800: 5531.892: [dirty klass scan, 0.0022589 secs], 0.0403253 secs]2026-05-27T22:13:49.475+0800: 5531.895: [weak refs processing, 0.0003672 secs]2026-05-27T22:13:49.476+0800: 5531.896: [class unloading, 0.0211359 secs]2026-05-27T22:13:49.498+0800: 5531.918: [scrub symbol table, 0.0272758 secs]2026-05-27T22:13:49.526+0800: 5531.946: [scrub string table, 0.0011006 secs][1 CMS-remark: 85006K(131072K)] 126260K(249088K), 0.0935927 secs] [Times: user=0.09 sys=0.00, real=0.09 secs] 
2026-05-27T22:13:49.529+0800: 5531.949: [CMS-concurrent-sweep-start]
2026-05-27T22:13:49.544+0800: 5531.964: [CMS-concurrent-sweep: 0.015/0.015 secs] [Times: user=0.02 sys=0.00, real=0.02 secs] 
2026-05-27T22:13:49.544+0800: 5531.964: [CMS-concurrent-reset-start]
2026-05-27T22:13:49.545+0800: 5531.965: [CMS-concurrent-reset: 0.000/0.000 secs] [Times: user=0.00 sys=0.00, real=0.00 secs] 
2026-05-27T22:13:51.545+0800: 5533.965: [GC (CMS Initial Mark) [1 CMS-initial-mark: 85006K(131072K)] 126493K(249088K), 0.0305934 secs] [Times: user=0.03 sys=0.00, real=0.03 secs] 
2026-05-27T22:13:51.578+0800: 5533.997: [CMS-concurrent-mark-start]
2026-05-27T22:13:51.638+0800: 5534.058: [CMS-concurrent-mark: 0.060/0.060 secs] [Times: user=0.06 sys=0.00, real=0.06 secs] 
2026-05-27T22:13:51.639+0800: 5534.058: [CMS-concurrent-preclean-start]
2026-05-27T22:13:51.641+0800: 5534.061: [CMS-concurrent-preclean: 0.003/0.003 secs] [Times: user=0.01 sys=0.00, real=0.00 secs] 
2026-05-27T22:13:51.642+0800: 5534.062: [CMS-concurrent-abortable-preclean-start]
 CMS: abort preclean due to time 2026-05-27T22:13:56.705+0800: 5539.125: [CMS-concurrent-abortable-preclean: 0.624/5.063 secs] [Times: user=0.66 sys=0.02, real=5.07 secs] 
2026-05-27T22:13:56.707+0800: 5539.127: [GC (CMS Final Remark) [YG occupancy: 41736 K (118016 K)]2026-05-27T22:13:56.707+0800: 5539.127: [Rescan (non-parallel) 2026-05-27T22:13:56.707+0800: 5539.127: [grey object rescan, 0.0004433 secs]2026-05-27T22:13:56.708+0800: 5539.128: [root rescan, 0.0254359 secs]2026-05-27T22:13:56.734+0800: 5539.154: [visit unhandled CLDs, 0.0002731 secs]2026-05-27T22:13:56.734+0800: 5539.154: [dirty klass scan, 0.0020146 secs], 0.0297629 secs]2026-05-27T22:13:56.737+0800: 5539.157: [weak refs processing, 0.0004702 secs]2026-05-27T22:13:56.738+0800: 5539.158: [class unloading, 0.0159287 secs]2026-05-27T22:13:56.754+0800: 5539.174: [scrub symbol table, 0.0225052 secs]2026-05-27T22:13:56.778+0800: 5539.198: [scrub string table, 0.0011305 secs][1 CMS-remark: 85006K(131072K)] 126743K(249088K), 0.0730116 secs] [Times: user=0.07 sys=0.00, real=0.07 secs] 
2026-05-27T22:13:56.781+0800: 5539.201: [CMS-concurrent-sweep-start]
2026-05-27T22:13:56.793+0800: 5539.213: [CMS-concurrent-sweep: 0.012/0.012 secs] [Times: user=0.01 sys=0.00, real=0.02 secs] 
2026-05-27T22:13:56.793+0800: 5539.213: [CMS-concurrent-reset-start]
2026-05-27T22:13:56.794+0800: 5539.214: [CMS-concurrent-reset: 0.000/0.000 secs] [Times: user=0.00 sys=0.00, real=0.00 secs] 
2026-05-27T22:13:58.795+0800: 5541.214: [GC (CMS Initial Mark) [1 CMS-initial-mark: 85006K(131072K)] 126854K(249088K), 0.0268217 secs] [Times: user=0.03 sys=0.00, real=0.02 secs] 
2026-05-27T22:13:58.823+0800: 5541.243: [CMS-concurrent-mark-start]
2026-05-27T22:13:58.877+0800: 5541.297: [CMS-concurrent-mark: 0.055/0.055 secs] [Times: user=0.05 sys=0.00, real=0.06 secs] 
2026-05-27T22:13:58.878+0800: 5541.298: [CMS-concurrent-preclean-start]
2026-05-27T22:13:58.881+0800: 5541.301: [CMS-concurrent-preclean: 0.003/0.003 secs] [Times: user=0.01 sys=0.00, real=0.00 secs] 
2026-05-27T22:13:58.881+0800: 5541.301: [CMS-concurrent-abortable-preclean-start]
 CMS: abort preclean due to time 2026-05-27T22:14:03.991+0800: 5546.411: [CMS-concurrent-abortable-preclean: 0.702/5.110 secs] [Times: user=0.77 sys=0.00, real=5.11 secs] 
2026-05-27T22:14:04.006+0800: 5546.426: [GC (CMS Final Remark) [YG occupancy: 42130 K (118016 K)]2026-05-27T22:14:04.013+0800: 5546.433: [Rescan (non-parallel) 2026-05-27T22:14:04.014+0800: 5546.434: [grey object rescan, 0.0005811 secs]2026-05-27T22:14:04.015+0800: 5546.435: [root rescan, 0.0465392 secs]2026-05-27T22:14:04.064+0800: 5546.484: [visit unhandled CLDs, 0.0025602 secs]2026-05-27T22:14:04.067+0800: 5546.487: [dirty klass scan, 0.0026967 secs], 0.0564138 secs]2026-05-27T22:14:04.070+0800: 5546.490: [weak refs processing, 0.0003907 secs]2026-05-27T22:14:04.071+0800: 5546.491: [class unloading, 0.0203432 secs]2026-05-27T22:14:04.092+0800: 5546.512: [scrub symbol table, 0.0256236 secs]2026-05-27T22:14:04.118+0800: 5546.538: [scrub string table, 0.0010214 secs][1 CMS-remark: 85006K(131072K)] 127137K(249088K), 0.1139728 secs] [Times: user=0.10 sys=0.00, real=0.11 secs] 
2026-05-27T22:14:04.121+0800: 5546.541: [CMS-concurrent-sweep-start]
2026-05-27T22:14:04.136+0800: 5546.556: [CMS-concurrent-sweep: 0.015/0.015 secs] [Times: user=0.02 sys=0.00, real=0.02 secs] 
2026-05-27T22:14:04.137+0800: 5546.557: [CMS-concurrent-reset-start]
2026-05-27T22:14:04.137+0800: 5546.557: [CMS-concurrent-reset: 0.000/0.000 secs] [Times: user=0.00 sys=0.00, real=0.00 secs] 
2026-05-27T22:14:06.138+0800: 5548.558: [GC (CMS Initial Mark) [1 CMS-initial-mark: 85006K(131072K)] 127431K(249088K), 0.0358918 secs] [Times: user=0.04 sys=0.00, real=0.04 secs] 
2026-05-27T22:14:06.175+0800: 5548.595: [CMS-concurrent-mark-start]
2026-05-27T22:14:06.249+0800: 5548.669: [CMS-concurrent-mark: 0.074/0.074 secs] [Times: user=0.07 sys=0.01, real=0.07 secs] 
2026-05-27T22:14:06.250+0800: 5548.670: [CMS-concurrent-preclean-start]
2026-05-27T22:14:06.253+0800: 5548.673: [CMS-concurrent-preclean: 0.003/0.003 secs] [Times: user=0.01 sys=0.00, real=0.01 secs] 
2026-05-27T22:14:06.253+0800: 5548.673: [CMS-concurrent-abortable-preclean-start]
 CMS: abort preclean due to time 2026-05-27T22:14:11.323+0800: 5553.743: [CMS-concurrent-abortable-preclean: 0.663/5.070 secs] [Times: user=0.71 sys=0.01, real=5.06 secs] 
2026-05-27T22:14:11.326+0800: 5553.746: [GC (CMS Final Remark) [YG occupancy: 42910 K (118016 K)]2026-05-27T22:14:11.326+0800: 5553.746: [Rescan (non-parallel) 2026-05-27T22:14:11.326+0800: 5553.746: [grey object rescan, 0.0004401 secs]2026-05-27T22:14:11.327+0800: 5553.747: [root rescan, 0.0251638 secs]2026-05-27T22:14:11.353+0800: 5553.773: [visit unhandled CLDs, 0.0004165 secs]2026-05-27T22:14:11.354+0800: 5553.774: [dirty klass scan, 0.0023777 secs], 0.0302624 secs]2026-05-27T22:14:11.357+0800: 5553.777: [weak refs processing, 0.0004320 secs]2026-05-27T22:14:11.357+0800: 5553.777: [class unloading, 0.0153166 secs]2026-05-27T22:14:11.374+0800: 5553.794: [scrub symbol table, 0.0215432 secs]2026-05-27T22:14:11.396+0800: 5553.816: [scrub string table, 0.0009648 secs][1 CMS-remark: 85006K(131072K)] 127916K(249088K), 0.0718425 secs] [Times: user=0.07 sys=0.00, real=0.07 secs] 
2026-05-27T22:14:11.399+0800: 5553.819: [CMS-concurrent-sweep-start]
2026-05-27T22:14:11.411+0800: 5553.831: [CMS-concurrent-sweep: 0.012/0.012 secs] [Times: user=0.01 sys=0.00, real=0.01 secs] 
2026-05-27T22:14:11.412+0800: 5553.832: [CMS-concurrent-reset-start]
2026-05-27T22:14:11.412+0800: 5553.832: [CMS-concurrent-reset: 0.000/0.000 secs] [Times: user=0.00 sys=0.00, real=0.00 secs] 
2026-05-27T22:14:13.413+0800: 5555.833: [GC (CMS Initial Mark) [1 CMS-initial-mark: 85006K(131072K)] 128061K(249088K), 0.0258468 secs] [Times: user=0.03 sys=0.00, real=0.02 secs] 
2026-05-27T22:14:13.440+0800: 5555.860: [CMS-concurrent-mark-start]
2026-05-27T22:14:13.493+0800: 5555.913: [CMS-concurrent-mark: 0.053/0.053 secs] [Times: user=0.05 sys=0.01, real=0.06 secs] 
2026-05-27T22:14:13.494+0800: 5555.913: [CMS-concurrent-preclean-start]
2026-05-27T22:14:13.496+0800: 5555.916: [CMS-concurrent-preclean: 0.003/0.003 secs] [Times: user=0.00 sys=0.00, real=0.00 secs] 
2026-05-27T22:14:13.497+0800: 5555.917: [CMS-concurrent-abortable-preclean-start]
 CMS: abort preclean due to time 2026-05-27T22:14:18.572+0800: 5560.993: [CMS-concurrent-abortable-preclean: 0.692/5.077 secs] [Times: user=0.75 sys=0.00, real=5.08 secs] 
2026-05-27T22:14:18.573+0800: 5560.995: [GC (CMS Final Remark) [YG occupancy: 43114 K (118016 K)]2026-05-27T22:14:18.574+0800: 5560.996: [Rescan (non-parallel) 2026-05-27T22:14:18.574+0800: 5560.996: [grey object rescan, 0.0008303 secs]2026-05-27T22:14:18.576+0800: 5560.998: [root rescan, 0.0383038 secs]2026-05-27T22:14:18.614+0800: 5561.036: [visit unhandled CLDs, 0.0003691 secs]2026-05-27T22:14:18.615+0800: 5561.037: [dirty klass scan, 0.0026809 secs], 0.0443115 secs]2026-05-27T22:14:18.619+0800: 5561.041: [weak refs processing, 0.0003835 secs]2026-05-27T22:14:18.619+0800: 5561.041: [class unloading, 0.0177063 secs]2026-05-27T22:14:18.638+0800: 5561.060: [scrub symbol table, 0.0251367 secs]2026-05-27T22:14:18.663+0800: 5561.085: [scrub string table, 0.0010323 secs][1 CMS-remark: 85006K(131072K)] 128121K(249088K), 0.0920501 secs] [Times: user=0.09 sys=0.00, real=0.09 secs] 
2026-05-27T22:14:18.666+0800: 5561.088: [CMS-concurrent-sweep-start]
2026-05-27T22:14:18.681+0800: 5561.103: [CMS-concurrent-sweep: 0.015/0.015 secs] [Times: user=0.01 sys=0.01, real=0.01 secs] 
2026-05-27T22:14:18.682+0800: 5561.104: [CMS-concurrent-reset-start]
2026-05-27T22:14:18.682+0800: 5561.104: [CMS-concurrent-reset: 0.000/0.000 secs] [Times: user=0.00 sys=0.00, real=0.00 secs] 
2026-05-27T22:14:20.684+0800: 5563.105: [GC (CMS Initial Mark) [1 CMS-initial-mark: 85006K(131072K)] 128358K(249088K), 0.0278747 secs] [Times: user=0.03 sys=0.00, real=0.03 secs] 
2026-05-27T22:14:20.713+0800: 5563.135: [CMS-concurrent-mark-start]
2026-05-27T22:14:20.773+0800: 5563.195: [CMS-concurrent-mark: 0.060/0.060 secs] [Times: user=0.06 sys=0.00, real=0.06 secs] 
2026-05-27T22:14:20.774+0800: 5563.196: [CMS-concurrent-preclean-start]
2026-05-27T22:14:20.776+0800: 5563.198: [CMS-concurrent-preclean: 0.002/0.002 secs] [Times: user=0.00 sys=0.00, real=0.00 secs] 
2026-05-27T22:14:20.777+0800: 5563.199: [CMS-concurrent-abortable-preclean-start]
 CMS: abort preclean due to time 2026-05-27T22:14:25.881+0800: 5568.303: [CMS-concurrent-abortable-preclean: 0.695/5.104 secs] [Times: user=0.75 sys=0.01, real=5.10 secs] 
2026-05-27T22:14:25.882+0800: 5568.304: [GC (CMS Final Remark) [YG occupancy: 43529 K (118016 K)]2026-05-27T22:14:25.883+0800: 5568.305: [Rescan (non-parallel) 2026-05-27T22:14:25.883+0800: 5568.305: [grey object rescan, 0.0005966 secs]2026-05-27T22:14:25.884+0800: 5568.306: [root rescan, 0.0328738 secs]2026-05-27T22:14:25.919+0800: 5568.341: [visit unhandled CLDs, 0.0009861 secs]2026-05-27T22:14:25.921+0800: 5568.343: [dirty klass scan, 0.0021901 secs], 0.0403955 secs]2026-05-27T22:14:25.924+0800: 5568.346: [weak refs processing, 0.0005103 secs]2026-05-27T22:14:25.925+0800: 5568.346: [class unloading, 0.0166475 secs]2026-05-27T22:14:25.942+0800: 5568.364: [scrub symbol table, 0.0283016 secs]2026-05-27T22:14:25.971+0800: 5568.393: [scrub string table, 0.0012591 secs][1 CMS-remark: 85006K(131072K)] 128536K(249088K), 0.0904727 secs] [Times: user=0.08 sys=0.00, real=0.09 secs] 
2026-05-27T22:14:25.974+0800: 5568.396: [CMS-concurrent-sweep-start]
2026-05-27T22:14:25.991+0800: 5568.413: [CMS-concurrent-sweep: 0.017/0.017 secs] [Times: user=0.01 sys=0.00, real=0.02 secs] 
2026-05-27T22:14:25.992+0800: 5568.414: [CMS-concurrent-reset-start]
2026-05-27T22:14:25.992+0800: 5568.414: [CMS-concurrent-reset: 0.000/0.000 secs] [Times: user=0.00 sys=0.00, real=0.00 secs] 
2026-05-27T22:14:27.993+0800: 5570.415: [GC (CMS Initial Mark) [1 CMS-initial-mark: 85006K(131072K)] 128828K(249088K), 0.0338122 secs] [Times: user=0.03 sys=0.00, real=0.03 secs] 
2026-05-27T22:14:28.028+0800: 5570.450: [CMS-concurrent-mark-start]
2026-05-27T22:14:28.109+0800: 5570.531: [CMS-concurrent-mark: 0.081/0.081 secs] [Times: user=0.08 sys=0.00, real=0.08 secs] 
2026-05-27T22:14:28.109+0800: 5570.531: [CMS-concurrent-preclean-start]
2026-05-27T22:14:28.113+0800: 5570.535: [CMS-concurrent-preclean: 0.003/0.003 secs] [Times: user=0.00 sys=0.00, real=0.01 secs] 
2026-05-27T22:14:28.113+0800: 5570.535: [CMS-concurrent-abortable-preclean-start]
 CMS: abort preclean due to time 2026-05-27T22:14:33.128+0800: 5575.550: [CMS-concurrent-abortable-preclean: 0.707/5.015 secs] [Times: user=0.81 sys=0.00, real=5.01 secs] 
2026-05-27T22:14:33.130+0800: 5575.552: [GC (CMS Final Remark) [YG occupancy: 44136 K (118016 K)]2026-05-27T22:14:33.131+0800: 5575.553: [Rescan (non-parallel) 2026-05-27T22:14:33.131+0800: 5575.553: [grey object rescan, 0.0003805 secs]2026-05-27T22:14:33.132+0800: 5575.554: [root rescan, 0.0328059 secs]2026-05-27T22:14:33.165+0800: 5575.587: [visit unhandled CLDs, 0.0005301 secs]2026-05-27T22:14:33.166+0800: 5575.588: [dirty klass scan, 0.0020341 secs], 0.0377281 secs]2026-05-27T22:14:33.169+0800: 5575.591: [weak refs processing, 0.0004777 secs]2026-05-27T22:14:33.170+0800: 5575.592: [class unloading, 0.0168923 secs]2026-05-27T22:14:33.187+0800: 5575.609: [scrub symbol table, 0.0230140 secs]2026-05-27T22:14:33.211+0800: 5575.633: [scrub string table, 0.0012010 secs][1 CMS-remark: 85006K(131072K)] 129142K(249088K), 0.0827825 secs] [Times: user=0.08 sys=0.00, real=0.08 secs] 
2026-05-27T22:14:33.214+0800: 5575.636: [CMS-concurrent-sweep-start]
2026-05-27T22:14:33.228+0800: 5575.650: [CMS-concurrent-sweep: 0.014/0.014 secs] [Times: user=0.01 sys=0.00, real=0.01 secs] 
2026-05-27T22:14:33.228+0800: 5575.650: [CMS-concurrent-reset-start]
2026-05-27T22:14:33.228+0800: 5575.650: [CMS-concurrent-reset: 0.000/0.000 secs] [Times: user=0.00 sys=0.00, real=0.00 secs] 
2026-05-27T22:14:35.229+0800: 5577.651: [GC (CMS Initial Mark) [1 CMS-initial-mark: 85006K(131072K)] 129411K(249088K), 0.0268331 secs] [Times: user=0.03 sys=0.00, real=0.03 secs] 
2026-05-27T22:14:35.257+0800: 5577.679: [CMS-concurrent-mark-start]
2026-05-27T22:14:35.315+0800: 5577.737: [CMS-concurrent-mark: 0.058/0.058 secs] [Times: user=0.05 sys=0.00, real=0.06 secs] 
2026-05-27T22:14:35.315+0800: 5577.737: [CMS-concurrent-preclean-start]
2026-05-27T22:14:35.318+0800: 5577.740: [CMS-concurrent-preclean: 0.002/0.002 secs] [Times: user=0.01 sys=0.00, real=0.00 secs] 
2026-05-27T22:14:35.318+0800: 5577.740: [CMS-concurrent-abortable-preclean-start]
 CMS: abort preclean due to time 2026-05-27T22:14:40.330+0800: 5582.752: [CMS-concurrent-abortable-preclean: 0.704/5.011 secs] [Times: user=0.76 sys=0.01, real=5.02 secs] 
2026-05-27T22:14:40.332+0800: 5582.754: [GC (CMS Final Remark) [YG occupancy: 44759 K (118016 K)]2026-05-27T22:14:40.333+0800: 5582.755: [Rescan (non-parallel) 2026-05-27T22:14:40.333+0800: 5582.755: [grey object rescan, 0.0006759 secs]2026-05-27T22:14:40.334+0800: 5582.756: [root rescan, 0.0706633 secs]2026-05-27T22:14:40.406+0800: 5582.828: [visit unhandled CLDs, 0.0004221 secs]2026-05-27T22:14:40.407+0800: 5582.828: [dirty klass scan, 0.0026167 secs], 0.0768871 secs]2026-05-27T22:14:40.410+0800: 5582.832: [weak refs processing, 0.0003548 secs]2026-05-27T22:14:40.411+0800: 5582.832: [class unloading, 0.0300544 secs]2026-05-27T22:14:40.441+0800: 5582.863: [scrub symbol table, 0.0398233 secs]2026-05-27T22:14:40.481+0800: 5582.903: [scrub string table, 0.0011617 secs][1 CMS-remark: 85006K(131072K)] 129766K(249088K), 0.1513886 secs] [Times: user=0.15 sys=0.00, real=0.15 secs] 
2026-05-27T22:14:40.485+0800: 5582.907: [CMS-concurrent-sweep-start]
2026-05-27T22:14:40.503+0800: 5582.925: [CMS-concurrent-sweep: 0.018/0.018 secs] [Times: user=0.02 sys=0.00, real=0.02 secs] 
2026-05-27T22:14:40.504+0800: 5582.926: [CMS-concurrent-reset-start]
2026-05-27T22:14:40.504+0800: 5582.926: [CMS-concurrent-reset: 0.000/0.000 secs] [Times: user=0.00 sys=0.00, real=0.00 secs] 
2026-05-27T22:14:42.505+0800: 5584.927: [GC (CMS Initial Mark) [1 CMS-initial-mark: 85006K(131072K)] 129864K(249088K), 0.0280812 secs] [Times: user=0.03 sys=0.00, real=0.03 secs] 
2026-05-27T22:14:42.535+0800: 5584.957: [CMS-concurrent-mark-start]
2026-05-27T22:14:42.593+0800: 5585.015: [CMS-concurrent-mark: 0.058/0.058 secs] [Times: user=0.06 sys=0.00, real=0.06 secs] 
2026-05-27T22:14:42.594+0800: 5585.016: [CMS-concurrent-preclean-start]
2026-05-27T22:14:42.596+0800: 5585.018: [CMS-concurrent-preclean: 0.002/0.002 secs] [Times: user=0.00 sys=0.00, real=0.00 secs] 
2026-05-27T22:14:42.597+0800: 5585.018: [CMS-concurrent-abortable-preclean-start]
 CMS: abort preclean due to time 2026-05-27T22:14:47.673+0800: 5590.097: [CMS-concurrent-abortable-preclean: 0.671/5.079 secs] [Times: user=0.72 sys=0.01, real=5.08 secs] 
2026-05-27T22:14:47.675+0800: 5590.099: [GC (CMS Final Remark) [YG occupancy: 45053 K (118016 K)]2026-05-27T22:14:47.676+0800: 5590.100: [Rescan (non-parallel) 2026-05-27T22:14:47.676+0800: 5590.100: [grey object rescan, 0.0008992 secs]2026-05-27T22:14:47.677+0800: 5590.101: [root rescan, 0.0300519 secs]2026-05-27T22:14:47.708+0800: 5590.132: [visit unhandled CLDs, 0.0002525 secs]2026-05-27T22:14:47.708+0800: 5590.132: [dirty klass scan, 0.0019987 secs], 0.0350012 secs]2026-05-27T22:14:47.711+0800: 5590.135: [weak refs processing, 0.0003100 secs]2026-05-27T22:14:47.711+0800: 5590.135: [class unloading, 0.0162304 secs]2026-05-27T22:14:47.728+0800: 5590.152: [scrub symbol table, 0.0216421 secs]2026-05-27T22:14:47.750+0800: 5590.174: [scrub string table, 0.0010061 secs][1 CMS-remark: 85006K(131072K)] 130060K(249088K), 0.0769452 secs] [Times: user=0.07 sys=0.00, real=0.08 secs] 
2026-05-27T22:14:47.753+0800: 5590.177: [CMS-concurrent-sweep-start]
2026-05-27T22:14:47.765+0800: 5590.189: [CMS-concurrent-sweep: 0.012/0.012 secs] [Times: user=0.02 sys=0.00, real=0.01 secs] 
2026-05-27T22:14:47.766+0800: 5590.190: [CMS-concurrent-reset-start]
2026-05-27T22:14:47.766+0800: 5590.190: [CMS-concurrent-reset: 0.000/0.000 secs] [Times: user=0.00 sys=0.00, real=0.00 secs] 
2026-05-27T22:14:49.767+0800: 5592.191: [GC (CMS Initial Mark) [1 CMS-initial-mark: 85006K(131072K)] 130132K(249088K), 0.0557375 secs] [Times: user=0.05 sys=0.00, real=0.06 secs] 
2026-05-27T22:14:49.824+0800: 5592.248: [CMS-concurrent-mark-start]
2026-05-27T22:14:49.911+0800: 5592.335: [CMS-concurrent-mark: 0.087/0.087 secs] [Times: user=0.09 sys=0.00, real=0.09 secs] 
2026-05-27T22:14:49.912+0800: 5592.336: [CMS-concurrent-preclean-start]
2026-05-27T22:14:49.914+0800: 5592.338: [CMS-concurrent-preclean: 0.002/0.002 secs] [Times: user=0.00 sys=0.00, real=0.00 secs] 
2026-05-27T22:14:49.915+0800: 5592.339: [CMS-concurrent-abortable-preclean-start]
 CMS: abort preclean due to time 2026-05-27T22:14:54.988+0800: 5597.412: [CMS-concurrent-abortable-preclean: 0.665/5.073 secs] [Times: user=0.73 sys=0.00, real=5.08 secs] 
2026-05-27T22:14:54.990+0800: 5597.414: [GC (CMS Final Remark) [YG occupancy: 45545 K (118016 K)]2026-05-27T22:14:54.992+0800: 5597.416: [Rescan (non-parallel) 2026-05-27T22:14:54.992+0800: 5597.416: [grey object rescan, 0.0004683 secs]2026-05-27T22:14:54.993+0800: 5597.417: [root rescan, 0.0332586 secs]2026-05-27T22:14:55.027+0800: 5597.451: [visit unhandled CLDs, 0.0003646 secs]2026-05-27T22:14:55.028+0800: 5597.452: [dirty klass scan, 0.0023330 secs], 0.0386116 secs]2026-05-27T22:14:55.031+0800: 5597.455: [weak refs processing, 0.0004765 secs]2026-05-27T22:14:55.032+0800: 5597.456: [class unloading, 0.0168344 secs]2026-05-27T22:14:55.049+0800: 5597.473: [scrub symbol table, 0.0232857 secs]2026-05-27T22:14:55.073+0800: 5597.497: [scrub string table, 0.0016022 secs][1 CMS-remark: 85006K(131072K)] 130552K(249088K), 0.0859247 secs] [Times: user=0.08 sys=0.00, real=0.08 secs] 
2026-05-27T22:14:55.077+0800: 5597.501: [CMS-concurrent-sweep-start]
2026-05-27T22:14:55.090+0800: 5597.514: [CMS-concurrent-sweep: 0.013/0.013 secs] [Times: user=0.01 sys=0.00, real=0.02 secs] 
2026-05-27T22:14:55.091+0800: 5597.515: [CMS-concurrent-reset-start]
2026-05-27T22:14:55.091+0800: 5597.515: [CMS-concurrent-reset: 0.000/0.000 secs] [Times: user=0.00 sys=0.00, real=0.00 secs] 
2026-05-27T22:14:57.092+0800: 5599.516: [GC (CMS Initial Mark) [1 CMS-initial-mark: 85006K(131072K)] 130660K(249088K), 0.0489188 secs] [Times: user=0.04 sys=0.00, real=0.05 secs] 
2026-05-27T22:14:57.143+0800: 5599.567: [CMS-concurrent-mark-start]
2026-05-27T22:14:57.219+0800: 5599.643: [CMS-concurrent-mark: 0.077/0.077 secs] [Times: user=0.08 sys=0.00, real=0.08 secs] 
2026-05-27T22:14:57.220+0800: 5599.644: [CMS-concurrent-preclean-start]
2026-05-27T22:14:57.223+0800: 5599.647: [CMS-concurrent-preclean: 0.003/0.003 secs] [Times: user=0.00 sys=0.00, real=0.00 secs] 
2026-05-27T22:14:57.223+0800: 5599.647: [CMS-concurrent-abortable-preclean-start]
 CMS: abort preclean due to time 2026-05-27T22:15:02.313+0800: 5604.737: [CMS-concurrent-abortable-preclean: 0.801/5.090 secs] [Times: user=0.88 sys=0.01, real=5.09 secs] 
2026-05-27T22:15:02.314+0800: 5604.738: [GC (CMS Final Remark) [YG occupancy: 46081 K (118016 K)]2026-05-27T22:15:02.315+0800: 5604.739: [Rescan (non-parallel) 2026-05-27T22:15:02.315+0800: 5604.739: [grey object rescan, 0.0004865 secs]2026-05-27T22:15:02.316+0800: 5604.740: [root rescan, 0.0378586 secs]2026-05-27T22:15:02.355+0800: 5604.779: [visit unhandled CLDs, 0.0003458 secs]2026-05-27T22:15:02.356+0800: 5604.780: [dirty klass scan, 0.0025806 secs], 0.0438878 secs]2026-05-27T22:15:02.359+0800: 5604.783: [weak refs processing, 0.0005872 secs]2026-05-27T22:15:02.360+0800: 5604.784: [class unloading, 0.0194738 secs]2026-05-27T22:15:02.380+0800: 5604.804: [scrub symbol table, 0.0273906 secs]2026-05-27T22:15:02.408+0800: 5604.832: [scrub string table, 0.0010924 secs][1 CMS-remark: 85006K(131072K)] 131087K(249088K), 0.0963768 secs] [Times: user=0.09 sys=0.00, real=0.10 secs] 
2026-05-27T22:15:02.412+0800: 5604.836: [CMS-concurrent-sweep-start]
2026-05-27T22:15:02.427+0800: 5604.851: [CMS-concurrent-sweep: 0.015/0.015 secs] [Times: user=0.02 sys=0.00, real=0.01 secs] 
2026-05-27T22:15:02.428+0800: 5604.852: [CMS-concurrent-reset-start]
2026-05-27T22:15:02.428+0800: 5604.852: [CMS-concurrent-reset: 0.000/0.000 secs] [Times: user=0.00 sys=0.00, real=0.00 secs] 
2026-05-27T22:15:04.429+0800: 5606.853: [GC (CMS Initial Mark) [1 CMS-initial-mark: 85006K(131072K)] 131143K(249088K), 0.0277796 secs] [Times: user=0.02 sys=0.00, real=0.02 secs] 
2026-05-27T22:15:04.458+0800: 5606.882: [CMS-concurrent-mark-start]
2026-05-27T22:15:04.517+0800: 5606.941: [CMS-concurrent-mark: 0.060/0.060 secs] [Times: user=0.06 sys=0.00, real=0.06 secs] 
2026-05-27T22:15:04.518+0800: 5606.942: [CMS-concurrent-preclean-start]
2026-05-27T22:15:04.521+0800: 5606.945: [CMS-concurrent-preclean: 0.003/0.003 secs] [Times: user=0.01 sys=0.00, real=0.01 secs] 
2026-05-27T22:15:04.522+0800: 5606.946: [CMS-concurrent-abortable-preclean-start]
 CMS: abort preclean due to time 2026-05-27T22:15:09.617+0800: 5612.041: [CMS-concurrent-abortable-preclean: 0.688/5.095 secs] [Times: user=0.75 sys=0.00, real=5.09 secs] 
2026-05-27T22:15:09.618+0800: 5612.042: [GC (CMS Final Remark) [YG occupancy: 46585 K (118016 K)]2026-05-27T22:15:09.619+0800: 5612.042: [Rescan (non-parallel) 2026-05-27T22:15:09.619+0800: 5612.043: [grey object rescan, 0.0003578 secs]2026-05-27T22:15:09.619+0800: 5612.043: [root rescan, 0.0305423 secs]2026-05-27T22:15:09.651+0800: 5612.075: [visit unhandled CLDs, 0.0005677 secs]2026-05-27T22:15:09.652+0800: 5612.076: [dirty klass scan, 0.0022156 secs], 0.0358075 secs]2026-05-27T22:15:09.655+0800: 5612.079: [weak refs processing, 0.0003274 secs]2026-05-27T22:15:09.655+0800: 5612.079: [class unloading, 0.0180535 secs]2026-05-27T22:15:09.674+0800: 5612.098: [scrub symbol table, 0.0248874 secs]2026-05-27T22:15:09.699+0800: 5612.123: [scrub string table, 0.0010844 secs][1 CMS-remark: 85006K(131072K)] 131591K(249088K), 0.0829528 secs] [Times: user=0.08 sys=0.00, real=0.09 secs] 
2026-05-27T22:15:09.702+0800: 5612.126: [CMS-concurrent-sweep-start]
2026-05-27T22:15:09.717+0800: 5612.141: [CMS-concurrent-sweep: 0.014/0.014 secs] [Times: user=0.01 sys=0.00, real=0.01 secs] 
2026-05-27T22:15:09.717+0800: 5612.141: [CMS-concurrent-reset-start]
2026-05-27T22:15:09.718+0800: 5612.142: [CMS-concurrent-reset: 0.000/0.000 secs] [Times: user=0.00 sys=0.00, real=0.00 secs] 
2026-05-27T22:15:11.719+0800: 5614.143: [GC (CMS Initial Mark) [1 CMS-initial-mark: 85006K(131072K)] 131688K(249088K), 0.0293903 secs] [Times: user=0.03 sys=0.00, real=0.04 secs] 
2026-05-27T22:15:11.749+0800: 5614.173: [CMS-concurrent-mark-start]
2026-05-27T22:15:11.807+0800: 5614.231: [CMS-concurrent-mark: 0.058/0.058 secs] [Times: user=0.06 sys=0.00, real=0.05 secs] 
2026-05-27T22:15:11.808+0800: 5614.232: [CMS-concurrent-preclean-start]
2026-05-27T22:15:11.810+0800: 5614.234: [CMS-concurrent-preclean: 0.002/0.002 secs] [Times: user=0.00 sys=0.00, real=0.00 secs] 
2026-05-27T22:15:11.811+0800: 5614.235: [CMS-concurrent-abortable-preclean-start]
 CMS: abort preclean due to time 2026-05-27T22:15:16.827+0800: 5619.253: [CMS-concurrent-abortable-preclean: 0.711/5.018 secs] [Times: user=0.77 sys=0.01, real=5.02 secs] 
2026-05-27T22:15:16.829+0800: 5619.255: [GC (CMS Final Remark) [YG occupancy: 47054 K (118016 K)]2026-05-27T22:15:16.830+0800: 5619.256: [Rescan (non-parallel) 2026-05-27T22:15:16.830+0800: 5619.256: [grey object rescan, 0.0007061 secs]2026-05-27T22:15:16.831+0800: 5619.257: [root rescan, 0.0388712 secs]2026-05-27T22:15:16.870+0800: 5619.296: [visit unhandled CLDs, 0.0004890 secs]2026-05-27T22:15:16.871+0800: 5619.297: [dirty klass scan, 0.0023974 secs], 0.0446750 secs]2026-05-27T22:15:16.875+0800: 5619.301: [weak refs processing, 0.0006292 secs]2026-05-27T22:15:16.876+0800: 5619.302: [class unloading, 0.0185448 secs]2026-05-27T22:15:16.895+0800: 5619.321: [scrub symbol table, 0.0229698 secs]2026-05-27T22:15:16.919+0800: 5619.345: [scrub string table, 0.0016441 secs][1 CMS-remark: 85006K(131072K)] 132061K(249088K), 0.0919442 secs] [Times: user=0.09 sys=0.00, real=0.09 secs] 
2026-05-27T22:15:16.922+0800: 5619.348: [CMS-concurrent-sweep-start]
2026-05-27T22:15:16.936+0800: 5619.362: [CMS-concurrent-sweep: 0.013/0.013 secs] [Times: user=0.01 sys=0.00, real=0.01 secs] 
2026-05-27T22:15:16.937+0800: 5619.363: [CMS-concurrent-reset-start]
2026-05-27T22:15:16.937+0800: 5619.363: [CMS-concurrent-reset: 0.000/0.000 secs] [Times: user=0.00 sys=0.00, real=0.00 secs] 
2026-05-27T22:15:18.938+0800: 5621.364: [GC (CMS Initial Mark) [1 CMS-initial-mark: 85006K(131072K)] 132132K(249088K), 0.0302744 secs] [Times: user=0.03 sys=0.00, real=0.03 secs] 
2026-05-27T22:15:18.970+0800: 5621.396: [CMS-concurrent-mark-start]
2026-05-27T22:15:19.034+0800: 5621.460: [CMS-concurrent-mark: 0.064/0.064 secs] [Times: user=0.06 sys=0.01, real=0.06 secs] 
2026-05-27T22:15:19.035+0800: 5621.461: [CMS-concurrent-preclean-start]
2026-05-27T22:15:19.037+0800: 5621.463: [CMS-concurrent-preclean: 0.002/0.002 secs] [Times: user=0.00 sys=0.00, real=0.00 secs] 
2026-05-27T22:15:19.037+0800: 5621.463: [CMS-concurrent-abortable-preclean-start]
 CMS: abort preclean due to time 2026-05-27T22:15:24.106+0800: 5626.532: [CMS-concurrent-abortable-preclean: 0.760/5.068 secs] [Times: user=0.81 sys=0.01, real=5.08 secs] 
2026-05-27T22:15:24.108+0800: 5626.534: [GC (CMS Final Remark) [YG occupancy: 47528 K (118016 K)]2026-05-27T22:15:24.109+0800: 5626.534: [Rescan (non-parallel) 2026-05-27T22:15:24.109+0800: 5626.535: [grey object rescan, 0.0004598 secs]2026-05-27T22:15:24.110+0800: 5626.536: [root rescan, 0.0358733 secs]2026-05-27T22:15:24.146+0800: 5626.572: [visit unhandled CLDs, 0.0004308 secs]2026-05-27T22:15:24.147+0800: 5626.573: [dirty klass scan, 0.0025123 secs], 0.0413362 secs]2026-05-27T22:15:24.150+0800: 5626.576: [weak refs processing, 0.0003826 secs]2026-05-27T22:15:24.151+0800: 5626.577: [class unloading, 0.0180281 secs]2026-05-27T22:15:24.169+0800: 5626.595: [scrub symbol table, 0.0303035 secs]2026-05-27T22:15:24.200+0800: 5626.626: [scrub string table, 0.0013315 secs][1 CMS-remark: 85006K(131072K)] 132535K(249088K), 0.0949091 secs] [Times: user=0.08 sys=0.01, real=0.09 secs] 
2026-05-27T22:15:24.204+0800: 5626.630: [CMS-concurrent-sweep-start]
2026-05-27T22:15:24.220+0800: 5626.646: [CMS-concurrent-sweep: 0.016/0.016 secs] [Times: user=0.02 sys=0.00, real=0.02 secs] 
2026-05-27T22:15:24.221+0800: 5626.647: [CMS-concurrent-reset-start]
2026-05-27T22:15:24.221+0800: 5626.647: [CMS-concurrent-reset: 0.000/0.000 secs] [Times: user=0.00 sys=0.00, real=0.00 secs] 
2026-05-27T22:15:26.222+0800: 5628.648: [GC (CMS Initial Mark) [1 CMS-initial-mark: 85006K(131072K)] 132641K(249088K), 0.0550306 secs] [Times: user=0.05 sys=0.00, real=0.06 secs] 
2026-05-27T22:15:26.286+0800: 5628.712: [CMS-concurrent-mark-start]
2026-05-27T22:15:26.365+0800: 5628.791: [CMS-concurrent-mark: 0.078/0.078 secs] [Times: user=0.08 sys=0.00, real=0.07 secs] 
2026-05-27T22:15:26.366+0800: 5628.792: [CMS-concurrent-preclean-start]
2026-05-27T22:15:26.368+0800: 5628.794: [CMS-concurrent-preclean: 0.002/0.003 secs] [Times: user=0.00 sys=0.00, real=0.00 secs] 
2026-05-27T22:15:26.369+0800: 5628.795: [CMS-concurrent-abortable-preclean-start]
 CMS: abort preclean due to time 2026-05-27T22:15:31.381+0800: 5633.807: [CMS-concurrent-abortable-preclean: 0.718/5.012 secs] [Times: user=0.81 sys=0.00, real=5.01 secs] 
2026-05-27T22:15:31.383+0800: 5633.809: [GC (CMS Final Remark) [YG occupancy: 47855 K (118016 K)]2026-05-27T22:15:31.384+0800: 5633.810: [Rescan (non-parallel) 2026-05-27T22:15:31.384+0800: 5633.810: [grey object rescan, 0.0005682 secs]2026-05-27T22:15:31.385+0800: 5633.811: [root rescan, 0.0378067 secs]2026-05-27T22:15:31.424+0800: 5633.850: [visit unhandled CLDs, 0.0005104 secs]2026-05-27T22:15:31.425+0800: 5633.851: [dirty klass scan, 0.0024503 secs], 0.0438973 secs]2026-05-27T22:15:31.428+0800: 5633.854: [weak refs processing, 0.0003803 secs]2026-05-27T22:15:31.429+0800: 5633.855: [class unloading, 0.0175552 secs]2026-05-27T22:15:31.447+0800: 5633.873: [scrub symbol table, 0.0265576 secs]2026-05-27T22:15:31.474+0800: 5633.900: [scrub string table, 0.0013574 secs][1 CMS-remark: 85006K(131072K)] 132861K(249088K), 0.0933949 secs] [Times: user=0.08 sys=0.00, real=0.09 secs] 
2026-05-27T22:15:31.478+0800: 5633.904: [CMS-concurrent-sweep-start]
2026-05-27T22:15:31.494+0800: 5633.920: [CMS-concurrent-sweep: 0.016/0.016 secs] [Times: user=0.02 sys=0.00, real=0.01 secs] 
2026-05-27T22:15:31.495+0800: 5633.920: [CMS-concurrent-reset-start]
2026-05-27T22:15:31.495+0800: 5633.921: [CMS-concurrent-reset: 0.000/0.000 secs] [Times: user=0.00 sys=0.00, real=0.00 secs] 
2026-05-27T22:15:33.495+0800: 5635.921: [GC (CMS Initial Mark) [1 CMS-initial-mark: 85006K(131072K)] 133012K(249088K), 0.0309666 secs] [Times: user=0.04 sys=0.00, real=0.04 secs] 
2026-05-27T22:15:33.528+0800: 5635.954: [CMS-concurrent-mark-start]
2026-05-27T22:15:33.592+0800: 5636.017: [CMS-concurrent-mark: 0.064/0.064 secs] [Times: user=0.06 sys=0.00, real=0.06 secs] 
2026-05-27T22:15:33.592+0800: 5636.018: [CMS-concurrent-preclean-start]
2026-05-27T22:15:33.595+0800: 5636.021: [CMS-concurrent-preclean: 0.003/0.003 secs] [Times: user=0.00 sys=0.00, real=0.00 secs] 
2026-05-27T22:15:33.596+0800: 5636.022: [CMS-concurrent-abortable-preclean-start]
 CMS: abort preclean due to time 2026-05-27T22:15:38.706+0800: 5641.132: [CMS-concurrent-abortable-preclean: 0.801/5.109 secs] [Times: user=0.87 sys=0.00, real=5.12 secs] 
2026-05-27T22:15:38.708+0800: 5641.134: [GC (CMS Final Remark) [YG occupancy: 48569 K (118016 K)]2026-05-27T22:15:38.708+0800: 5641.134: [Rescan (non-parallel) 2026-05-27T22:15:38.709+0800: 5641.135: [grey object rescan, 0.0006565 secs]2026-05-27T22:15:38.710+0800: 5641.136: [root rescan, 0.0370054 secs]2026-05-27T22:15:38.748+0800: 5641.174: [visit unhandled CLDs, 0.0003878 secs]2026-05-27T22:15:38.748+0800: 5641.174: [dirty klass scan, 0.0022081 secs], 0.0425091 secs]2026-05-27T22:15:38.751+0800: 5641.177: [weak refs processing, 0.0004014 secs]2026-05-27T22:15:38.752+0800: 5641.178: [class unloading, 0.0174324 secs]2026-05-27T22:15:38.770+0800: 5641.196: [scrub symbol table, 0.0285496 secs]2026-05-27T22:15:38.799+0800: 5641.225: [scrub string table, 0.0010081 secs][1 CMS-remark: 85006K(131072K)] 133575K(249088K), 0.0930873 secs] [Times: user=0.09 sys=0.00, real=0.09 secs] 
2026-05-27T22:15:38.802+0800: 5641.228: [CMS-concurrent-sweep-start]
2026-05-27T22:15:38.816+0800: 5641.242: [CMS-concurrent-sweep: 0.014/0.014 secs] [Times: user=0.01 sys=0.00, real=0.01 secs] 
2026-05-27T22:15:38.817+0800: 5641.243: [CMS-concurrent-reset-start]
2026-05-27T22:15:38.817+0800: 5641.243: [CMS-concurrent-reset: 0.000/0.000 secs] [Times: user=0.00 sys=0.00, real=0.00 secs] 
2026-05-27T22:15:40.818+0800: 5643.244: [GC (CMS Initial Mark) [1 CMS-initial-mark: 85006K(131072K)] 133653K(249088K), 0.0319769 secs] [Times: user=0.03 sys=0.00, real=0.03 secs] 
2026-05-27T22:15:40.851+0800: 5643.277: [CMS-concurrent-mark-start]
2026-05-27T22:15:40.909+0800: 5643.335: [CMS-concurrent-mark: 0.058/0.058 secs] [Times: user=0.06 sys=0.00, real=0.06 secs] 
2026-05-27T22:15:40.909+0800: 5643.335: [CMS-concurrent-preclean-start]
2026-05-27T22:15:40.912+0800: 5643.338: [CMS-concurrent-preclean: 0.003/0.003 secs] [Times: user=0.00 sys=0.00, real=0.00 secs] 
2026-05-27T22:15:40.913+0800: 5643.339: [CMS-concurrent-abortable-preclean-start]
 CMS: abort preclean due to time 2026-05-27T22:15:45.950+0800: 5648.378: [CMS-concurrent-abortable-preclean: 0.732/5.040 secs] [Times: user=0.80 sys=0.00, real=5.04 secs] 
2026-05-27T22:15:45.951+0800: 5648.380: [GC (CMS Final Remark) [YG occupancy: 48873 K (118016 K)]2026-05-27T22:15:45.952+0800: 5648.380: [Rescan (non-parallel) 2026-05-27T22:15:45.952+0800: 5648.381: [grey object rescan, 0.0004743 secs]2026-05-27T22:15:45.953+0800: 5648.381: [root rescan, 0.0400721 secs]2026-05-27T22:15:45.994+0800: 5648.422: [visit unhandled CLDs, 0.0005446 secs]2026-05-27T22:15:45.995+0800: 5648.423: [dirty klass scan, 0.0031093 secs], 0.0465133 secs]2026-05-27T22:15:45.999+0800: 5648.427: [weak refs processing, 0.0004806 secs]2026-05-27T22:15:46.000+0800: 5648.428: [class unloading, 0.0219432 secs]2026-05-27T22:15:46.022+0800: 5648.451: [scrub symbol table, 0.0257786 secs]2026-05-27T22:15:46.048+0800: 5648.477: [scrub string table, 0.0014086 secs][1 CMS-remark: 85006K(131072K)] 133879K(249088K), 0.0996956 secs] [Times: user=0.09 sys=0.00, real=0.10 secs] 
2026-05-27T22:15:46.052+0800: 5648.481: [CMS-concurrent-sweep-start]
2026-05-27T22:15:46.069+0800: 5648.497: [CMS-concurrent-sweep: 0.017/0.017 secs] [Times: user=0.02 sys=0.00, real=0.02 secs] 
2026-05-27T22:15:46.069+0800: 5648.498: [CMS-concurrent-reset-start]
2026-05-27T22:15:46.070+0800: 5648.498: [CMS-concurrent-reset: 0.000/0.000 secs] [Times: user=0.00 sys=0.00, real=0.00 secs] 
2026-05-27T22:15:48.070+0800: 5650.499: [GC (CMS Initial Mark) [1 CMS-initial-mark: 85006K(131072K)] 134162K(249088K), 0.0411855 secs] [Times: user=0.04 sys=0.00, real=0.04 secs] 
2026-05-27T22:15:48.113+0800: 5650.541: [CMS-concurrent-mark-start]
2026-05-27T22:15:48.179+0800: 5650.607: [CMS-concurrent-mark: 0.066/0.066 secs] [Times: user=0.07 sys=0.00, real=0.07 secs] 
2026-05-27T22:15:48.179+0800: 5650.608: [CMS-concurrent-preclean-start]
2026-05-27T22:15:48.182+0800: 5650.610: [CMS-concurrent-preclean: 0.003/0.003 secs] [Times: user=0.00 sys=0.00, real=0.00 secs] 
2026-05-27T22:15:48.183+0800: 5650.611: [CMS-concurrent-abortable-preclean-start]
 CMS: abort preclean due to time 2026-05-27T22:15:53.220+0800: 5655.649: [CMS-concurrent-abortable-preclean: 0.730/5.037 secs] [Times: user=0.79 sys=0.01, real=5.04 secs] 
2026-05-27T22:15:53.222+0800: 5655.650: [GC (CMS Final Remark) [YG occupancy: 49357 K (118016 K)]2026-05-27T22:15:53.222+0800: 5655.651: [Rescan (non-parallel) 2026-05-27T22:15:53.223+0800: 5655.651: [grey object rescan, 0.0007725 secs]2026-05-27T22:15:53.224+0800: 5655.652: [root rescan, 0.0319236 secs]2026-05-27T22:15:53.256+0800: 5655.685: [visit unhandled CLDs, 0.0005265 secs]2026-05-27T22:15:53.257+0800: 5655.686: [dirty klass scan, 0.0021045 secs], 0.0374872 secs]2026-05-27T22:15:53.260+0800: 5655.689: [weak refs processing, 0.0004936 secs]2026-05-27T22:15:53.261+0800: 5655.689: [class unloading, 0.0164149 secs]2026-05-27T22:15:53.278+0800: 5655.706: [scrub symbol table, 0.0208052 secs]2026-05-27T22:15:53.299+0800: 5655.728: [scrub string table, 0.0010619 secs][1 CMS-remark: 85006K(131072K)] 134364K(249088K), 0.0794471 secs] [Times: user=0.07 sys=0.00, real=0.08 secs] 
2026-05-27T22:15:53.302+0800: 5655.731: [CMS-concurrent-sweep-start]
2026-05-27T22:15:53.314+0800: 5655.742: [CMS-concurrent-sweep: 0.012/0.012 secs] [Times: user=0.02 sys=0.00, real=0.01 secs] 
2026-05-27T22:15:53.315+0800: 5655.743: [CMS-concurrent-reset-start]
2026-05-27T22:15:53.315+0800: 5655.743: [CMS-concurrent-reset: 0.000/0.000 secs] [Times: user=0.00 sys=0.00, real=0.00 secs] 
2026-05-27T22:15:55.316+0800: 5657.744: [GC (CMS Initial Mark) [1 CMS-initial-mark: 85006K(131072K)] 134617K(249088K), 0.0293148 secs] [Times: user=0.03 sys=0.00, real=0.03 secs] 
2026-05-27T22:15:55.346+0800: 5657.775: [CMS-concurrent-mark-start]
2026-05-27T22:15:55.400+0800: 5657.828: [CMS-concurrent-mark: 0.053/0.053 secs] [Times: user=0.05 sys=0.00, real=0.05 secs] 
2026-05-27T22:15:55.401+0800: 5657.829: [CMS-concurrent-preclean-start]
2026-05-27T22:15:55.403+0800: 5657.832: [CMS-concurrent-preclean: 0.002/0.002 secs] [Times: user=0.01 sys=0.00, real=0.01 secs] 
2026-05-27T22:15:55.404+0800: 5657.832: [CMS-concurrent-abortable-preclean-start]
 CMS: abort preclean due to time 2026-05-27T22:16:00.449+0800: 5662.878: [CMS-concurrent-abortable-preclean: 0.738/5.046 secs] [Times: user=0.80 sys=0.00, real=5.04 secs] 
2026-05-27T22:16:00.451+0800: 5662.879: [GC (CMS Final Remark) [YG occupancy: 49974 K (118016 K)]2026-05-27T22:16:00.451+0800: 5662.880: [Rescan (non-parallel) 2026-05-27T22:16:00.452+0800: 5662.880: [grey object rescan, 0.0005496 secs]2026-05-27T22:16:00.453+0800: 5662.881: [root rescan, 0.0367757 secs]2026-05-27T22:16:00.490+0800: 5662.918: [visit unhandled CLDs, 0.0005538 secs]2026-05-27T22:16:00.491+0800: 5662.919: [dirty klass scan, 0.0020102 secs], 0.0419266 secs]2026-05-27T22:16:00.494+0800: 5662.922: [weak refs processing, 0.0004015 secs]2026-05-27T22:16:00.494+0800: 5662.923: [class unloading, 0.0159329 secs]2026-05-27T22:16:00.511+0800: 5662.939: [scrub symbol table, 0.0229680 secs]2026-05-27T22:16:00.534+0800: 5662.963: [scrub string table, 0.0010071 secs][1 CMS-remark: 85006K(131072K)] 134981K(249088K), 0.0854475 secs] [Times: user=0.07 sys=0.00, real=0.09 secs] 
2026-05-27T22:16:00.538+0800: 5662.966: [CMS-concurrent-sweep-start]
2026-05-27T22:16:00.550+0800: 5662.978: [CMS-concurrent-sweep: 0.012/0.012 secs] [Times: user=0.01 sys=0.00, real=0.01 secs] 
2026-05-27T22:16:00.550+0800: 5662.979: [CMS-concurrent-reset-start]
2026-05-27T22:16:00.551+0800: 5662.979: [CMS-concurrent-reset: 0.000/0.000 secs] [Times: user=0.00 sys=0.00, real=0.00 secs] 
2026-05-27T22:16:02.551+0800: 5664.980: [GC (CMS Initial Mark) [1 CMS-initial-mark: 85006K(131072K)] 135208K(249088K), 0.0406427 secs] [Times: user=0.04 sys=0.00, real=0.04 secs] 
2026-05-27T22:16:02.593+0800: 5665.022: [CMS-concurrent-mark-start]
2026-05-27T22:16:02.666+0800: 5665.095: [CMS-concurrent-mark: 0.073/0.073 secs] [Times: user=0.08 sys=0.00, real=0.08 secs] 
2026-05-27T22:16:02.667+0800: 5665.095: [CMS-concurrent-preclean-start]
2026-05-27T22:16:02.669+0800: 5665.098: [CMS-concurrent-preclean: 0.002/0.002 secs] [Times: user=0.00 sys=0.00, real=0.00 secs] 
2026-05-27T22:16:02.670+0800: 5665.098: [CMS-concurrent-abortable-preclean-start]
 CMS: abort preclean due to time 2026-05-27T22:16:07.686+0800: 5670.115: [CMS-concurrent-abortable-preclean: 0.809/5.016 secs] [Times: user=0.95 sys=0.00, real=5.02 secs] 
2026-05-27T22:16:07.688+0800: 5670.116: [GC (CMS Final Remark) [YG occupancy: 50538 K (118016 K)]2026-05-27T22:16:07.688+0800: 5670.117: [Rescan (non-parallel) 2026-05-27T22:16:07.689+0800: 5670.117: [grey object rescan, 0.0004649 secs]2026-05-27T22:16:07.689+0800: 5670.118: [root rescan, 0.0428849 secs]2026-05-27T22:16:07.733+0800: 5670.162: [visit unhandled CLDs, 0.0004566 secs]2026-05-27T22:16:07.734+0800: 5670.162: [dirty klass scan, 0.0030530 secs], 0.0489097 secs]2026-05-27T22:16:07.738+0800: 5670.166: [weak refs processing, 0.0004866 secs]2026-05-27T22:16:07.739+0800: 5670.167: [class unloading, 0.0187085 secs]2026-05-27T22:16:07.758+0800: 5670.186: [scrub symbol table, 0.0252601 secs]2026-05-27T22:16:07.784+0800: 5670.212: [scrub string table, 0.0016412 secs][1 CMS-remark: 85006K(131072K)] 135545K(249088K), 0.0984489 secs] [Times: user=0.09 sys=0.00, real=0.10 secs] 
2026-05-27T22:16:07.788+0800: 5670.216: [CMS-concurrent-sweep-start]
2026-05-27T22:16:07.802+0800: 5670.231: [CMS-concurrent-sweep: 0.015/0.015 secs] [Times: user=0.02 sys=0.00, real=0.01 secs] 
2026-05-27T22:16:07.803+0800: 5670.232: [CMS-concurrent-reset-start]
2026-05-27T22:16:07.803+0800: 5670.232: [CMS-concurrent-reset: 0.000/0.000 secs] [Times: user=0.00 sys=0.00, real=0.00 secs] 
2026-05-27T22:16:09.804+0800: 5672.233: [GC (CMS Initial Mark) [1 CMS-initial-mark: 85006K(131072K)] 135576K(249088K), 0.0427425 secs] [Times: user=0.04 sys=0.00, real=0.04 secs] 
2026-05-27T22:16:09.848+0800: 5672.277: [CMS-concurrent-mark-start]
2026-05-27T22:16:09.930+0800: 5672.358: [CMS-concurrent-mark: 0.081/0.081 secs] [Times: user=0.08 sys=0.00, real=0.08 secs] 
2026-05-27T22:16:09.930+0800: 5672.359: [CMS-concurrent-preclean-start]
2026-05-27T22:16:09.933+0800: 5672.361: [CMS-concurrent-preclean: 0.002/0.002 secs] [Times: user=0.01 sys=0.00, real=0.00 secs] 
2026-05-27T22:16:09.933+0800: 5672.362: [CMS-concurrent-abortable-preclean-start]
 CMS: abort preclean due to time 2026-05-27T22:16:14.987+0800: 5677.417: [CMS-concurrent-abortable-preclean: 0.716/5.056 secs] [Times: user=0.78 sys=0.00, real=5.06 secs] 
2026-05-27T22:16:14.989+0800: 5677.419: [GC (CMS Final Remark) [YG occupancy: 50743 K (118016 K)]2026-05-27T22:16:14.990+0800: 5677.420: [Rescan (non-parallel) 2026-05-27T22:16:14.990+0800: 5677.420: [grey object rescan, 0.0004390 secs]2026-05-27T22:16:14.991+0800: 5677.421: [root rescan, 0.0315690 secs]2026-05-27T22:16:15.023+0800: 5677.453: [visit unhandled CLDs, 0.0004859 secs]2026-05-27T22:16:15.024+0800: 5677.454: [dirty klass scan, 0.0021821 secs], 0.0367180 secs]2026-05-27T22:16:15.027+0800: 5677.457: [weak refs processing, 0.0003830 secs]2026-05-27T22:16:15.028+0800: 5677.458: [class unloading, 0.0163263 secs]2026-05-27T22:16:15.045+0800: 5677.475: [scrub symbol table, 0.0250945 secs]2026-05-27T22:16:15.070+0800: 5677.501: [scrub string table, 0.0015320 secs][1 CMS-remark: 85006K(131072K)] 135750K(249088K), 0.0835616 secs] [Times: user=0.07 sys=0.00, real=0.08 secs] 
2026-05-27T22:16:15.074+0800: 5677.504: [CMS-concurrent-sweep-start]
2026-05-27T22:16:15.087+0800: 5677.517: [CMS-concurrent-sweep: 0.013/0.013 secs] [Times: user=0.02 sys=0.00, real=0.01 secs] 
2026-05-27T22:16:15.088+0800: 5677.518: [CMS-concurrent-reset-start]
2026-05-27T22:16:15.088+0800: 5677.518: [CMS-concurrent-reset: 0.000/0.000 secs] [Times: user=0.00 sys=0.00, real=0.00 secs] 
2026-05-27T22:16:17.089+0800: 5679.519: [GC (CMS Initial Mark) [1 CMS-initial-mark: 85006K(131072K)] 136007K(249088K), 0.0457259 secs] [Times: user=0.04 sys=0.00, real=0.05 secs] 
2026-05-27T22:16:17.136+0800: 5679.566: [CMS-concurrent-mark-start]
2026-05-27T22:16:17.212+0800: 5679.642: [CMS-concurrent-mark: 0.076/0.076 secs] [Times: user=0.08 sys=0.00, real=0.07 secs] 
2026-05-27T22:16:17.213+0800: 5679.643: [CMS-concurrent-preclean-start]
2026-05-27T22:16:17.218+0800: 5679.648: [CMS-concurrent-preclean: 0.005/0.005 secs] [Times: user=0.01 sys=0.00, real=0.01 secs] 
2026-05-27T22:16:17.221+0800: 5679.651: [CMS-concurrent-abortable-preclean-start]
 CMS: abort preclean due to time 2026-05-27T22:16:22.321+0800: 5684.751: [CMS-concurrent-abortable-preclean: 0.993/5.100 secs] [Times: user=1.06 sys=0.01, real=5.10 secs] 
2026-05-27T22:16:22.323+0800: 5684.753: [GC (CMS Final Remark) [YG occupancy: 51307 K (118016 K)]2026-05-27T22:16:22.324+0800: 5684.755: [Rescan (non-parallel) 2026-05-27T22:16:22.325+0800: 5684.755: [grey object rescan, 0.0006385 secs]2026-05-27T22:16:22.326+0800: 5684.756: [root rescan, 0.0567821 secs]2026-05-27T22:16:22.383+0800: 5684.813: [visit unhandled CLDs, 0.0004309 secs]2026-05-27T22:16:22.384+0800: 5684.814: [dirty klass scan, 0.0026680 secs], 0.0626203 secs]2026-05-27T22:16:22.387+0800: 5684.818: [weak refs processing, 0.0003897 secs]2026-05-27T22:16:22.388+0800: 5684.818: [class unloading, 0.0231055 secs]2026-05-27T22:16:22.412+0800: 5684.842: [scrub symbol table, 0.0290559 secs]2026-05-27T22:16:22.442+0800: 5684.872: [scrub string table, 0.0019968 secs][1 CMS-remark: 85006K(131072K)] 136313K(249088K), 0.1210703 secs] [Times: user=0.11 sys=0.00, real=0.12 secs] 
2026-05-27T22:16:22.446+0800: 5684.876: [CMS-concurrent-sweep-start]
2026-05-27T22:16:22.464+0800: 5684.894: [CMS-concurrent-sweep: 0.018/0.018 secs] [Times: user=0.02 sys=0.00, real=0.02 secs] 
2026-05-27T22:16:22.464+0800: 5684.895: [CMS-concurrent-reset-start]
2026-05-27T22:16:22.465+0800: 5684.895: [CMS-concurrent-reset: 0.000/0.000 secs] [Times: user=0.00 sys=0.00, real=0.00 secs] 
2026-05-27T22:16:24.466+0800: 5686.896: [GC (CMS Initial Mark) [1 CMS-initial-mark: 85006K(131072K)] 136399K(249088K), 0.0502095 secs] [Times: user=0.05 sys=0.00, real=0.05 secs] 
2026-05-27T22:16:24.518+0800: 5686.948: [CMS-concurrent-mark-start]
2026-05-27T22:16:24.598+0800: 5687.028: [CMS-concurrent-mark: 0.080/0.080 secs] [Times: user=0.08 sys=0.00, real=0.08 secs] 
2026-05-27T22:16:24.598+0800: 5687.028: [CMS-concurrent-preclean-start]
2026-05-27T22:16:24.601+0800: 5687.031: [CMS-concurrent-preclean: 0.003/0.003 secs] [Times: user=0.00 sys=0.00, real=0.00 secs] 
2026-05-27T22:16:24.601+0800: 5687.032: [CMS-concurrent-abortable-preclean-start]
 CMS: abort preclean due to time 2026-05-27T22:16:29.712+0800: 5692.142: [CMS-concurrent-abortable-preclean: 0.702/5.110 secs] [Times: user=0.74 sys=0.04, real=5.10 secs] 
2026-05-27T22:16:29.713+0800: 5692.143: [GC (CMS Final Remark) [YG occupancy: 51761 K (118016 K)]2026-05-27T22:16:29.714+0800: 5692.144: [Rescan (non-parallel) 2026-05-27T22:16:29.714+0800: 5692.144: [grey object rescan, 0.0006271 secs]2026-05-27T22:16:29.715+0800: 5692.145: [root rescan, 0.0324680 secs]2026-05-27T22:16:29.748+0800: 5692.178: [visit unhandled CLDs, 0.0004023 secs]2026-05-27T22:16:29.749+0800: 5692.179: [dirty klass scan, 0.0020242 secs], 0.0374154 secs]2026-05-27T22:16:29.752+0800: 5692.182: [weak refs processing, 0.0004138 secs]2026-05-27T22:16:29.752+0800: 5692.183: [class unloading, 0.0154524 secs]2026-05-27T22:16:29.769+0800: 5692.199: [scrub symbol table, 0.0205976 secs]2026-05-27T22:16:29.790+0800: 5692.220: [scrub string table, 0.0009509 secs][1 CMS-remark: 85006K(131072K)] 136768K(249088K), 0.0782292 secs] [Times: user=0.07 sys=0.00, real=0.08 secs] 
2026-05-27T22:16:29.792+0800: 5692.223: [CMS-concurrent-sweep-start]
2026-05-27T22:16:29.804+0800: 5692.234: [CMS-concurrent-sweep: 0.012/0.012 secs] [Times: user=0.01 sys=0.00, real=0.02 secs] 
2026-05-27T22:16:29.805+0800: 5692.235: [CMS-concurrent-reset-start]
2026-05-27T22:16:29.805+0800: 5692.235: [CMS-concurrent-reset: 0.000/0.000 secs] [Times: user=0.00 sys=0.00, real=0.00 secs] 
2026-05-27T22:16:31.806+0800: 5694.236: [GC (CMS Initial Mark) [1 CMS-initial-mark: 85006K(131072K)] 136965K(249088K), 0.1219505 secs] [Times: user=0.11 sys=0.00, real=0.14 secs] 
2026-05-27T22:16:31.953+0800: 5694.383: [CMS-concurrent-mark-start]
2026-05-27T22:16:32.189+0800: 5694.620: [CMS-concurrent-mark: 0.236/0.236 secs] [Times: user=0.25 sys=0.01, real=0.24 secs] 
2026-05-27T22:16:32.190+0800: 5694.620: [CMS-concurrent-preclean-start]
2026-05-27T22:16:32.201+0800: 5694.631: [CMS-concurrent-preclean: 0.011/0.011 secs] [Times: user=0.01 sys=0.00, real=0.02 secs] 
2026-05-27T22:16:32.204+0800: 5694.634: [CMS-concurrent-abortable-preclean-start]
 CMS: abort preclean due to time 2026-05-27T22:16:37.271+0800: 5699.701: [CMS-concurrent-abortable-preclean: 0.857/5.067 secs] [Times: user=0.92 sys=0.01, real=5.06 secs] 
2026-05-27T22:16:37.273+0800: 5699.703: [GC (CMS Final Remark) [YG occupancy: 52379 K (118016 K)]2026-05-27T22:16:37.274+0800: 5699.704: [Rescan (non-parallel) 2026-05-27T22:16:37.274+0800: 5699.704: [grey object rescan, 0.0004523 secs]2026-05-27T22:16:37.275+0800: 5699.705: [root rescan, 0.0441783 secs]2026-05-27T22:16:37.320+0800: 5699.750: [visit unhandled CLDs, 0.0005537 secs]2026-05-27T22:16:37.321+0800: 5699.751: [dirty klass scan, 0.0021650 secs], 0.0495905 secs]2026-05-27T22:16:37.324+0800: 5699.754: [weak refs processing, 0.0004714 secs]2026-05-27T22:16:37.325+0800: 5699.755: [class unloading, 0.0182671 secs]2026-05-27T22:16:37.343+0800: 5699.773: [scrub symbol table, 0.0237648 secs]2026-05-27T22:16:37.368+0800: 5699.798: [scrub string table, 0.0017581 secs][1 CMS-remark: 85006K(131072K)] 137386K(249088K), 0.0986250 secs] [Times: user=0.09 sys=0.00, real=0.10 secs] 
2026-05-27T22:16:37.373+0800: 5699.803: [CMS-concurrent-sweep-start]
2026-05-27T22:16:37.387+0800: 5699.817: [CMS-concurrent-sweep: 0.014/0.014 secs] [Times: user=0.02 sys=0.00, real=0.02 secs] 
2026-05-27T22:16:37.387+0800: 5699.817: [CMS-concurrent-reset-start]
2026-05-27T22:16:37.387+0800: 5699.817: [CMS-concurrent-reset: 0.000/0.000 secs] [Times: user=0.00 sys=0.00, real=0.00 secs] 
2026-05-27T22:16:39.388+0800: 5701.818: [GC (CMS Initial Mark) [1 CMS-initial-mark: 85006K(131072K)] 137472K(249088K), 0.0552644 secs] [Times: user=0.06 sys=0.00, real=0.06 secs] 
2026-05-27T22:16:39.445+0800: 5701.875: [CMS-concurrent-mark-start]
2026-05-27T22:16:39.542+0800: 5701.972: [CMS-concurrent-mark: 0.097/0.097 secs] [Times: user=0.10 sys=0.00, real=0.10 secs] 
2026-05-27T22:16:39.543+0800: 5701.973: [CMS-concurrent-preclean-start]
2026-05-27T22:16:39.546+0800: 5701.976: [CMS-concurrent-preclean: 0.003/0.003 secs] [Times: user=0.00 sys=0.00, real=0.00 secs] 
2026-05-27T22:16:39.547+0800: 5701.977: [CMS-concurrent-abortable-preclean-start]
 CMS: abort preclean due to time 2026-05-27T22:16:44.581+0800: 5707.014: [CMS-concurrent-abortable-preclean: 1.039/5.037 secs] [Times: user=1.52 sys=0.07, real=5.04 secs] 
2026-05-27T22:16:44.583+0800: 5707.015: [GC (CMS Final Remark) [YG occupancy: 54588 K (118016 K)]2026-05-27T22:16:44.584+0800: 5707.017: [Rescan (non-parallel) 2026-05-27T22:16:44.584+0800: 5707.017: [grey object rescan, 0.0004460 secs]2026-05-27T22:16:44.585+0800: 5707.018: [root rescan, 0.0737001 secs]2026-05-27T22:16:44.659+0800: 5707.092: [visit unhandled CLDs, 0.0024329 secs]2026-05-27T22:16:44.662+0800: 5707.095: [dirty klass scan, 0.0031485 secs], 0.0820938 secs]2026-05-27T22:16:44.667+0800: 5707.099: [weak refs processing, 0.0016889 secs]2026-05-27T22:16:44.672+0800: 5707.105: [class unloading, 0.0367647 secs]2026-05-27T22:16:44.709+0800: 5707.142: [scrub symbol table, 0.0305650 secs]2026-05-27T22:16:44.740+0800: 5707.173: [scrub string table, 0.0014591 secs][1 CMS-remark: 85006K(131072K)] 139595K(249088K), 0.1604163 secs] [Times: user=0.15 sys=0.00, real=0.16 secs] 
2026-05-27T22:16:44.744+0800: 5707.177: [CMS-concurrent-sweep-start]
2026-05-27T22:16:44.767+0800: 5707.199: [CMS-concurrent-sweep: 0.022/0.022 secs] [Times: user=0.03 sys=0.00, real=0.02 secs] 
2026-05-27T22:16:44.768+0800: 5707.200: [CMS-concurrent-reset-start]
2026-05-27T22:16:44.768+0800: 5707.201: [CMS-concurrent-reset: 0.000/0.000 secs] [Times: user=0.00 sys=0.00, real=0.00 secs] 
2026-05-27T22:16:46.769+0800: 5709.202: [GC (CMS Initial Mark) [1 CMS-initial-mark: 85006K(131072K)] 139907K(249088K), 0.0418215 secs] [Times: user=0.04 sys=0.00, real=0.05 secs] 
2026-05-27T22:16:46.812+0800: 5709.245: [CMS-concurrent-mark-start]
2026-05-27T22:16:46.887+0800: 5709.320: [CMS-concurrent-mark: 0.075/0.075 secs] [Times: user=0.08 sys=0.00, real=0.07 secs] 
2026-05-27T22:16:46.888+0800: 5709.320: [CMS-concurrent-preclean-start]
2026-05-27T22:16:46.891+0800: 5709.323: [CMS-concurrent-preclean: 0.003/0.003 secs] [Times: user=0.00 sys=0.00, real=0.00 secs] 
2026-05-27T22:16:46.891+0800: 5709.324: [CMS-concurrent-abortable-preclean-start]
 CMS: abort preclean due to time 2026-05-27T22:16:51.952+0800: 5714.385: [CMS-concurrent-abortable-preclean: 0.788/5.061 secs] [Times: user=0.85 sys=0.02, real=5.06 secs] 
2026-05-27T22:16:51.954+0800: 5714.386: [GC (CMS Final Remark) [YG occupancy: 55078 K (118016 K)]2026-05-27T22:16:51.954+0800: 5714.387: [Rescan (non-parallel) 2026-05-27T22:16:51.954+0800: 5714.387: [grey object rescan, 0.0005864 secs]2026-05-27T22:16:51.955+0800: 5714.388: [root rescan, 0.0458313 secs]2026-05-27T22:16:52.002+0800: 5714.434: [visit unhandled CLDs, 0.0004193 secs]2026-05-27T22:16:52.003+0800: 5714.435: [dirty klass scan, 0.0025674 secs], 0.0515352 secs]2026-05-27T22:16:52.006+0800: 5714.439: [weak refs processing, 0.0005148 secs]2026-05-27T22:16:52.007+0800: 5714.440: [class unloading, 0.0220618 secs]2026-05-27T22:16:52.030+0800: 5714.463: [scrub symbol table, 0.0288559 secs]2026-05-27T22:16:52.059+0800: 5714.492: [scrub string table, 0.0011199 secs][1 CMS-remark: 85006K(131072K)] 140085K(249088K), 0.1080945 secs] [Times: user=0.10 sys=0.01, real=0.11 secs] 
2026-05-27T22:16:52.063+0800: 5714.496: [CMS-concurrent-sweep-start]
2026-05-27T22:16:52.082+0800: 5714.515: [CMS-concurrent-sweep: 0.019/0.019 secs] [Times: user=0.02 sys=0.00, real=0.02 secs] 
2026-05-27T22:16:52.083+0800: 5714.516: [CMS-concurrent-reset-start]
2026-05-27T22:16:52.083+0800: 5714.516: [CMS-concurrent-reset: 0.000/0.000 secs] [Times: user=0.00 sys=0.00, real=0.00 secs] 
2026-05-27T22:16:54.084+0800: 5716.517: [GC (CMS Initial Mark) [1 CMS-initial-mark: 85004K(131072K)] 140106K(249088K), 0.0359799 secs] [Times: user=0.04 sys=0.00, real=0.04 secs] 
2026-05-27T22:16:54.122+0800: 5716.554: [CMS-concurrent-mark-start]
2026-05-27T22:16:54.191+0800: 5716.624: [CMS-concurrent-mark: 0.069/0.069 secs] [Times: user=0.07 sys=0.00, real=0.07 secs] 
2026-05-27T22:16:54.192+0800: 5716.625: [CMS-concurrent-preclean-start]
2026-05-27T22:16:54.194+0800: 5716.627: [CMS-concurrent-preclean: 0.002/0.002 secs] [Times: user=0.00 sys=0.00, real=0.00 secs] 
2026-05-27T22:16:54.195+0800: 5716.627: [CMS-concurrent-abortable-preclean-start]
 CMS: abort preclean due to time 2026-05-27T22:16:59.196+0800: 5721.628: [CMS-concurrent-abortable-preclean: 0.793/5.001 secs] [Times: user=0.88 sys=0.01, real=5.00 secs] 
2026-05-27T22:16:59.197+0800: 5721.630: [GC (CMS Final Remark) [YG occupancy: 55381 K (118016 K)]2026-05-27T22:16:59.198+0800: 5721.631: [Rescan (non-parallel) 2026-05-27T22:16:59.199+0800: 5721.631: [grey object rescan, 0.0004849 secs]2026-05-27T22:16:59.199+0800: 5721.632: [root rescan, 0.0347173 secs]2026-05-27T22:16:59.235+0800: 5721.667: [visit unhandled CLDs, 0.0003250 secs]2026-05-27T22:16:59.235+0800: 5721.668: [dirty klass scan, 0.0019872 secs], 0.0393886 secs]2026-05-27T22:16:59.238+0800: 5721.670: [weak refs processing, 0.0004083 secs]2026-05-27T22:16:59.239+0800: 5721.671: [class unloading, 0.0178661 secs]2026-05-27T22:16:59.257+0800: 5721.690: [scrub symbol table, 0.0242564 secs]2026-05-27T22:16:59.282+0800: 5721.714: [scrub string table, 0.0014065 secs][1 CMS-remark: 85004K(131072K)] 140385K(249088K), 0.0864004 secs] [Times: user=0.08 sys=0.00, real=0.09 secs] 
2026-05-27T22:16:59.285+0800: 5721.718: [CMS-concurrent-sweep-start]
2026-05-27T22:16:59.299+0800: 5721.731: [CMS-concurrent-sweep: 0.014/0.014 secs] [Times: user=0.02 sys=0.00, real=0.01 secs] 
2026-05-27T22:16:59.299+0800: 5721.732: [CMS-concurrent-reset-start]
2026-05-27T22:16:59.300+0800: 5721.732: [CMS-concurrent-reset: 0.000/0.000 secs] [Times: user=0.00 sys=0.00, real=0.00 secs] 
2026-05-27T22:17:01.301+0800: 5723.734: [GC (CMS Initial Mark) [1 CMS-initial-mark: 85004K(131072K)] 140673K(249088K), 0.0454714 secs] [Times: user=0.04 sys=0.00, real=0.04 secs] 
2026-05-27T22:17:01.348+0800: 5723.781: [CMS-concurrent-mark-start]
2026-05-27T22:17:01.429+0800: 5723.861: [CMS-concurrent-mark: 0.080/0.080 secs] [Times: user=0.09 sys=0.00, real=0.08 secs] 
2026-05-27T22:17:01.430+0800: 5723.862: [CMS-concurrent-preclean-start]
2026-05-27T22:17:01.432+0800: 5723.865: [CMS-concurrent-preclean: 0.003/0.003 secs] [Times: user=0.00 sys=0.01, real=0.01 secs] 
2026-05-27T22:17:01.433+0800: 5723.866: [CMS-concurrent-abortable-preclean-start]
 CMS: abort preclean due to time 2026-05-27T22:17:06.462+0800: 5728.895: [CMS-concurrent-abortable-preclean: 0.741/5.029 secs] [Times: user=0.81 sys=0.01, real=5.03 secs] 
2026-05-27T22:17:06.464+0800: 5728.896: [GC (CMS Final Remark) [YG occupancy: 55985 K (118016 K)]2026-05-27T22:17:06.464+0800: 5728.897: [Rescan (non-parallel) 2026-05-27T22:17:06.465+0800: 5728.897: [grey object rescan, 0.0004080 secs]2026-05-27T22:17:06.465+0800: 5728.898: [root rescan, 0.0535704 secs]2026-05-27T22:17:06.519+0800: 5728.952: [visit unhandled CLDs, 0.0005911 secs]2026-05-27T22:17:06.520+0800: 5728.953: [dirty klass scan, 0.0023976 secs], 0.0588090 secs]2026-05-27T22:17:06.523+0800: 5728.956: [weak refs processing, 0.0003029 secs]2026-05-27T22:17:06.524+0800: 5728.957: [class unloading, 0.0213480 secs]2026-05-27T22:17:06.546+0800: 5728.979: [scrub symbol table, 0.0260549 secs]2026-05-27T22:17:06.573+0800: 5729.005: [scrub string table, 0.0011907 secs][1 CMS-remark: 85004K(131072K)] 140989K(249088K), 0.1115184 secs] [Times: user=0.10 sys=0.00, real=0.11 secs] 
2026-05-27T22:17:06.577+0800: 5729.009: [CMS-concurrent-sweep-start]
2026-05-27T22:17:06.596+0800: 5729.029: [CMS-concurrent-sweep: 0.019/0.019 secs] [Times: user=0.02 sys=0.00, real=0.02 secs] 
2026-05-27T22:17:06.598+0800: 5729.031: [CMS-concurrent-reset-start]
2026-05-27T22:17:06.599+0800: 5729.031: [CMS-concurrent-reset: 0.000/0.000 secs] [Times: user=0.00 sys=0.00, real=0.00 secs] 
2026-05-27T22:17:08.603+0800: 5731.035: [GC (CMS Initial Mark) [1 CMS-initial-mark: 85004K(131072K)] 141076K(249088K), 0.0348231 secs] [Times: user=0.03 sys=0.00, real=0.03 secs] 
2026-05-27T22:17:08.639+0800: 5731.072: [CMS-concurrent-mark-start]
2026-05-27T22:17:08.699+0800: 5731.131: [CMS-concurrent-mark: 0.060/0.060 secs] [Times: user=0.06 sys=0.00, real=0.05 secs] 
2026-05-27T22:17:08.699+0800: 5731.132: [CMS-concurrent-preclean-start]
2026-05-27T22:17:08.702+0800: 5731.134: [CMS-concurrent-preclean: 0.002/0.002 secs] [Times: user=0.00 sys=0.00, real=0.00 secs] 
2026-05-27T22:17:08.703+0800: 5731.135: [CMS-concurrent-abortable-preclean-start]
 CMS: abort preclean due to time 2026-05-27T22:17:13.769+0800: 5736.202: [CMS-concurrent-abortable-preclean: 0.655/5.066 secs] [Times: user=0.72 sys=0.00, real=5.06 secs] 
2026-05-27T22:17:13.770+0800: 5736.203: [GC (CMS Final Remark) [YG occupancy: 56388 K (118016 K)]2026-05-27T22:17:13.771+0800: 5736.204: [Rescan (non-parallel) 2026-05-27T22:17:13.772+0800: 5736.204: [grey object rescan, 0.0004162 secs]2026-05-27T22:17:13.772+0800: 5736.205: [root rescan, 0.0332733 secs]2026-05-27T22:17:13.806+0800: 5736.239: [visit unhandled CLDs, 0.0003575 secs]2026-05-27T22:17:13.807+0800: 5736.239: [dirty klass scan, 0.0019389 secs], 0.0378710 secs]2026-05-27T22:17:13.809+0800: 5736.242: [weak refs processing, 0.0003980 secs]2026-05-27T22:17:13.810+0800: 5736.243: [class unloading, 0.0154945 secs]2026-05-27T22:17:13.826+0800: 5736.259: [scrub symbol table, 0.0225288 secs]2026-05-27T22:17:13.849+0800: 5736.282: [scrub string table, 0.0011778 secs][1 CMS-remark: 85004K(131072K)] 141392K(249088K), 0.0808519 secs] [Times: user=0.08 sys=0.00, real=0.09 secs] 
2026-05-27T22:17:13.852+0800: 5736.285: [CMS-concurrent-sweep-start]
2026-05-27T22:17:13.864+0800: 5736.297: [CMS-concurrent-sweep: 0.012/0.012 secs] [Times: user=0.01 sys=0.00, real=0.01 secs] 
2026-05-27T22:17:13.865+0800: 5736.298: [CMS-concurrent-reset-start]
2026-05-27T22:17:13.865+0800: 5736.298: [CMS-concurrent-reset: 0.000/0.000 secs] [Times: user=0.00 sys=0.00, real=0.00 secs] 
2026-05-27T22:17:15.864+0800: 5738.298: [GC (CMS Initial Mark) [1 CMS-initial-mark: 85004K(131072K)] 141471K(249088K), 0.0450831 secs] [Times: user=0.04 sys=0.00, real=0.05 secs] 
2026-05-27T22:17:15.911+0800: 5738.345: [CMS-concurrent-mark-start]
2026-05-27T22:17:15.986+0800: 5738.421: [CMS-concurrent-mark: 0.076/0.076 secs] [Times: user=0.08 sys=0.00, real=0.07 secs] 
2026-05-27T22:17:15.987+0800: 5738.421: [CMS-concurrent-preclean-start]
2026-05-27T22:17:15.990+0800: 5738.424: [CMS-concurrent-preclean: 0.003/0.003 secs] [Times: user=0.00 sys=0.00, real=0.01 secs] 
2026-05-27T22:17:15.990+0800: 5738.425: [CMS-concurrent-abortable-preclean-start]
 CMS: abort preclean due to time 2026-05-27T22:17:21.081+0800: 5743.515: [CMS-concurrent-abortable-preclean: 0.683/5.090 secs] [Times: user=0.75 sys=0.00, real=5.09 secs] 
2026-05-27T22:17:21.082+0800: 5743.517: [GC (CMS Final Remark) [YG occupancy: 56838 K (118016 K)]2026-05-27T22:17:21.083+0800: 5743.517: [Rescan (non-parallel) 2026-05-27T22:17:21.083+0800: 5743.517: [grey object rescan, 0.0003907 secs]2026-05-27T22:17:21.084+0800: 5743.518: [root rescan, 0.0519404 secs]2026-05-27T22:17:21.137+0800: 5743.571: [visit unhandled CLDs, 0.0003347 secs]2026-05-27T22:17:21.137+0800: 5743.572: [dirty klass scan, 0.0021603 secs], 0.0571618 secs]2026-05-27T22:17:21.140+0800: 5743.575: [weak refs processing, 0.0003410 secs]2026-05-27T22:17:21.141+0800: 5743.575: [class unloading, 0.0226632 secs]2026-05-27T22:17:21.164+0800: 5743.599: [scrub symbol table, 0.0271936 secs]2026-05-27T22:17:21.192+0800: 5743.627: [scrub string table, 0.0012741 secs][1 CMS-remark: 85004K(131072K)] 141842K(249088K), 0.1122093 secs] [Times: user=0.10 sys=0.00, real=0.11 secs] 
2026-05-27T22:17:21.196+0800: 5743.630: [CMS-concurrent-sweep-start]
2026-05-27T22:17:21.212+0800: 5743.646: [CMS-concurrent-sweep: 0.016/0.016 secs] [Times: user=0.02 sys=0.00, real=0.02 secs] 
2026-05-27T22:17:21.213+0800: 5743.647: [CMS-concurrent-reset-start]
2026-05-27T22:17:21.213+0800: 5743.647: [CMS-concurrent-reset: 0.000/0.000 secs] [Times: user=0.00 sys=0.00, real=0.00 secs] 
2026-05-27T22:17:23.214+0800: 5745.648: [GC (CMS Initial Mark) [1 CMS-initial-mark: 85004K(131072K)] 141994K(249088K), 0.0351991 secs] [Times: user=0.03 sys=0.00, real=0.04 secs] 
2026-05-27T22:17:23.250+0800: 5745.685: [CMS-concurrent-mark-start]
2026-05-27T22:17:23.313+0800: 5745.748: [CMS-concurrent-mark: 0.063/0.063 secs] [Times: user=0.07 sys=0.00, real=0.06 secs] 
2026-05-27T22:17:23.314+0800: 5745.748: [CMS-concurrent-preclean-start]
2026-05-27T22:17:23.316+0800: 5745.751: [CMS-concurrent-preclean: 0.002/0.002 secs] [Times: user=0.00 sys=0.00, real=0.00 secs] 
2026-05-27T22:17:23.317+0800: 5745.751: [CMS-concurrent-abortable-preclean-start]
 CMS: abort preclean due to time 2026-05-27T22:17:28.404+0800: 5750.838: [CMS-concurrent-abortable-preclean: 0.682/5.087 secs] [Times: user=0.77 sys=0.01, real=5.09 secs] 
2026-05-27T22:17:28.406+0800: 5750.840: [GC (CMS Final Remark) [YG occupancy: 57281 K (118016 K)]2026-05-27T22:17:28.406+0800: 5750.841: [Rescan (non-parallel) 2026-05-27T22:17:28.407+0800: 5750.841: [grey object rescan, 0.0004517 secs]2026-05-27T22:17:28.407+0800: 5750.842: [root rescan, 0.0431574 secs]2026-05-27T22:17:28.451+0800: 5750.886: [visit unhandled CLDs, 0.0004949 secs]2026-05-27T22:17:28.452+0800: 5750.886: [dirty klass scan, 0.0024218 secs], 0.0486950 secs]2026-05-27T22:17:28.455+0800: 5750.890: [weak refs processing, 0.0003284 secs]2026-05-27T22:17:28.456+0800: 5750.890: [class unloading, 0.0173767 secs]2026-05-27T22:17:28.474+0800: 5750.908: [scrub symbol table, 0.0229176 secs]2026-05-27T22:17:28.497+0800: 5750.932: [scrub string table, 0.0016097 secs][1 CMS-remark: 85004K(131072K)] 142285K(249088K), 0.0942752 secs] [Times: user=0.09 sys=0.00, real=0.10 secs] 
2026-05-27T22:17:28.501+0800: 5750.936: [CMS-concurrent-sweep-start]
2026-05-27T22:17:28.515+0800: 5750.949: [CMS-concurrent-sweep: 0.013/0.013 secs] [Times: user=0.01 sys=0.00, real=0.01 secs] 
2026-05-27T22:17:28.515+0800: 5750.950: [CMS-concurrent-reset-start]
2026-05-27T22:17:28.516+0800: 5750.950: [CMS-concurrent-reset: 0.000/0.000 secs] [Times: user=0.01 sys=0.00, real=0.00 secs] 
2026-05-27T22:17:30.516+0800: 5752.950: [GC (CMS Initial Mark) [1 CMS-initial-mark: 85004K(131072K)] 142335K(249088K), 0.0364143 secs] [Times: user=0.04 sys=0.00, real=0.04 secs] 
2026-05-27T22:17:30.554+0800: 5752.988: [CMS-concurrent-mark-start]
2026-05-27T22:17:30.616+0800: 5753.050: [CMS-concurrent-mark: 0.062/0.062 secs] [Times: user=0.06 sys=0.00, real=0.06 secs] 
2026-05-27T22:17:30.617+0800: 5753.051: [CMS-concurrent-preclean-start]
2026-05-27T22:17:30.619+0800: 5753.053: [CMS-concurrent-preclean: 0.002/0.002 secs] [Times: user=0.00 sys=0.00, real=0.01 secs] 
2026-05-27T22:17:30.620+0800: 5753.054: [CMS-concurrent-abortable-preclean-start]
 CMS: abort preclean due to time 2026-05-27T22:17:35.660+0800: 5758.094: [CMS-concurrent-abortable-preclean: 0.633/5.040 secs] [Times: user=0.68 sys=0.02, real=5.04 secs] 
2026-05-27T22:17:35.661+0800: 5758.096: [GC (CMS Final Remark) [YG occupancy: 57705 K (118016 K)]2026-05-27T22:17:35.662+0800: 5758.096: [Rescan (non-parallel) 2026-05-27T22:17:35.662+0800: 5758.097: [grey object rescan, 0.0003938 secs]2026-05-27T22:17:35.663+0800: 5758.097: [root rescan, 0.0404403 secs]2026-05-27T22:17:35.704+0800: 5758.138: [visit unhandled CLDs, 0.0003890 secs]2026-05-27T22:17:35.705+0800: 5758.139: [dirty klass scan, 0.0022669 secs], 0.0456140 secs]2026-05-27T22:17:35.708+0800: 5758.142: [weak refs processing, 0.0004034 secs]2026-05-27T22:17:35.709+0800: 5758.143: [class unloading, 0.0172052 secs]2026-05-27T22:17:35.727+0800: 5758.161: [scrub symbol table, 0.0273998 secs]2026-05-27T22:17:35.754+0800: 5758.189: [scrub string table, 0.0009021 secs][1 CMS-remark: 85004K(131072K)] 142709K(249088K), 0.0946197 secs] [Times: user=0.09 sys=0.00, real=0.09 secs] 
2026-05-27T22:17:35.757+0800: 5758.191: [CMS-concurrent-sweep-start]
2026-05-27T22:17:35.770+0800: 5758.204: [CMS-concurrent-sweep: 0.013/0.013 secs] [Times: user=0.01 sys=0.00, real=0.02 secs] 
2026-05-27T22:17:35.771+0800: 5758.205: [CMS-concurrent-reset-start]
2026-05-27T22:17:35.771+0800: 5758.205: [CMS-concurrent-reset: 0.000/0.000 secs] [Times: user=0.00 sys=0.00, real=0.00 secs] 
2026-05-27T22:17:37.772+0800: 5760.207: [GC (CMS Initial Mark) [1 CMS-initial-mark: 85004K(131072K)] 142863K(249088K), 0.0532918 secs] [Times: user=0.05 sys=0.00, real=0.05 secs] 
2026-05-27T22:17:37.827+0800: 5760.261: [CMS-concurrent-mark-start]
2026-05-27T22:17:37.893+0800: 5760.327: [CMS-concurrent-mark: 0.066/0.066 secs] [Times: user=0.07 sys=0.00, real=0.07 secs] 
2026-05-27T22:17:37.893+0800: 5760.328: [CMS-concurrent-preclean-start]
2026-05-27T22:17:37.896+0800: 5760.330: [CMS-concurrent-preclean: 0.002/0.002 secs] [Times: user=0.00 sys=0.00, real=0.00 secs] 
2026-05-27T22:17:37.897+0800: 5760.331: [CMS-concurrent-abortable-preclean-start]
 CMS: abort preclean due to time 2026-05-27T22:17:42.976+0800: 5765.410: [CMS-concurrent-abortable-preclean: 0.671/5.080 secs] [Times: user=0.73 sys=0.01, real=5.08 secs] 
2026-05-27T22:17:42.978+0800: 5765.412: [GC (CMS Final Remark) [YG occupancy: 58283 K (118016 K)]2026-05-27T22:17:42.979+0800: 5765.413: [Rescan (non-parallel) 2026-05-27T22:17:42.979+0800: 5765.413: [grey object rescan, 0.0004235 secs]2026-05-27T22:17:42.980+0800: 5765.414: [root rescan, 0.0335341 secs]2026-05-27T22:17:43.014+0800: 5765.448: [visit unhandled CLDs, 0.0004128 secs]2026-05-27T22:17:43.014+0800: 5765.449: [dirty klass scan, 0.0025693 secs], 0.0387641 secs]2026-05-27T22:17:43.018+0800: 5765.452: [weak refs processing, 0.0004555 secs]2026-05-27T22:17:43.018+0800: 5765.453: [class unloading, 0.0194570 secs]2026-05-27T22:17:43.038+0800: 5765.473: [scrub symbol table, 0.0237220 secs]2026-05-27T22:17:43.062+0800: 5765.497: [scrub string table, 0.0010184 secs][1 CMS-remark: 85004K(131072K)] 143287K(249088K), 0.0862825 secs] [Times: user=0.07 sys=0.00, real=0.08 secs] 
2026-05-27T22:17:43.066+0800: 5765.500: [CMS-concurrent-sweep-start]
2026-05-27T22:17:43.081+0800: 5765.515: [CMS-concurrent-sweep: 0.016/0.016 secs] [Times: user=0.02 sys=0.00, real=0.02 secs] 
2026-05-27T22:17:43.082+0800: 5765.516: [CMS-concurrent-reset-start]
2026-05-27T22:17:43.082+0800: 5765.517: [CMS-concurrent-reset: 0.000/0.000 secs] [Times: user=0.00 sys=0.00, real=0.00 secs] 
2026-05-27T22:17:45.081+0800: 5767.518: [GC (CMS Initial Mark) [1 CMS-initial-mark: 85004K(131072K)] 143532K(249088K), 0.0820284 secs] [Times: user=0.08 sys=0.00, real=0.09 secs] 
2026-05-27T22:17:45.174+0800: 5767.610: [CMS-concurrent-mark-start]
2026-05-27T22:17:45.280+0800: 5767.717: [CMS-concurrent-mark: 0.107/0.107 secs] [Times: user=0.11 sys=0.00, real=0.11 secs] 
2026-05-27T22:17:45.281+0800: 5767.718: [CMS-concurrent-preclean-start]
2026-05-27T22:17:45.284+0800: 5767.721: [CMS-concurrent-preclean: 0.003/0.003 secs] [Times: user=0.00 sys=0.00, real=0.00 secs] 
2026-05-27T22:17:45.284+0800: 5767.721: [CMS-concurrent-abortable-preclean-start]
 CMS: abort preclean due to time 2026-05-27T22:17:50.397+0800: 5772.834: [CMS-concurrent-abortable-preclean: 0.705/5.113 secs] [Times: user=0.77 sys=0.00, real=5.12 secs] 
2026-05-27T22:17:50.399+0800: 5772.836: [GC (CMS Final Remark) [YG occupancy: 58793 K (118016 K)]2026-05-27T22:17:50.399+0800: 5772.836: [Rescan (non-parallel) 2026-05-27T22:17:50.400+0800: 5772.837: [grey object rescan, 0.0006474 secs]2026-05-27T22:17:50.401+0800: 5772.838: [root rescan, 0.0347027 secs]2026-05-27T22:17:50.436+0800: 5772.873: [visit unhandled CLDs, 0.0005084 secs]2026-05-27T22:17:50.437+0800: 5772.874: [dirty klass scan, 0.0020669 secs], 0.0401803 secs]2026-05-27T22:17:50.440+0800: 5772.877: [weak refs processing, 0.0003640 secs]2026-05-27T22:17:50.441+0800: 5772.877: [class unloading, 0.0153382 secs]2026-05-27T22:17:50.457+0800: 5772.893: [scrub symbol table, 0.0228179 secs]2026-05-27T22:17:50.480+0800: 5772.917: [scrub string table, 0.0009251 secs][1 CMS-remark: 85004K(131072K)] 143798K(249088K), 0.0826484 secs] [Times: user=0.08 sys=0.00, real=0.08 secs] 
2026-05-27T22:17:50.483+0800: 5772.920: [CMS-concurrent-sweep-start]
2026-05-27T22:17:50.496+0800: 5772.932: [CMS-concurrent-sweep: 0.012/0.012 secs] [Times: user=0.01 sys=0.00, real=0.02 secs] 
2026-05-27T22:17:50.496+0800: 5772.933: [CMS-concurrent-reset-start]
2026-05-27T22:17:50.496+0800: 5772.933: [CMS-concurrent-reset: 0.000/0.000 secs] [Times: user=0.00 sys=0.00, real=0.00 secs] 
2026-05-27T22:17:52.498+0800: 5774.935: [GC (CMS Initial Mark) [1 CMS-initial-mark: 85004K(131072K)] 143866K(249088K), 0.0508102 secs] [Times: user=0.05 sys=0.00, real=0.05 secs] 
2026-05-27T22:17:52.550+0800: 5774.987: [CMS-concurrent-mark-start]
2026-05-27T22:17:52.629+0800: 5775.066: [CMS-concurrent-mark: 0.079/0.079 secs] [Times: user=0.08 sys=0.00, real=0.08 secs] 
2026-05-27T22:17:52.630+0800: 5775.067: [CMS-concurrent-preclean-start]
2026-05-27T22:17:52.633+0800: 5775.070: [CMS-concurrent-preclean: 0.003/0.003 secs] [Times: user=0.01 sys=0.00, real=0.00 secs] 
2026-05-27T22:17:52.634+0800: 5775.070: [CMS-concurrent-abortable-preclean-start]
 CMS: abort preclean due to time 2026-05-27T22:17:57.710+0800: 5780.147: [CMS-concurrent-abortable-preclean: 0.672/5.076 secs] [Times: user=0.74 sys=0.01, real=5.08 secs] 
2026-05-27T22:17:57.712+0800: 5780.149: [GC (CMS Final Remark) [YG occupancy: 59112 K (118016 K)]2026-05-27T22:17:57.712+0800: 5780.149: [Rescan (non-parallel) 2026-05-27T22:17:57.713+0800: 5780.150: [grey object rescan, 0.0004309 secs]2026-05-27T22:17:57.713+0800: 5780.150: [root rescan, 0.0344883 secs]2026-05-27T22:17:57.748+0800: 5780.185: [visit unhandled CLDs, 0.0003503 secs]2026-05-27T22:17:57.749+0800: 5780.186: [dirty klass scan, 0.0024011 secs], 0.0398729 secs]2026-05-27T22:17:57.753+0800: 5780.190: [weak refs processing, 0.0003545 secs]2026-05-27T22:17:57.753+0800: 5780.190: [class unloading, 0.0155698 secs]2026-05-27T22:17:57.770+0800: 5780.206: [scrub symbol table, 0.0225652 secs]2026-05-27T22:17:57.793+0800: 5780.230: [scrub string table, 0.0013467 secs][1 CMS-remark: 85004K(131072K)] 144116K(249088K), 0.0828043 secs] [Times: user=0.07 sys=0.01, real=0.09 secs] 
2026-05-27T22:17:57.796+0800: 5780.233: [CMS-concurrent-sweep-start]
2026-05-27T22:17:57.809+0800: 5780.245: [CMS-concurrent-sweep: 0.012/0.012 secs] [Times: user=0.01 sys=0.00, real=0.01 secs] 
2026-05-27T22:17:57.809+0800: 5780.246: [CMS-concurrent-reset-start]
2026-05-27T22:17:57.809+0800: 5780.246: [CMS-concurrent-reset: 0.000/0.000 secs] [Times: user=0.00 sys=0.00, real=0.00 secs] 
2026-05-27T22:17:59.810+0800: 5782.247: [GC (CMS Initial Mark) [1 CMS-initial-mark: 85004K(131072K)] 144140K(249088K), 0.0347743 secs] [Times: user=0.03 sys=0.00, real=0.03 secs] 
2026-05-27T22:17:59.846+0800: 5782.283: [CMS-concurrent-mark-start]
2026-05-27T22:17:59.902+0800: 5782.339: [CMS-concurrent-mark: 0.056/0.056 secs] [Times: user=0.06 sys=0.00, real=0.06 secs] 
2026-05-27T22:17:59.903+0800: 5782.340: [CMS-concurrent-preclean-start]
2026-05-27T22:17:59.905+0800: 5782.342: [CMS-concurrent-preclean: 0.003/0.003 secs] [Times: user=0.00 sys=0.00, real=0.00 secs] 
2026-05-27T22:17:59.906+0800: 5782.343: [CMS-concurrent-abortable-preclean-start]
 CMS: abort preclean due to time 2026-05-27T22:18:05.017+0800: 5787.454: [CMS-concurrent-abortable-preclean: 0.695/5.111 secs] [Times: user=0.77 sys=0.00, real=5.12 secs] 
2026-05-27T22:18:05.019+0800: 5787.456: [GC (CMS Final Remark) [YG occupancy: 59693 K (118016 K)]2026-05-27T22:18:05.020+0800: 5787.456: [Rescan (non-parallel) 2026-05-27T22:18:05.020+0800: 5787.457: [grey object rescan, 0.0004864 secs]2026-05-27T22:18:05.021+0800: 5787.458: [root rescan, 0.0358099 secs]2026-05-27T22:18:05.057+0800: 5787.494: [visit unhandled CLDs, 0.0005643 secs]2026-05-27T22:18:05.058+0800: 5787.495: [dirty klass scan, 0.0020247 secs], 0.0409657 secs]2026-05-27T22:18:05.061+0800: 5787.498: [weak refs processing, 0.0003477 secs]2026-05-27T22:18:05.061+0800: 5787.498: [class unloading, 0.0158962 secs]2026-05-27T22:18:05.078+0800: 5787.515: [scrub symbol table, 0.0236796 secs]2026-05-27T22:18:05.102+0800: 5787.539: [scrub string table, 0.0009219 secs][1 CMS-remark: 85004K(131072K)] 144697K(249088K), 0.0849223 secs] [Times: user=0.08 sys=0.00, real=0.08 secs] 
2026-05-27T22:18:05.105+0800: 5787.542: [CMS-concurrent-sweep-start]
2026-05-27T22:18:05.117+0800: 5787.554: [CMS-concurrent-sweep: 0.012/0.012 secs] [Times: user=0.02 sys=0.00, real=0.02 secs] 
2026-05-27T22:18:05.118+0800: 5787.555: [CMS-concurrent-reset-start]
2026-05-27T22:18:05.118+0800: 5787.555: [CMS-concurrent-reset: 0.000/0.000 secs] [Times: user=0.00 sys=0.00, real=0.00 secs] 
2026-05-27T22:18:07.120+0800: 5789.556: [GC (CMS Initial Mark) [1 CMS-initial-mark: 85004K(131072K)] 144862K(249088K), 0.0474131 secs] [Times: user=0.05 sys=0.00, real=0.05 secs] 
2026-05-27T22:18:07.168+0800: 5789.605: [CMS-concurrent-mark-start]
2026-05-27T22:18:07.239+0800: 5789.676: [CMS-concurrent-mark: 0.070/0.070 secs] [Times: user=0.07 sys=0.00, real=0.07 secs] 
2026-05-27T22:18:07.240+0800: 5789.676: [CMS-concurrent-preclean-start]
2026-05-27T22:18:07.242+0800: 5789.679: [CMS-concurrent-preclean: 0.002/0.002 secs] [Times: user=0.00 sys=0.00, real=0.00 secs] 
2026-05-27T22:18:07.243+0800: 5789.680: [CMS-concurrent-abortable-preclean-start]
 CMS: abort preclean due to time 2026-05-27T22:18:12.339+0800: 5794.776: [CMS-concurrent-abortable-preclean: 0.688/5.097 secs] [Times: user=0.76 sys=0.00, real=5.10 secs] 
2026-05-27T22:18:12.341+0800: 5794.778: [GC (CMS Final Remark) [YG occupancy: 60157 K (118016 K)]2026-05-27T22:18:12.342+0800: 5794.778: [Rescan (non-parallel) 2026-05-27T22:18:12.342+0800: 5794.779: [grey object rescan, 0.0009152 secs]2026-05-27T22:18:12.343+0800: 5794.780: [root rescan, 0.0379507 secs]2026-05-27T22:18:12.382+0800: 5794.819: [visit unhandled CLDs, 0.0004168 secs]2026-05-27T22:18:12.383+0800: 5794.819: [dirty klass scan, 0.0022746 secs], 0.0436961 secs]2026-05-27T22:18:12.386+0800: 5794.822: [weak refs processing, 0.0003045 secs]2026-05-27T22:18:12.386+0800: 5794.823: [class unloading, 0.0159496 secs]2026-05-27T22:18:12.403+0800: 5794.840: [scrub symbol table, 0.0214147 secs]2026-05-27T22:18:12.425+0800: 5794.861: [scrub string table, 0.0010552 secs][1 CMS-remark: 85004K(131072K)] 145161K(249088K), 0.0854329 secs] [Times: user=0.08 sys=0.00, real=0.09 secs] 
2026-05-27T22:18:12.428+0800: 5794.864: [CMS-concurrent-sweep-start]
2026-05-27T22:18:12.439+0800: 5794.876: [CMS-concurrent-sweep: 0.011/0.011 secs] [Times: user=0.01 sys=0.00, real=0.01 secs] 
2026-05-27T22:18:12.440+0800: 5794.877: [CMS-concurrent-reset-start]
2026-05-27T22:18:12.440+0800: 5794.877: [CMS-concurrent-reset: 0.000/0.000 secs] [Times: user=0.00 sys=0.00, real=0.00 secs] 
2026-05-27T22:18:14.440+0800: 5796.879: [GC (CMS Initial Mark) [1 CMS-initial-mark: 85004K(131072K)] 145209K(249088K), 0.0488005 secs] [Times: user=0.04 sys=0.01, real=0.05 secs] 
2026-05-27T22:18:14.491+0800: 5796.929: [CMS-concurrent-mark-start]
2026-05-27T22:18:14.560+0800: 5796.999: [CMS-concurrent-mark: 0.070/0.070 secs] [Times: user=0.07 sys=0.00, real=0.07 secs] 
2026-05-27T22:18:14.561+0800: 5797.000: [CMS-concurrent-preclean-start]
2026-05-27T22:18:14.565+0800: 5797.003: [CMS-concurrent-preclean: 0.003/0.003 secs] [Times: user=0.01 sys=0.00, real=0.00 secs] 
2026-05-27T22:18:14.565+0800: 5797.004: [CMS-concurrent-abortable-preclean-start]
 CMS: abort preclean due to time 2026-05-27T22:18:19.661+0800: 5802.100: [CMS-concurrent-abortable-preclean: 0.688/5.096 secs] [Times: user=0.78 sys=0.00, real=5.09 secs] 
2026-05-27T22:18:19.663+0800: 5802.102: [GC (CMS Final Remark) [YG occupancy: 60475 K (118016 K)]2026-05-27T22:18:19.664+0800: 5802.102: [Rescan (non-parallel) 2026-05-27T22:18:19.664+0800: 5802.103: [grey object rescan, 0.0006503 secs]2026-05-27T22:18:19.665+0800: 5802.104: [root rescan, 0.0364392 secs]2026-05-27T22:18:19.702+0800: 5802.141: [visit unhandled CLDs, 0.0005215 secs]2026-05-27T22:18:19.703+0800: 5802.142: [dirty klass scan, 0.0020486 secs], 0.0417321 secs]2026-05-27T22:18:19.706+0800: 5802.144: [weak refs processing, 0.0003940 secs]2026-05-27T22:18:19.706+0800: 5802.145: [class unloading, 0.0158678 secs]2026-05-27T22:18:19.723+0800: 5802.161: [scrub symbol table, 0.0234835 secs]2026-05-27T22:18:19.747+0800: 5802.186: [scrub string table, 0.0011984 secs][1 CMS-remark: 85004K(131072K)] 145479K(249088K), 0.0858186 secs] [Times: user=0.07 sys=0.00, real=0.09 secs] 
2026-05-27T22:18:19.750+0800: 5802.189: [CMS-concurrent-sweep-start]
2026-05-27T22:18:19.763+0800: 5802.202: [CMS-concurrent-sweep: 0.013/0.013 secs] [Times: user=0.01 sys=0.00, real=0.01 secs] 
2026-05-27T22:18:19.764+0800: 5802.202: [CMS-concurrent-reset-start]
2026-05-27T22:18:19.764+0800: 5802.203: [CMS-concurrent-reset: 0.000/0.000 secs] [Times: user=0.00 sys=0.00, real=0.00 secs] 
2026-05-27T22:18:21.764+0800: 5804.203: [GC (CMS Initial Mark) [1 CMS-initial-mark: 85004K(131072K)] 145621K(249088K), 0.0397336 secs] [Times: user=0.04 sys=0.00, real=0.05 secs] 
2026-05-27T22:18:21.806+0800: 5804.244: [CMS-concurrent-mark-start]
2026-05-27T22:18:21.866+0800: 5804.305: [CMS-concurrent-mark: 0.060/0.060 secs] [Times: user=0.06 sys=0.00, real=0.06 secs] 
2026-05-27T22:18:21.867+0800: 5804.306: [CMS-concurrent-preclean-start]
2026-05-27T22:18:21.870+0800: 5804.308: [CMS-concurrent-preclean: 0.003/0.003 secs] [Times: user=0.00 sys=0.00, real=0.00 secs] 
2026-05-27T22:18:21.870+0800: 5804.309: [CMS-concurrent-abortable-preclean-start]
 CMS: abort preclean due to time 2026-05-27T22:18:26.980+0800: 5809.419: [CMS-concurrent-abortable-preclean: 0.701/5.110 secs] [Times: user=0.76 sys=0.02, real=5.11 secs] 
2026-05-27T22:18:26.982+0800: 5809.421: [GC (CMS Final Remark) [YG occupancy: 61022 K (118016 K)]2026-05-27T22:18:26.983+0800: 5809.421: [Rescan (non-parallel) 2026-05-27T22:18:26.983+0800: 5809.422: [grey object rescan, 0.0003345 secs]2026-05-27T22:18:26.983+0800: 5809.422: [root rescan, 0.0404222 secs]2026-05-27T22:18:27.024+0800: 5809.463: [visit unhandled CLDs, 0.0003605 secs]2026-05-27T22:18:27.025+0800: 5809.464: [dirty klass scan, 0.0023338 secs], 0.0452177 secs]2026-05-27T22:18:27.028+0800: 5809.467: [weak refs processing, 0.0003931 secs]2026-05-27T22:18:27.029+0800: 5809.467: [class unloading, 0.0171571 secs]2026-05-27T22:18:27.046+0800: 5809.485: [scrub symbol table, 0.0258994 secs]2026-05-27T22:18:27.073+0800: 5809.512: [scrub string table, 0.0010561 secs][1 CMS-remark: 85004K(131072K)] 146026K(249088K), 0.0927589 secs] [Times: user=0.08 sys=0.00, real=0.10 secs] 
2026-05-27T22:18:27.076+0800: 5809.515: [CMS-concurrent-sweep-start]
2026-05-27T22:18:27.091+0800: 5809.530: [CMS-concurrent-sweep: 0.015/0.015 secs] [Times: user=0.02 sys=0.00, real=0.01 secs] 
2026-05-27T22:18:27.092+0800: 5809.531: [CMS-concurrent-reset-start]
2026-05-27T22:18:27.092+0800: 5809.531: [CMS-concurrent-reset: 0.000/0.000 secs] [Times: user=0.00 sys=0.00, real=0.00 secs] 
2026-05-27T22:18:29.093+0800: 5811.532: [GC (CMS Initial Mark) [1 CMS-initial-mark: 85004K(131072K)] 146841K(249088K), 0.0403592 secs] [Times: user=0.04 sys=0.00, real=0.04 secs] 
2026-05-27T22:18:29.135+0800: 5811.574: [CMS-concurrent-mark-start]
2026-05-27T22:18:29.189+0800: 5811.628: [CMS-concurrent-mark: 0.054/0.054 secs] [Times: user=0.05 sys=0.00, real=0.05 secs] 
2026-05-27T22:18:29.190+0800: 5811.629: [CMS-concurrent-preclean-start]
2026-05-27T22:18:29.192+0800: 5811.631: [CMS-concurrent-preclean: 0.002/0.002 secs] [Times: user=0.01 sys=0.00, real=0.00 secs] 
2026-05-27T22:18:29.193+0800: 5811.632: [CMS-concurrent-abortable-preclean-start]
 CMS: abort preclean due to time 2026-05-27T22:18:34.307+0800: 5816.746: [CMS-concurrent-abortable-preclean: 0.692/5.114 secs] [Times: user=0.79 sys=0.03, real=5.11 secs] 
2026-05-27T22:18:34.309+0800: 5816.748: [GC (CMS Final Remark) [YG occupancy: 62117 K (118016 K)]2026-05-27T22:18:34.310+0800: 5816.748: [Rescan (non-parallel) 2026-05-27T22:18:34.310+0800: 5816.749: [grey object rescan, 0.0004101 secs]2026-05-27T22:18:34.311+0800: 5816.749: [root rescan, 0.0373356 secs]2026-05-27T22:18:34.348+0800: 5816.787: [visit unhandled CLDs, 0.0002572 secs]2026-05-27T22:18:34.349+0800: 5816.788: [dirty klass scan, 0.0018650 secs], 0.0419247 secs]2026-05-27T22:18:34.352+0800: 5816.791: [weak refs processing, 0.0003886 secs]2026-05-27T22:18:34.353+0800: 5816.791: [class unloading, 0.0160265 secs]2026-05-27T22:18:34.369+0800: 5816.808: [scrub symbol table, 0.0223807 secs]2026-05-27T22:18:34.392+0800: 5816.831: [scrub string table, 0.0017866 secs][1 CMS-remark: 85004K(131072K)] 147121K(249088K), 0.0861718 secs] [Times: user=0.08 sys=0.00, real=0.09 secs] 
2026-05-27T22:18:34.397+0800: 5816.836: [CMS-concurrent-sweep-start]
2026-05-27T22:18:34.409+0800: 5816.847: [CMS-concurrent-sweep: 0.012/0.012 secs] [Times: user=0.01 sys=0.00, real=0.01 secs] 
2026-05-27T22:18:34.409+0800: 5816.848: [CMS-concurrent-reset-start]
2026-05-27T22:18:34.410+0800: 5816.848: [CMS-concurrent-reset: 0.000/0.000 secs] [Times: user=0.00 sys=0.00, real=0.00 secs] 
2026-05-27T22:18:36.411+0800: 5818.849: [GC (CMS Initial Mark) [1 CMS-initial-mark: 85004K(131072K)] 147294K(249088K), 0.0375835 secs] [Times: user=0.04 sys=0.00, real=0.04 secs] 
2026-05-27T22:18:36.449+0800: 5818.888: [CMS-concurrent-mark-start]
2026-05-27T22:18:36.506+0800: 5818.944: [CMS-concurrent-mark: 0.056/0.056 secs] [Times: user=0.05 sys=0.00, real=0.06 secs] 
2026-05-27T22:18:36.506+0800: 5818.945: [CMS-concurrent-preclean-start]
2026-05-27T22:18:36.509+0800: 5818.948: [CMS-concurrent-preclean: 0.003/0.003 secs] [Times: user=0.01 sys=0.00, real=0.00 secs] 
2026-05-27T22:18:36.510+0800: 5818.948: [CMS-concurrent-abortable-preclean-start]
 CMS: abort preclean due to time 2026-05-27T22:18:41.555+0800: 5823.993: [CMS-concurrent-abortable-preclean: 0.663/5.045 secs] [Times: user=0.74 sys=0.02, real=5.05 secs] 
2026-05-27T22:18:41.556+0800: 5823.995: [GC (CMS Final Remark) [YG occupancy: 62378 K (118016 K)]2026-05-27T22:18:41.557+0800: 5823.996: [Rescan (non-parallel) 2026-05-27T22:18:41.557+0800: 5823.996: [grey object rescan, 0.0004182 secs]2026-05-27T22:18:41.558+0800: 5823.997: [root rescan, 0.0542058 secs]2026-05-27T22:18:41.613+0800: 5824.052: [visit unhandled CLDs, 0.0005396 secs]2026-05-27T22:18:41.614+0800: 5824.053: [dirty klass scan, 0.0024795 secs], 0.0596757 secs]2026-05-27T22:18:41.617+0800: 5824.056: [weak refs processing, 0.0004156 secs]2026-05-27T22:18:41.618+0800: 5824.057: [class unloading, 0.0187182 secs]2026-05-27T22:18:41.637+0800: 5824.076: [scrub symbol table, 0.0270214 secs]2026-05-27T22:18:41.665+0800: 5824.104: [scrub string table, 0.0012191 secs][1 CMS-remark: 85004K(131072K)] 147382K(249088K), 0.1108990 secs] [Times: user=0.10 sys=0.00, real=0.11 secs] 
2026-05-27T22:18:41.668+0800: 5824.107: [CMS-concurrent-sweep-start]
2026-05-27T22:18:41.684+0800: 5824.122: [CMS-concurrent-sweep: 0.015/0.015 secs] [Times: user=0.02 sys=0.00, real=0.01 secs] 
2026-05-27T22:18:41.684+0800: 5824.123: [CMS-concurrent-reset-start]
2026-05-27T22:18:41.685+0800: 5824.123: [CMS-concurrent-reset: 0.000/0.000 secs] [Times: user=0.00 sys=0.00, real=0.00 secs] 
2026-05-27T22:18:43.685+0800: 5826.124: [GC (CMS Initial Mark) [1 CMS-initial-mark: 85004K(131072K)] 147504K(249088K), 0.0865015 secs] [Times: user=0.07 sys=0.00, real=0.08 secs] 
2026-05-27T22:18:43.773+0800: 5826.212: [CMS-concurrent-mark-start]
2026-05-27T22:18:43.866+0800: 5826.305: [CMS-concurrent-mark: 0.093/0.093 secs] [Times: user=0.09 sys=0.00, real=0.09 secs] 
2026-05-27T22:18:43.867+0800: 5826.306: [CMS-concurrent-preclean-start]
2026-05-27T22:18:43.869+0800: 5826.308: [CMS-concurrent-preclean: 0.002/0.003 secs] [Times: user=0.00 sys=0.00, real=0.00 secs] 
2026-05-27T22:18:43.870+0800: 5826.309: [CMS-concurrent-abortable-preclean-start]
 CMS: abort preclean due to time 2026-05-27T22:18:48.881+0800: 5831.321: [CMS-concurrent-abortable-preclean: 0.705/5.012 secs] [Times: user=0.79 sys=0.01, real=5.01 secs] 
2026-05-27T22:18:48.882+0800: 5831.323: [GC (CMS Final Remark) [YG occupancy: 62984 K (118016 K)]2026-05-27T22:18:48.883+0800: 5831.323: [Rescan (non-parallel) 2026-05-27T22:18:48.883+0800: 5831.324: [grey object rescan, 0.0005347 secs]2026-05-27T22:18:48.884+0800: 5831.324: [root rescan, 0.0372823 secs]2026-05-27T22:18:48.922+0800: 5831.362: [visit unhandled CLDs, 0.0003026 secs]2026-05-27T22:18:48.922+0800: 5831.363: [dirty klass scan, 0.0019944 secs], 0.0419980 secs]2026-05-27T22:18:48.925+0800: 5831.366: [weak refs processing, 0.0004823 secs]2026-05-27T22:18:48.926+0800: 5831.367: [class unloading, 0.0155132 secs]2026-05-27T22:18:48.942+0800: 5831.383: [scrub symbol table, 0.0208423 secs]2026-05-27T22:18:48.964+0800: 5831.404: [scrub string table, 0.0009881 secs][1 CMS-remark: 85004K(131072K)] 147988K(249088K), 0.0831585 secs] [Times: user=0.07 sys=0.00, real=0.09 secs] 
2026-05-27T22:18:48.967+0800: 5831.407: [CMS-concurrent-sweep-start]
2026-05-27T22:18:48.979+0800: 5831.419: [CMS-concurrent-sweep: 0.012/0.012 secs] [Times: user=0.01 sys=0.00, real=0.01 secs] 
2026-05-27T22:18:48.979+0800: 5831.420: [CMS-concurrent-reset-start]
2026-05-27T22:18:48.980+0800: 5831.420: [CMS-concurrent-reset: 0.000/0.000 secs] [Times: user=0.00 sys=0.00, real=0.00 secs] 
2026-05-27T22:18:50.980+0800: 5833.421: [GC (CMS Initial Mark) [1 CMS-initial-mark: 85004K(131072K)] 148056K(249088K), 0.0389795 secs] [Times: user=0.04 sys=0.00, real=0.04 secs] 
2026-05-27T22:18:51.020+0800: 5833.461: [CMS-concurrent-mark-start]
2026-05-27T22:18:51.075+0800: 5833.516: [CMS-concurrent-mark: 0.055/0.055 secs] [Times: user=0.06 sys=0.00, real=0.06 secs] 
2026-05-27T22:18:51.076+0800: 5833.516: [CMS-concurrent-preclean-start]
2026-05-27T22:18:51.078+0800: 5833.518: [CMS-concurrent-preclean: 0.002/0.002 secs] [Times: user=0.00 sys=0.00, real=0.00 secs] 
2026-05-27T22:18:51.079+0800: 5833.520: [CMS-concurrent-abortable-preclean-start]
 CMS: abort preclean due to time 2026-05-27T22:18:56.093+0800: 5838.533: [CMS-concurrent-abortable-preclean: 0.761/5.014 secs] [Times: user=0.85 sys=0.01, real=5.02 secs] 
2026-05-27T22:18:56.095+0800: 5838.535: [GC (CMS Final Remark) [YG occupancy: 63189 K (118016 K)]2026-05-27T22:18:56.095+0800: 5838.536: [Rescan (non-parallel) 2026-05-27T22:18:56.096+0800: 5838.536: [grey object rescan, 0.0005824 secs]2026-05-27T22:18:56.097+0800: 5838.537: [root rescan, 0.0517273 secs]2026-05-27T22:18:56.149+0800: 5838.590: [visit unhandled CLDs, 0.0006224 secs]2026-05-27T22:18:56.150+0800: 5838.591: [dirty klass scan, 0.0028209 secs], 0.0586405 secs]2026-05-27T22:18:56.154+0800: 5838.595: [weak refs processing, 0.0004416 secs]2026-05-27T22:18:56.155+0800: 5838.596: [class unloading, 0.0203130 secs]2026-05-27T22:18:56.176+0800: 5838.617: [scrub symbol table, 0.0268261 secs]2026-05-27T22:18:56.204+0800: 5838.644: [scrub string table, 0.0013134 secs][1 CMS-remark: 85004K(131072K)] 148193K(249088K), 0.1112650 secs] [Times: user=0.10 sys=0.00, real=0.11 secs] 
2026-05-27T22:18:56.208+0800: 5838.648: [CMS-concurrent-sweep-start]
2026-05-27T22:18:56.224+0800: 5838.665: [CMS-concurrent-sweep: 0.016/0.016 secs] [Times: user=0.02 sys=0.00, real=0.02 secs] 
2026-05-27T22:18:56.225+0800: 5838.665: [CMS-concurrent-reset-start]
2026-05-27T22:18:56.225+0800: 5838.665: [CMS-concurrent-reset: 0.000/0.000 secs] [Times: user=0.00 sys=0.00, real=0.00 secs] 
2026-05-27T22:18:58.225+0800: 5840.666: [GC (CMS Initial Mark) [1 CMS-initial-mark: 85004K(131072K)] 148461K(249088K), 0.0376114 secs] [Times: user=0.03 sys=0.00, real=0.04 secs] 
2026-05-27T22:18:58.265+0800: 5840.705: [CMS-concurrent-mark-start]
2026-05-27T22:18:58.321+0800: 5840.761: [CMS-concurrent-mark: 0.056/0.056 secs] [Times: user=0.06 sys=0.00, real=0.05 secs] 
2026-05-27T22:18:58.321+0800: 5840.762: [CMS-concurrent-preclean-start]
2026-05-27T22:18:58.323+0800: 5840.764: [CMS-concurrent-preclean: 0.002/0.002 secs] [Times: user=0.01 sys=0.00, real=0.01 secs] 
2026-05-27T22:18:58.324+0800: 5840.765: [CMS-concurrent-abortable-preclean-start]
 CMS: abort preclean due to time 2026-05-27T22:19:03.397+0800: 5845.837: [CMS-concurrent-abortable-preclean: 0.664/5.072 secs] [Times: user=0.72 sys=0.00, real=5.07 secs] 
2026-05-27T22:19:03.408+0800: 5845.849: [GC (CMS Final Remark) [YG occupancy: 63847 K (118016 K)]2026-05-27T22:19:03.409+0800: 5845.849: [Rescan (non-parallel) 2026-05-27T22:19:03.409+0800: 5845.849: [grey object rescan, 0.0003960 secs]2026-05-27T22:19:03.410+0800: 5845.850: [root rescan, 0.0475790 secs]2026-05-27T22:19:03.458+0800: 5845.898: [visit unhandled CLDs, 0.0004389 secs]2026-05-27T22:19:03.459+0800: 5845.899: [dirty klass scan, 0.0021532 secs], 0.0525097 secs]2026-05-27T22:19:03.462+0800: 5845.902: [weak refs processing, 0.0003763 secs]2026-05-27T22:19:03.462+0800: 5845.903: [class unloading, 0.0194922 secs]2026-05-27T22:19:03.490+0800: 5845.930: [scrub symbol table, 0.0834990 secs]2026-05-27T22:19:03.593+0800: 5846.034: [scrub string table, 0.0158525 secs][1 CMS-remark: 85004K(131072K)] 148851K(249088K), 0.2017553 secs] [Times: user=0.14 sys=0.00, real=0.20 secs] 
2026-05-27T22:19:03.611+0800: 5846.052: [CMS-concurrent-sweep-start]
2026-05-27T22:19:03.633+0800: 5846.074: [CMS-concurrent-sweep: 0.022/0.022 secs] [Times: user=0.02 sys=0.00, real=0.02 secs] 
2026-05-27T22:19:03.636+0800: 5846.077: [CMS-concurrent-reset-start]
2026-05-27T22:19:03.636+0800: 5846.077: [CMS-concurrent-reset: 0.000/0.000 secs] [Times: user=0.00 sys=0.00, real=0.00 secs] 
2026-05-27T22:19:05.637+0800: 5848.078: [GC (CMS Initial Mark) [1 CMS-initial-mark: 85004K(131072K)] 149004K(249088K), 0.0532566 secs] [Times: user=0.05 sys=0.00, real=0.06 secs] 
2026-05-27T22:19:05.692+0800: 5848.133: [CMS-concurrent-mark-start]
2026-05-27T22:19:05.775+0800: 5848.215: [CMS-concurrent-mark: 0.082/0.082 secs] [Times: user=0.09 sys=0.00, real=0.08 secs] 
2026-05-27T22:19:05.775+0800: 5848.216: [CMS-concurrent-preclean-start]
2026-05-27T22:19:05.778+0800: 5848.219: [CMS-concurrent-preclean: 0.003/0.003 secs] [Times: user=0.00 sys=0.00, real=0.00 secs] 
2026-05-27T22:19:05.779+0800: 5848.219: [CMS-concurrent-abortable-preclean-start]
 CMS: abort preclean due to time 2026-05-27T22:19:10.889+0800: 5853.330: [CMS-concurrent-abortable-preclean: 0.779/5.111 secs] [Times: user=0.91 sys=0.01, real=5.11 secs] 
2026-05-27T22:19:10.891+0800: 5853.331: [GC (CMS Final Remark) [YG occupancy: 64330 K (118016 K)]2026-05-27T22:19:10.891+0800: 5853.332: [Rescan (non-parallel) 2026-05-27T22:19:10.892+0800: 5853.332: [grey object rescan, 0.0004477 secs]2026-05-27T22:19:10.892+0800: 5853.333: [root rescan, 0.0379441 secs]2026-05-27T22:19:10.931+0800: 5853.371: [visit unhandled CLDs, 0.0005862 secs]2026-05-27T22:19:10.932+0800: 5853.372: [dirty klass scan, 0.0021657 secs], 0.0431026 secs]2026-05-27T22:19:10.935+0800: 5853.375: [weak refs processing, 0.0003830 secs]2026-05-27T22:19:10.935+0800: 5853.376: [class unloading, 0.0182419 secs]2026-05-27T22:19:10.954+0800: 5853.395: [scrub symbol table, 0.0214395 secs]2026-05-27T22:19:10.976+0800: 5853.417: [scrub string table, 0.0011574 secs][1 CMS-remark: 85004K(131072K)] 149334K(249088K), 0.0872268 secs] [Times: user=0.08 sys=0.00, real=0.09 secs] 
2026-05-27T22:19:10.979+0800: 5853.420: [CMS-concurrent-sweep-start]
2026-05-27T22:19:10.991+0800: 5853.432: [CMS-concurrent-sweep: 0.012/0.012 secs] [Times: user=0.01 sys=0.00, real=0.02 secs] 
2026-05-27T22:19:10.992+0800: 5853.432: [CMS-concurrent-reset-start]
2026-05-27T22:19:10.992+0800: 5853.432: [CMS-concurrent-reset: 0.000/0.000 secs] [Times: user=0.00 sys=0.00, real=0.00 secs] 
2026-05-27T22:19:12.993+0800: 5855.434: [GC (CMS Initial Mark) [1 CMS-initial-mark: 85004K(131072K)] 149420K(249088K), 0.0389271 secs] [Times: user=0.04 sys=0.00, real=0.04 secs] 
2026-05-27T22:19:13.034+0800: 5855.474: [CMS-concurrent-mark-start]
2026-05-27T22:19:13.088+0800: 5855.529: [CMS-concurrent-mark: 0.054/0.054 secs] [Times: user=0.05 sys=0.00, real=0.05 secs] 
2026-05-27T22:19:13.089+0800: 5855.529: [CMS-concurrent-preclean-start]
2026-05-27T22:19:13.091+0800: 5855.532: [CMS-concurrent-preclean: 0.002/0.002 secs] [Times: user=0.00 sys=0.00, real=0.01 secs] 
2026-05-27T22:19:13.092+0800: 5855.533: [CMS-concurrent-abortable-preclean-start]
 CMS: abort preclean due to time 2026-05-27T22:19:18.128+0800: 5860.571: [CMS-concurrent-abortable-preclean: 0.730/5.039 secs] [Times: user=0.79 sys=0.00, real=5.04 secs] 
2026-05-27T22:19:18.129+0800: 5860.573: [GC (CMS Final Remark) [YG occupancy: 64620 K (118016 K)]2026-05-27T22:19:18.130+0800: 5860.573: [Rescan (non-parallel) 2026-05-27T22:19:18.130+0800: 5860.574: [grey object rescan, 0.0003559 secs]2026-05-27T22:19:18.131+0800: 5860.574: [root rescan, 0.0464060 secs]2026-05-27T22:19:18.178+0800: 5860.621: [visit unhandled CLDs, 0.0003752 secs]2026-05-27T22:19:18.178+0800: 5860.622: [dirty klass scan, 0.0021100 secs], 0.0511289 secs]2026-05-27T22:19:18.181+0800: 5860.625: [weak refs processing, 0.0004083 secs]2026-05-27T22:19:18.182+0800: 5860.625: [class unloading, 0.0170617 secs]2026-05-27T22:19:18.199+0800: 5860.643: [scrub symbol table, 0.0232842 secs]2026-05-27T22:19:18.223+0800: 5860.667: [scrub string table, 0.0015389 secs][1 CMS-remark: 85004K(131072K)] 149624K(249088K), 0.0962865 secs] [Times: user=0.09 sys=0.00, real=0.09 secs] 
2026-05-27T22:19:18.227+0800: 5860.670: [CMS-concurrent-sweep-start]
2026-05-27T22:19:18.240+0800: 5860.684: [CMS-concurrent-sweep: 0.013/0.013 secs] [Times: user=0.01 sys=0.00, real=0.02 secs] 
2026-05-27T22:19:18.241+0800: 5860.685: [CMS-concurrent-reset-start]
2026-05-27T22:19:18.241+0800: 5860.685: [CMS-concurrent-reset: 0.000/0.000 secs] [Times: user=0.00 sys=0.00, real=0.00 secs] 
2026-05-27T22:19:20.242+0800: 5862.685: [GC (CMS Initial Mark) [1 CMS-initial-mark: 85004K(131072K)] 149777K(249088K), 0.0409520 secs] [Times: user=0.04 sys=0.00, real=0.04 secs] 
2026-05-27T22:19:20.284+0800: 5862.728: [CMS-concurrent-mark-start]
2026-05-27T22:19:20.345+0800: 5862.789: [CMS-concurrent-mark: 0.061/0.061 secs] [Times: user=0.06 sys=0.00, real=0.06 secs] 
2026-05-27T22:19:20.346+0800: 5862.790: [CMS-concurrent-preclean-start]
2026-05-27T22:19:20.348+0800: 5862.792: [CMS-concurrent-preclean: 0.002/0.002 secs] [Times: user=0.01 sys=0.00, real=0.01 secs] 
2026-05-27T22:19:20.349+0800: 5862.793: [CMS-concurrent-abortable-preclean-start]
 CMS: abort preclean due to time 2026-05-27T22:19:25.398+0800: 5867.841: [CMS-concurrent-abortable-preclean: 0.640/5.049 secs] [Times: user=0.69 sys=0.00, real=5.04 secs] 
2026-05-27T22:19:25.399+0800: 5867.843: [GC (CMS Final Remark) [YG occupancy: 64994 K (118016 K)]2026-05-27T22:19:25.400+0800: 5867.843: [Rescan (non-parallel) 2026-05-27T22:19:25.400+0800: 5867.844: [grey object rescan, 0.0005617 secs]2026-05-27T22:19:25.401+0800: 5867.845: [root rescan, 0.0385343 secs]2026-05-27T22:19:25.440+0800: 5867.884: [visit unhandled CLDs, 0.0005447 secs]2026-05-27T22:19:25.441+0800: 5867.885: [dirty klass scan, 0.0020219 secs], 0.0439930 secs]2026-05-27T22:19:25.444+0800: 5867.888: [weak refs processing, 0.0003491 secs]2026-05-27T22:19:25.445+0800: 5867.888: [class unloading, 0.0149609 secs]2026-05-27T22:19:25.460+0800: 5867.904: [scrub symbol table, 0.0213623 secs]2026-05-27T22:19:25.482+0800: 5867.926: [scrub string table, 0.0013785 secs][1 CMS-remark: 85004K(131072K)] 149998K(249088K), 0.0853223 secs] [Times: user=0.08 sys=0.00, real=0.09 secs] 
2026-05-27T22:19:25.486+0800: 5867.929: [CMS-concurrent-sweep-start]
2026-05-27T22:19:25.498+0800: 5867.942: [CMS-concurrent-sweep: 0.012/0.012 secs] [Times: user=0.02 sys=0.00, real=0.01 secs] 
2026-05-27T22:19:25.499+0800: 5867.942: [CMS-concurrent-reset-start]
2026-05-27T22:19:25.499+0800: 5867.943: [CMS-concurrent-reset: 0.000/0.000 secs] [Times: user=0.00 sys=0.00, real=0.00 secs] 
2026-05-27T22:19:27.500+0800: 5869.944: [GC (CMS Initial Mark) [1 CMS-initial-mark: 85004K(131072K)] 150430K(249088K), 0.0423097 secs] [Times: user=0.04 sys=0.00, real=0.04 secs] 
2026-05-27T22:19:27.544+0800: 5869.988: [CMS-concurrent-mark-start]
2026-05-27T22:19:27.602+0800: 5870.045: [CMS-concurrent-mark: 0.058/0.058 secs] [Times: user=0.06 sys=0.00, real=0.06 secs] 
2026-05-27T22:19:27.603+0800: 5870.046: [CMS-concurrent-preclean-start]
2026-05-27T22:19:27.605+0800: 5870.049: [CMS-concurrent-preclean: 0.003/0.003 secs] [Times: user=0.00 sys=0.00, real=0.00 secs] 
2026-05-27T22:19:27.606+0800: 5870.049: [CMS-concurrent-abortable-preclean-start]
 CMS: abort preclean due to time 2026-05-27T22:19:32.635+0800: 5875.078: [CMS-concurrent-abortable-preclean: 0.717/5.029 secs] [Times: user=0.77 sys=0.01, real=5.03 secs] 
2026-05-27T22:19:32.636+0800: 5875.080: [GC (CMS Final Remark) [YG occupancy: 65780 K (118016 K)]2026-05-27T22:19:32.637+0800: 5875.080: [Rescan (non-parallel) 2026-05-27T22:19:32.637+0800: 5875.081: [grey object rescan, 0.0004640 secs]2026-05-27T22:19:32.638+0800: 5875.082: [root rescan, 0.0394897 secs]2026-05-27T22:19:32.678+0800: 5875.122: [visit unhandled CLDs, 0.0004886 secs]2026-05-27T22:19:32.679+0800: 5875.122: [dirty klass scan, 0.0020691 secs], 0.0445132 secs]2026-05-27T22:19:32.682+0800: 5875.125: [weak refs processing, 0.0004735 secs]2026-05-27T22:19:32.683+0800: 5875.126: [class unloading, 0.0154031 secs]2026-05-27T22:19:32.699+0800: 5875.142: [scrub symbol table, 0.0244751 secs]2026-05-27T22:19:32.724+0800: 5875.167: [scrub string table, 0.0010368 secs][1 CMS-remark: 85004K(131072K)] 150784K(249088K), 0.0893897 secs] [Times: user=0.09 sys=0.00, real=0.09 secs] 
2026-05-27T22:19:32.727+0800: 5875.170: [CMS-concurrent-sweep-start]
2026-05-27T22:19:32.739+0800: 5875.183: [CMS-concurrent-sweep: 0.013/0.013 secs] [Times: user=0.01 sys=0.00, real=0.01 secs] 
2026-05-27T22:19:32.740+0800: 5875.184: [CMS-concurrent-reset-start]
2026-05-27T22:19:32.740+0800: 5875.184: [CMS-concurrent-reset: 0.000/0.000 secs] [Times: user=0.00 sys=0.00, real=0.00 secs] 
2026-05-27T22:19:34.741+0800: 5877.185: [GC (CMS Initial Mark) [1 CMS-initial-mark: 85004K(131072K)] 150868K(249088K), 0.0396935 secs] [Times: user=0.04 sys=0.00, real=0.04 secs] 
2026-05-27T22:19:34.782+0800: 5877.226: [CMS-concurrent-mark-start]
2026-05-27T22:19:34.837+0800: 5877.281: [CMS-concurrent-mark: 0.055/0.055 secs] [Times: user=0.06 sys=0.00, real=0.05 secs] 
2026-05-27T22:19:34.838+0800: 5877.281: [CMS-concurrent-preclean-start]
2026-05-27T22:19:34.841+0800: 5877.284: [CMS-concurrent-preclean: 0.003/0.003 secs] [Times: user=0.00 sys=0.00, real=0.01 secs] 
2026-05-27T22:19:34.841+0800: 5877.285: [CMS-concurrent-abortable-preclean-start]
 CMS: abort preclean due to time 2026-05-27T22:19:39.887+0800: 5882.331: [CMS-concurrent-abortable-preclean: 0.637/5.046 secs] [Times: user=0.70 sys=0.00, real=5.04 secs] 
2026-05-27T22:19:39.889+0800: 5882.332: [GC (CMS Final Remark) [YG occupancy: 66055 K (118016 K)]2026-05-27T22:19:39.889+0800: 5882.333: [Rescan (non-parallel) 2026-05-27T22:19:39.889+0800: 5882.333: [grey object rescan, 0.0004164 secs]2026-05-27T22:19:39.890+0800: 5882.333: [root rescan, 0.0484222 secs]2026-05-27T22:19:39.939+0800: 5882.382: [visit unhandled CLDs, 0.0003480 secs]2026-05-27T22:19:39.939+0800: 5882.383: [dirty klass scan, 0.0022386 secs], 0.0530853 secs]2026-05-27T22:19:39.942+0800: 5882.386: [weak refs processing, 0.0003752 secs]2026-05-27T22:19:39.943+0800: 5882.387: [class unloading, 0.0182411 secs]2026-05-27T22:19:39.962+0800: 5882.406: [scrub symbol table, 0.0248201 secs]2026-05-27T22:19:39.987+0800: 5882.431: [scrub string table, 0.0010140 secs][1 CMS-remark: 85004K(131072K)] 151059K(249088K), 0.1004884 secs] [Times: user=0.10 sys=0.00, real=0.10 secs] 
2026-05-27T22:19:39.990+0800: 5882.434: [CMS-concurrent-sweep-start]
2026-05-27T22:19:40.005+0800: 5882.448: [CMS-concurrent-sweep: 0.014/0.014 secs] [Times: user=0.01 sys=0.00, real=0.01 secs] 
2026-05-27T22:19:40.005+0800: 5882.449: [CMS-concurrent-reset-start]
2026-05-27T22:19:40.006+0800: 5882.449: [CMS-concurrent-reset: 0.000/0.000 secs] [Times: user=0.00 sys=0.00, real=0.00 secs] 
2026-05-27T22:19:42.009+0800: 5884.453: [GC (CMS Initial Mark) [1 CMS-initial-mark: 85004K(131072K)] 151178K(249088K), 0.0423431 secs] [Times: user=0.04 sys=0.00, real=0.04 secs] 
2026-05-27T22:19:42.053+0800: 5884.497: [CMS-concurrent-mark-start]
2026-05-27T22:19:42.108+0800: 5884.551: [CMS-concurrent-mark: 0.055/0.055 secs] [Times: user=0.06 sys=0.00, real=0.06 secs] 
2026-05-27T22:19:42.109+0800: 5884.552: [CMS-concurrent-preclean-start]
2026-05-27T22:19:42.111+0800: 5884.555: [CMS-concurrent-preclean: 0.003/0.003 secs] [Times: user=0.00 sys=0.00, real=0.00 secs] 
2026-05-27T22:19:42.112+0800: 5884.555: [CMS-concurrent-abortable-preclean-start]
 CMS: abort preclean due to time 2026-05-27T22:19:47.140+0800: 5889.585: [CMS-concurrent-abortable-preclean: 0.622/5.030 secs] [Times: user=0.80 sys=0.01, real=5.03 secs] 
2026-05-27T22:19:47.141+0800: 5889.586: [GC (CMS Final Remark) [YG occupancy: 66320 K (118016 K)]2026-05-27T22:19:47.142+0800: 5889.587: [Rescan (non-parallel) 2026-05-27T22:19:47.142+0800: 5889.587: [grey object rescan, 0.0004068 secs]2026-05-27T22:19:47.143+0800: 5889.588: [root rescan, 0.0411246 secs]2026-05-27T22:19:47.185+0800: 5889.629: [visit unhandled CLDs, 0.0004630 secs]2026-05-27T22:19:47.185+0800: 5889.630: [dirty klass scan, 0.0021007 secs], 0.0459425 secs]2026-05-27T22:19:47.188+0800: 5889.633: [weak refs processing, 0.0005719 secs]2026-05-27T22:19:47.189+0800: 5889.634: [class unloading, 0.0157533 secs]2026-05-27T22:19:47.206+0800: 5889.650: [scrub symbol table, 0.0221350 secs]2026-05-27T22:19:47.228+0800: 5889.673: [scrub string table, 0.0011246 secs][1 CMS-remark: 85004K(131072K)] 151324K(249088K), 0.0887526 secs] [Times: user=0.08 sys=0.00, real=0.09 secs] 
2026-05-27T22:19:47.231+0800: 5889.676: [CMS-concurrent-sweep-start]
2026-05-27T22:19:47.244+0800: 5889.689: [CMS-concurrent-sweep: 0.013/0.013 secs] [Times: user=0.01 sys=0.00, real=0.01 secs] 
2026-05-27T22:19:47.245+0800: 5889.690: [CMS-concurrent-reset-start]
2026-05-27T22:19:47.245+0800: 5889.690: [CMS-concurrent-reset: 0.000/0.000 secs] [Times: user=0.00 sys=0.00, real=0.00 secs] 
2026-05-27T22:19:49.246+0800: 5891.690: [GC (CMS Initial Mark) [1 CMS-initial-mark: 85004K(131072K)] 151486K(249088K), 0.0413251 secs] [Times: user=0.04 sys=0.00, real=0.05 secs] 
2026-05-27T22:19:49.288+0800: 5891.733: [CMS-concurrent-mark-start]
2026-05-27T22:19:49.344+0800: 5891.788: [CMS-concurrent-mark: 0.056/0.056 secs] [Times: user=0.06 sys=0.00, real=0.05 secs] 
2026-05-27T22:19:49.344+0800: 5891.789: [CMS-concurrent-preclean-start]
2026-05-27T22:19:49.347+0800: 5891.792: [CMS-concurrent-preclean: 0.003/0.003 secs] [Times: user=0.00 sys=0.00, real=0.01 secs] 
2026-05-27T22:19:49.348+0800: 5891.792: [CMS-concurrent-abortable-preclean-start]
 CMS: abort preclean due to time 2026-05-27T22:19:54.386+0800: 5896.831: [CMS-concurrent-abortable-preclean: 0.631/5.038 secs] [Times: user=0.68 sys=0.00, real=5.03 secs] 
2026-05-27T22:19:54.388+0800: 5896.832: [GC (CMS Final Remark) [YG occupancy: 66898 K (118016 K)]2026-05-27T22:19:54.388+0800: 5896.833: [Rescan (non-parallel) 2026-05-27T22:19:54.388+0800: 5896.833: [grey object rescan, 0.0005712 secs]2026-05-27T22:19:54.389+0800: 5896.834: [root rescan, 0.0420362 secs]2026-05-27T22:19:54.432+0800: 5896.877: [visit unhandled CLDs, 0.0004485 secs]2026-05-27T22:19:54.433+0800: 5896.877: [dirty klass scan, 0.0021507 secs], 0.0471743 secs]2026-05-27T22:19:54.436+0800: 5896.880: [weak refs processing, 0.0004827 secs]2026-05-27T22:19:54.436+0800: 5896.881: [class unloading, 0.0152447 secs]2026-05-27T22:19:54.452+0800: 5896.897: [scrub symbol table, 0.0222626 secs]2026-05-27T22:19:54.476+0800: 5896.920: [scrub string table, 0.0015604 secs][1 CMS-remark: 85004K(131072K)] 151902K(249088K), 0.0904706 secs] [Times: user=0.08 sys=0.01, real=0.08 secs] 
2026-05-27T22:19:54.479+0800: 5896.924: [CMS-concurrent-sweep-start]
2026-05-27T22:19:54.492+0800: 5896.937: [CMS-concurrent-sweep: 0.013/0.013 secs] [Times: user=0.01 sys=0.00, real=0.01 secs] 
2026-05-27T22:19:54.493+0800: 5896.937: [CMS-concurrent-reset-start]
2026-05-27T22:19:54.493+0800: 5896.938: [CMS-concurrent-reset: 0.000/0.000 secs] [Times: user=0.00 sys=0.00, real=0.00 secs] 
2026-05-27T22:19:56.494+0800: 5898.939: [GC (CMS Initial Mark) [1 CMS-initial-mark: 85004K(131072K)] 152142K(249088K), 0.0420867 secs] [Times: user=0.04 sys=0.00, real=0.04 secs] 
2026-05-27T22:19:56.537+0800: 5898.982: [CMS-concurrent-mark-start]
2026-05-27T22:19:56.597+0800: 5899.042: [CMS-concurrent-mark: 0.060/0.060 secs] [Times: user=0.06 sys=0.00, real=0.06 secs] 
2026-05-27T22:19:56.598+0800: 5899.043: [CMS-concurrent-preclean-start]
2026-05-27T22:19:56.600+0800: 5899.045: [CMS-concurrent-preclean: 0.002/0.002 secs] [Times: user=0.01 sys=0.00, real=0.01 secs] 
2026-05-27T22:19:56.601+0800: 5899.046: [CMS-concurrent-abortable-preclean-start]
 CMS: abort preclean due to time 2026-05-27T22:20:01.616+0800: 5904.061: [CMS-concurrent-abortable-preclean: 0.697/5.015 secs] [Times: user=0.76 sys=0.00, real=5.01 secs] 
2026-05-27T22:20:01.618+0800: 5904.062: [GC (CMS Final Remark) [YG occupancy: 67314 K (118016 K)]2026-05-27T22:20:01.619+0800: 5904.063: [Rescan (non-parallel) 2026-05-27T22:20:01.619+0800: 5904.064: [grey object rescan, 0.0006148 secs]2026-05-27T22:20:01.620+0800: 5904.065: [root rescan, 0.0611402 secs]2026-05-27T22:20:01.682+0800: 5904.127: [visit unhandled CLDs, 0.0004553 secs]2026-05-27T22:20:01.683+0800: 5904.127: [dirty klass scan, 0.0026879 secs], 0.0673104 secs]2026-05-27T22:20:01.686+0800: 5904.131: [weak refs processing, 0.0004604 secs]2026-05-27T22:20:01.687+0800: 5904.132: [class unloading, 0.0251672 secs]2026-05-27T22:20:01.713+0800: 5904.158: [scrub symbol table, 0.0317869 secs]2026-05-27T22:20:01.746+0800: 5904.190: [scrub string table, 0.0011076 secs][1 CMS-remark: 85004K(131072K)] 152318K(249088K), 0.1299673 secs] [Times: user=0.13 sys=0.00, real=0.14 secs] 
2026-05-27T22:20:01.749+0800: 5904.194: [CMS-concurrent-sweep-start]
2026-05-27T22:20:01.768+0800: 5904.213: [CMS-concurrent-sweep: 0.019/0.019 secs] [Times: user=0.02 sys=0.00, real=0.02 secs] 
2026-05-27T22:20:01.769+0800: 5904.214: [CMS-concurrent-reset-start]
2026-05-27T22:20:01.769+0800: 5904.214: [CMS-concurrent-reset: 0.000/0.000 secs] [Times: user=0.00 sys=0.00, real=0.00 secs] 
2026-05-27T22:20:03.770+0800: 5906.215: [GC (CMS Initial Mark) [1 CMS-initial-mark: 85004K(131072K)] 152363K(249088K), 0.0389944 secs] [Times: user=0.04 sys=0.00, real=0.04 secs] 
2026-05-27T22:20:03.810+0800: 5906.255: [CMS-concurrent-mark-start]
2026-05-27T22:20:03.871+0800: 5906.316: [CMS-concurrent-mark: 0.061/0.061 secs] [Times: user=0.06 sys=0.00, real=0.06 secs] 
2026-05-27T22:20:03.872+0800: 5906.317: [CMS-concurrent-preclean-start]
2026-05-27T22:20:03.875+0800: 5906.319: [CMS-concurrent-preclean: 0.002/0.002 secs] [Times: user=0.01 sys=0.00, real=0.00 secs] 
2026-05-27T22:20:03.875+0800: 5906.320: [CMS-concurrent-abortable-preclean-start]
 CMS: abort preclean due to time 2026-05-27T22:20:08.902+0800: 5911.347: [CMS-concurrent-abortable-preclean: 0.653/5.027 secs] [Times: user=0.73 sys=0.00, real=5.03 secs] 
2026-05-27T22:20:08.904+0800: 5911.349: [GC (CMS Final Remark) [YG occupancy: 67690 K (118016 K)]2026-05-27T22:20:08.905+0800: 5911.350: [Rescan (non-parallel) 2026-05-27T22:20:08.905+0800: 5911.350: [grey object rescan, 0.0006294 secs]2026-05-27T22:20:08.906+0800: 5911.351: [root rescan, 0.0427177 secs]2026-05-27T22:20:08.949+0800: 5911.394: [visit unhandled CLDs, 0.0003878 secs]2026-05-27T22:20:08.950+0800: 5911.395: [dirty klass scan, 0.0019333 secs], 0.0475405 secs]2026-05-27T22:20:08.953+0800: 5911.398: [weak refs processing, 0.0014678 secs]2026-05-27T22:20:08.955+0800: 5911.399: [class unloading, 0.0164278 secs]2026-05-27T22:20:08.972+0800: 5911.416: [scrub symbol table, 0.0217799 secs]2026-05-27T22:20:08.994+0800: 5911.439: [scrub string table, 0.0014522 secs][1 CMS-remark: 85004K(131072K)] 152694K(249088K), 0.0919262 secs] [Times: user=0.08 sys=0.00, real=0.09 secs] 
2026-05-27T22:20:08.997+0800: 5911.442: [CMS-concurrent-sweep-start]
2026-05-27T22:20:09.009+0800: 5911.454: [CMS-concurrent-sweep: 0.012/0.012 secs] [Times: user=0.02 sys=0.00, real=0.02 secs] 
2026-05-27T22:20:09.010+0800: 5911.455: [CMS-concurrent-reset-start]
2026-05-27T22:20:09.010+0800: 5911.455: [CMS-concurrent-reset: 0.000/0.000 secs] [Times: user=0.00 sys=0.00, real=0.00 secs] 
2026-05-27T22:20:11.014+0800: 5913.459: [GC (CMS Initial Mark) [1 CMS-initial-mark: 85004K(131072K)] 152878K(249088K), 0.0388707 secs] [Times: user=0.03 sys=0.00, real=0.04 secs] 
2026-05-27T22:20:11.054+0800: 5913.499: [CMS-concurrent-mark-start]
2026-05-27T22:20:11.108+0800: 5913.553: [CMS-concurrent-mark: 0.054/0.054 secs] [Times: user=0.07 sys=0.00, real=0.06 secs] 
2026-05-27T22:20:11.109+0800: 5913.554: [CMS-concurrent-preclean-start]
2026-05-27T22:20:11.111+0800: 5913.556: [CMS-concurrent-preclean: 0.002/0.002 secs] [Times: user=0.00 sys=0.00, real=0.00 secs] 
2026-05-27T22:20:11.112+0800: 5913.557: [CMS-concurrent-abortable-preclean-start]
 CMS: abort preclean due to time 2026-05-27T22:20:16.167+0800: 5918.615: [CMS-concurrent-abortable-preclean: 0.650/5.058 secs] [Times: user=0.74 sys=0.01, real=5.06 secs] 
2026-05-27T22:20:16.169+0800: 5918.616: [GC (CMS Final Remark) [YG occupancy: 68195 K (118016 K)]2026-05-27T22:20:16.169+0800: 5918.616: [Rescan (non-parallel) 2026-05-27T22:20:16.169+0800: 5918.617: [grey object rescan, 0.0004391 secs]2026-05-27T22:20:16.170+0800: 5918.617: [root rescan, 0.0400692 secs]2026-05-27T22:20:16.211+0800: 5918.658: [visit unhandled CLDs, 0.0003196 secs]2026-05-27T22:20:16.211+0800: 5918.658: [dirty klass scan, 0.0021965 secs], 0.0445627 secs]2026-05-27T22:20:16.214+0800: 5918.661: [weak refs processing, 0.0004646 secs]2026-05-27T22:20:16.215+0800: 5918.662: [class unloading, 0.0189435 secs]2026-05-27T22:20:16.234+0800: 5918.682: [scrub symbol table, 0.0220735 secs]2026-05-27T22:20:16.257+0800: 5918.704: [scrub string table, 0.0009100 secs][1 CMS-remark: 85004K(131072K)] 153199K(249088K), 0.0901044 secs] [Times: user=0.08 sys=0.00, real=0.09 secs] 
2026-05-27T22:20:16.260+0800: 5918.707: [CMS-concurrent-sweep-start]
2026-05-27T22:20:16.272+0800: 5918.719: [CMS-concurrent-sweep: 0.012/0.012 secs] [Times: user=0.01 sys=0.00, real=0.01 secs] 
2026-05-27T22:20:16.272+0800: 5918.720: [CMS-concurrent-reset-start]
2026-05-27T22:20:16.273+0800: 5918.720: [CMS-concurrent-reset: 0.000/0.000 secs] [Times: user=0.00 sys=0.00, real=0.00 secs] 
2026-05-27T22:20:18.273+0800: 5920.720: [GC (CMS Initial Mark) [1 CMS-initial-mark: 85004K(131072K)] 153372K(249088K), 0.0479805 secs] [Times: user=0.05 sys=0.00, real=0.05 secs] 
2026-05-27T22:20:18.322+0800: 5920.769: [CMS-concurrent-mark-start]
2026-05-27T22:20:18.390+0800: 5920.837: [CMS-concurrent-mark: 0.068/0.068 secs] [Times: user=0.07 sys=0.00, real=0.07 secs] 
2026-05-27T22:20:18.391+0800: 5920.838: [CMS-concurrent-preclean-start]
2026-05-27T22:20:18.393+0800: 5920.840: [CMS-concurrent-preclean: 0.002/0.002 secs] [Times: user=0.00 sys=0.00, real=0.00 secs] 
2026-05-27T22:20:18.394+0800: 5920.841: [CMS-concurrent-abortable-preclean-start]
 CMS: abort preclean due to time 2026-05-27T22:20:23.427+0800: 5925.874: [CMS-concurrent-abortable-preclean: 0.725/5.033 secs] [Times: user=0.81 sys=0.01, real=5.04 secs] 
2026-05-27T22:20:23.429+0800: 5925.876: [GC (CMS Final Remark) [YG occupancy: 68936 K (118016 K)]2026-05-27T22:20:23.430+0800: 5925.877: [Rescan (non-parallel) 2026-05-27T22:20:23.430+0800: 5925.877: [grey object rescan, 0.0004922 secs]2026-05-27T22:20:23.431+0800: 5925.878: [root rescan, 0.0568797 secs]2026-05-27T22:20:23.488+0800: 5925.936: [visit unhandled CLDs, 0.0004988 secs]2026-05-27T22:20:23.489+0800: 5925.937: [dirty klass scan, 0.0026648 secs], 0.0628884 secs]2026-05-27T22:20:23.493+0800: 5925.940: [weak refs processing, 0.0004059 secs]2026-05-27T22:20:23.494+0800: 5925.941: [class unloading, 0.0200079 secs]2026-05-27T22:20:23.514+0800: 5925.961: [scrub symbol table, 0.0290040 secs]2026-05-27T22:20:23.544+0800: 5925.991: [scrub string table, 0.0015862 secs][1 CMS-remark: 85004K(131072K)] 153940K(249088K), 0.1175320 secs] [Times: user=0.10 sys=0.01, real=0.12 secs] 
2026-05-27T22:20:23.548+0800: 5925.995: [CMS-concurrent-sweep-start]
2026-05-27T22:20:23.566+0800: 5926.013: [CMS-concurrent-sweep: 0.016/0.018 secs] [Times: user=0.03 sys=0.01, real=0.02 secs] 
2026-05-27T22:20:23.567+0800: 5926.014: [CMS-concurrent-reset-start]
2026-05-27T22:20:23.567+0800: 5926.014: [CMS-concurrent-reset: 0.000/0.000 secs] [Times: user=0.00 sys=0.00, real=0.00 secs] 
2026-05-27T22:20:25.568+0800: 5928.015: [GC (CMS Initial Mark) [1 CMS-initial-mark: 85004K(131072K)] 154034K(249088K), 0.0509259 secs] [Times: user=0.09 sys=0.00, real=0.05 secs] 
2026-05-27T22:20:25.621+0800: 5928.068: [CMS-concurrent-mark-start]
2026-05-27T22:20:25.687+0800: 5928.135: [CMS-concurrent-mark: 0.067/0.067 secs] [Times: user=0.13 sys=0.00, real=0.07 secs] 
2026-05-27T22:20:25.688+0800: 5928.135: [CMS-concurrent-preclean-start]
2026-05-27T22:20:25.691+0800: 5928.138: [CMS-concurrent-preclean: 0.003/0.003 secs] [Times: user=0.01 sys=0.00, real=0.00 secs] 
2026-05-27T22:20:25.692+0800: 5928.139: [CMS-concurrent-abortable-preclean-start]
 CMS: abort preclean due to time 2026-05-27T22:20:30.731+0800: 5933.179: [CMS-concurrent-abortable-preclean: 0.669/5.040 secs] [Times: user=1.46 sys=0.03, real=5.04 secs] 
2026-05-27T22:20:30.733+0800: 5933.180: [GC (CMS Final Remark) [YG occupancy: 69282 K (118016 K)]2026-05-27T22:20:30.733+0800: 5933.181: [Rescan (non-parallel) 2026-05-27T22:20:30.734+0800: 5933.181: [grey object rescan, 0.0004581 secs]2026-05-27T22:20:30.734+0800: 5933.182: [root rescan, 0.0400158 secs]2026-05-27T22:20:30.775+0800: 5933.222: [visit unhandled CLDs, 0.0003199 secs]2026-05-27T22:20:30.776+0800: 5933.223: [dirty klass scan, 0.0022762 secs], 0.0449112 secs]2026-05-27T22:20:30.779+0800: 5933.226: [weak refs processing, 0.0005712 secs]2026-05-27T22:20:30.780+0800: 5933.227: [class unloading, 0.0158614 secs]2026-05-27T22:20:30.796+0800: 5933.244: [scrub symbol table, 0.0218440 secs]2026-05-27T22:20:30.819+0800: 5933.266: [scrub string table, 0.0016945 secs][1 CMS-remark: 85004K(131072K)] 154286K(249088K), 0.0880819 secs] [Times: user=0.08 sys=0.01, real=0.09 secs] 
2026-05-27T22:20:30.822+0800: 5933.270: [CMS-concurrent-sweep-start]
2026-05-27T22:20:30.833+0800: 5933.281: [CMS-concurrent-sweep: 0.011/0.011 secs] [Times: user=0.01 sys=0.00, real=0.01 secs] 
2026-05-27T22:20:30.834+0800: 5933.282: [CMS-concurrent-reset-start]
2026-05-27T22:20:30.835+0800: 5933.282: [CMS-concurrent-reset: 0.000/0.000 secs] [Times: user=0.00 sys=0.00, real=0.00 secs] 
2026-05-27T22:20:32.835+0800: 5935.283: [GC (CMS Initial Mark) [1 CMS-initial-mark: 85004K(131072K)] 154349K(249088K), 0.0408421 secs] [Times: user=0.04 sys=0.00, real=0.05 secs] 
2026-05-27T22:20:32.877+0800: 5935.325: [CMS-concurrent-mark-start]
2026-05-27T22:20:32.934+0800: 5935.382: [CMS-concurrent-mark: 0.057/0.057 secs] [Times: user=0.05 sys=0.00, real=0.05 secs] 
2026-05-27T22:20:32.935+0800: 5935.382: [CMS-concurrent-preclean-start]
2026-05-27T22:20:32.937+0800: 5935.385: [CMS-concurrent-preclean: 0.002/0.002 secs] [Times: user=0.01 sys=0.00, real=0.01 secs] 
2026-05-27T22:20:32.938+0800: 5935.386: [CMS-concurrent-abortable-preclean-start]
 CMS: abort preclean due to time 2026-05-27T22:20:38.019+0800: 5940.467: [CMS-concurrent-abortable-preclean: 0.773/5.081 secs] [Times: user=0.82 sys=0.02, real=5.08 secs] 
2026-05-27T22:20:38.021+0800: 5940.469: [GC (CMS Final Remark) [YG occupancy: 69549 K (118016 K)]2026-05-27T22:20:38.022+0800: 5940.469: [Rescan (non-parallel) 2026-05-27T22:20:38.022+0800: 5940.470: [grey object rescan, 0.0003683 secs]2026-05-27T22:20:38.023+0800: 5940.470: [root rescan, 0.0418621 secs]2026-05-27T22:20:38.065+0800: 5940.513: [visit unhandled CLDs, 0.0003646 secs]2026-05-27T22:20:38.066+0800: 5940.513: [dirty klass scan, 0.0020404 secs], 0.0466639 secs]2026-05-27T22:20:38.069+0800: 5940.516: [weak refs processing, 0.0003335 secs]2026-05-27T22:20:38.070+0800: 5940.517: [class unloading, 0.0165471 secs]2026-05-27T22:20:38.087+0800: 5940.534: [scrub symbol table, 0.0205917 secs]2026-05-27T22:20:38.108+0800: 5940.555: [scrub string table, 0.0013603 secs][1 CMS-remark: 85004K(131072K)] 154553K(249088K), 0.0885606 secs] [Times: user=0.08 sys=0.00, real=0.09 secs] 
2026-05-27T22:20:38.111+0800: 5940.559: [CMS-concurrent-sweep-start]
2026-05-27T22:20:38.124+0800: 5940.571: [CMS-concurrent-sweep: 0.013/0.013 secs] [Times: user=0.01 sys=0.01, real=0.01 secs] 
2026-05-27T22:20:38.124+0800: 5940.572: [CMS-concurrent-reset-start]
2026-05-27T22:20:38.125+0800: 5940.572: [CMS-concurrent-reset: 0.000/0.000 secs] [Times: user=0.00 sys=0.00, real=0.00 secs] 
2026-05-27T22:20:40.126+0800: 5942.574: [GC (CMS Initial Mark) [1 CMS-initial-mark: 85004K(131072K)] 154776K(249088K), 0.0792716 secs] [Times: user=0.08 sys=0.00, real=0.08 secs] 
2026-05-27T22:20:40.207+0800: 5942.655: [CMS-concurrent-mark-start]
2026-05-27T22:20:40.278+0800: 5942.725: [CMS-concurrent-mark: 0.070/0.070 secs] [Times: user=0.07 sys=0.00, real=0.07 secs] 
2026-05-27T22:20:40.278+0800: 5942.726: [CMS-concurrent-preclean-start]
2026-05-27T22:20:40.281+0800: 5942.728: [CMS-concurrent-preclean: 0.002/0.002 secs] [Times: user=0.00 sys=0.00, real=0.00 secs] 
2026-05-27T22:20:40.281+0800: 5942.729: [CMS-concurrent-abortable-preclean-start]
 CMS: abort preclean due to time 2026-05-27T22:20:45.374+0800: 5947.824: [CMS-concurrent-abortable-preclean: 0.687/5.095 secs] [Times: user=0.76 sys=0.00, real=5.10 secs] 
2026-05-27T22:20:45.376+0800: 5947.826: [GC (CMS Final Remark) [YG occupancy: 70022 K (118016 K)]2026-05-27T22:20:45.377+0800: 5947.826: [Rescan (non-parallel) 2026-05-27T22:20:45.377+0800: 5947.827: [grey object rescan, 0.0004561 secs]2026-05-27T22:20:45.378+0800: 5947.827: [root rescan, 0.0452724 secs]2026-05-27T22:20:45.424+0800: 5947.873: [visit unhandled CLDs, 0.0003709 secs]2026-05-27T22:20:45.424+0800: 5947.874: [dirty klass scan, 0.0025229 secs], 0.0504542 secs]2026-05-27T22:20:45.428+0800: 5947.877: [weak refs processing, 0.0003975 secs]2026-05-27T22:20:45.428+0800: 5947.878: [class unloading, 0.0161434 secs]2026-05-27T22:20:45.445+0800: 5947.894: [scrub symbol table, 0.0232879 secs]2026-05-27T22:20:45.469+0800: 5947.918: [scrub string table, 0.0011979 secs][1 CMS-remark: 85004K(131072K)] 155026K(249088K), 0.0947458 secs] [Times: user=0.09 sys=0.00, real=0.09 secs] 
2026-05-27T22:20:45.472+0800: 5947.922: [CMS-concurrent-sweep-start]
2026-05-27T22:20:45.484+0800: 5947.934: [CMS-concurrent-sweep: 0.012/0.012 secs] [Times: user=0.01 sys=0.00, real=0.02 secs] 
2026-05-27T22:20:45.485+0800: 5947.935: [CMS-concurrent-reset-start]
2026-05-27T22:20:45.485+0800: 5947.935: [CMS-concurrent-reset: 0.000/0.000 secs] [Times: user=0.00 sys=0.00, real=0.00 secs] 
2026-05-27T22:20:47.487+0800: 5949.936: [GC (CMS Initial Mark) [1 CMS-initial-mark: 85004K(131072K)] 155057K(249088K), 0.0596128 secs] [Times: user=0.06 sys=0.00, real=0.06 secs] 
2026-05-27T22:20:47.548+0800: 5949.997: [CMS-concurrent-mark-start]
2026-05-27T22:20:47.631+0800: 5950.080: [CMS-concurrent-mark: 0.083/0.083 secs] [Times: user=0.09 sys=0.00, real=0.08 secs] 
2026-05-27T22:20:47.632+0800: 5950.081: [CMS-concurrent-preclean-start]
2026-05-27T22:20:47.635+0800: 5950.084: [CMS-concurrent-preclean: 0.003/0.003 secs] [Times: user=0.00 sys=0.00, real=0.01 secs] 
2026-05-27T22:20:47.635+0800: 5950.085: [CMS-concurrent-abortable-preclean-start]
 CMS: abort preclean due to time 2026-05-27T22:20:52.714+0800: 5955.164: [CMS-concurrent-abortable-preclean: 0.672/5.079 secs] [Times: user=0.74 sys=0.00, real=5.08 secs] 
2026-05-27T22:20:52.716+0800: 5955.165: [GC (CMS Final Remark) [YG occupancy: 70453 K (118016 K)]2026-05-27T22:20:52.716+0800: 5955.166: [Rescan (non-parallel) 2026-05-27T22:20:52.717+0800: 5955.166: [grey object rescan, 0.0004023 secs]2026-05-27T22:20:52.717+0800: 5955.167: [root rescan, 0.0622128 secs]2026-05-27T22:20:52.780+0800: 5955.230: [visit unhandled CLDs, 0.0003048 secs]2026-05-27T22:20:52.781+0800: 5955.230: [dirty klass scan, 0.0022508 secs], 0.0669698 secs]2026-05-27T22:20:52.784+0800: 5955.233: [weak refs processing, 0.0003599 secs]2026-05-27T22:20:52.784+0800: 5955.234: [class unloading, 0.0185481 secs]2026-05-27T22:20:52.803+0800: 5955.253: [scrub symbol table, 0.0238665 secs]2026-05-27T22:20:52.828+0800: 5955.277: [scrub string table, 0.0009796 secs][1 CMS-remark: 85004K(131072K)] 155457K(249088K), 0.1135667 secs] [Times: user=0.11 sys=0.00, real=0.11 secs] 
2026-05-27T22:20:52.831+0800: 5955.280: [CMS-concurrent-sweep-start]
2026-05-27T22:20:52.845+0800: 5955.295: [CMS-concurrent-sweep: 0.015/0.015 secs] [Times: user=0.01 sys=0.00, real=0.02 secs] 
2026-05-27T22:20:52.846+0800: 5955.296: [CMS-concurrent-reset-start]
2026-05-27T22:20:52.847+0800: 5955.296: [CMS-concurrent-reset: 0.000/0.000 secs] [Times: user=0.00 sys=0.00, real=0.00 secs] 
2026-05-27T22:20:54.848+0800: 5957.297: [GC (CMS Initial Mark) [1 CMS-initial-mark: 85004K(131072K)] 155695K(249088K), 0.0421103 secs] [Times: user=0.04 sys=0.00, real=0.04 secs] 
2026-05-27T22:20:54.891+0800: 5957.341: [CMS-concurrent-mark-start]
2026-05-27T22:20:54.948+0800: 5957.397: [CMS-concurrent-mark: 0.056/0.056 secs] [Times: user=0.05 sys=0.00, real=0.06 secs] 
2026-05-27T22:20:54.948+0800: 5957.398: [CMS-concurrent-preclean-start]
2026-05-27T22:20:54.951+0800: 5957.400: [CMS-concurrent-preclean: 0.002/0.002 secs] [Times: user=0.00 sys=0.00, real=0.00 secs] 
2026-05-27T22:20:54.951+0800: 5957.401: [CMS-concurrent-abortable-preclean-start]
 CMS: abort preclean due to time 2026-05-27T22:20:59.958+0800: 5962.408: [CMS-concurrent-abortable-preclean: 0.699/5.007 secs] [Times: user=0.77 sys=0.00, real=5.01 secs] 
2026-05-27T22:20:59.960+0800: 5962.410: [GC (CMS Final Remark) [YG occupancy: 71037 K (118016 K)]2026-05-27T22:20:59.961+0800: 5962.410: [Rescan (non-parallel) 2026-05-27T22:20:59.961+0800: 5962.411: [grey object rescan, 0.0004563 secs]2026-05-27T22:20:59.962+0800: 5962.411: [root rescan, 0.0490340 secs]2026-05-27T22:21:00.013+0800: 5962.463: [visit unhandled CLDs, 0.0004886 secs]2026-05-27T22:21:00.014+0800: 5962.464: [dirty klass scan, 0.0049069 secs], 0.0588079 secs]2026-05-27T22:21:00.020+0800: 5962.469: [weak refs processing, 0.0007462 secs]2026-05-27T22:21:00.021+0800: 5962.471: [class unloading, 0.0219232 secs]2026-05-27T22:21:00.044+0800: 5962.493: [scrub symbol table, 0.0325608 secs]2026-05-27T22:21:00.077+0800: 5962.526: [scrub string table, 0.0011674 secs][1 CMS-remark: 85004K(131072K)] 156041K(249088K), 0.1187951 secs] [Times: user=0.11 sys=0.00, real=0.12 secs] 
2026-05-27T22:21:00.080+0800: 5962.530: [CMS-concurrent-sweep-start]
2026-05-27T22:21:00.099+0800: 5962.548: [CMS-concurrent-sweep: 0.018/0.018 secs] [Times: user=0.03 sys=0.00, real=0.02 secs] 
2026-05-27T22:21:00.100+0800: 5962.549: [CMS-concurrent-reset-start]
2026-05-27T22:21:00.100+0800: 5962.550: [CMS-concurrent-reset: 0.000/0.000 secs] [Times: user=0.00 sys=0.00, real=0.00 secs] 
2026-05-27T22:21:02.102+0800: 5964.551: [GC (CMS Initial Mark) [1 CMS-initial-mark: 85004K(131072K)] 156166K(249088K), 0.0532526 secs] [Times: user=0.06 sys=0.00, real=0.06 secs] 
2026-05-27T22:21:02.156+0800: 5964.606: [CMS-concurrent-mark-start]
2026-05-27T22:21:02.220+0800: 5964.670: [CMS-concurrent-mark: 0.064/0.064 secs] [Times: user=0.06 sys=0.00, real=0.06 secs] 
2026-05-27T22:21:02.221+0800: 5964.670: [CMS-concurrent-preclean-start]
2026-05-27T22:21:02.224+0800: 5964.673: [CMS-concurrent-preclean: 0.003/0.003 secs] [Times: user=0.01 sys=0.00, real=0.01 secs] 
2026-05-27T22:21:02.224+0800: 5964.674: [CMS-concurrent-abortable-preclean-start]
 CMS: abort preclean due to time 2026-05-27T22:21:07.283+0800: 5969.733: [CMS-concurrent-abortable-preclean: 0.652/5.059 secs] [Times: user=0.71 sys=0.00, real=5.06 secs] 
2026-05-27T22:21:07.285+0800: 5969.735: [GC (CMS Final Remark) [YG occupancy: 71315 K (118016 K)]2026-05-27T22:21:07.286+0800: 5969.735: [Rescan (non-parallel) 2026-05-27T22:21:07.286+0800: 5969.736: [grey object rescan, 0.0004755 secs]2026-05-27T22:21:07.287+0800: 5969.737: [root rescan, 0.0474669 secs]2026-05-27T22:21:07.335+0800: 5969.785: [visit unhandled CLDs, 0.0005605 secs]2026-05-27T22:21:07.336+0800: 5969.786: [dirty klass scan, 0.0024726 secs], 0.0533385 secs]2026-05-27T22:21:07.340+0800: 5969.789: [weak refs processing, 0.0003647 secs]2026-05-27T22:21:07.340+0800: 5969.790: [class unloading, 0.0163790 secs]2026-05-27T22:21:07.357+0800: 5969.807: [scrub symbol table, 0.0227692 secs]2026-05-27T22:21:07.381+0800: 5969.830: [scrub string table, 0.0016872 secs][1 CMS-remark: 85004K(131072K)] 156319K(249088K), 0.0981990 secs] [Times: user=0.09 sys=0.00, real=0.10 secs] 
2026-05-27T22:21:07.385+0800: 5969.834: [CMS-concurrent-sweep-start]
2026-05-27T22:21:07.398+0800: 5969.847: [CMS-concurrent-sweep: 0.013/0.013 secs] [Times: user=0.01 sys=0.00, real=0.01 secs] 
2026-05-27T22:21:07.398+0800: 5969.848: [CMS-concurrent-reset-start]
2026-05-27T22:21:07.398+0800: 5969.848: [CMS-concurrent-reset: 0.000/0.000 secs] [Times: user=0.00 sys=0.00, real=0.00 secs] 
2026-05-27T22:21:09.399+0800: 5971.849: [GC (CMS Initial Mark) [1 CMS-initial-mark: 85004K(131072K)] 156357K(249088K), 0.0416639 secs] [Times: user=0.04 sys=0.00, real=0.04 secs] 
2026-05-27T22:21:09.443+0800: 5971.892: [CMS-concurrent-mark-start]
2026-05-27T22:21:09.498+0800: 5971.948: [CMS-concurrent-mark: 0.055/0.055 secs] [Times: user=0.06 sys=0.00, real=0.05 secs] 
2026-05-27T22:21:09.499+0800: 5971.948: [CMS-concurrent-preclean-start]
2026-05-27T22:21:09.501+0800: 5971.951: [CMS-concurrent-preclean: 0.002/0.002 secs] [Times: user=0.00 sys=0.00, real=0.00 secs] 
2026-05-27T22:21:09.502+0800: 5971.951: [CMS-concurrent-abortable-preclean-start]
 CMS: abort preclean due to time 2026-05-27T22:21:14.574+0800: 5977.026: [CMS-concurrent-abortable-preclean: 0.666/5.075 secs] [Times: user=0.72 sys=0.00, real=5.08 secs] 
2026-05-27T22:21:14.576+0800: 5977.028: [GC (CMS Final Remark) [YG occupancy: 71668 K (118016 K)]2026-05-27T22:21:14.581+0800: 5977.033: [Rescan (non-parallel) 2026-05-27T22:21:14.585+0800: 5977.037: [grey object rescan, 0.0005928 secs]2026-05-27T22:21:14.585+0800: 5977.038: [root rescan, 0.0860792 secs]2026-05-27T22:21:14.672+0800: 5977.124: [visit unhandled CLDs, 0.0002907 secs]2026-05-27T22:21:14.673+0800: 5977.125: [dirty klass scan, 0.0024756 secs], 0.0941303 secs]2026-05-27T22:21:14.676+0800: 5977.128: [weak refs processing, 0.0003746 secs]2026-05-27T22:21:14.676+0800: 5977.128: [class unloading, 0.0208206 secs]2026-05-27T22:21:14.698+0800: 5977.150: [scrub symbol table, 0.0276581 secs]2026-05-27T22:21:14.726+0800: 5977.178: [scrub string table, 0.0012099 secs][1 CMS-remark: 85004K(131072K)] 156672K(249088K), 0.1519936 secs] [Times: user=0.14 sys=0.00, real=0.15 secs] 
2026-05-27T22:21:14.729+0800: 5977.181: [CMS-concurrent-sweep-start]
2026-05-27T22:21:14.744+0800: 5977.197: [CMS-concurrent-sweep: 0.015/0.015 secs] [Times: user=0.01 sys=0.00, real=0.02 secs] 
2026-05-27T22:21:14.745+0800: 5977.197: [CMS-concurrent-reset-start]
2026-05-27T22:21:14.745+0800: 5977.197: [CMS-concurrent-reset: 0.000/0.000 secs] [Times: user=0.00 sys=0.00, real=0.00 secs] 
2026-05-27T22:21:16.746+0800: 5979.198: [GC (CMS Initial Mark) [1 CMS-initial-mark: 85004K(131072K)] 156938K(249088K), 0.0846463 secs] [Times: user=0.08 sys=0.00, real=0.09 secs] 
2026-05-27T22:21:16.832+0800: 5979.284: [CMS-concurrent-mark-start]
2026-05-27T22:21:16.911+0800: 5979.363: [CMS-concurrent-mark: 0.079/0.079 secs] [Times: user=0.08 sys=0.00, real=0.07 secs] 
2026-05-27T22:21:16.912+0800: 5979.364: [CMS-concurrent-preclean-start]
2026-05-27T22:21:16.914+0800: 5979.366: [CMS-concurrent-preclean: 0.002/0.003 secs] [Times: user=0.00 sys=0.00, real=0.00 secs] 
2026-05-27T22:21:16.915+0800: 5979.367: [CMS-concurrent-abortable-preclean-start]
 CMS: abort preclean due to time 2026-05-27T22:21:21.960+0800: 5984.412: [CMS-concurrent-abortable-preclean: 0.636/5.045 secs] [Times: user=0.68 sys=0.01, real=5.05 secs] 
2026-05-27T22:21:21.962+0800: 5984.414: [GC (CMS Final Remark) [YG occupancy: 72205 K (118016 K)]2026-05-27T22:21:21.963+0800: 5984.415: [Rescan (non-parallel) 2026-05-27T22:21:21.964+0800: 5984.416: [grey object rescan, 0.0006187 secs]2026-05-27T22:21:21.965+0800: 5984.417: [root rescan, 0.0423536 secs]2026-05-27T22:21:22.007+0800: 5984.459: [visit unhandled CLDs, 0.0003824 secs]2026-05-27T22:21:22.008+0800: 5984.460: [dirty klass scan, 0.0020583 secs], 0.0477632 secs]2026-05-27T22:21:22.011+0800: 5984.463: [weak refs processing, 0.0003643 secs]2026-05-27T22:21:22.012+0800: 5984.464: [class unloading, 0.0161836 secs]2026-05-27T22:21:22.028+0800: 5984.480: [scrub symbol table, 0.0211617 secs]2026-05-27T22:21:22.050+0800: 5984.502: [scrub string table, 0.0013671 secs][1 CMS-remark: 85004K(131072K)] 157209K(249088K), 0.0904492 secs] [Times: user=0.08 sys=0.00, real=0.09 secs] 
2026-05-27T22:21:22.053+0800: 5984.506: [CMS-concurrent-sweep-start]
2026-05-27T22:21:22.065+0800: 5984.517: [CMS-concurrent-sweep: 0.012/0.012 secs] [Times: user=0.01 sys=0.00, real=0.01 secs] 
2026-05-27T22:21:22.066+0800: 5984.518: [CMS-concurrent-reset-start]
2026-05-27T22:21:22.066+0800: 5984.518: [CMS-concurrent-reset: 0.000/0.000 secs] [Times: user=0.00 sys=0.00, real=0.00 secs] 
2026-05-27T22:21:24.067+0800: 5986.519: [GC (CMS Initial Mark) [1 CMS-initial-mark: 85004K(131072K)] 157482K(249088K), 0.0445485 secs] [Times: user=0.04 sys=0.01, real=0.05 secs] 
2026-05-27T22:21:24.113+0800: 5986.565: [CMS-concurrent-mark-start]
2026-05-27T22:21:24.167+0800: 5986.619: [CMS-concurrent-mark: 0.054/0.054 secs] [Times: user=0.06 sys=0.00, real=0.05 secs] 
2026-05-27T22:21:24.168+0800: 5986.620: [CMS-concurrent-preclean-start]
2026-05-27T22:21:24.170+0800: 5986.622: [CMS-concurrent-preclean: 0.002/0.002 secs] [Times: user=0.00 sys=0.00, real=0.00 secs] 
2026-05-27T22:21:24.171+0800: 5986.623: [CMS-concurrent-abortable-preclean-start]
 CMS: abort preclean due to time 2026-05-27T22:21:29.186+0800: 5991.638: [CMS-concurrent-abortable-preclean: 0.642/5.016 secs] [Times: user=0.72 sys=0.00, real=5.02 secs] 
2026-05-27T22:21:29.188+0800: 5991.640: [GC (CMS Final Remark) [YG occupancy: 72829 K (118016 K)]2026-05-27T22:21:29.189+0800: 5991.641: [Rescan (non-parallel) 2026-05-27T22:21:29.189+0800: 5991.641: [grey object rescan, 0.0003799 secs]2026-05-27T22:21:29.190+0800: 5991.642: [root rescan, 0.0639997 secs]2026-05-27T22:21:29.254+0800: 5991.706: [visit unhandled CLDs, 0.0004150 secs]2026-05-27T22:21:29.255+0800: 5991.707: [dirty klass scan, 0.0024038 secs], 0.0692233 secs]2026-05-27T22:21:29.259+0800: 5991.711: [weak refs processing, 0.0007069 secs]2026-05-27T22:21:29.260+0800: 5991.712: [class unloading, 0.0197347 secs]2026-05-27T22:21:29.280+0800: 5991.732: [scrub symbol table, 0.0266454 secs]2026-05-27T22:21:29.307+0800: 5991.759: [scrub string table, 0.0010716 secs][1 CMS-remark: 85004K(131072K)] 157833K(249088K), 0.1207551 secs] [Times: user=0.11 sys=0.00, real=0.12 secs] 
2026-05-27T22:21:29.311+0800: 5991.763: [CMS-concurrent-sweep-start]
2026-05-27T22:21:29.325+0800: 5991.777: [CMS-concurrent-sweep: 0.015/0.015 secs] [Times: user=0.02 sys=0.00, real=0.02 secs] 
2026-05-27T22:21:29.326+0800: 5991.778: [CMS-concurrent-reset-start]
2026-05-27T22:21:29.327+0800: 5991.779: [CMS-concurrent-reset: 0.000/0.000 secs] [Times: user=0.00 sys=0.00, real=0.00 secs] 
2026-05-27T22:21:31.328+0800: 5993.780: [GC (CMS Initial Mark) [1 CMS-initial-mark: 85004K(131072K)] 157898K(249088K), 0.0519130 secs] [Times: user=0.05 sys=0.00, real=0.06 secs] 
2026-05-27T22:21:31.381+0800: 5993.833: [CMS-concurrent-mark-start]
2026-05-27T22:21:31.441+0800: 5993.893: [CMS-concurrent-mark: 0.060/0.060 secs] [Times: user=0.06 sys=0.00, real=0.06 secs] 
2026-05-27T22:21:31.442+0800: 5993.894: [CMS-concurrent-preclean-start]
2026-05-27T22:21:31.444+0800: 5993.897: [CMS-concurrent-preclean: 0.003/0.003 secs] [Times: user=0.00 sys=0.00, real=0.00 secs] 
2026-05-27T22:21:31.445+0800: 5993.897: [CMS-concurrent-abortable-preclean-start]
 CMS: abort preclean due to time 2026-05-27T22:21:36.543+0800: 5998.995: [CMS-concurrent-abortable-preclean: 0.790/5.098 secs] [Times: user=0.86 sys=0.00, real=5.10 secs] 
2026-05-27T22:21:36.545+0800: 5998.997: [GC (CMS Final Remark) [YG occupancy: 73075 K (118016 K)]2026-05-27T22:21:36.545+0800: 5998.997: [Rescan (non-parallel) 2026-05-27T22:21:36.546+0800: 5998.998: [grey object rescan, 0.0004338 secs]2026-05-27T22:21:36.547+0800: 5998.999: [root rescan, 0.0483089 secs]2026-05-27T22:21:36.595+0800: 5999.047: [visit unhandled CLDs, 0.0003268 secs]2026-05-27T22:21:36.596+0800: 5999.048: [dirty klass scan, 0.0025122 secs], 0.0536869 secs]2026-05-27T22:21:36.599+0800: 5999.051: [weak refs processing, 0.0003059 secs]2026-05-27T22:21:36.600+0800: 5999.052: [class unloading, 0.0157797 secs]2026-05-27T22:21:36.616+0800: 5999.068: [scrub symbol table, 0.0218805 secs]2026-05-27T22:21:36.639+0800: 5999.091: [scrub string table, 0.0012655 secs][1 CMS-remark: 85004K(131072K)] 158079K(249088K), 0.0960474 secs] [Times: user=0.09 sys=0.00, real=0.10 secs] 
2026-05-27T22:21:36.642+0800: 5999.094: [CMS-concurrent-sweep-start]
2026-05-27T22:21:36.654+0800: 5999.106: [CMS-concurrent-sweep: 0.012/0.012 secs] [Times: user=0.01 sys=0.00, real=0.01 secs] 
2026-05-27T22:21:36.655+0800: 5999.107: [CMS-concurrent-reset-start]
2026-05-27T22:21:36.655+0800: 5999.107: [CMS-concurrent-reset: 0.000/0.000 secs] [Times: user=0.00 sys=0.00, real=0.00 secs] 
2026-05-27T22:21:38.656+0800: 6001.108: [GC (CMS Initial Mark) [1 CMS-initial-mark: 85004K(131072K)] 158176K(249088K), 0.0541621 secs] [Times: user=0.05 sys=0.00, real=0.05 secs] 
2026-05-27T22:21:38.712+0800: 6001.164: [CMS-concurrent-mark-start]
2026-05-27T22:21:38.778+0800: 6001.230: [CMS-concurrent-mark: 0.066/0.066 secs] [Times: user=0.07 sys=0.00, real=0.06 secs] 
2026-05-27T22:21:38.778+0800: 6001.230: [CMS-concurrent-preclean-start]
2026-05-27T22:21:38.781+0800: 6001.233: [CMS-concurrent-preclean: 0.003/0.003 secs] [Times: user=0.00 sys=0.00, real=0.01 secs] 
2026-05-27T22:21:38.782+0800: 6001.234: [CMS-concurrent-abortable-preclean-start]
 CMS: abort preclean due to time 2026-05-27T22:21:43.833+0800: 6006.285: [CMS-concurrent-abortable-preclean: 0.743/5.051 secs] [Times: user=0.83 sys=0.00, real=5.05 secs] 
2026-05-27T22:21:43.835+0800: 6006.287: [GC (CMS Final Remark) [YG occupancy: 73760 K (118016 K)]2026-05-27T22:21:43.835+0800: 6006.287: [Rescan (non-parallel) 2026-05-27T22:21:43.835+0800: 6006.288: [grey object rescan, 0.0004122 secs]2026-05-27T22:21:43.836+0800: 6006.288: [root rescan, 0.0445201 secs]2026-05-27T22:21:43.881+0800: 6006.333: [visit unhandled CLDs, 0.0004316 secs]2026-05-27T22:21:43.882+0800: 6006.334: [dirty klass scan, 0.0022071 secs], 0.0495570 secs]2026-05-27T22:21:43.885+0800: 6006.337: [weak refs processing, 0.0004980 secs]2026-05-27T22:21:43.886+0800: 6006.338: [class unloading, 0.0178540 secs]2026-05-27T22:21:43.904+0800: 6006.356: [scrub symbol table, 0.0222323 secs]2026-05-27T22:21:43.927+0800: 6006.379: [scrub string table, 0.0014190 secs][1 CMS-remark: 85004K(131072K)] 158764K(249088K), 0.0946753 secs] [Times: user=0.09 sys=0.00, real=0.09 secs] 
2026-05-27T22:21:43.931+0800: 6006.383: [CMS-concurrent-sweep-start]
2026-05-27T22:21:43.942+0800: 6006.394: [CMS-concurrent-sweep: 0.012/0.012 secs] [Times: user=0.01 sys=0.00, real=0.02 secs] 
2026-05-27T22:21:43.944+0800: 6006.396: [CMS-concurrent-reset-start]
2026-05-27T22:21:43.944+0800: 6006.396: [CMS-concurrent-reset: 0.000/0.000 secs] [Times: user=0.00 sys=0.00, real=0.00 secs] 
2026-05-27T22:21:45.943+0800: 6008.397: [GC (CMS Initial Mark) [1 CMS-initial-mark: 85004K(131072K)] 158908K(249088K), 0.0451902 secs] [Times: user=0.04 sys=0.00, real=0.04 secs] 
2026-05-27T22:21:45.990+0800: 6008.443: [CMS-concurrent-mark-start]
2026-05-27T22:21:46.044+0800: 6008.498: [CMS-concurrent-mark: 0.054/0.054 secs] [Times: user=0.05 sys=0.00, real=0.06 secs] 
2026-05-27T22:21:46.045+0800: 6008.498: [CMS-concurrent-preclean-start]
2026-05-27T22:21:46.047+0800: 6008.501: [CMS-concurrent-preclean: 0.002/0.002 secs] [Times: user=0.00 sys=0.00, real=0.00 secs] 
2026-05-27T22:21:46.048+0800: 6008.501: [CMS-concurrent-abortable-preclean-start]
 CMS: abort preclean due to time 2026-05-27T22:21:51.094+0800: 6013.547: [CMS-concurrent-abortable-preclean: 0.638/5.046 secs] [Times: user=0.69 sys=0.01, real=5.05 secs] 
2026-05-27T22:21:51.096+0800: 6013.549: [GC (CMS Final Remark) [YG occupancy: 74230 K (118016 K)]2026-05-27T22:21:51.096+0800: 6013.549: [Rescan (non-parallel) 2026-05-27T22:21:51.097+0800: 6013.550: [grey object rescan, 0.0004463 secs]2026-05-27T22:21:51.097+0800: 6013.551: [root rescan, 0.0441589 secs]2026-05-27T22:21:51.142+0800: 6013.595: [visit unhandled CLDs, 0.0003483 secs]2026-05-27T22:21:51.143+0800: 6013.596: [dirty klass scan, 0.0019485 secs], 0.0491501 secs]2026-05-27T22:21:51.146+0800: 6013.599: [weak refs processing, 0.0003502 secs]2026-05-27T22:21:51.146+0800: 6013.600: [class unloading, 0.0160122 secs]2026-05-27T22:21:51.163+0800: 6013.616: [scrub symbol table, 0.0210840 secs]2026-05-27T22:21:51.185+0800: 6013.638: [scrub string table, 0.0012828 secs][1 CMS-remark: 85004K(131072K)] 159234K(249088K), 0.0908844 secs] [Times: user=0.08 sys=0.00, real=0.09 secs] 
2026-05-27T22:21:51.188+0800: 6013.641: [CMS-concurrent-sweep-start]
2026-05-27T22:21:51.200+0800: 6013.653: [CMS-concurrent-sweep: 0.012/0.012 secs] [Times: user=0.02 sys=0.00, real=0.02 secs] 
2026-05-27T22:21:51.200+0800: 6013.653: [CMS-concurrent-reset-start]
2026-05-27T22:21:51.200+0800: 6013.654: [CMS-concurrent-reset: 0.000/0.000 secs] [Times: user=0.00 sys=0.00, real=0.00 secs] 
2026-05-27T22:21:53.201+0800: 6015.654: [GC (CMS Initial Mark) [1 CMS-initial-mark: 85004K(131072K)] 159282K(249088K), 0.0533187 secs] [Times: user=0.06 sys=0.00, real=0.05 secs] 
2026-05-27T22:21:53.256+0800: 6015.709: [CMS-concurrent-mark-start]
2026-05-27T22:21:53.320+0800: 6015.773: [CMS-concurrent-mark: 0.064/0.064 secs] [Times: user=0.06 sys=0.00, real=0.07 secs] 
2026-05-27T22:21:53.320+0800: 6015.773: [CMS-concurrent-preclean-start]
2026-05-27T22:21:53.323+0800: 6015.776: [CMS-concurrent-preclean: 0.002/0.002 secs] [Times: user=0.01 sys=0.00, real=0.00 secs] 
2026-05-27T22:21:53.323+0800: 6015.776: [CMS-concurrent-abortable-preclean-start]
 CMS: abort preclean due to time 2026-05-27T22:21:58.394+0800: 6020.847: [CMS-concurrent-abortable-preclean: 0.662/5.071 secs] [Times: user=0.72 sys=0.01, real=5.07 secs] 
2026-05-27T22:21:58.395+0800: 6020.849: [GC (CMS Final Remark) [YG occupancy: 74521 K (118016 K)]2026-05-27T22:21:58.396+0800: 6020.849: [Rescan (non-parallel) 2026-05-27T22:21:58.396+0800: 6020.849: [grey object rescan, 0.0004178 secs]2026-05-27T22:21:58.397+0800: 6020.850: [root rescan, 0.0446584 secs]2026-05-27T22:21:58.442+0800: 6020.895: [visit unhandled CLDs, 0.0004361 secs]2026-05-27T22:21:58.443+0800: 6020.896: [dirty klass scan, 0.0019904 secs], 0.0492601 secs]2026-05-27T22:21:58.445+0800: 6020.899: [weak refs processing, 0.0005712 secs]2026-05-27T22:21:58.446+0800: 6020.900: [class unloading, 0.0157625 secs]2026-05-27T22:21:58.463+0800: 6020.916: [scrub symbol table, 0.0214871 secs]2026-05-27T22:21:58.485+0800: 6020.938: [scrub string table, 0.0011325 secs][1 CMS-remark: 85004K(131072K)] 159525K(249088K), 0.0914194 secs] [Times: user=0.09 sys=0.00, real=0.09 secs] 
2026-05-27T22:21:58.488+0800: 6020.941: [CMS-concurrent-sweep-start]
2026-05-27T22:21:58.500+0800: 6020.953: [CMS-concurrent-sweep: 0.012/0.012 secs] [Times: user=0.01 sys=0.00, real=0.02 secs] 
2026-05-27T22:21:58.501+0800: 6020.954: [CMS-concurrent-reset-start]
2026-05-27T22:21:58.501+0800: 6020.954: [CMS-concurrent-reset: 0.000/0.000 secs] [Times: user=0.00 sys=0.00, real=0.00 secs] 
2026-05-27T22:22:00.501+0800: 6022.955: [GC (CMS Initial Mark) [1 CMS-initial-mark: 85004K(131072K)] 159665K(249088K), 0.0462862 secs] [Times: user=0.04 sys=0.00, real=0.04 secs] 
2026-05-27T22:22:00.549+0800: 6023.002: [CMS-concurrent-mark-start]
2026-05-27T22:22:00.619+0800: 6023.072: [CMS-concurrent-mark: 0.070/0.070 secs] [Times: user=0.08 sys=0.00, real=0.08 secs] 
2026-05-27T22:22:00.620+0800: 6023.073: [CMS-concurrent-preclean-start]
2026-05-27T22:22:00.622+0800: 6023.075: [CMS-concurrent-preclean: 0.002/0.002 secs] [Times: user=0.00 sys=0.00, real=0.00 secs] 
2026-05-27T22:22:00.623+0800: 6023.076: [CMS-concurrent-abortable-preclean-start]
 CMS: abort preclean due to time 2026-05-27T22:22:05.704+0800: 6028.158: [CMS-concurrent-abortable-preclean: 0.673/5.081 secs] [Times: user=0.72 sys=0.02, real=5.08 secs] 
2026-05-27T22:22:05.706+0800: 6028.159: [GC (CMS Final Remark) [YG occupancy: 75113 K (118016 K)]2026-05-27T22:22:05.706+0800: 6028.160: [Rescan (non-parallel) 2026-05-27T22:22:05.707+0800: 6028.160: [grey object rescan, 0.0004832 secs]2026-05-27T22:22:05.708+0800: 6028.161: [root rescan, 0.0481290 secs]2026-05-27T22:22:05.756+0800: 6028.209: [visit unhandled CLDs, 0.0002273 secs]2026-05-27T22:22:05.756+0800: 6028.210: [dirty klass scan, 0.0025368 secs], 0.0529600 secs]2026-05-27T22:22:05.759+0800: 6028.213: [weak refs processing, 0.0003148 secs]2026-05-27T22:22:05.760+0800: 6028.213: [class unloading, 0.0158579 secs]2026-05-27T22:22:05.776+0800: 6028.230: [scrub symbol table, 0.0216909 secs]2026-05-27T22:22:05.798+0800: 6028.252: [scrub string table, 0.0009667 secs][1 CMS-remark: 85004K(131072K)] 160117K(249088K), 0.0944179 secs] [Times: user=0.09 sys=0.00, real=0.10 secs] 
2026-05-27T22:22:05.801+0800: 6028.255: [CMS-concurrent-sweep-start]
2026-05-27T22:22:05.813+0800: 6028.267: [CMS-concurrent-sweep: 0.012/0.012 secs] [Times: user=0.01 sys=0.00, real=0.01 secs] 
2026-05-27T22:22:05.814+0800: 6028.267: [CMS-concurrent-reset-start]
2026-05-27T22:22:05.814+0800: 6028.267: [CMS-concurrent-reset: 0.000/0.000 secs] [Times: user=0.00 sys=0.00, real=0.00 secs] 
2026-05-27T22:22:07.815+0800: 6030.268: [GC (CMS Initial Mark) [1 CMS-initial-mark: 85003K(131072K)] 160273K(249088K), 0.0452317 secs] [Times: user=0.04 sys=0.00, real=0.05 secs] 
2026-05-27T22:22:07.861+0800: 6030.314: [CMS-concurrent-mark-start]
2026-05-27T22:22:07.916+0800: 6030.370: [CMS-concurrent-mark: 0.055/0.055 secs] [Times: user=0.06 sys=0.00, real=0.05 secs] 
2026-05-27T22:22:07.917+0800: 6030.371: [CMS-concurrent-preclean-start]
2026-05-27T22:22:07.920+0800: 6030.373: [CMS-concurrent-preclean: 0.002/0.002 secs] [Times: user=0.00 sys=0.00, real=0.01 secs] 
2026-05-27T22:22:07.920+0800: 6030.373: [CMS-concurrent-abortable-preclean-start]
 CMS: abort preclean due to time 2026-05-27T22:22:12.973+0800: 6035.427: [CMS-concurrent-abortable-preclean: 0.645/5.053 secs] [Times: user=0.71 sys=0.01, real=5.05 secs] 
2026-05-27T22:22:12.975+0800: 6035.428: [GC (CMS Final Remark) [YG occupancy: 75513 K (118016 K)]2026-05-27T22:22:12.975+0800: 6035.428: [Rescan (non-parallel) 2026-05-27T22:22:12.976+0800: 6035.429: [grey object rescan, 0.0004782 secs]2026-05-27T22:22:12.976+0800: 6035.430: [root rescan, 0.0470792 secs]2026-05-27T22:22:13.024+0800: 6035.477: [visit unhandled CLDs, 0.0006007 secs]2026-05-27T22:22:13.025+0800: 6035.478: [dirty klass scan, 0.0019883 secs], 0.0523517 secs]2026-05-27T22:22:13.028+0800: 6035.481: [weak refs processing, 0.0004240 secs]2026-05-27T22:22:13.029+0800: 6035.482: [class unloading, 0.0157643 secs]2026-05-27T22:22:13.045+0800: 6035.498: [scrub symbol table, 0.0221877 secs]2026-05-27T22:22:13.068+0800: 6035.521: [scrub string table, 0.0013599 secs][1 CMS-remark: 85003K(131072K)] 160516K(249088K), 0.0951850 secs] [Times: user=0.09 sys=0.00, real=0.10 secs] 
2026-05-27T22:22:13.071+0800: 6035.525: [CMS-concurrent-sweep-start]
2026-05-27T22:22:13.083+0800: 6035.537: [CMS-concurrent-sweep: 0.012/0.012 secs] [Times: user=0.01 sys=0.00, real=0.01 secs] 
2026-05-27T22:22:13.084+0800: 6035.537: [CMS-concurrent-reset-start]
2026-05-27T22:22:13.084+0800: 6035.537: [CMS-concurrent-reset: 0.000/0.000 secs] [Times: user=0.01 sys=0.00, real=0.00 secs] 
2026-05-27T22:22:15.083+0800: 6037.538: [GC (CMS Initial Mark) [1 CMS-initial-mark: 85003K(131072K)] 160607K(249088K), 0.0499243 secs] [Times: user=0.05 sys=0.00, real=0.05 secs] 
2026-05-27T22:22:15.134+0800: 6037.589: [CMS-concurrent-mark-start]
2026-05-27T22:22:15.190+0800: 6037.646: [CMS-concurrent-mark: 0.057/0.057 secs] [Times: user=0.06 sys=0.00, real=0.06 secs] 
2026-05-27T22:22:15.191+0800: 6037.647: [CMS-concurrent-preclean-start]
2026-05-27T22:22:15.194+0800: 6037.649: [CMS-concurrent-preclean: 0.003/0.003 secs] [Times: user=0.00 sys=0.00, real=0.00 secs] 
2026-05-27T22:22:15.194+0800: 6037.650: [CMS-concurrent-abortable-preclean-start]
 CMS: abort preclean due to time 2026-05-27T22:22:20.309+0800: 6042.764: [CMS-concurrent-abortable-preclean: 0.677/5.114 secs] [Times: user=0.76 sys=0.00, real=5.12 secs] 
2026-05-27T22:22:20.310+0800: 6042.765: [GC (CMS Final Remark) [YG occupancy: 76099 K (118016 K)]2026-05-27T22:22:20.310+0800: 6042.766: [Rescan (non-parallel) 2026-05-27T22:22:20.311+0800: 6042.766: [grey object rescan, 0.0005162 secs]2026-05-27T22:22:20.312+0800: 6042.767: [root rescan, 0.0466758 secs]2026-05-27T22:22:20.359+0800: 6042.815: [visit unhandled CLDs, 0.0004329 secs]2026-05-27T22:22:20.360+0800: 6042.816: [dirty klass scan, 0.0020903 secs], 0.0522199 secs]2026-05-27T22:22:20.363+0800: 6042.819: [weak refs processing, 0.0004013 secs]2026-05-27T22:22:20.364+0800: 6042.819: [class unloading, 0.0165399 secs]2026-05-27T22:22:20.381+0800: 6042.836: [scrub symbol table, 0.0218394 secs]2026-05-27T22:22:20.403+0800: 6042.859: [scrub string table, 0.0009139 secs][1 CMS-remark: 85003K(131072K)] 161103K(249088K), 0.0950072 secs] [Times: user=0.09 sys=0.00, real=0.09 secs] 
2026-05-27T22:22:20.406+0800: 6042.861: [CMS-concurrent-sweep-start]
2026-05-27T22:22:20.418+0800: 6042.874: [CMS-concurrent-sweep: 0.012/0.012 secs] [Times: user=0.01 sys=0.00, real=0.02 secs] 
2026-05-27T22:22:20.419+0800: 6042.874: [CMS-concurrent-reset-start]
2026-05-27T22:22:20.419+0800: 6042.874: [CMS-concurrent-reset: 0.000/0.000 secs] [Times: user=0.00 sys=0.00, real=0.00 secs] 
2026-05-27T22:22:22.420+0800: 6044.876: [GC (CMS Initial Mark) [1 CMS-initial-mark: 85003K(131072K)] 161251K(249088K), 0.0469849 secs] [Times: user=0.05 sys=0.00, real=0.04 secs] 
2026-05-27T22:22:22.468+0800: 6044.924: [CMS-concurrent-mark-start]
2026-05-27T22:22:22.528+0800: 6044.984: [CMS-concurrent-mark: 0.060/0.060 secs] [Times: user=0.06 sys=0.00, real=0.06 secs] 
2026-05-27T22:22:22.529+0800: 6044.985: [CMS-concurrent-preclean-start]
2026-05-27T22:22:22.532+0800: 6044.988: [CMS-concurrent-preclean: 0.003/0.003 secs] [Times: user=0.00 sys=0.00, real=0.00 secs] 
2026-05-27T22:22:22.533+0800: 6044.988: [CMS-concurrent-abortable-preclean-start]
 CMS: abort preclean due to time 2026-05-27T22:22:27.561+0800: 6050.016: [CMS-concurrent-abortable-preclean: 0.620/5.028 secs] [Times: user=0.68 sys=0.00, real=5.03 secs] 
2026-05-27T22:22:27.563+0800: 6050.018: [GC (CMS Final Remark) [YG occupancy: 76469 K (118016 K)]2026-05-27T22:22:27.563+0800: 6050.019: [Rescan (non-parallel) 2026-05-27T22:22:27.563+0800: 6050.019: [grey object rescan, 0.0003453 secs]2026-05-27T22:22:27.564+0800: 6050.020: [root rescan, 0.0487424 secs]2026-05-27T22:22:27.613+0800: 6050.069: [visit unhandled CLDs, 0.0003433 secs]2026-05-27T22:22:27.614+0800: 6050.069: [dirty klass scan, 0.0020446 secs], 0.0533144 secs]2026-05-27T22:22:27.617+0800: 6050.072: [weak refs processing, 0.0003491 secs]2026-05-27T22:22:27.617+0800: 6050.073: [class unloading, 0.0177731 secs]2026-05-27T22:22:27.636+0800: 6050.091: [scrub symbol table, 0.0211432 secs]2026-05-27T22:22:27.658+0800: 6050.113: [scrub string table, 0.0009096 secs][1 CMS-remark: 85003K(131072K)] 161473K(249088K), 0.0964937 secs] [Times: user=0.09 sys=0.00, real=0.10 secs] 
2026-05-27T22:22:27.660+0800: 6050.116: [CMS-concurrent-sweep-start]
2026-05-27T22:22:27.672+0800: 6050.128: [CMS-concurrent-sweep: 0.012/0.012 secs] [Times: user=0.01 sys=0.00, real=0.01 secs] 
2026-05-27T22:22:27.673+0800: 6050.129: [CMS-concurrent-reset-start]
2026-05-27T22:22:27.673+0800: 6050.129: [CMS-concurrent-reset: 0.000/0.000 secs] [Times: user=0.00 sys=0.00, real=0.00 secs] 
2026-05-27T22:22:29.674+0800: 6052.130: [GC (CMS Initial Mark) [1 CMS-initial-mark: 85003K(131072K)] 161595K(249088K), 0.0451166 secs] [Times: user=0.05 sys=0.00, real=0.05 secs] 
2026-05-27T22:22:29.721+0800: 6052.176: [CMS-concurrent-mark-start]
2026-05-27T22:22:29.774+0800: 6052.230: [CMS-concurrent-mark: 0.054/0.054 secs] [Times: user=0.05 sys=0.00, real=0.05 secs] 
2026-05-27T22:22:29.775+0800: 6052.231: [CMS-concurrent-preclean-start]
2026-05-27T22:22:29.778+0800: 6052.233: [CMS-concurrent-preclean: 0.002/0.002 secs] [Times: user=0.00 sys=0.00, real=0.01 secs] 
2026-05-27T22:22:29.779+0800: 6052.234: [CMS-concurrent-abortable-preclean-start]
 CMS: abort preclean due to time 2026-05-27T22:22:34.827+0800: 6057.283: [CMS-concurrent-abortable-preclean: 0.641/5.048 secs] [Times: user=0.71 sys=0.01, real=5.04 secs] 
2026-05-27T22:22:34.829+0800: 6057.284: [GC (CMS Final Remark) [YG occupancy: 76805 K (118016 K)]2026-05-27T22:22:34.829+0800: 6057.285: [Rescan (non-parallel) 2026-05-27T22:22:34.829+0800: 6057.285: [grey object rescan, 0.0004337 secs]2026-05-27T22:22:34.830+0800: 6057.286: [root rescan, 0.0464427 secs]2026-05-27T22:22:34.877+0800: 6057.333: [visit unhandled CLDs, 0.0005279 secs]2026-05-27T22:22:34.878+0800: 6057.334: [dirty klass scan, 0.0020948 secs], 0.0515724 secs]2026-05-27T22:22:34.881+0800: 6057.336: [weak refs processing, 0.0005061 secs]2026-05-27T22:22:34.882+0800: 6057.337: [class unloading, 0.0164522 secs]2026-05-27T22:22:34.899+0800: 6057.354: [scrub symbol table, 0.0221795 secs]2026-05-27T22:22:34.921+0800: 6057.377: [scrub string table, 0.0009181 secs][1 CMS-remark: 85003K(131072K)] 161809K(249088K), 0.0946553 secs] [Times: user=0.08 sys=0.01, real=0.09 secs] 
2026-05-27T22:22:34.924+0800: 6057.380: [CMS-concurrent-sweep-start]
2026-05-27T22:22:34.936+0800: 6057.392: [CMS-concurrent-sweep: 0.012/0.012 secs] [Times: user=0.02 sys=0.00, real=0.02 secs] 
2026-05-27T22:22:34.937+0800: 6057.392: [CMS-concurrent-reset-start]
2026-05-27T22:22:34.937+0800: 6057.392: [CMS-concurrent-reset: 0.000/0.000 secs] [Times: user=0.00 sys=0.00, real=0.00 secs] 
2026-05-27T22:22:36.938+0800: 6059.393: [GC (CMS Initial Mark) [1 CMS-initial-mark: 85003K(131072K)] 161839K(249088K), 0.0477677 secs] [Times: user=0.05 sys=0.00, real=0.04 secs] 
2026-05-27T22:22:36.987+0800: 6059.442: [CMS-concurrent-mark-start]
2026-05-27T22:22:37.040+0800: 6059.495: [CMS-concurrent-mark: 0.053/0.053 secs] [Times: user=0.06 sys=0.00, real=0.06 secs] 
2026-05-27T22:22:37.040+0800: 6059.496: [CMS-concurrent-preclean-start]
2026-05-27T22:22:37.043+0800: 6059.499: [CMS-concurrent-preclean: 0.003/0.003 secs] [Times: user=0.00 sys=0.00, real=0.00 secs] 
2026-05-27T22:22:37.044+0800: 6059.499: [CMS-concurrent-abortable-preclean-start]
 CMS: abort preclean due to time 2026-05-27T22:22:42.088+0800: 6064.543: [CMS-concurrent-abortable-preclean: 0.634/5.044 secs] [Times: user=0.68 sys=0.01, real=5.04 secs] 
2026-05-27T22:22:42.090+0800: 6064.545: [GC (CMS Final Remark) [YG occupancy: 77269 K (118016 K)]2026-05-27T22:22:42.090+0800: 6064.546: [Rescan (non-parallel) 2026-05-27T22:22:42.091+0800: 6064.546: [grey object rescan, 0.0003959 secs]2026-05-27T22:22:42.091+0800: 6064.547: [root rescan, 0.0478032 secs]2026-05-27T22:22:42.140+0800: 6064.595: [visit unhandled CLDs, 0.0002772 secs]2026-05-27T22:22:42.140+0800: 6064.596: [dirty klass scan, 0.0020521 secs], 0.0520768 secs]2026-05-27T22:22:42.143+0800: 6064.598: [weak refs processing, 0.0003442 secs]2026-05-27T22:22:42.144+0800: 6064.599: [class unloading, 0.0151013 secs]2026-05-27T22:22:42.159+0800: 6064.615: [scrub symbol table, 0.0208559 secs]2026-05-27T22:22:42.181+0800: 6064.636: [scrub string table, 0.0009840 secs][1 CMS-remark: 85003K(131072K)] 162273K(249088K), 0.0925066 secs] [Times: user=0.09 sys=0.01, real=0.09 secs] 
2026-05-27T22:22:42.183+0800: 6064.639: [CMS-concurrent-sweep-start]
2026-05-27T22:22:42.195+0800: 6064.651: [CMS-concurrent-sweep: 0.012/0.012 secs] [Times: user=0.01 sys=0.00, real=0.01 secs] 
2026-05-27T22:22:42.196+0800: 6064.651: [CMS-concurrent-reset-start]
2026-05-27T22:22:42.196+0800: 6064.652: [CMS-concurrent-reset: 0.000/0.000 secs] [Times: user=0.00 sys=0.00, real=0.01 secs] 
2026-05-27T22:22:44.195+0800: 6066.653: [GC (CMS Initial Mark) [1 CMS-initial-mark: 85003K(131072K)] 162405K(249088K), 0.0465632 secs] [Times: user=0.04 sys=0.00, real=0.04 secs] 
2026-05-27T22:22:44.243+0800: 6066.701: [CMS-concurrent-mark-start]
2026-05-27T22:22:44.299+0800: 6066.756: [CMS-concurrent-mark: 0.055/0.055 secs] [Times: user=0.06 sys=0.00, real=0.06 secs] 
2026-05-27T22:22:44.300+0800: 6066.757: [CMS-concurrent-preclean-start]
2026-05-27T22:22:44.302+0800: 6066.759: [CMS-concurrent-preclean: 0.002/0.002 secs] [Times: user=0.00 sys=0.00, real=0.00 secs] 
2026-05-27T22:22:44.302+0800: 6066.760: [CMS-concurrent-abortable-preclean-start]
 CMS: abort preclean due to time 2026-05-27T22:22:49.332+0800: 6071.790: [CMS-concurrent-abortable-preclean: 0.622/5.030 secs] [Times: user=0.68 sys=0.00, real=5.03 secs] 
2026-05-27T22:22:49.334+0800: 6071.792: [GC (CMS Final Remark) [YG occupancy: 77666 K (118016 K)]2026-05-27T22:22:49.335+0800: 6071.792: [Rescan (non-parallel) 2026-05-27T22:22:49.335+0800: 6071.793: [grey object rescan, 0.0004369 secs]2026-05-27T22:22:49.336+0800: 6071.793: [root rescan, 0.0629035 secs]2026-05-27T22:22:49.400+0800: 6071.857: [visit unhandled CLDs, 0.0004481 secs]2026-05-27T22:22:49.400+0800: 6071.858: [dirty klass scan, 0.0024330 secs], 0.0681783 secs]2026-05-27T22:22:49.403+0800: 6071.861: [weak refs processing, 0.0003615 secs]2026-05-27T22:22:49.404+0800: 6071.861: [class unloading, 0.0167321 secs]2026-05-27T22:22:49.421+0800: 6071.879: [scrub symbol table, 0.0258245 secs]2026-05-27T22:22:49.448+0800: 6071.905: [scrub string table, 0.0012221 secs][1 CMS-remark: 85003K(131072K)] 162670K(249088K), 0.1154608 secs] [Times: user=0.11 sys=0.00, real=0.11 secs] 
2026-05-27T22:22:49.451+0800: 6071.908: [CMS-concurrent-sweep-start]
2026-05-27T22:22:49.463+0800: 6071.921: [CMS-concurrent-sweep: 0.012/0.012 secs] [Times: user=0.02 sys=0.00, real=0.01 secs] 
2026-05-27T22:22:49.464+0800: 6071.921: [CMS-concurrent-reset-start]
2026-05-27T22:22:49.464+0800: 6071.922: [CMS-concurrent-reset: 0.000/0.000 secs] [Times: user=0.00 sys=0.00, real=0.00 secs] 
2026-05-27T22:22:51.465+0800: 6073.922: [GC (CMS Initial Mark) [1 CMS-initial-mark: 85003K(131072K)] 162736K(249088K), 0.0468382 secs] [Times: user=0.05 sys=0.00, real=0.05 secs] 
2026-05-27T22:22:51.513+0800: 6073.971: [CMS-concurrent-mark-start]
2026-05-27T22:22:51.568+0800: 6074.025: [CMS-concurrent-mark: 0.055/0.055 secs] [Times: user=0.05 sys=0.00, real=0.06 secs] 
2026-05-27T22:22:51.568+0800: 6074.026: [CMS-concurrent-preclean-start]
2026-05-27T22:22:51.571+0800: 6074.028: [CMS-concurrent-preclean: 0.002/0.002 secs] [Times: user=0.01 sys=0.00, real=0.00 secs] 
2026-05-27T22:22:51.571+0800: 6074.029: [CMS-concurrent-abortable-preclean-start]
 CMS: abort preclean due to time 2026-05-27T22:22:56.588+0800: 6079.045: [CMS-concurrent-abortable-preclean: 0.645/5.016 secs] [Times: user=0.79 sys=0.01, real=5.02 secs] 
2026-05-27T22:22:56.589+0800: 6079.047: [GC (CMS Final Remark) [YG occupancy: 78075 K (118016 K)]2026-05-27T22:22:56.590+0800: 6079.047: [Rescan (non-parallel) 2026-05-27T22:22:56.590+0800: 6079.047: [grey object rescan, 0.0004156 secs]2026-05-27T22:22:56.590+0800: 6079.048: [root rescan, 0.0472615 secs]2026-05-27T22:22:56.638+0800: 6079.096: [visit unhandled CLDs, 0.0004799 secs]2026-05-27T22:22:56.639+0800: 6079.097: [dirty klass scan, 0.0020545 secs], 0.0521092 secs]2026-05-27T22:22:56.642+0800: 6079.099: [weak refs processing, 0.0003657 secs]2026-05-27T22:22:56.643+0800: 6079.100: [class unloading, 0.0173434 secs]2026-05-27T22:22:56.661+0800: 6079.118: [scrub symbol table, 0.0228565 secs]2026-05-27T22:22:56.684+0800: 6079.141: [scrub string table, 0.0012030 secs][1 CMS-remark: 85003K(131072K)] 163079K(249088K), 0.0967075 secs] [Times: user=0.09 sys=0.00, real=0.10 secs] 
2026-05-27T22:22:56.687+0800: 6079.144: [CMS-concurrent-sweep-start]
2026-05-27T22:22:56.698+0800: 6079.156: [CMS-concurrent-sweep: 0.011/0.011 secs] [Times: user=0.01 sys=0.00, real=0.01 secs] 
2026-05-27T22:22:56.699+0800: 6079.157: [CMS-concurrent-reset-start]
2026-05-27T22:22:56.699+0800: 6079.157: [CMS-concurrent-reset: 0.000/0.000 secs] [Times: user=0.00 sys=0.00, real=0.00 secs] 
2026-05-27T22:22:58.701+0800: 6081.159: [GC (CMS Initial Mark) [1 CMS-initial-mark: 85003K(131072K)] 163312K(249088K), 0.0487244 secs] [Times: user=0.05 sys=0.00, real=0.05 secs] 
2026-05-27T22:22:58.751+0800: 6081.208: [CMS-concurrent-mark-start]
2026-05-27T22:22:58.806+0800: 6081.263: [CMS-concurrent-mark: 0.055/0.055 secs] [Times: user=0.06 sys=0.00, real=0.05 secs] 
2026-05-27T22:22:58.806+0800: 6081.264: [CMS-concurrent-preclean-start]
2026-05-27T22:22:58.809+0800: 6081.266: [CMS-concurrent-preclean: 0.002/0.002 secs] [Times: user=0.00 sys=0.00, real=0.00 secs] 
2026-05-27T22:22:58.809+0800: 6081.267: [CMS-concurrent-abortable-preclean-start]
 CMS: abort preclean due to time 2026-05-27T22:23:03.854+0800: 6086.312: [CMS-concurrent-abortable-preclean: 0.657/5.045 secs] [Times: user=0.73 sys=0.00, real=5.05 secs] 
2026-05-27T22:23:03.856+0800: 6086.313: [GC (CMS Final Remark) [YG occupancy: 78726 K (118016 K)]2026-05-27T22:23:03.856+0800: 6086.314: [Rescan (non-parallel) 2026-05-27T22:23:03.857+0800: 6086.314: [grey object rescan, 0.0005127 secs]2026-05-27T22:23:03.858+0800: 6086.315: [root rescan, 0.0476086 secs]2026-05-27T22:23:03.906+0800: 6086.363: [visit unhandled CLDs, 0.0004761 secs]2026-05-27T22:23:03.907+0800: 6086.364: [dirty klass scan, 0.0019425 secs], 0.0525440 secs]2026-05-27T22:23:03.909+0800: 6086.367: [weak refs processing, 0.0002779 secs]2026-05-27T22:23:03.910+0800: 6086.367: [class unloading, 0.0159017 secs]2026-05-27T22:23:03.926+0800: 6086.384: [scrub symbol table, 0.0223445 secs]2026-05-27T22:23:03.949+0800: 6086.406: [scrub string table, 0.0011668 secs][1 CMS-remark: 85003K(131072K)] 163730K(249088K), 0.0950405 secs] [Times: user=0.09 sys=0.01, real=0.09 secs] 
2026-05-27T22:23:03.952+0800: 6086.410: [CMS-concurrent-sweep-start]
2026-05-27T22:23:03.964+0800: 6086.422: [CMS-concurrent-sweep: 0.012/0.012 secs] [Times: user=0.01 sys=0.00, real=0.01 secs] 
2026-05-27T22:23:03.965+0800: 6086.423: [CMS-concurrent-reset-start]
2026-05-27T22:23:03.966+0800: 6086.423: [CMS-concurrent-reset: 0.000/0.000 secs] [Times: user=0.00 sys=0.00, real=0.00 secs] 
2026-05-27T22:23:05.966+0800: 6088.424: [GC (CMS Initial Mark) [1 CMS-initial-mark: 85003K(131072K)] 163844K(249088K), 0.0485816 secs] [Times: user=0.05 sys=0.00, real=0.05 secs] 
2026-05-27T22:23:06.016+0800: 6088.474: [CMS-concurrent-mark-start]
2026-05-27T22:23:06.076+0800: 6088.533: [CMS-concurrent-mark: 0.060/0.060 secs] [Times: user=0.07 sys=0.00, real=0.06 secs] 
2026-05-27T22:23:06.077+0800: 6088.534: [CMS-concurrent-preclean-start]
2026-05-27T22:23:06.079+0800: 6088.536: [CMS-concurrent-preclean: 0.002/0.002 secs] [Times: user=0.00 sys=0.00, real=0.00 secs] 
2026-05-27T22:23:06.079+0800: 6088.537: [CMS-concurrent-abortable-preclean-start]
 CMS: abort preclean due to time 2026-05-27T22:23:11.139+0800: 6093.597: [CMS-concurrent-abortable-preclean: 0.652/5.060 secs] [Times: user=0.71 sys=0.00, real=5.06 secs] 
2026-05-27T22:23:11.141+0800: 6093.599: [GC (CMS Final Remark) [YG occupancy: 78995 K (118016 K)]2026-05-27T22:23:11.142+0800: 6093.599: [Rescan (non-parallel) 2026-05-27T22:23:11.142+0800: 6093.600: [grey object rescan, 0.0005043 secs]2026-05-27T22:23:11.143+0800: 6093.601: [root rescan, 0.0485016 secs]2026-05-27T22:23:11.192+0800: 6093.650: [visit unhandled CLDs, 0.0004169 secs]2026-05-27T22:23:11.193+0800: 6093.650: [dirty klass scan, 0.0021974 secs], 0.0535855 secs]2026-05-27T22:23:11.196+0800: 6093.653: [weak refs processing, 0.0003980 secs]2026-05-27T22:23:11.197+0800: 6093.654: [class unloading, 0.0168294 secs]2026-05-27T22:23:11.214+0800: 6093.671: [scrub symbol table, 0.0230107 secs]2026-05-27T22:23:11.237+0800: 6093.695: [scrub string table, 0.0013981 secs][1 CMS-remark: 85003K(131072K)] 163999K(249088K), 0.0982674 secs] [Times: user=0.09 sys=0.00, real=0.10 secs] 
2026-05-27T22:23:11.241+0800: 6093.698: [CMS-concurrent-sweep-start]
2026-05-27T22:23:11.253+0800: 6093.711: [CMS-concurrent-sweep: 0.012/0.012 secs] [Times: user=0.01 sys=0.00, real=0.01 secs] 
2026-05-27T22:23:11.254+0800: 6093.711: [CMS-concurrent-reset-start]
2026-05-27T22:23:11.254+0800: 6093.712: [CMS-concurrent-reset: 0.000/0.000 secs] [Times: user=0.00 sys=0.00, real=0.01 secs] 
2026-05-27T22:23:13.255+0800: 6095.712: [GC (CMS Initial Mark) [1 CMS-initial-mark: 85003K(131072K)] 164146K(249088K), 0.0499080 secs] [Times: user=0.05 sys=0.00, real=0.04 secs] 
2026-05-27T22:23:13.306+0800: 6095.764: [CMS-concurrent-mark-start]
2026-05-27T22:23:13.363+0800: 6095.820: [CMS-concurrent-mark: 0.056/0.056 secs] [Times: user=0.06 sys=0.01, real=0.05 secs] 
2026-05-27T22:23:13.363+0800: 6095.821: [CMS-concurrent-preclean-start]
2026-05-27T22:23:13.366+0800: 6095.823: [CMS-concurrent-preclean: 0.003/0.003 secs] [Times: user=0.00 sys=0.00, real=0.00 secs] 
2026-05-27T22:23:13.366+0800: 6095.824: [CMS-concurrent-abortable-preclean-start]
 CMS: abort preclean due to time 2026-05-27T22:23:18.379+0800: 6100.839: [CMS-concurrent-abortable-preclean: 0.618/5.015 secs] [Times: user=0.66 sys=0.01, real=5.01 secs] 
2026-05-27T22:23:18.381+0800: 6100.841: [GC (CMS Final Remark) [YG occupancy: 79480 K (118016 K)]2026-05-27T22:23:18.381+0800: 6100.841: [Rescan (non-parallel) 2026-05-27T22:23:18.381+0800: 6100.841: [grey object rescan, 0.0003728 secs]2026-05-27T22:23:18.382+0800: 6100.842: [root rescan, 0.0494497 secs]2026-05-27T22:23:18.432+0800: 6100.892: [visit unhandled CLDs, 0.0005201 secs]2026-05-27T22:23:18.433+0800: 6100.893: [dirty klass scan, 0.0019655 secs], 0.0543071 secs]2026-05-27T22:23:18.436+0800: 6100.896: [weak refs processing, 0.0004075 secs]2026-05-27T22:23:18.436+0800: 6100.896: [class unloading, 0.0158198 secs]2026-05-27T22:23:18.453+0800: 6100.913: [scrub symbol table, 0.0209512 secs]2026-05-27T22:23:18.474+0800: 6100.934: [scrub string table, 0.0008996 secs][1 CMS-remark: 85003K(131072K)] 164483K(249088K), 0.0954260 secs] [Times: user=0.09 sys=0.00, real=0.10 secs] 
2026-05-27T22:23:18.478+0800: 6100.937: [CMS-concurrent-sweep-start]
2026-05-27T22:23:18.489+0800: 6100.949: [CMS-concurrent-sweep: 0.012/0.012 secs] [Times: user=0.01 sys=0.00, real=0.01 secs] 
2026-05-27T22:23:18.490+0800: 6100.950: [CMS-concurrent-reset-start]
2026-05-27T22:23:18.490+0800: 6100.950: [CMS-concurrent-reset: 0.000/0.000 secs] [Times: user=0.00 sys=0.00, real=0.00 secs] 
2026-05-27T22:23:20.491+0800: 6102.951: [GC (CMS Initial Mark) [1 CMS-initial-mark: 85003K(131072K)] 164677K(249088K), 0.0478356 secs] [Times: user=0.05 sys=0.00, real=0.05 secs] 
2026-05-27T22:23:20.540+0800: 6103.000: [CMS-concurrent-mark-start]
2026-05-27T22:23:20.596+0800: 6103.055: [CMS-concurrent-mark: 0.055/0.055 secs] [Times: user=0.06 sys=0.01, real=0.06 secs] 
2026-05-27T22:23:20.597+0800: 6103.056: [CMS-concurrent-preclean-start]
2026-05-27T22:23:20.599+0800: 6103.059: [CMS-concurrent-preclean: 0.002/0.002 secs] [Times: user=0.00 sys=0.00, real=0.00 secs] 
2026-05-27T22:23:20.600+0800: 6103.059: [CMS-concurrent-abortable-preclean-start]
 CMS: abort preclean due to time 2026-05-27T22:23:25.629+0800: 6108.089: [CMS-concurrent-abortable-preclean: 0.621/5.030 secs] [Times: user=0.67 sys=0.01, real=5.03 secs] 
2026-05-27T22:23:25.631+0800: 6108.091: [GC (CMS Final Remark) [YG occupancy: 79792 K (118016 K)]2026-05-27T22:23:25.632+0800: 6108.092: [Rescan (non-parallel) 2026-05-27T22:23:25.633+0800: 6108.092: [grey object rescan, 0.0005064 secs]2026-05-27T22:23:25.633+0800: 6108.093: [root rescan, 0.0573574 secs]2026-05-27T22:23:25.691+0800: 6108.151: [visit unhandled CLDs, 0.0004047 secs]2026-05-27T22:23:25.692+0800: 6108.152: [dirty klass scan, 0.0021111 secs], 0.0624317 secs]2026-05-27T22:23:25.695+0800: 6108.155: [weak refs processing, 0.0002889 secs]2026-05-27T22:23:25.695+0800: 6108.155: [class unloading, 0.0158968 secs]2026-05-27T22:23:25.712+0800: 6108.172: [scrub symbol table, 0.0229349 secs]2026-05-27T22:23:25.735+0800: 6108.195: [scrub string table, 0.0008908 secs][1 CMS-remark: 85003K(131072K)] 164795K(249088K), 0.1063097 secs] [Times: user=0.10 sys=0.00, real=0.11 secs] 
2026-05-27T22:23:25.739+0800: 6108.198: [CMS-concurrent-sweep-start]
2026-05-27T22:23:25.751+0800: 6108.211: [CMS-concurrent-sweep: 0.012/0.012 secs] [Times: user=0.01 sys=0.00, real=0.01 secs] 
2026-05-27T22:23:25.751+0800: 6108.211: [CMS-concurrent-reset-start]
2026-05-27T22:23:25.752+0800: 6108.211: [CMS-concurrent-reset: 0.000/0.000 secs] [Times: user=0.00 sys=0.00, real=0.00 secs] 
2026-05-27T22:23:27.753+0800: 6110.213: [GC (CMS Initial Mark) [1 CMS-initial-mark: 85003K(131072K)] 165047K(249088K), 0.0484873 secs] [Times: user=0.05 sys=0.00, real=0.04 secs] 
2026-05-27T22:23:27.804+0800: 6110.263: [CMS-concurrent-mark-start]
2026-05-27T22:23:27.860+0800: 6110.320: [CMS-concurrent-mark: 0.056/0.056 secs] [Times: user=0.06 sys=0.00, real=0.06 secs] 
2026-05-27T22:23:27.861+0800: 6110.320: [CMS-concurrent-preclean-start]
2026-05-27T22:23:27.863+0800: 6110.323: [CMS-concurrent-preclean: 0.002/0.002 secs] [Times: user=0.00 sys=0.00, real=0.00 secs] 
2026-05-27T22:23:27.864+0800: 6110.323: [CMS-concurrent-abortable-preclean-start]
 CMS: abort preclean due to time 2026-05-27T22:23:32.931+0800: 6115.391: [CMS-concurrent-abortable-preclean: 0.638/5.068 secs] [Times: user=0.71 sys=0.01, real=5.07 secs] 
2026-05-27T22:23:32.933+0800: 6115.393: [GC (CMS Final Remark) [YG occupancy: 80421 K (118016 K)]2026-05-27T22:23:32.934+0800: 6115.393: [Rescan (non-parallel) 2026-05-27T22:23:32.934+0800: 6115.394: [grey object rescan, 0.0006443 secs]2026-05-27T22:23:32.935+0800: 6115.395: [root rescan, 0.0477503 secs]2026-05-27T22:23:32.983+0800: 6115.443: [visit unhandled CLDs, 0.0003482 secs]2026-05-27T22:23:32.984+0800: 6115.443: [dirty klass scan, 0.0021436 secs], 0.0527241 secs]2026-05-27T22:23:32.986+0800: 6115.446: [weak refs processing, 0.0003438 secs]2026-05-27T22:23:32.987+0800: 6115.447: [class unloading, 0.0155735 secs]2026-05-27T22:23:33.003+0800: 6115.463: [scrub symbol table, 0.0220718 secs]2026-05-27T22:23:33.026+0800: 6115.486: [scrub string table, 0.0010025 secs][1 CMS-remark: 85003K(131072K)] 165424K(249088K), 0.0949283 secs] [Times: user=0.08 sys=0.00, real=0.09 secs] 
2026-05-27T22:23:33.029+0800: 6115.489: [CMS-concurrent-sweep-start]
2026-05-27T22:23:33.042+0800: 6115.501: [CMS-concurrent-sweep: 0.012/0.012 secs] [Times: user=0.02 sys=0.00, real=0.01 secs] 
2026-05-27T22:23:33.042+0800: 6115.502: [CMS-concurrent-reset-start]
2026-05-27T22:23:33.042+0800: 6115.502: [CMS-concurrent-reset: 0.000/0.000 secs] [Times: user=0.00 sys=0.00, real=0.00 secs] 
2026-05-27T22:23:35.043+0800: 6117.503: [GC (CMS Initial Mark) [1 CMS-initial-mark: 85003K(131072K)] 165571K(249088K), 0.0491688 secs] [Times: user=0.05 sys=0.00, real=0.06 secs] 
2026-05-27T22:23:35.093+0800: 6117.553: [CMS-concurrent-mark-start]
2026-05-27T22:23:35.153+0800: 6117.613: [CMS-concurrent-mark: 0.060/0.060 secs] [Times: user=0.06 sys=0.00, real=0.06 secs] 
2026-05-27T22:23:35.154+0800: 6117.614: [CMS-concurrent-preclean-start]
2026-05-27T22:23:35.157+0800: 6117.617: [CMS-concurrent-preclean: 0.003/0.003 secs] [Times: user=0.00 sys=0.00, real=0.00 secs] 
2026-05-27T22:23:35.158+0800: 6117.617: [CMS-concurrent-abortable-preclean-start]
 CMS: abort preclean due to time 2026-05-27T22:23:40.227+0800: 6122.687: [CMS-concurrent-abortable-preclean: 0.662/5.069 secs] [Times: user=0.73 sys=0.00, real=5.07 secs] 
2026-05-27T22:23:40.229+0800: 6122.689: [GC (CMS Final Remark) [YG occupancy: 80705 K (118016 K)]2026-05-27T22:23:40.229+0800: 6122.689: [Rescan (non-parallel) 2026-05-27T22:23:40.229+0800: 6122.689: [grey object rescan, 0.0004137 secs]2026-05-27T22:23:40.230+0800: 6122.690: [root rescan, 0.0515766 secs]2026-05-27T22:23:40.282+0800: 6122.742: [visit unhandled CLDs, 0.0004303 secs]2026-05-27T22:23:40.283+0800: 6122.743: [dirty klass scan, 0.0019210 secs], 0.0559728 secs]2026-05-27T22:23:40.285+0800: 6122.745: [weak refs processing, 0.0003130 secs]2026-05-27T22:23:40.286+0800: 6122.746: [class unloading, 0.0149867 secs]2026-05-27T22:23:40.302+0800: 6122.761: [scrub symbol table, 0.0209420 secs]2026-05-27T22:23:40.323+0800: 6122.783: [scrub string table, 0.0012472 secs][1 CMS-remark: 85003K(131072K)] 165708K(249088K), 0.0960734 secs] [Times: user=0.09 sys=0.00, real=0.10 secs] 
2026-05-27T22:23:40.326+0800: 6122.786: [CMS-concurrent-sweep-start]
2026-05-27T22:23:40.338+0800: 6122.798: [CMS-concurrent-sweep: 0.012/0.012 secs] [Times: user=0.01 sys=0.00, real=0.01 secs] 
2026-05-27T22:23:40.339+0800: 6122.799: [CMS-concurrent-reset-start]
2026-05-27T22:23:40.339+0800: 6122.799: [CMS-concurrent-reset: 0.000/0.000 secs] [Times: user=0.00 sys=0.00, real=0.00 secs] 
2026-05-27T22:23:42.340+0800: 6124.800: [GC (CMS Initial Mark) [1 CMS-initial-mark: 85003K(131072K)] 165950K(249088K), 0.0486209 secs] [Times: user=0.05 sys=0.01, real=0.05 secs] 
2026-05-27T22:23:42.390+0800: 6124.849: [CMS-concurrent-mark-start]
2026-05-27T22:23:42.445+0800: 6124.905: [CMS-concurrent-mark: 0.056/0.056 secs] [Times: user=0.06 sys=0.00, real=0.06 secs] 
2026-05-27T22:23:42.446+0800: 6124.906: [CMS-concurrent-preclean-start]
2026-05-27T22:23:42.448+0800: 6124.908: [CMS-concurrent-preclean: 0.002/0.002 secs] [Times: user=0.00 sys=0.00, real=0.00 secs] 
2026-05-27T22:23:42.449+0800: 6124.909: [CMS-concurrent-abortable-preclean-start]
 CMS: abort preclean due to time 2026-05-27T22:23:47.516+0800: 6129.978: [CMS-concurrent-abortable-preclean: 0.668/5.069 secs] [Times: user=0.89 sys=0.00, real=5.07 secs] 
2026-05-27T22:23:47.518+0800: 6129.979: [GC (CMS Final Remark) [YG occupancy: 81414 K (118016 K)]2026-05-27T22:23:47.518+0800: 6129.980: [Rescan (non-parallel) 2026-05-27T22:23:47.518+0800: 6129.980: [grey object rescan, 0.0004513 secs]2026-05-27T22:23:47.519+0800: 6129.981: [root rescan, 0.0622546 secs]2026-05-27T22:23:47.582+0800: 6130.044: [visit unhandled CLDs, 0.0005561 secs]2026-05-27T22:23:47.583+0800: 6130.045: [dirty klass scan, 0.0023581 secs], 0.0675635 secs]2026-05-27T22:23:47.586+0800: 6130.048: [weak refs processing, 0.0004515 secs]2026-05-27T22:23:47.587+0800: 6130.049: [class unloading, 0.0156242 secs]2026-05-27T22:23:47.603+0800: 6130.065: [scrub symbol table, 0.0225373 secs]2026-05-27T22:23:47.626+0800: 6130.088: [scrub string table, 0.0009846 secs][1 CMS-remark: 85003K(131072K)] 166418K(249088K), 0.1104030 secs] [Times: user=0.10 sys=0.00, real=0.11 secs] 
2026-05-27T22:23:47.629+0800: 6130.091: [CMS-concurrent-sweep-start]
2026-05-27T22:23:47.641+0800: 6130.102: [CMS-concurrent-sweep: 0.012/0.012 secs] [Times: user=0.01 sys=0.00, real=0.01 secs] 
2026-05-27T22:23:47.642+0800: 6130.103: [CMS-concurrent-reset-start]
2026-05-27T22:23:47.642+0800: 6130.103: [CMS-concurrent-reset: 0.000/0.000 secs] [Times: user=0.00 sys=0.00, real=0.01 secs] 
2026-05-27T22:23:49.643+0800: 6132.105: [GC (CMS Initial Mark) [1 CMS-initial-mark: 85003K(131072K)] 166598K(249088K), 0.0489657 secs] [Times: user=0.05 sys=0.00, real=0.05 secs] 
2026-05-27T22:23:49.693+0800: 6132.155: [CMS-concurrent-mark-start]
2026-05-27T22:23:49.750+0800: 6132.211: [CMS-concurrent-mark: 0.056/0.056 secs] [Times: user=0.06 sys=0.00, real=0.05 secs] 
2026-05-27T22:23:49.750+0800: 6132.212: [CMS-concurrent-preclean-start]
2026-05-27T22:23:49.753+0800: 6132.214: [CMS-concurrent-preclean: 0.002/0.002 secs] [Times: user=0.00 sys=0.00, real=0.00 secs] 
2026-05-27T22:23:49.753+0800: 6132.215: [CMS-concurrent-abortable-preclean-start]
 CMS: abort preclean due to time 2026-05-27T22:23:54.794+0800: 6137.256: [CMS-concurrent-abortable-preclean: 0.633/5.041 secs] [Times: user=0.69 sys=0.00, real=5.04 secs] 
2026-05-27T22:23:54.796+0800: 6137.258: [GC (CMS Final Remark) [YG occupancy: 81793 K (118016 K)]2026-05-27T22:23:54.797+0800: 6137.259: [Rescan (non-parallel) 2026-05-27T22:23:54.797+0800: 6137.259: [grey object rescan, 0.0005592 secs]2026-05-27T22:23:54.798+0800: 6137.260: [root rescan, 0.0494082 secs]2026-05-27T22:23:54.849+0800: 6137.311: [visit unhandled CLDs, 0.0003510 secs]2026-05-27T22:23:54.849+0800: 6137.311: [dirty klass scan, 0.0019408 secs], 0.0548979 secs]2026-05-27T22:23:54.852+0800: 6137.314: [weak refs processing, 0.0004893 secs]2026-05-27T22:23:54.853+0800: 6137.315: [class unloading, 0.0151589 secs]2026-05-27T22:23:54.869+0800: 6137.331: [scrub symbol table, 0.0216234 secs]2026-05-27T22:23:54.891+0800: 6137.353: [scrub string table, 0.0009739 secs][1 CMS-remark: 85003K(131072K)] 166797K(249088K), 0.0963100 secs] [Times: user=0.09 sys=0.00, real=0.10 secs] 
2026-05-27T22:23:54.894+0800: 6137.355: [CMS-concurrent-sweep-start]
2026-05-27T22:23:54.905+0800: 6137.367: [CMS-concurrent-sweep: 0.011/0.011 secs] [Times: user=0.01 sys=0.00, real=0.01 secs] 
2026-05-27T22:23:54.906+0800: 6137.367: [CMS-concurrent-reset-start]
2026-05-27T22:23:54.906+0800: 6137.367: [CMS-concurrent-reset: 0.000/0.000 secs] [Times: user=0.00 sys=0.00, real=0.00 secs] 
2026-05-27T22:23:56.907+0800: 6139.368: [GC (CMS Initial Mark) [1 CMS-initial-mark: 85003K(131072K)] 166835K(249088K), 0.0479917 secs] [Times: user=0.05 sys=0.00, real=0.05 secs] 
2026-05-27T22:23:56.956+0800: 6139.417: [CMS-concurrent-mark-start]
2026-05-27T22:23:57.012+0800: 6139.474: [CMS-concurrent-mark: 0.056/0.056 secs] [Times: user=0.06 sys=0.00, real=0.06 secs] 
2026-05-27T22:23:57.013+0800: 6139.475: [CMS-concurrent-preclean-start]
2026-05-27T22:23:57.015+0800: 6139.477: [CMS-concurrent-preclean: 0.002/0.002 secs] [Times: user=0.00 sys=0.00, real=0.00 secs] 
2026-05-27T22:23:57.016+0800: 6139.478: [CMS-concurrent-abortable-preclean-start]
 CMS: abort preclean due to time 2026-05-27T22:24:02.113+0800: 6144.575: [CMS-concurrent-abortable-preclean: 0.645/5.097 secs] [Times: user=0.70 sys=0.01, real=5.10 secs] 
2026-05-27T22:24:02.115+0800: 6144.576: [GC (CMS Final Remark) [YG occupancy: 82107 K (118016 K)]2026-05-27T22:24:02.115+0800: 6144.577: [Rescan (non-parallel) 2026-05-27T22:24:02.116+0800: 6144.578: [grey object rescan, 0.0005518 secs]2026-05-27T22:24:02.117+0800: 6144.579: [root rescan, 0.0527982 secs]2026-05-27T22:24:02.170+0800: 6144.632: [visit unhandled CLDs, 0.0003115 secs]2026-05-27T22:24:02.171+0800: 6144.633: [dirty klass scan, 0.0021602 secs], 0.0580065 secs]2026-05-27T22:24:02.174+0800: 6144.636: [weak refs processing, 0.0004477 secs]2026-05-27T22:24:02.175+0800: 6144.636: [class unloading, 0.0154745 secs]2026-05-27T22:24:02.190+0800: 6144.652: [scrub symbol table, 0.0252869 secs]2026-05-27T22:24:02.216+0800: 6144.678: [scrub string table, 0.0013998 secs][1 CMS-remark: 85003K(131072K)] 167110K(249088K), 0.1041258 secs] [Times: user=0.09 sys=0.00, real=0.10 secs] 
2026-05-27T22:24:02.220+0800: 6144.681: [CMS-concurrent-sweep-start]
2026-05-27T22:24:02.233+0800: 6144.694: [CMS-concurrent-sweep: 0.013/0.013 secs] [Times: user=0.02 sys=0.00, real=0.02 secs] 
2026-05-27T22:24:02.234+0800: 6144.695: [CMS-concurrent-reset-start]
2026-05-27T22:24:02.234+0800: 6144.696: [CMS-concurrent-reset: 0.000/0.000 secs] [Times: user=0.00 sys=0.00, real=0.00 secs] 
2026-05-27T22:24:04.235+0800: 6146.697: [GC (CMS Initial Mark) [1 CMS-initial-mark: 85003K(131072K)] 167280K(249088K), 0.0503169 secs] [Times: user=0.05 sys=0.00, real=0.05 secs] 
2026-05-27T22:24:04.287+0800: 6146.748: [CMS-concurrent-mark-start]
2026-05-27T22:24:04.342+0800: 6146.804: [CMS-concurrent-mark: 0.055/0.055 secs] [Times: user=0.06 sys=0.00, real=0.06 secs] 
2026-05-27T22:24:04.342+0800: 6146.804: [CMS-concurrent-preclean-start]
2026-05-27T22:24:04.345+0800: 6146.806: [CMS-concurrent-preclean: 0.002/0.002 secs] [Times: user=0.00 sys=0.00, real=0.00 secs] 
2026-05-27T22:24:04.345+0800: 6146.807: [CMS-concurrent-abortable-preclean-start]
 CMS: abort preclean due to time 2026-05-27T22:24:09.388+0800: 6151.850: [CMS-concurrent-abortable-preclean: 0.635/5.043 secs] [Times: user=0.69 sys=0.00, real=5.04 secs] 
2026-05-27T22:24:09.390+0800: 6151.852: [GC (CMS Final Remark) [YG occupancy: 82701 K (118016 K)]2026-05-27T22:24:09.390+0800: 6151.852: [Rescan (non-parallel) 2026-05-27T22:24:09.391+0800: 6151.853: [grey object rescan, 0.0004679 secs]2026-05-27T22:24:09.392+0800: 6151.853: [root rescan, 0.0500871 secs]2026-05-27T22:24:09.443+0800: 6151.904: [visit unhandled CLDs, 0.0004657 secs]2026-05-27T22:24:09.444+0800: 6151.905: [dirty klass scan, 0.0019888 secs], 0.0558776 secs]2026-05-27T22:24:09.447+0800: 6151.909: [weak refs processing, 0.0004853 secs]2026-05-27T22:24:09.448+0800: 6151.909: [class unloading, 0.0156222 secs]2026-05-27T22:24:09.464+0800: 6151.926: [scrub symbol table, 0.0235905 secs]2026-05-27T22:24:09.488+0800: 6151.950: [scrub string table, 0.0010617 secs][1 CMS-remark: 85003K(131072K)] 167704K(249088K), 0.0998978 secs] [Times: user=0.09 sys=0.00, real=0.10 secs] 
2026-05-27T22:24:09.491+0800: 6151.953: [CMS-concurrent-sweep-start]
2026-05-27T22:24:09.502+0800: 6151.964: [CMS-concurrent-sweep: 0.011/0.011 secs] [Times: user=0.01 sys=0.00, real=0.01 secs] 
2026-05-27T22:24:09.503+0800: 6151.965: [CMS-concurrent-reset-start]
2026-05-27T22:24:09.503+0800: 6151.965: [CMS-concurrent-reset: 0.000/0.000 secs] [Times: user=0.00 sys=0.00, real=0.00 secs] 
2026-05-27T22:24:11.505+0800: 6153.966: [GC (CMS Initial Mark) [1 CMS-initial-mark: 85003K(131072K)] 167943K(249088K), 0.0531985 secs] [Times: user=0.06 sys=0.00, real=0.05 secs] 
2026-05-27T22:24:11.559+0800: 6154.021: [CMS-concurrent-mark-start]
2026-05-27T22:24:11.614+0800: 6154.076: [CMS-concurrent-mark: 0.055/0.055 secs] [Times: user=0.05 sys=0.00, real=0.06 secs] 
2026-05-27T22:24:11.615+0800: 6154.077: [CMS-concurrent-preclean-start]
2026-05-27T22:24:11.618+0800: 6154.080: [CMS-concurrent-preclean: 0.003/0.003 secs] [Times: user=0.01 sys=0.00, real=0.00 secs] 
2026-05-27T22:24:11.618+0800: 6154.080: [CMS-concurrent-abortable-preclean-start]
 CMS: abort preclean due to time 2026-05-27T22:24:16.640+0800: 6159.104: [CMS-concurrent-abortable-preclean: 0.616/5.024 secs] [Times: user=0.67 sys=0.00, real=5.03 secs] 
2026-05-27T22:24:16.642+0800: 6159.105: [GC (CMS Final Remark) [YG occupancy: 83030 K (118016 K)]2026-05-27T22:24:16.642+0800: 6159.106: [Rescan (non-parallel) 2026-05-27T22:24:16.643+0800: 6159.107: [grey object rescan, 0.0004117 secs]2026-05-27T22:24:16.643+0800: 6159.107: [root rescan, 0.0558060 secs]2026-05-27T22:24:16.700+0800: 6159.164: [visit unhandled CLDs, 0.0004647 secs]2026-05-27T22:24:16.701+0800: 6159.165: [dirty klass scan, 0.0020032 secs], 0.0608643 secs]2026-05-27T22:24:16.704+0800: 6159.167: [weak refs processing, 0.0004131 secs]2026-05-27T22:24:16.704+0800: 6159.168: [class unloading, 0.0157698 secs]2026-05-27T22:24:16.721+0800: 6159.184: [scrub symbol table, 0.0233213 secs]2026-05-27T22:24:16.744+0800: 6159.208: [scrub string table, 0.0011080 secs][1 CMS-remark: 85003K(131072K)] 168034K(249088K), 0.1046730 secs] [Times: user=0.09 sys=0.00, real=0.10 secs] 
2026-05-27T22:24:16.747+0800: 6159.211: [CMS-concurrent-sweep-start]
2026-05-27T22:24:16.760+0800: 6159.224: [CMS-concurrent-sweep: 0.012/0.012 secs] [Times: user=0.01 sys=0.00, real=0.02 secs] 
2026-05-27T22:24:16.760+0800: 6159.224: [CMS-concurrent-reset-start]
2026-05-27T22:24:16.760+0800: 6159.224: [CMS-concurrent-reset: 0.000/0.000 secs] [Times: user=0.00 sys=0.00, real=0.00 secs] 
2026-05-27T22:24:18.762+0800: 6161.226: [GC (CMS Initial Mark) [1 CMS-initial-mark: 85003K(131072K)] 168210K(249088K), 0.0493342 secs] [Times: user=0.04 sys=0.00, real=0.05 secs] 
2026-05-27T22:24:18.812+0800: 6161.276: [CMS-concurrent-mark-start]
2026-05-27T22:24:18.871+0800: 6161.335: [CMS-concurrent-mark: 0.059/0.059 secs] [Times: user=0.06 sys=0.00, real=0.06 secs] 
2026-05-27T22:24:18.872+0800: 6161.335: [CMS-concurrent-preclean-start]
2026-05-27T22:24:18.874+0800: 6161.338: [CMS-concurrent-preclean: 0.002/0.002 secs] [Times: user=0.00 sys=0.00, real=0.00 secs] 
2026-05-27T22:24:18.875+0800: 6161.338: [CMS-concurrent-abortable-preclean-start]
 CMS: abort preclean due to time 2026-05-27T22:24:23.924+0800: 6166.388: [CMS-concurrent-abortable-preclean: 0.642/5.050 secs] [Times: user=0.71 sys=0.00, real=5.05 secs] 
2026-05-27T22:24:23.926+0800: 6166.390: [GC (CMS Final Remark) [YG occupancy: 83606 K (118016 K)]2026-05-27T22:24:23.927+0800: 6166.390: [Rescan (non-parallel) 2026-05-27T22:24:23.927+0800: 6166.391: [grey object rescan, 0.0003295 secs]2026-05-27T22:24:23.927+0800: 6166.391: [root rescan, 0.0516952 secs]2026-05-27T22:24:23.980+0800: 6166.443: [visit unhandled CLDs, 0.0004349 secs]2026-05-27T22:24:23.980+0800: 6166.444: [dirty klass scan, 0.0021783 secs], 0.0563970 secs]2026-05-27T22:24:23.983+0800: 6166.447: [weak refs processing, 0.0004045 secs]2026-05-27T22:24:23.984+0800: 6166.448: [class unloading, 0.0163615 secs]2026-05-27T22:24:24.001+0800: 6166.465: [scrub symbol table, 0.0347405 secs]2026-05-27T22:24:24.036+0800: 6166.500: [scrub string table, 0.0012800 secs][1 CMS-remark: 85003K(131072K)] 168610K(249088K), 0.1120534 secs] [Times: user=0.11 sys=0.00, real=0.11 secs] 
2026-05-27T22:24:24.039+0800: 6166.503: [CMS-concurrent-sweep-start]
2026-05-27T22:24:24.050+0800: 6166.514: [CMS-concurrent-sweep: 0.011/0.011 secs] [Times: user=0.01 sys=0.00, real=0.02 secs] 
2026-05-27T22:24:24.051+0800: 6166.515: [CMS-concurrent-reset-start]
2026-05-27T22:24:24.051+0800: 6166.515: [CMS-concurrent-reset: 0.000/0.000 secs] [Times: user=0.00 sys=0.00, real=0.00 secs] 
2026-05-27T22:24:26.053+0800: 6168.516: [GC (CMS Initial Mark) [1 CMS-initial-mark: 85003K(131072K)] 168669K(249088K), 0.0516199 secs] [Times: user=0.06 sys=0.00, real=0.05 secs] 
2026-05-27T22:24:26.106+0800: 6168.570: [CMS-concurrent-mark-start]
2026-05-27T22:24:26.163+0800: 6168.627: [CMS-concurrent-mark: 0.057/0.057 secs] [Times: user=0.06 sys=0.00, real=0.06 secs] 
2026-05-27T22:24:26.164+0800: 6168.628: [CMS-concurrent-preclean-start]
2026-05-27T22:24:26.166+0800: 6168.630: [CMS-concurrent-preclean: 0.002/0.003 secs] [Times: user=0.00 sys=0.00, real=0.00 secs] 
2026-05-27T22:24:26.167+0800: 6168.631: [CMS-concurrent-abortable-preclean-start]
 CMS: abort preclean due to time 2026-05-27T22:24:31.267+0800: 6173.731: [CMS-concurrent-abortable-preclean: 0.691/5.100 secs] [Times: user=0.75 sys=0.01, real=5.10 secs] 
2026-05-27T22:24:31.268+0800: 6173.732: [GC (CMS Final Remark) [YG occupancy: 84115 K (118016 K)]2026-05-27T22:24:31.269+0800: 6173.733: [Rescan (non-parallel) 2026-05-27T22:24:31.269+0800: 6173.733: [grey object rescan, 0.0003856 secs]2026-05-27T22:24:31.270+0800: 6173.734: [root rescan, 0.0576212 secs]2026-05-27T22:24:31.328+0800: 6173.792: [visit unhandled CLDs, 0.0002594 secs]2026-05-27T22:24:31.328+0800: 6173.792: [dirty klass scan, 0.0022974 secs], 0.0621145 secs]2026-05-27T22:24:31.331+0800: 6173.795: [weak refs processing, 0.0006963 secs]2026-05-27T22:24:31.332+0800: 6173.796: [class unloading, 0.0184165 secs]2026-05-27T22:24:31.351+0800: 6173.815: [scrub symbol table, 0.0250620 secs]2026-05-27T22:24:31.377+0800: 6173.841: [scrub string table, 0.0009229 secs][1 CMS-remark: 85003K(131072K)] 169119K(249088K), 0.1099140 secs] [Times: user=0.10 sys=0.00, real=0.10 secs] 
2026-05-27T22:24:31.379+0800: 6173.843: [CMS-concurrent-sweep-start]
2026-05-27T22:24:31.392+0800: 6173.856: [CMS-concurrent-sweep: 0.013/0.013 secs] [Times: user=0.01 sys=0.01, real=0.02 secs] 
2026-05-27T22:24:31.393+0800: 6173.857: [CMS-concurrent-reset-start]
2026-05-27T22:24:31.393+0800: 6173.857: [CMS-concurrent-reset: 0.000/0.000 secs] [Times: user=0.00 sys=0.00, real=0.00 secs] 
2026-05-27T22:24:33.394+0800: 6175.858: [GC (CMS Initial Mark) [1 CMS-initial-mark: 85003K(131072K)] 169179K(249088K), 0.0547712 secs] [Times: user=0.06 sys=0.00, real=0.06 secs] 
2026-05-27T22:24:33.450+0800: 6175.914: [CMS-concurrent-mark-start]
2026-05-27T22:24:33.516+0800: 6175.980: [CMS-concurrent-mark: 0.066/0.066 secs] [Times: user=0.07 sys=0.00, real=0.06 secs] 
2026-05-27T22:24:33.517+0800: 6175.981: [CMS-concurrent-preclean-start]
2026-05-27T22:24:33.520+0800: 6175.983: [CMS-concurrent-preclean: 0.003/0.003 secs] [Times: user=0.00 sys=0.00, real=0.00 secs] 
2026-05-27T22:24:33.520+0800: 6175.984: [CMS-concurrent-abortable-preclean-start]
 CMS: abort preclean due to time 2026-05-27T22:24:38.602+0800: 6181.065: [CMS-concurrent-abortable-preclean: 0.674/5.081 secs] [Times: user=0.71 sys=0.02, real=5.08 secs] 
2026-05-27T22:24:38.603+0800: 6181.067: [GC (CMS Final Remark) [YG occupancy: 84287 K (118016 K)]2026-05-27T22:24:38.604+0800: 6181.068: [Rescan (non-parallel) 2026-05-27T22:24:38.605+0800: 6181.068: [grey object rescan, 0.0004065 secs]2026-05-27T22:24:38.605+0800: 6181.069: [root rescan, 0.0623912 secs]2026-05-27T22:24:38.672+0800: 6181.136: [visit unhandled CLDs, 0.0068617 secs]2026-05-27T22:24:38.679+0800: 6181.143: [dirty klass scan, 0.0025321 secs], 0.0783712 secs]2026-05-27T22:24:38.683+0800: 6181.146: [weak refs processing, 0.0003228 secs]2026-05-27T22:24:38.683+0800: 6181.147: [class unloading, 0.0204862 secs]2026-05-27T22:24:38.704+0800: 6181.168: [scrub symbol table, 0.0305769 secs]2026-05-27T22:24:38.735+0800: 6181.199: [scrub string table, 0.0009373 secs][1 CMS-remark: 85003K(131072K)] 169291K(249088K), 0.1341303 secs] [Times: user=0.12 sys=0.01, real=0.13 secs] 
2026-05-27T22:24:38.738+0800: 6181.202: [CMS-concurrent-sweep-start]
2026-05-27T22:24:38.754+0800: 6181.218: [CMS-concurrent-sweep: 0.016/0.016 secs] [Times: user=0.02 sys=0.00, real=0.02 secs] 
2026-05-27T22:24:38.754+0800: 6181.218: [CMS-concurrent-reset-start]
2026-05-27T22:24:38.755+0800: 6181.218: [CMS-concurrent-reset: 0.000/0.000 secs] [Times: user=0.00 sys=0.00, real=0.00 secs] 
2026-05-27T22:24:40.756+0800: 6183.220: [GC (CMS Initial Mark) [1 CMS-initial-mark: 85003K(131072K)] 169662K(249088K), 0.0543249 secs] [Times: user=0.06 sys=0.00, real=0.06 secs] 
2026-05-27T22:24:40.812+0800: 6183.275: [CMS-concurrent-mark-start]
2026-05-27T22:24:40.878+0800: 6183.342: [CMS-concurrent-mark: 0.067/0.067 secs] [Times: user=0.07 sys=0.00, real=0.06 secs] 
2026-05-27T22:24:40.879+0800: 6183.343: [CMS-concurrent-preclean-start]
2026-05-27T22:24:40.882+0800: 6183.346: [CMS-concurrent-preclean: 0.003/0.003 secs] [Times: user=0.00 sys=0.00, real=0.01 secs] 
2026-05-27T22:24:40.883+0800: 6183.346: [CMS-concurrent-abortable-preclean-start]
 CMS: abort preclean due to time 2026-05-27T22:24:45.971+0800: 6188.437: [CMS-concurrent-abortable-preclean: 0.683/5.091 secs] [Times: user=0.73 sys=0.00, real=5.09 secs] 
2026-05-27T22:24:45.973+0800: 6188.438: [GC (CMS Final Remark) [YG occupancy: 84940 K (118016 K)]2026-05-27T22:24:45.973+0800: 6188.439: [Rescan (non-parallel) 2026-05-27T22:24:45.973+0800: 6188.439: [grey object rescan, 0.0004418 secs]2026-05-27T22:24:45.974+0800: 6188.440: [root rescan, 0.0500472 secs]2026-05-27T22:24:46.025+0800: 6188.490: [visit unhandled CLDs, 0.0002889 secs]2026-05-27T22:24:46.025+0800: 6188.491: [dirty klass scan, 0.0020311 secs], 0.0545185 secs]2026-05-27T22:24:46.028+0800: 6188.494: [weak refs processing, 0.0006827 secs]2026-05-27T22:24:46.029+0800: 6188.495: [class unloading, 0.0226257 secs]2026-05-27T22:24:46.052+0800: 6188.518: [scrub symbol table, 0.0221201 secs]2026-05-27T22:24:46.075+0800: 6188.541: [scrub string table, 0.0009496 secs][1 CMS-remark: 85003K(131072K)] 169943K(249088K), 0.1038908 secs] [Times: user=0.10 sys=0.00, real=0.10 secs] 
2026-05-27T22:24:46.078+0800: 6188.543: [CMS-concurrent-sweep-start]
2026-05-27T22:24:46.092+0800: 6188.558: [CMS-concurrent-sweep: 0.015/0.015 secs] [Times: user=0.02 sys=0.00, real=0.02 secs] 
2026-05-27T22:24:46.094+0800: 6188.559: [CMS-concurrent-reset-start]
2026-05-27T22:24:46.094+0800: 6188.560: [CMS-concurrent-reset: 0.000/0.000 secs] [Times: user=0.00 sys=0.00, real=0.00 secs] 
2026-05-27T22:24:48.095+0800: 6190.560: [GC (CMS Initial Mark) [1 CMS-initial-mark: 85003K(131072K)] 170011K(249088K), 0.0726341 secs] [Times: user=0.08 sys=0.00, real=0.08 secs] 
2026-05-27T22:24:48.169+0800: 6190.635: [CMS-concurrent-mark-start]
2026-05-27T22:24:48.235+0800: 6190.701: [CMS-concurrent-mark: 0.066/0.066 secs] [Times: user=0.06 sys=0.00, real=0.06 secs] 
2026-05-27T22:24:48.236+0800: 6190.702: [CMS-concurrent-preclean-start]
2026-05-27T22:24:48.239+0800: 6190.704: [CMS-concurrent-preclean: 0.002/0.002 secs] [Times: user=0.01 sys=0.00, real=0.01 secs] 
2026-05-27T22:24:48.239+0800: 6190.705: [CMS-concurrent-abortable-preclean-start]
 CMS: abort preclean due to time 2026-05-27T22:24:53.298+0800: 6195.763: [CMS-concurrent-abortable-preclean: 0.648/5.059 secs] [Times: user=0.72 sys=0.02, real=5.06 secs] 
2026-05-27T22:24:53.299+0800: 6195.765: [GC (CMS Final Remark) [YG occupancy: 85544 K (118016 K)]2026-05-27T22:24:53.300+0800: 6195.766: [Rescan (non-parallel) 2026-05-27T22:24:53.300+0800: 6195.766: [grey object rescan, 0.0003999 secs]2026-05-27T22:24:53.301+0800: 6195.767: [root rescan, 0.0521154 secs]2026-05-27T22:24:53.354+0800: 6195.819: [visit unhandled CLDs, 0.0004401 secs]2026-05-27T22:24:53.354+0800: 6195.820: [dirty klass scan, 0.0019214 secs], 0.0568191 secs]2026-05-27T22:24:53.357+0800: 6195.823: [weak refs processing, 0.0003685 secs]2026-05-27T22:24:53.358+0800: 6195.823: [class unloading, 0.0158833 secs]2026-05-27T22:24:53.374+0800: 6195.840: [scrub symbol table, 0.0227340 secs]2026-05-27T22:24:53.397+0800: 6195.863: [scrub string table, 0.0010697 secs][1 CMS-remark: 85003K(131072K)] 170548K(249088K), 0.0998511 secs] [Times: user=0.09 sys=0.00, real=0.10 secs] 
2026-05-27T22:24:53.400+0800: 6195.866: [CMS-concurrent-sweep-start]
2026-05-27T22:24:53.413+0800: 6195.879: [CMS-concurrent-sweep: 0.013/0.013 secs] [Times: user=0.01 sys=0.00, real=0.01 secs] 
2026-05-27T22:24:53.414+0800: 6195.879: [CMS-concurrent-reset-start]
2026-05-27T22:24:53.414+0800: 6195.880: [CMS-concurrent-reset: 0.000/0.000 secs] [Times: user=0.00 sys=0.00, real=0.00 secs] 
2026-05-27T22:24:55.415+0800: 6197.881: [GC (CMS Initial Mark) [1 CMS-initial-mark: 85003K(131072K)] 170650K(249088K), 0.0520472 secs] [Times: user=0.06 sys=0.00, real=0.06 secs] 
2026-05-27T22:24:55.468+0800: 6197.934: [CMS-concurrent-mark-start]
2026-05-27T22:24:55.528+0800: 6197.993: [CMS-concurrent-mark: 0.059/0.059 secs] [Times: user=0.06 sys=0.00, real=0.06 secs] 
2026-05-27T22:24:55.528+0800: 6197.994: [CMS-concurrent-preclean-start]
2026-05-27T22:24:55.530+0800: 6197.996: [CMS-concurrent-preclean: 0.002/0.002 secs] [Times: user=0.00 sys=0.00, real=0.00 secs] 
2026-05-27T22:24:55.531+0800: 6197.997: [CMS-concurrent-abortable-preclean-start]
 CMS: abort preclean due to time 2026-05-27T22:25:00.604+0800: 6203.069: [CMS-concurrent-abortable-preclean: 0.665/5.073 secs] [Times: user=0.73 sys=0.01, real=5.07 secs] 
2026-05-27T22:25:00.605+0800: 6203.071: [GC (CMS Final Remark) [YG occupancy: 85877 K (118016 K)]2026-05-27T22:25:00.606+0800: 6203.072: [Rescan (non-parallel) 2026-05-27T22:25:00.606+0800: 6203.072: [grey object rescan, 0.0004293 secs]2026-05-27T22:25:00.607+0800: 6203.073: [root rescan, 0.0565674 secs]2026-05-27T22:25:00.664+0800: 6203.130: [visit unhandled CLDs, 0.0003583 secs]2026-05-27T22:25:00.665+0800: 6203.130: [dirty klass scan, 0.0021825 secs], 0.0612354 secs]2026-05-27T22:25:00.667+0800: 6203.133: [weak refs processing, 0.0003624 secs]2026-05-27T22:25:00.668+0800: 6203.134: [class unloading, 0.0167312 secs]2026-05-27T22:25:00.685+0800: 6203.151: [scrub symbol table, 0.0230637 secs]2026-05-27T22:25:00.709+0800: 6203.175: [scrub string table, 0.0013689 secs][1 CMS-remark: 85003K(131072K)] 170881K(249088K), 0.1058532 secs] [Times: user=0.10 sys=0.00, real=0.11 secs] 
2026-05-27T22:25:00.712+0800: 6203.178: [CMS-concurrent-sweep-start]
2026-05-27T22:25:00.724+0800: 6203.190: [CMS-concurrent-sweep: 0.012/0.012 secs] [Times: user=0.02 sys=0.00, real=0.01 secs] 
2026-05-27T22:25:00.725+0800: 6203.191: [CMS-concurrent-reset-start]
2026-05-27T22:25:00.725+0800: 6203.191: [CMS-concurrent-reset: 0.000/0.000 secs] [Times: user=0.00 sys=0.00, real=0.00 secs] 
2026-05-27T22:25:02.726+0800: 6205.192: [GC (CMS Initial Mark) [1 CMS-initial-mark: 85003K(131072K)] 170985K(249088K), 0.0529848 secs] [Times: user=0.06 sys=0.00, real=0.05 secs] 
2026-05-27T22:25:02.780+0800: 6205.246: [CMS-concurrent-mark-start]
2026-05-27T22:25:02.836+0800: 6205.302: [CMS-concurrent-mark: 0.056/0.056 secs] [Times: user=0.06 sys=0.00, real=0.05 secs] 
2026-05-27T22:25:02.837+0800: 6205.303: [CMS-concurrent-preclean-start]
2026-05-27T22:25:02.839+0800: 6205.305: [CMS-concurrent-preclean: 0.002/0.002 secs] [Times: user=0.00 sys=0.00, real=0.01 secs] 
2026-05-27T22:25:02.840+0800: 6205.306: [CMS-concurrent-abortable-preclean-start]
 CMS: abort preclean due to time 2026-05-27T22:25:07.928+0800: 6210.394: [CMS-concurrent-abortable-preclean: 0.682/5.088 secs] [Times: user=0.73 sys=0.01, real=5.09 secs] 
2026-05-27T22:25:07.929+0800: 6210.395: [GC (CMS Final Remark) [YG occupancy: 86157 K (118016 K)]2026-05-27T22:25:07.930+0800: 6210.396: [Rescan (non-parallel) 2026-05-27T22:25:07.930+0800: 6210.396: [grey object rescan, 0.0003650 secs]2026-05-27T22:25:07.931+0800: 6210.396: [root rescan, 0.0517131 secs]2026-05-27T22:25:07.983+0800: 6210.449: [visit unhandled CLDs, 0.0002978 secs]2026-05-27T22:25:07.983+0800: 6210.449: [dirty klass scan, 0.0019691 secs], 0.0559816 secs]2026-05-27T22:25:07.986+0800: 6210.452: [weak refs processing, 0.0003177 secs]2026-05-27T22:25:07.987+0800: 6210.452: [class unloading, 0.0154620 secs]2026-05-27T22:25:08.003+0800: 6210.469: [scrub symbol table, 0.0224525 secs]2026-05-27T22:25:08.026+0800: 6210.491: [scrub string table, 0.0015914 secs][1 CMS-remark: 85003K(131072K)] 171160K(249088K), 0.0987427 secs] [Times: user=0.09 sys=0.00, real=0.10 secs] 
2026-05-27T22:25:08.029+0800: 6210.495: [CMS-concurrent-sweep-start]
2026-05-27T22:25:08.042+0800: 6210.508: [CMS-concurrent-sweep: 0.013/0.013 secs] [Times: user=0.02 sys=0.00, real=0.01 secs] 
2026-05-27T22:25:08.043+0800: 6210.509: [CMS-concurrent-reset-start]
2026-05-27T22:25:08.043+0800: 6210.509: [CMS-concurrent-reset: 0.000/0.000 secs] [Times: user=0.00 sys=0.00, real=0.00 secs] 
2026-05-27T22:25:10.045+0800: 6212.511: [GC (CMS Initial Mark) [1 CMS-initial-mark: 85003K(131072K)] 171429K(249088K), 0.0513836 secs] [Times: user=0.05 sys=0.00, real=0.05 secs] 
2026-05-27T22:25:10.098+0800: 6212.564: [CMS-concurrent-mark-start]
2026-05-27T22:25:10.161+0800: 6212.627: [CMS-concurrent-mark: 0.063/0.063 secs] [Times: user=0.06 sys=0.00, real=0.06 secs] 
2026-05-27T22:25:10.162+0800: 6212.628: [CMS-concurrent-preclean-start]
2026-05-27T22:25:10.165+0800: 6212.631: [CMS-concurrent-preclean: 0.003/0.003 secs] [Times: user=0.00 sys=0.00, real=0.00 secs] 
2026-05-27T22:25:10.166+0800: 6212.632: [CMS-concurrent-abortable-preclean-start]
 CMS: abort preclean due to time 2026-05-27T22:25:15.195+0800: 6217.663: [CMS-concurrent-abortable-preclean: 0.624/5.032 secs] [Times: user=0.68 sys=0.01, real=5.02 secs] 
2026-05-27T22:25:15.197+0800: 6217.665: [GC (CMS Final Remark) [YG occupancy: 86776 K (118016 K)]2026-05-27T22:25:15.197+0800: 6217.666: [Rescan (non-parallel) 2026-05-27T22:25:15.198+0800: 6217.666: [grey object rescan, 0.0004621 secs]2026-05-27T22:25:15.198+0800: 6217.667: [root rescan, 0.0523259 secs]2026-05-27T22:25:15.251+0800: 6217.720: [visit unhandled CLDs, 0.0002601 secs]2026-05-27T22:25:15.252+0800: 6217.720: [dirty klass scan, 0.0018961 secs], 0.0565229 secs]2026-05-27T22:25:15.254+0800: 6217.723: [weak refs processing, 0.0003056 secs]2026-05-27T22:25:15.255+0800: 6217.723: [class unloading, 0.0156982 secs]2026-05-27T22:25:15.271+0800: 6217.740: [scrub symbol table, 0.0244601 secs]2026-05-27T22:25:15.296+0800: 6217.764: [scrub string table, 0.0009213 secs][1 CMS-remark: 85003K(131072K)] 171779K(249088K), 0.1006360 secs] [Times: user=0.09 sys=0.00, real=0.10 secs] 
2026-05-27T22:25:15.299+0800: 6217.767: [CMS-concurrent-sweep-start]
2026-05-27T22:25:15.310+0800: 6217.779: [CMS-concurrent-sweep: 0.011/0.011 secs] [Times: user=0.02 sys=0.00, real=0.01 secs] 
2026-05-27T22:25:15.311+0800: 6217.779: [CMS-concurrent-reset-start]
2026-05-27T22:25:15.311+0800: 6217.780: [CMS-concurrent-reset: 0.000/0.000 secs] [Times: user=0.00 sys=0.00, real=0.00 secs] 
2026-05-27T22:25:17.312+0800: 6219.781: [GC (CMS Initial Mark) [1 CMS-initial-mark: 85003K(131072K)] 172044K(249088K), 0.0533991 secs] [Times: user=0.05 sys=0.00, real=0.06 secs] 
2026-05-27T22:25:17.367+0800: 6219.835: [CMS-concurrent-mark-start]
2026-05-27T22:25:17.422+0800: 6219.890: [CMS-concurrent-mark: 0.055/0.055 secs] [Times: user=0.05 sys=0.00, real=0.05 secs] 
2026-05-27T22:25:17.422+0800: 6219.891: [CMS-concurrent-preclean-start]
2026-05-27T22:25:17.425+0800: 6219.893: [CMS-concurrent-preclean: 0.002/0.002 secs] [Times: user=0.01 sys=0.00, real=0.01 secs] 
2026-05-27T22:25:17.425+0800: 6219.894: [CMS-concurrent-abortable-preclean-start]
 CMS: abort preclean due to time 2026-05-27T22:25:22.476+0800: 6224.945: [CMS-concurrent-abortable-preclean: 0.619/5.051 secs] [Times: user=0.68 sys=0.00, real=5.05 secs] 
2026-05-27T22:25:22.478+0800: 6224.946: [GC (CMS Final Remark) [YG occupancy: 87281 K (118016 K)]2026-05-27T22:25:22.478+0800: 6224.947: [Rescan (non-parallel) 2026-05-27T22:25:22.479+0800: 6224.947: [grey object rescan, 0.0003810 secs]2026-05-27T22:25:22.479+0800: 6224.948: [root rescan, 0.0554882 secs]2026-05-27T22:25:22.535+0800: 6225.004: [visit unhandled CLDs, 0.0003580 secs]2026-05-27T22:25:22.536+0800: 6225.004: [dirty klass scan, 0.0022823 secs], 0.0603166 secs]2026-05-27T22:25:22.539+0800: 6225.007: [weak refs processing, 0.0003480 secs]2026-05-27T22:25:22.539+0800: 6225.008: [class unloading, 0.0161304 secs]2026-05-27T22:25:22.556+0800: 6225.024: [scrub symbol table, 0.0250278 secs]2026-05-27T22:25:22.581+0800: 6225.050: [scrub string table, 0.0008494 secs][1 CMS-remark: 85003K(131072K)] 172285K(249088K), 0.1053857 secs] [Times: user=0.10 sys=0.00, real=0.11 secs] 
2026-05-27T22:25:22.584+0800: 6225.053: [CMS-concurrent-sweep-start]
2026-05-27T22:25:22.601+0800: 6225.069: [CMS-concurrent-sweep: 0.017/0.017 secs] [Times: user=0.02 sys=0.00, real=0.01 secs] 
2026-05-27T22:25:22.605+0800: 6225.073: [CMS-concurrent-reset-start]
2026-05-27T22:25:22.605+0800: 6225.074: [CMS-concurrent-reset: 0.001/0.001 secs] [Times: user=0.00 sys=0.00, real=0.00 secs] 
2026-05-27T22:25:24.608+0800: 6227.076: [GC (CMS Initial Mark) [1 CMS-initial-mark: 85003K(131072K)] 172388K(249088K), 0.0527369 secs] [Times: user=0.06 sys=0.00, real=0.05 secs] 
2026-05-27T22:25:24.661+0800: 6227.130: [CMS-concurrent-mark-start]
2026-05-27T22:25:24.719+0800: 6227.188: [CMS-concurrent-mark: 0.058/0.058 secs] [Times: user=0.05 sys=0.00, real=0.06 secs] 
2026-05-27T22:25:24.720+0800: 6227.188: [CMS-concurrent-preclean-start]
2026-05-27T22:25:24.722+0800: 6227.191: [CMS-concurrent-preclean: 0.003/0.003 secs] [Times: user=0.01 sys=0.00, real=0.00 secs] 
2026-05-27T22:25:24.723+0800: 6227.191: [CMS-concurrent-abortable-preclean-start]
 CMS: abort preclean due to time 2026-05-27T22:25:29.772+0800: 6232.240: [CMS-concurrent-abortable-preclean: 0.641/5.049 secs] [Times: user=0.72 sys=0.00, real=5.05 secs] 
2026-05-27T22:25:29.773+0800: 6232.242: [GC (CMS Final Remark) [YG occupancy: 87561 K (118016 K)]2026-05-27T22:25:29.774+0800: 6232.242: [Rescan (non-parallel) 2026-05-27T22:25:29.774+0800: 6232.242: [grey object rescan, 0.0004456 secs]2026-05-27T22:25:29.774+0800: 6232.243: [root rescan, 0.0533299 secs]2026-05-27T22:25:29.828+0800: 6232.297: [visit unhandled CLDs, 0.0003383 secs]2026-05-27T22:25:29.829+0800: 6232.298: [dirty klass scan, 0.0022283 secs], 0.0581434 secs]2026-05-27T22:25:29.832+0800: 6232.300: [weak refs processing, 0.0002840 secs]2026-05-27T22:25:29.832+0800: 6232.301: [class unloading, 0.0151417 secs]2026-05-27T22:25:29.848+0800: 6232.316: [scrub symbol table, 0.0226409 secs]2026-05-27T22:25:29.871+0800: 6232.340: [scrub string table, 0.0009888 secs][1 CMS-remark: 85003K(131072K)] 172564K(249088K), 0.0998624 secs] [Times: user=0.10 sys=0.00, real=0.10 secs] 
2026-05-27T22:25:29.874+0800: 6232.342: [CMS-concurrent-sweep-start]
2026-05-27T22:25:29.886+0800: 6232.355: [CMS-concurrent-sweep: 0.012/0.012 secs] [Times: user=0.01 sys=0.00, real=0.02 secs] 
2026-05-27T22:25:29.887+0800: 6232.355: [CMS-concurrent-reset-start]
2026-05-27T22:25:29.887+0800: 6232.356: [CMS-concurrent-reset: 0.000/0.000 secs] [Times: user=0.00 sys=0.00, real=0.00 secs] 
2026-05-27T22:25:31.889+0800: 6234.357: [GC (CMS Initial Mark) [1 CMS-initial-mark: 85003K(131072K)] 172771K(249088K), 0.1050616 secs] [Times: user=0.09 sys=0.00, real=0.11 secs] 
2026-05-27T22:25:32.012+0800: 6234.481: [CMS-concurrent-mark-start]
2026-05-27T22:25:32.074+0800: 6234.543: [CMS-concurrent-mark: 0.062/0.062 secs] [Times: user=0.06 sys=0.00, real=0.06 secs] 
2026-05-27T22:25:32.075+0800: 6234.544: [CMS-concurrent-preclean-start]
2026-05-27T22:25:32.077+0800: 6234.546: [CMS-concurrent-preclean: 0.002/0.002 secs] [Times: user=0.00 sys=0.00, real=0.01 secs] 
2026-05-27T22:25:32.078+0800: 6234.546: [CMS-concurrent-abortable-preclean-start]
 CMS: abort preclean due to time 2026-05-27T22:25:37.136+0800: 6239.605: [CMS-concurrent-abortable-preclean: 0.651/5.058 secs] [Times: user=0.70 sys=0.01, real=5.06 secs] 
2026-05-27T22:25:37.138+0800: 6239.607: [GC (CMS Final Remark) [YG occupancy: 87983 K (118016 K)]2026-05-27T22:25:37.139+0800: 6239.607: [Rescan (non-parallel) 2026-05-27T22:25:37.139+0800: 6239.608: [grey object rescan, 0.0003657 secs]2026-05-27T22:25:37.140+0800: 6239.608: [root rescan, 0.0552913 secs]2026-05-27T22:25:37.195+0800: 6239.664: [visit unhandled CLDs, 0.0002713 secs]2026-05-27T22:25:37.196+0800: 6239.664: [dirty klass scan, 0.0018957 secs], 0.0594409 secs]2026-05-27T22:25:37.199+0800: 6239.667: [weak refs processing, 0.0007548 secs]2026-05-27T22:25:37.200+0800: 6239.668: [class unloading, 0.0170436 secs]2026-05-27T22:25:37.217+0800: 6239.686: [scrub symbol table, 0.0216787 secs]2026-05-27T22:25:37.239+0800: 6239.708: [scrub string table, 0.0009982 secs][1 CMS-remark: 85003K(131072K)] 172986K(249088K), 0.1030438 secs] [Times: user=0.10 sys=0.00, real=0.10 secs] 
2026-05-27T22:25:37.242+0800: 6239.711: [CMS-concurrent-sweep-start]
2026-05-27T22:25:37.256+0800: 6239.725: [CMS-concurrent-sweep: 0.014/0.014 secs] [Times: user=0.02 sys=0.00, real=0.02 secs] 
2026-05-27T22:25:37.257+0800: 6239.726: [CMS-concurrent-reset-start]
2026-05-27T22:25:37.258+0800: 6239.726: [CMS-concurrent-reset: 0.000/0.000 secs] [Times: user=0.00 sys=0.00, real=0.00 secs] 
2026-05-27T22:25:39.259+0800: 6241.727: [GC (CMS Initial Mark) [1 CMS-initial-mark: 85003K(131072K)] 173242K(249088K), 0.0524770 secs] [Times: user=0.05 sys=0.00, real=0.05 secs] 
2026-05-27T22:25:39.313+0800: 6241.781: [CMS-concurrent-mark-start]
2026-05-27T22:25:39.368+0800: 6241.837: [CMS-concurrent-mark: 0.055/0.055 secs] [Times: user=0.06 sys=0.00, real=0.06 secs] 
2026-05-27T22:25:39.369+0800: 6241.837: [CMS-concurrent-preclean-start]
2026-05-27T22:25:39.373+0800: 6241.842: [CMS-concurrent-preclean: 0.005/0.005 secs] [Times: user=0.00 sys=0.00, real=0.00 secs] 
2026-05-27T22:25:39.375+0800: 6241.843: [CMS-concurrent-abortable-preclean-start]
 CMS: abort preclean due to time 2026-05-27T22:25:44.464+0800: 6246.934: [CMS-concurrent-abortable-preclean: 0.652/5.091 secs] [Times: user=0.70 sys=0.01, real=5.10 secs] 
2026-05-27T22:25:44.466+0800: 6246.936: [GC (CMS Final Remark) [YG occupancy: 88554 K (118016 K)]2026-05-27T22:25:44.466+0800: 6246.936: [Rescan (non-parallel) 2026-05-27T22:25:44.466+0800: 6246.937: [grey object rescan, 0.0004358 secs]2026-05-27T22:25:44.467+0800: 6246.937: [root rescan, 0.0576469 secs]2026-05-27T22:25:44.526+0800: 6246.996: [visit unhandled CLDs, 0.0004503 secs]2026-05-27T22:25:44.526+0800: 6246.996: [dirty klass scan, 0.0018802 secs], 0.0625650 secs]2026-05-27T22:25:44.529+0800: 6246.999: [weak refs processing, 0.0003399 secs]2026-05-27T22:25:44.530+0800: 6247.000: [class unloading, 0.0160112 secs]2026-05-27T22:25:44.546+0800: 6247.016: [scrub symbol table, 0.0243489 secs]2026-05-27T22:25:44.571+0800: 6247.041: [scrub string table, 0.0013203 secs][1 CMS-remark: 85003K(131072K)] 173557K(249088K), 0.1075060 secs] [Times: user=0.10 sys=0.00, real=0.11 secs] 
2026-05-27T22:25:44.574+0800: 6247.044: [CMS-concurrent-sweep-start]
2026-05-27T22:25:44.585+0800: 6247.055: [CMS-concurrent-sweep: 0.011/0.011 secs] [Times: user=0.01 sys=0.00, real=0.01 secs] 
2026-05-27T22:25:44.586+0800: 6247.056: [CMS-concurrent-reset-start]
2026-05-27T22:25:44.586+0800: 6247.056: [CMS-concurrent-reset: 0.000/0.000 secs] [Times: user=0.00 sys=0.00, real=0.00 secs] 
2026-05-27T22:25:46.587+0800: 6249.057: [GC (CMS Initial Mark) [1 CMS-initial-mark: 85003K(131072K)] 173597K(249088K), 0.0542659 secs] [Times: user=0.05 sys=0.00, real=0.06 secs] 
2026-05-27T22:25:46.642+0800: 6249.112: [CMS-concurrent-mark-start]
2026-05-27T22:25:46.708+0800: 6249.178: [CMS-concurrent-mark: 0.065/0.065 secs] [Times: user=0.07 sys=0.00, real=0.06 secs] 
2026-05-27T22:25:46.708+0800: 6249.178: [CMS-concurrent-preclean-start]
2026-05-27T22:25:46.711+0800: 6249.181: [CMS-concurrent-preclean: 0.002/0.002 secs] [Times: user=0.00 sys=0.00, real=0.00 secs] 
2026-05-27T22:25:46.711+0800: 6249.181: [CMS-concurrent-abortable-preclean-start]
 CMS: abort preclean due to time 2026-05-27T22:25:51.737+0800: 6254.207: [CMS-concurrent-abortable-preclean: 0.744/5.026 secs] [Times: user=0.80 sys=0.02, real=5.03 secs] 
2026-05-27T22:25:51.738+0800: 6254.208: [GC (CMS Final Remark) [YG occupancy: 88867 K (118016 K)]2026-05-27T22:25:51.739+0800: 6254.209: [Rescan (non-parallel) 2026-05-27T22:25:51.739+0800: 6254.209: [grey object rescan, 0.0003617 secs]2026-05-27T22:25:51.739+0800: 6254.209: [root rescan, 0.0585317 secs]2026-05-27T22:25:51.798+0800: 6254.268: [visit unhandled CLDs, 0.0003189 secs]2026-05-27T22:25:51.799+0800: 6254.269: [dirty klass scan, 0.0019625 secs], 0.0627899 secs]2026-05-27T22:25:51.802+0800: 6254.272: [weak refs processing, 0.0004329 secs]2026-05-27T22:25:51.802+0800: 6254.272: [class unloading, 0.0154875 secs]2026-05-27T22:25:51.818+0800: 6254.288: [scrub symbol table, 0.0223677 secs]2026-05-27T22:25:51.841+0800: 6254.311: [scrub string table, 0.0010474 secs][1 CMS-remark: 85003K(131072K)] 173870K(249088K), 0.1048501 secs] [Times: user=0.10 sys=0.00, real=0.11 secs] 
2026-05-27T22:25:51.844+0800: 6254.314: [CMS-concurrent-sweep-start]
2026-05-27T22:25:51.855+0800: 6254.325: [CMS-concurrent-sweep: 0.011/0.011 secs] [Times: user=0.01 sys=0.00, real=0.01 secs] 
2026-05-27T22:25:51.856+0800: 6254.326: [CMS-concurrent-reset-start]
2026-05-27T22:25:51.856+0800: 6254.326: [CMS-concurrent-reset: 0.000/0.000 secs] [Times: user=0.00 sys=0.00, real=0.00 secs] 
2026-05-27T22:25:53.857+0800: 6256.327: [GC (CMS Initial Mark) [1 CMS-initial-mark: 85003K(131072K)] 173961K(249088K), 0.0535570 secs] [Times: user=0.05 sys=0.00, real=0.05 secs] 
2026-05-27T22:25:53.912+0800: 6256.382: [CMS-concurrent-mark-start]
2026-05-27T22:25:53.973+0800: 6256.443: [CMS-concurrent-mark: 0.061/0.061 secs] [Times: user=0.07 sys=0.01, real=0.07 secs] 
2026-05-27T22:25:53.974+0800: 6256.444: [CMS-concurrent-preclean-start]
2026-05-27T22:25:53.977+0800: 6256.447: [CMS-concurrent-preclean: 0.003/0.003 secs] [Times: user=0.00 sys=0.00, real=0.00 secs] 
2026-05-27T22:25:53.977+0800: 6256.447: [CMS-concurrent-abortable-preclean-start]
 CMS: abort preclean due to time 2026-05-27T22:25:59.021+0800: 6261.491: [CMS-concurrent-abortable-preclean: 0.636/5.043 secs] [Times: user=0.69 sys=0.01, real=5.04 secs] 
2026-05-27T22:25:59.023+0800: 6261.493: [GC (CMS Final Remark) [YG occupancy: 89278 K (118016 K)]2026-05-27T22:25:59.023+0800: 6261.493: [Rescan (non-parallel) 2026-05-27T22:25:59.024+0800: 6261.494: [grey object rescan, 0.0006990 secs]2026-05-27T22:25:59.025+0800: 6261.495: [root rescan, 0.0544233 secs]2026-05-27T22:25:59.080+0800: 6261.550: [visit unhandled CLDs, 0.0003056 secs]2026-05-27T22:25:59.080+0800: 6261.551: [dirty klass scan, 0.0019537 secs], 0.0595468 secs]2026-05-27T22:25:59.083+0800: 6261.553: [weak refs processing, 0.0003700 secs]2026-05-27T22:25:59.084+0800: 6261.554: [class unloading, 0.0158246 secs]2026-05-27T22:25:59.100+0800: 6261.570: [scrub symbol table, 0.0221097 secs]2026-05-27T22:25:59.123+0800: 6261.593: [scrub string table, 0.0012947 secs][1 CMS-remark: 85003K(131072K)] 174281K(249088K), 0.1025556 secs] [Times: user=0.09 sys=0.00, real=0.10 secs] 
2026-05-27T22:25:59.126+0800: 6261.596: [CMS-concurrent-sweep-start]
2026-05-27T22:25:59.140+0800: 6261.610: [CMS-concurrent-sweep: 0.014/0.014 secs] [Times: user=0.02 sys=0.00, real=0.01 secs] 
2026-05-27T22:25:59.141+0800: 6261.611: [CMS-concurrent-reset-start]
2026-05-27T22:25:59.141+0800: 6261.611: [CMS-concurrent-reset: 0.000/0.000 secs] [Times: user=0.00 sys=0.00, real=0.00 secs] 
2026-05-27T22:26:01.142+0800: 6263.612: [GC (CMS Initial Mark) [1 CMS-initial-mark: 85003K(131072K)] 174337K(249088K), 0.0595980 secs] [Times: user=0.06 sys=0.00, real=0.06 secs] 
2026-05-27T22:26:01.204+0800: 6263.674: [CMS-concurrent-mark-start]
2026-05-27T22:26:01.286+0800: 6263.756: [CMS-concurrent-mark: 0.082/0.082 secs] [Times: user=0.09 sys=0.00, real=0.08 secs] 
2026-05-27T22:26:01.287+0800: 6263.757: [CMS-concurrent-preclean-start]
2026-05-27T22:26:01.290+0800: 6263.760: [CMS-concurrent-preclean: 0.003/0.003 secs] [Times: user=0.00 sys=0.00, real=0.00 secs] 
2026-05-27T22:26:01.291+0800: 6263.761: [CMS-concurrent-abortable-preclean-start]
 CMS: abort preclean due to time 2026-05-27T22:26:06.296+0800: 6268.766: [CMS-concurrent-abortable-preclean: 0.679/5.005 secs] [Times: user=0.71 sys=0.03, real=5.01 secs] 
2026-05-27T22:26:06.298+0800: 6268.768: [GC (CMS Final Remark) [YG occupancy: 89727 K (118016 K)]2026-05-27T22:26:06.298+0800: 6268.768: [Rescan (non-parallel) 2026-05-27T22:26:06.299+0800: 6268.769: [grey object rescan, 0.0004402 secs]2026-05-27T22:26:06.299+0800: 6268.769: [root rescan, 0.0560594 secs]2026-05-27T22:26:06.356+0800: 6268.826: [visit unhandled CLDs, 0.0005023 secs]2026-05-27T22:26:06.357+0800: 6268.827: [dirty klass scan, 0.0019750 secs], 0.0613804 secs]2026-05-27T22:26:06.360+0800: 6268.830: [weak refs processing, 0.0005029 secs]2026-05-27T22:26:06.361+0800: 6268.831: [class unloading, 0.0158275 secs]2026-05-27T22:26:06.377+0800: 6268.847: [scrub symbol table, 0.0245803 secs]2026-05-27T22:26:06.402+0800: 6268.872: [scrub string table, 0.0013471 secs][1 CMS-remark: 85003K(131072K)] 174730K(249088K), 0.1070158 secs] [Times: user=0.10 sys=0.00, real=0.11 secs] 
2026-05-27T22:26:06.406+0800: 6268.876: [CMS-concurrent-sweep-start]
2026-05-27T22:26:06.420+0800: 6268.890: [CMS-concurrent-sweep: 0.014/0.014 secs] [Times: user=0.02 sys=0.00, real=0.01 secs] 
2026-05-27T22:26:06.421+0800: 6268.891: [CMS-concurrent-reset-start]
2026-05-27T22:26:06.428+0800: 6268.898: [CMS-concurrent-reset: 0.007/0.007 secs] [Times: user=0.00 sys=0.00, real=0.01 secs] 
2026-05-27T22:26:08.429+0800: 6270.899: [GC (CMS Initial Mark) [1 CMS-initial-mark: 85003K(131072K)] 174942K(249088K), 0.0546631 secs] [Times: user=0.05 sys=0.00, real=0.06 secs] 
2026-05-27T22:26:08.485+0800: 6270.955: [CMS-concurrent-mark-start]
2026-05-27T22:26:08.691+0800: 6271.161: [CMS-concurrent-mark: 0.205/0.205 secs] [Times: user=0.21 sys=0.00, real=0.20 secs] 
2026-05-27T22:26:08.691+0800: 6271.161: [CMS-concurrent-preclean-start]
2026-05-27T22:26:08.694+0800: 6271.164: [CMS-concurrent-preclean: 0.003/0.003 secs] [Times: user=0.00 sys=0.00, real=0.01 secs] 
2026-05-27T22:26:08.695+0800: 6271.165: [CMS-concurrent-abortable-preclean-start]
 CMS: abort preclean due to time 2026-05-27T22:26:13.753+0800: 6276.223: [CMS-concurrent-abortable-preclean: 0.650/5.058 secs] [Times: user=0.71 sys=0.01, real=5.05 secs] 
2026-05-27T22:26:13.755+0800: 6276.225: [GC (CMS Final Remark) [YG occupancy: 90343 K (118016 K)]2026-05-27T22:26:13.756+0800: 6276.226: [Rescan (non-parallel) 2026-05-27T22:26:13.757+0800: 6276.227: [grey object rescan, 0.0006763 secs]2026-05-27T22:26:13.758+0800: 6276.228: [root rescan, 0.0978179 secs]2026-05-27T22:26:13.856+0800: 6276.326: [visit unhandled CLDs, 0.0004991 secs]2026-05-27T22:26:13.857+0800: 6276.327: [dirty klass scan, 0.0021320 secs], 0.1032998 secs]2026-05-27T22:26:13.860+0800: 6276.330: [weak refs processing, 0.0003154 secs]2026-05-27T22:26:13.861+0800: 6276.331: [class unloading, 0.0238262 secs]2026-05-27T22:26:13.885+0800: 6276.355: [scrub symbol table, 0.0227873 secs]2026-05-27T22:26:13.909+0800: 6276.379: [scrub string table, 0.0009525 secs][1 CMS-remark: 85003K(131072K)] 175346K(249088K), 0.1549503 secs] [Times: user=0.14 sys=0.00, real=0.15 secs] 
2026-05-27T22:26:13.911+0800: 6276.381: [CMS-concurrent-sweep-start]
2026-05-27T22:26:13.929+0800: 6276.399: [CMS-concurrent-sweep: 0.017/0.017 secs] [Times: user=0.02 sys=0.00, real=0.02 secs] 
2026-05-27T22:26:13.929+0800: 6276.399: [CMS-concurrent-reset-start]
2026-05-27T22:26:13.931+0800: 6276.401: [CMS-concurrent-reset: 0.001/0.001 secs] [Times: user=0.01 sys=0.00, real=0.00 secs] 
2026-05-27T22:26:15.930+0800: 6278.402: [GC (CMS Initial Mark) [1 CMS-initial-mark: 85003K(131072K)] 175383K(249088K), 0.0543090 secs] [Times: user=0.06 sys=0.00, real=0.06 secs] 
2026-05-27T22:26:15.985+0800: 6278.457: [CMS-concurrent-mark-start]
2026-05-27T22:26:16.043+0800: 6278.515: [CMS-concurrent-mark: 0.058/0.058 secs] [Times: user=0.06 sys=0.00, real=0.06 secs] 
2026-05-27T22:26:16.044+0800: 6278.516: [CMS-concurrent-preclean-start]
2026-05-27T22:26:16.046+0800: 6278.518: [CMS-concurrent-preclean: 0.002/0.002 secs] [Times: user=0.00 sys=0.00, real=0.00 secs] 
2026-05-27T22:26:16.047+0800: 6278.519: [CMS-concurrent-abortable-preclean-start]
 CMS: abort preclean due to time 2026-05-27T22:26:21.110+0800: 6283.582: [CMS-concurrent-abortable-preclean: 0.656/5.064 secs] [Times: user=0.70 sys=0.01, real=5.06 secs] 
2026-05-27T22:26:21.112+0800: 6283.584: [GC (CMS Final Remark) [YG occupancy: 90808 K (118016 K)]2026-05-27T22:26:21.113+0800: 6283.585: [Rescan (non-parallel) 2026-05-27T22:26:21.113+0800: 6283.585: [grey object rescan, 0.0004274 secs]2026-05-27T22:26:21.114+0800: 6283.586: [root rescan, 0.0559923 secs]2026-05-27T22:26:21.171+0800: 6283.643: [visit unhandled CLDs, 0.0002925 secs]2026-05-27T22:26:21.171+0800: 6283.643: [dirty klass scan, 0.0020550 secs], 0.0609240 secs]2026-05-27T22:26:21.174+0800: 6283.646: [weak refs processing, 0.0007957 secs]2026-05-27T22:26:21.175+0800: 6283.648: [class unloading, 0.0164929 secs]2026-05-27T22:26:21.193+0800: 6283.665: [scrub symbol table, 0.0228116 secs]2026-05-27T22:26:21.216+0800: 6283.688: [scrub string table, 0.0015318 secs][1 CMS-remark: 85003K(131072K)] 175811K(249088K), 0.1059547 secs] [Times: user=0.10 sys=0.00, real=0.10 secs] 
2026-05-27T22:26:21.220+0800: 6283.692: [CMS-concurrent-sweep-start]
2026-05-27T22:26:21.232+0800: 6283.704: [CMS-concurrent-sweep: 0.012/0.012 secs] [Times: user=0.01 sys=0.00, real=0.01 secs] 
2026-05-27T22:26:21.233+0800: 6283.705: [CMS-concurrent-reset-start]
2026-05-27T22:26:21.233+0800: 6283.705: [CMS-concurrent-reset: 0.000/0.000 secs] [Times: user=0.00 sys=0.00, real=0.00 secs] 
2026-05-27T22:26:23.234+0800: 6285.706: [GC (CMS Initial Mark) [1 CMS-initial-mark: 85003K(131072K)] 175843K(249088K), 0.0562467 secs] [Times: user=0.06 sys=0.00, real=0.05 secs] 
2026-05-27T22:26:23.291+0800: 6285.763: [CMS-concurrent-mark-start]
2026-05-27T22:26:23.347+0800: 6285.820: [CMS-concurrent-mark: 0.056/0.056 secs] [Times: user=0.06 sys=0.01, real=0.06 secs] 
2026-05-27T22:26:23.348+0800: 6285.820: [CMS-concurrent-preclean-start]
2026-05-27T22:26:23.351+0800: 6285.823: [CMS-concurrent-preclean: 0.002/0.002 secs] [Times: user=0.00 sys=0.00, real=0.00 secs] 
2026-05-27T22:26:23.351+0800: 6285.823: [CMS-concurrent-abortable-preclean-start]
 CMS: abort preclean due to time 2026-05-27T22:26:28.402+0800: 6290.874: [CMS-concurrent-abortable-preclean: 0.643/5.051 secs] [Times: user=0.70 sys=0.01, real=5.06 secs] 
2026-05-27T22:26:28.403+0800: 6290.875: [GC (CMS Final Remark) [YG occupancy: 91045 K (118016 K)]2026-05-27T22:26:28.404+0800: 6290.876: [Rescan (non-parallel) 2026-05-27T22:26:28.404+0800: 6290.876: [grey object rescan, 0.0004919 secs]2026-05-27T22:26:28.405+0800: 6290.877: [root rescan, 0.0564482 secs]2026-05-27T22:26:28.462+0800: 6290.934: [visit unhandled CLDs, 0.0005774 secs]2026-05-27T22:26:28.463+0800: 6290.935: [dirty klass scan, 0.0019671 secs], 0.0616503 secs]2026-05-27T22:26:28.466+0800: 6290.938: [weak refs processing, 0.0003527 secs]2026-05-27T22:26:28.466+0800: 6290.938: [class unloading, 0.0156853 secs]2026-05-27T22:26:28.483+0800: 6290.955: [scrub symbol table, 0.0218266 secs]2026-05-27T22:26:28.505+0800: 6290.977: [scrub string table, 0.0013520 secs][1 CMS-remark: 85003K(131072K)] 176048K(249088K), 0.1044554 secs] [Times: user=0.10 sys=0.00, real=0.10 secs] 
2026-05-27T22:26:28.509+0800: 6290.981: [CMS-concurrent-sweep-start]
2026-05-27T22:26:28.520+0800: 6290.992: [CMS-concurrent-sweep: 0.011/0.011 secs] [Times: user=0.01 sys=0.00, real=0.02 secs] 
2026-05-27T22:26:28.521+0800: 6290.993: [CMS-concurrent-reset-start]
2026-05-27T22:26:28.521+0800: 6290.993: [CMS-concurrent-reset: 0.000/0.000 secs] [Times: user=0.00 sys=0.00, real=0.00 secs] 
2026-05-27T22:26:30.522+0800: 6292.994: [GC (CMS Initial Mark) [1 CMS-initial-mark: 85003K(131072K)] 176234K(249088K), 0.0548016 secs] [Times: user=0.05 sys=0.00, real=0.05 secs] 
2026-05-27T22:26:30.578+0800: 6293.050: [CMS-concurrent-mark-start]
2026-05-27T22:26:30.633+0800: 6293.106: [CMS-concurrent-mark: 0.055/0.055 secs] [Times: user=0.06 sys=0.00, real=0.06 secs] 
2026-05-27T22:26:30.634+0800: 6293.106: [CMS-concurrent-preclean-start]
2026-05-27T22:26:30.637+0800: 6293.109: [CMS-concurrent-preclean: 0.003/0.003 secs] [Times: user=0.00 sys=0.00, real=0.00 secs] 
2026-05-27T22:26:30.638+0800: 6293.110: [CMS-concurrent-abortable-preclean-start]
 CMS: abort preclean due to time 2026-05-27T22:26:35.699+0800: 6298.171: [CMS-concurrent-abortable-preclean: 0.654/5.061 secs] [Times: user=0.70 sys=0.01, real=5.06 secs] 
2026-05-27T22:26:35.700+0800: 6298.172: [GC (CMS Final Remark) [YG occupancy: 91602 K (118016 K)]2026-05-27T22:26:35.701+0800: 6298.173: [Rescan (non-parallel) 2026-05-27T22:26:35.701+0800: 6298.173: [grey object rescan, 0.0004473 secs]2026-05-27T22:26:35.702+0800: 6298.174: [root rescan, 0.0627787 secs]2026-05-27T22:26:35.765+0800: 6298.237: [visit unhandled CLDs, 0.0003129 secs]2026-05-27T22:26:35.766+0800: 6298.238: [dirty klass scan, 0.0019598 secs], 0.0672097 secs]2026-05-27T22:26:35.768+0800: 6298.240: [weak refs processing, 0.0005366 secs]2026-05-27T22:26:35.769+0800: 6298.241: [class unloading, 0.0158322 secs]2026-05-27T22:26:35.785+0800: 6298.257: [scrub symbol table, 0.0201131 secs]2026-05-27T22:26:35.806+0800: 6298.278: [scrub string table, 0.0007977 secs][1 CMS-remark: 85003K(131072K)] 176606K(249088K), 0.1072509 secs] [Times: user=0.10 sys=0.00, real=0.10 secs] 
2026-05-27T22:26:35.808+0800: 6298.281: [CMS-concurrent-sweep-start]
2026-05-27T22:26:35.822+0800: 6298.294: [CMS-concurrent-sweep: 0.013/0.013 secs] [Times: user=0.02 sys=0.00, real=0.02 secs] 
2026-05-27T22:26:35.822+0800: 6298.294: [CMS-concurrent-reset-start]
2026-05-27T22:26:35.822+0800: 6298.295: [CMS-concurrent-reset: 0.000/0.000 secs] [Times: user=0.00 sys=0.00, real=0.00 secs] 
2026-05-27T22:26:37.823+0800: 6300.296: [GC (CMS Initial Mark) [1 CMS-initial-mark: 85003K(131072K)] 176905K(249088K), 0.0585207 secs] [Times: user=0.06 sys=0.00, real=0.06 secs] 
2026-05-27T22:26:37.884+0800: 6300.356: [CMS-concurrent-mark-start]
2026-05-27T22:26:37.940+0800: 6300.412: [CMS-concurrent-mark: 0.057/0.057 secs] [Times: user=0.05 sys=0.00, real=0.06 secs] 
2026-05-27T22:26:37.941+0800: 6300.413: [CMS-concurrent-preclean-start]
2026-05-27T22:26:37.944+0800: 6300.416: [CMS-concurrent-preclean: 0.003/0.003 secs] [Times: user=0.01 sys=0.00, real=0.00 secs] 
2026-05-27T22:26:37.944+0800: 6300.417: [CMS-concurrent-abortable-preclean-start]
 CMS: abort preclean due to time 2026-05-27T22:26:43.003+0800: 6305.476: [CMS-concurrent-abortable-preclean: 0.650/5.059 secs] [Times: user=0.71 sys=0.00, real=5.06 secs] 
2026-05-27T22:26:43.005+0800: 6305.477: [GC (CMS Final Remark) [YG occupancy: 92051 K (118016 K)]2026-05-27T22:26:43.005+0800: 6305.478: [Rescan (non-parallel) 2026-05-27T22:26:43.006+0800: 6305.478: [grey object rescan, 0.0003875 secs]2026-05-27T22:26:43.006+0800: 6305.478: [root rescan, 0.0557012 secs]2026-05-27T22:26:43.063+0800: 6305.535: [visit unhandled CLDs, 0.0003670 secs]2026-05-27T22:26:43.063+0800: 6305.535: [dirty klass scan, 0.0019797 secs], 0.0604234 secs]2026-05-27T22:26:43.066+0800: 6305.538: [weak refs processing, 0.0003553 secs]2026-05-27T22:26:43.067+0800: 6305.539: [class unloading, 0.0156405 secs]2026-05-27T22:26:43.083+0800: 6305.555: [scrub symbol table, 0.0219351 secs]2026-05-27T22:26:43.105+0800: 6305.578: [scrub string table, 0.0010040 secs][1 CMS-remark: 85003K(131072K)] 177054K(249088K), 0.1021544 secs] [Times: user=0.09 sys=0.00, real=0.10 secs] 
2026-05-27T22:26:43.108+0800: 6305.580: [CMS-concurrent-sweep-start]
2026-05-27T22:26:43.121+0800: 6305.593: [CMS-concurrent-sweep: 0.013/0.013 secs] [Times: user=0.02 sys=0.00, real=0.02 secs] 
2026-05-27T22:26:43.122+0800: 6305.594: [CMS-concurrent-reset-start]
2026-05-27T22:26:43.122+0800: 6305.594: [CMS-concurrent-reset: 0.000/0.000 secs] [Times: user=0.00 sys=0.00, real=0.00 secs] 
2026-05-27T22:26:45.121+0800: 6307.596: [GC (CMS Initial Mark) [1 CMS-initial-mark: 85003K(131072K)] 177149K(249088K), 0.0596703 secs] [Times: user=0.06 sys=0.00, real=0.06 secs] 
2026-05-27T22:26:45.183+0800: 6307.657: [CMS-concurrent-mark-start]
2026-05-27T22:26:45.240+0800: 6307.714: [CMS-concurrent-mark: 0.057/0.057 secs] [Times: user=0.06 sys=0.00, real=0.06 secs] 
2026-05-27T22:26:45.240+0800: 6307.715: [CMS-concurrent-preclean-start]
2026-05-27T22:26:45.243+0800: 6307.717: [CMS-concurrent-preclean: 0.002/0.002 secs] [Times: user=0.00 sys=0.00, real=0.00 secs] 
2026-05-27T22:26:45.243+0800: 6307.717: [CMS-concurrent-abortable-preclean-start]
 CMS: abort preclean due to time 2026-05-27T22:26:50.289+0800: 6312.764: [CMS-concurrent-abortable-preclean: 0.638/5.046 secs] [Times: user=0.67 sys=0.02, real=5.05 secs] 
2026-05-27T22:26:50.306+0800: 6312.781: [GC (CMS Final Remark) [YG occupancy: 92376 K (118016 K)]2026-05-27T22:26:50.320+0800: 6312.794: [Rescan (non-parallel) 2026-05-27T22:26:50.333+0800: 6312.808: [grey object rescan, 0.0206621 secs]2026-05-27T22:26:50.363+0800: 6312.838: [root rescan, 0.0852431 secs]2026-05-27T22:26:50.449+0800: 6312.923: [visit unhandled CLDs, 0.0002272 secs]2026-05-27T22:26:50.449+0800: 6312.924: [dirty klass scan, 0.0024738 secs], 0.1324319 secs]2026-05-27T22:26:50.453+0800: 6312.927: [weak refs processing, 0.0003078 secs]2026-05-27T22:26:50.453+0800: 6312.928: [class unloading, 0.0178162 secs]2026-05-27T22:26:50.472+0800: 6312.946: [scrub symbol table, 0.0218195 secs]2026-05-27T22:26:50.494+0800: 6312.968: [scrub string table, 0.0009200 secs][1 CMS-remark: 85003K(131072K)] 177379K(249088K), 0.1893009 secs] [Times: user=0.13 sys=0.00, real=0.19 secs] 
2026-05-27T22:26:50.497+0800: 6312.971: [CMS-concurrent-sweep-start]
2026-05-27T22:26:50.508+0800: 6312.982: [CMS-concurrent-sweep: 0.011/0.011 secs] [Times: user=0.01 sys=0.00, real=0.01 secs] 
2026-05-27T22:26:50.509+0800: 6312.983: [CMS-concurrent-reset-start]
2026-05-27T22:26:50.509+0800: 6312.983: [CMS-concurrent-reset: 0.000/0.000 secs] [Times: user=0.00 sys=0.00, real=0.00 secs] 
2026-05-27T22:26:52.510+0800: 6314.984: [GC (CMS Initial Mark) [1 CMS-initial-mark: 85003K(131072K)] 177543K(249088K), 0.0553538 secs] [Times: user=0.06 sys=0.00, real=0.05 secs] 
2026-05-27T22:26:52.567+0800: 6315.041: [CMS-concurrent-mark-start]
2026-05-27T22:26:52.626+0800: 6315.100: [CMS-concurrent-mark: 0.059/0.059 secs] [Times: user=0.06 sys=0.00, real=0.06 secs] 
2026-05-27T22:26:52.626+0800: 6315.101: [CMS-concurrent-preclean-start]
2026-05-27T22:26:52.629+0800: 6315.103: [CMS-concurrent-preclean: 0.002/0.002 secs] [Times: user=0.00 sys=0.00, real=0.00 secs] 
2026-05-27T22:26:52.629+0800: 6315.104: [CMS-concurrent-abortable-preclean-start]
 CMS: abort preclean due to time 2026-05-27T22:26:57.673+0800: 6320.147: [CMS-concurrent-abortable-preclean: 0.636/5.043 secs] [Times: user=0.69 sys=0.01, real=5.04 secs] 
2026-05-27T22:26:57.674+0800: 6320.148: [GC (CMS Final Remark) [YG occupancy: 92896 K (118016 K)]2026-05-27T22:26:57.675+0800: 6320.149: [Rescan (non-parallel) 2026-05-27T22:26:57.675+0800: 6320.149: [grey object rescan, 0.0003496 secs]2026-05-27T22:26:57.676+0800: 6320.150: [root rescan, 0.0582494 secs]2026-05-27T22:26:57.734+0800: 6320.209: [visit unhandled CLDs, 0.0002972 secs]2026-05-27T22:26:57.735+0800: 6320.209: [dirty klass scan, 0.0018825 secs], 0.0624397 secs]2026-05-27T22:26:57.737+0800: 6320.212: [weak refs processing, 0.0003035 secs]2026-05-27T22:26:57.738+0800: 6320.212: [class unloading, 0.0150791 secs]2026-05-27T22:26:57.753+0800: 6320.228: [scrub symbol table, 0.0218549 secs]2026-05-27T22:26:57.776+0800: 6320.250: [scrub string table, 0.0007851 secs][1 CMS-remark: 85003K(131072K)] 177899K(249088K), 0.1031672 secs] [Times: user=0.09 sys=0.00, real=0.11 secs] 
2026-05-27T22:26:57.778+0800: 6320.253: [CMS-concurrent-sweep-start]
2026-05-27T22:26:57.790+0800: 6320.265: [CMS-concurrent-sweep: 0.012/0.012 secs] [Times: user=0.02 sys=0.00, real=0.01 secs] 
2026-05-27T22:26:57.791+0800: 6320.265: [CMS-concurrent-reset-start]
2026-05-27T22:26:57.791+0800: 6320.265: [CMS-concurrent-reset: 0.000/0.000 secs] [Times: user=0.00 sys=0.00, real=0.00 secs] 
2026-05-27T22:26:59.792+0800: 6322.267: [GC (CMS Initial Mark) [1 CMS-initial-mark: 85003K(131072K)] 178052K(249088K), 0.0540417 secs] [Times: user=0.05 sys=0.00, real=0.05 secs] 
2026-05-27T22:26:59.848+0800: 6322.322: [CMS-concurrent-mark-start]
2026-05-27T22:26:59.902+0800: 6322.377: [CMS-concurrent-mark: 0.054/0.054 secs] [Times: user=0.06 sys=0.00, real=0.06 secs] 
2026-05-27T22:26:59.903+0800: 6322.377: [CMS-concurrent-preclean-start]
2026-05-27T22:26:59.905+0800: 6322.380: [CMS-concurrent-preclean: 0.002/0.002 secs] [Times: user=0.00 sys=0.00, real=0.00 secs] 
2026-05-27T22:26:59.906+0800: 6322.380: [CMS-concurrent-abortable-preclean-start]
 CMS: abort preclean due to time 2026-05-27T22:27:04.933+0800: 6327.408: [CMS-concurrent-abortable-preclean: 0.619/5.028 secs] [Times: user=0.68 sys=0.01, real=5.03 secs] 
2026-05-27T22:27:04.935+0800: 6327.409: [GC (CMS Final Remark) [YG occupancy: 93314 K (118016 K)]2026-05-27T22:27:04.935+0800: 6327.409: [Rescan (non-parallel) 2026-05-27T22:27:04.935+0800: 6327.410: [grey object rescan, 0.0004226 secs]2026-05-27T22:27:04.936+0800: 6327.410: [root rescan, 0.0633436 secs]2026-05-27T22:27:05.000+0800: 6327.474: [visit unhandled CLDs, 0.0023491 secs]2026-05-27T22:27:05.003+0800: 6327.478: [dirty klass scan, 0.0027329 secs], 0.0714626 secs]2026-05-27T22:27:05.007+0800: 6327.481: [weak refs processing, 0.0003315 secs]2026-05-27T22:27:05.007+0800: 6327.482: [class unloading, 0.0211550 secs]2026-05-27T22:27:05.029+0800: 6327.504: [scrub symbol table, 0.0273717 secs]2026-05-27T22:27:05.057+0800: 6327.531: [scrub string table, 0.0012516 secs][1 CMS-remark: 85003K(131072K)] 178318K(249088K), 0.1247008 secs] [Times: user=0.11 sys=0.00, real=0.13 secs] 
2026-05-27T22:27:05.060+0800: 6327.535: [CMS-concurrent-sweep-start]
2026-05-27T22:27:05.074+0800: 6327.549: [CMS-concurrent-sweep: 0.014/0.014 secs] [Times: user=0.02 sys=0.00, real=0.01 secs] 
2026-05-27T22:27:05.075+0800: 6327.549: [CMS-concurrent-reset-start]
2026-05-27T22:27:05.075+0800: 6327.549: [CMS-concurrent-reset: 0.000/0.000 secs] [Times: user=0.00 sys=0.00, real=0.00 secs] 
2026-05-27T22:27:07.076+0800: 6329.550: [GC (CMS Initial Mark) [1 CMS-initial-mark: 85003K(131072K)] 178599K(249088K), 0.0592841 secs] [Times: user=0.06 sys=0.00, real=0.06 secs] 
2026-05-27T22:27:07.137+0800: 6329.611: [CMS-concurrent-mark-start]
2026-05-27T22:27:07.194+0800: 6329.668: [CMS-concurrent-mark: 0.057/0.057 secs] [Times: user=0.06 sys=0.00, real=0.06 secs] 
2026-05-27T22:27:07.194+0800: 6329.669: [CMS-concurrent-preclean-start]
2026-05-27T22:27:07.197+0800: 6329.671: [CMS-concurrent-preclean: 0.002/0.002 secs] [Times: user=0.00 sys=0.00, real=0.00 secs] 
2026-05-27T22:27:07.197+0800: 6329.671: [CMS-concurrent-abortable-preclean-start]
 CMS: abort preclean due to time 2026-05-27T22:27:12.270+0800: 6334.745: [CMS-concurrent-abortable-preclean: 0.665/5.073 secs] [Times: user=0.72 sys=0.00, real=5.08 secs] 
2026-05-27T22:27:12.272+0800: 6334.746: [GC (CMS Final Remark) [YG occupancy: 94124 K (118016 K)]2026-05-27T22:27:12.272+0800: 6334.747: [Rescan (non-parallel) 2026-05-27T22:27:12.273+0800: 6334.747: [grey object rescan, 0.0004739 secs]2026-05-27T22:27:12.274+0800: 6334.748: [root rescan, 0.0632331 secs]2026-05-27T22:27:12.342+0800: 6334.816: [visit unhandled CLDs, 0.0003206 secs]2026-05-27T22:27:12.343+0800: 6334.817: [dirty klass scan, 0.0019923 secs], 0.0725034 secs]2026-05-27T22:27:12.345+0800: 6334.820: [weak refs processing, 0.0004167 secs]2026-05-27T22:27:12.346+0800: 6334.820: [class unloading, 0.0190216 secs]2026-05-27T22:27:12.366+0800: 6334.840: [scrub symbol table, 0.0220369 secs]2026-05-27T22:27:12.388+0800: 6334.863: [scrub string table, 0.0012047 secs][1 CMS-remark: 85003K(131072K)] 179127K(249088K), 0.1188022 secs] [Times: user=0.11 sys=0.00, real=0.12 secs] 
2026-05-27T22:27:12.392+0800: 6334.866: [CMS-concurrent-sweep-start]
2026-05-27T22:27:12.403+0800: 6334.877: [CMS-concurrent-sweep: 0.011/0.011 secs] [Times: user=0.01 sys=0.00, real=0.01 secs] 
2026-05-27T22:27:12.404+0800: 6334.878: [CMS-concurrent-reset-start]
2026-05-27T22:27:12.404+0800: 6334.878: [CMS-concurrent-reset: 0.000/0.000 secs] [Times: user=0.00 sys=0.00, real=0.00 secs] 
2026-05-27T22:27:14.404+0800: 6336.880: [GC (CMS Initial Mark) [1 CMS-initial-mark: 85003K(131072K)] 179266K(249088K), 0.0570145 secs] [Times: user=0.06 sys=0.00, real=0.06 secs] 
2026-05-27T22:27:14.463+0800: 6336.939: [CMS-concurrent-mark-start]
2026-05-27T22:27:14.518+0800: 6336.994: [CMS-concurrent-mark: 0.056/0.056 secs] [Times: user=0.05 sys=0.00, real=0.06 secs] 
2026-05-27T22:27:14.519+0800: 6336.995: [CMS-concurrent-preclean-start]
2026-05-27T22:27:14.522+0800: 6336.999: [CMS-concurrent-preclean: 0.004/0.004 secs] [Times: user=0.01 sys=0.00, real=0.00 secs] 
2026-05-27T22:27:14.523+0800: 6336.999: [CMS-concurrent-abortable-preclean-start]
 CMS: abort preclean due to time 2026-05-27T22:27:19.545+0800: 6342.021: [CMS-concurrent-abortable-preclean: 0.613/5.021 secs] [Times: user=0.66 sys=0.01, real=5.02 secs] 
2026-05-27T22:27:19.546+0800: 6342.022: [GC (CMS Final Remark) [YG occupancy: 94428 K (118016 K)]2026-05-27T22:27:19.548+0800: 6342.024: [Rescan (non-parallel) 2026-05-27T22:27:19.548+0800: 6342.024: [grey object rescan, 0.0007342 secs]2026-05-27T22:27:19.549+0800: 6342.025: [root rescan, 0.0704709 secs]2026-05-27T22:27:19.620+0800: 6342.096: [visit unhandled CLDs, 0.0003733 secs]2026-05-27T22:27:19.621+0800: 6342.097: [dirty klass scan, 0.0019381 secs], 0.0753905 secs]2026-05-27T22:27:19.623+0800: 6342.099: [weak refs processing, 0.0003047 secs]2026-05-27T22:27:19.624+0800: 6342.100: [class unloading, 0.0160740 secs]2026-05-27T22:27:19.640+0800: 6342.116: [scrub symbol table, 0.0226192 secs]2026-05-27T22:27:19.664+0800: 6342.140: [scrub string table, 0.0010597 secs][1 CMS-remark: 85003K(131072K)] 179431K(249088K), 0.1190713 secs] [Times: user=0.12 sys=0.00, real=0.12 secs] 
2026-05-27T22:27:19.666+0800: 6342.142: [CMS-concurrent-sweep-start]
2026-05-27T22:27:19.679+0800: 6342.155: [CMS-concurrent-sweep: 0.013/0.013 secs] [Times: user=0.01 sys=0.00, real=0.02 secs] 
2026-05-27T22:27:19.680+0800: 6342.156: [CMS-concurrent-reset-start]
2026-05-27T22:27:19.680+0800: 6342.156: [CMS-concurrent-reset: 0.000/0.000 secs] [Times: user=0.00 sys=0.00, real=0.00 secs] 
2026-05-27T22:27:21.681+0800: 6344.157: [GC (CMS Initial Mark) [1 CMS-initial-mark: 85003K(131072K)] 179569K(249088K), 0.0586317 secs] [Times: user=0.06 sys=0.00, real=0.06 secs] 
2026-05-27T22:27:21.741+0800: 6344.217: [CMS-concurrent-mark-start]
2026-05-27T22:27:21.797+0800: 6344.273: [CMS-concurrent-mark: 0.056/0.056 secs] [Times: user=0.06 sys=0.00, real=0.06 secs] 
2026-05-27T22:27:21.797+0800: 6344.273: [CMS-concurrent-preclean-start]
2026-05-27T22:27:21.800+0800: 6344.276: [CMS-concurrent-preclean: 0.002/0.002 secs] [Times: user=0.00 sys=0.00, real=0.00 secs] 
2026-05-27T22:27:21.800+0800: 6344.276: [CMS-concurrent-abortable-preclean-start]
 CMS: abort preclean due to time 2026-05-27T22:27:26.869+0800: 6349.345: [CMS-concurrent-abortable-preclean: 0.719/5.069 secs] [Times: user=1.06 sys=0.03, real=5.07 secs] 
2026-05-27T22:27:26.871+0800: 6349.347: [GC (CMS Final Remark) [YG occupancy: 95527 K (118016 K)]2026-05-27T22:27:26.871+0800: 6349.347: [Rescan (non-parallel) 2026-05-27T22:27:26.871+0800: 6349.347: [grey object rescan, 0.0007055 secs]2026-05-27T22:27:26.873+0800: 6349.349: [root rescan, 0.0643685 secs]2026-05-27T22:27:26.937+0800: 6349.413: [visit unhandled CLDs, 0.0002439 secs]2026-05-27T22:27:26.938+0800: 6349.414: [dirty klass scan, 0.0019484 secs], 0.0687757 secs]2026-05-27T22:27:26.940+0800: 6349.416: [weak refs processing, 0.0002736 secs]2026-05-27T22:27:26.941+0800: 6349.417: [class unloading, 0.0183070 secs]2026-05-27T22:27:26.959+0800: 6349.436: [scrub symbol table, 0.0251664 secs]2026-05-27T22:27:26.985+0800: 6349.461: [scrub string table, 0.0012695 secs][1 CMS-remark: 85003K(131072K)] 180530K(249088K), 0.1167555 secs] [Times: user=0.12 sys=0.00, real=0.12 secs] 
2026-05-27T22:27:26.989+0800: 6349.465: [CMS-concurrent-sweep-start]
2026-05-27T22:27:27.003+0800: 6349.479: [CMS-concurrent-sweep: 0.014/0.014 secs] [Times: user=0.01 sys=0.00, real=0.01 secs] 
2026-05-27T22:27:27.003+0800: 6349.479: [CMS-concurrent-reset-start]
2026-05-27T22:27:27.004+0800: 6349.480: [CMS-concurrent-reset: 0.000/0.000 secs] [Times: user=0.00 sys=0.00, real=0.00 secs] 
2026-05-27T22:27:29.004+0800: 6351.480: [GC (CMS Initial Mark) [1 CMS-initial-mark: 85003K(131072K)] 180584K(249088K), 0.0617887 secs] [Times: user=0.06 sys=0.00, real=0.06 secs] 
2026-05-27T22:27:29.067+0800: 6351.543: [CMS-concurrent-mark-start]
2026-05-27T22:27:29.128+0800: 6351.604: [CMS-concurrent-mark: 0.061/0.061 secs] [Times: user=0.06 sys=0.00, real=0.07 secs] 
2026-05-27T22:27:29.129+0800: 6351.605: [CMS-concurrent-preclean-start]
2026-05-27T22:27:29.131+0800: 6351.607: [CMS-concurrent-preclean: 0.002/0.002 secs] [Times: user=0.01 sys=0.00, real=0.00 secs] 
2026-05-27T22:27:29.132+0800: 6351.608: [CMS-concurrent-abortable-preclean-start]
 CMS: abort preclean due to time 2026-05-27T22:27:34.226+0800: 6356.702: [CMS-concurrent-abortable-preclean: 0.686/5.094 secs] [Times: user=0.74 sys=0.00, real=5.09 secs] 
2026-05-27T22:27:34.228+0800: 6356.704: [GC (CMS Final Remark) [YG occupancy: 96055 K (118016 K)]2026-05-27T22:27:34.229+0800: 6356.705: [Rescan (non-parallel) 2026-05-27T22:27:34.229+0800: 6356.705: [grey object rescan, 0.0005116 secs]2026-05-27T22:27:34.230+0800: 6356.706: [root rescan, 0.0646290 secs]2026-05-27T22:27:34.296+0800: 6356.772: [visit unhandled CLDs, 0.0004169 secs]2026-05-27T22:27:34.297+0800: 6356.773: [dirty klass scan, 0.0030661 secs], 0.0714173 secs]2026-05-27T22:27:34.301+0800: 6356.777: [weak refs processing, 0.0003629 secs]2026-05-27T22:27:34.301+0800: 6356.777: [class unloading, 0.0190103 secs]2026-05-27T22:27:34.321+0800: 6356.797: [scrub symbol table, 0.0235952 secs]2026-05-27T22:27:34.345+0800: 6356.821: [scrub string table, 0.0014583 secs][1 CMS-remark: 85003K(131072K)] 181059K(249088K), 0.1193576 secs] [Times: user=0.11 sys=0.00, real=0.12 secs] 
2026-05-27T22:27:34.348+0800: 6356.824: [CMS-concurrent-sweep-start]
2026-05-27T22:27:34.360+0800: 6356.836: [CMS-concurrent-sweep: 0.012/0.012 secs] [Times: user=0.02 sys=0.00, real=0.01 secs] 
2026-05-27T22:27:34.360+0800: 6356.837: [CMS-concurrent-reset-start]
2026-05-27T22:27:34.361+0800: 6356.837: [CMS-concurrent-reset: 0.000/0.000 secs] [Times: user=0.00 sys=0.00, real=0.00 secs] 
2026-05-27T22:27:36.361+0800: 6358.837: [GC (CMS Initial Mark) [1 CMS-initial-mark: 85003K(131072K)] 181235K(249088K), 0.0622901 secs] [Times: user=0.06 sys=0.00, real=0.06 secs] 
2026-05-27T22:27:36.425+0800: 6358.901: [CMS-concurrent-mark-start]
2026-05-27T22:27:36.481+0800: 6358.957: [CMS-concurrent-mark: 0.056/0.056 secs] [Times: user=0.06 sys=0.00, real=0.06 secs] 
2026-05-27T22:27:36.483+0800: 6358.959: [CMS-concurrent-preclean-start]
2026-05-27T22:27:36.485+0800: 6358.961: [CMS-concurrent-preclean: 0.002/0.002 secs] [Times: user=0.00 sys=0.00, real=0.00 secs] 
2026-05-27T22:27:36.485+0800: 6358.961: [CMS-concurrent-abortable-preclean-start]
 CMS: abort preclean due to time 2026-05-27T22:27:41.554+0800: 6364.030: [CMS-concurrent-abortable-preclean: 0.657/5.068 secs] [Times: user=0.72 sys=0.01, real=5.07 secs] 
2026-05-27T22:27:41.555+0800: 6364.031: [GC (CMS Final Remark) [YG occupancy: 96557 K (118016 K)]2026-05-27T22:27:41.556+0800: 6364.032: [Rescan (non-parallel) 2026-05-27T22:27:41.556+0800: 6364.032: [grey object rescan, 0.0010051 secs]2026-05-27T22:27:41.558+0800: 6364.034: [root rescan, 0.0616117 secs]2026-05-27T22:27:41.620+0800: 6364.096: [visit unhandled CLDs, 0.0003307 secs]2026-05-27T22:27:41.620+0800: 6364.096: [dirty klass scan, 0.0020433 secs], 0.0667435 secs]2026-05-27T22:27:41.623+0800: 6364.099: [weak refs processing, 0.0005315 secs]2026-05-27T22:27:41.624+0800: 6364.100: [class unloading, 0.0158413 secs]2026-05-27T22:27:41.640+0800: 6364.116: [scrub symbol table, 0.0221688 secs]2026-05-27T22:27:41.663+0800: 6364.139: [scrub string table, 0.0011668 secs][1 CMS-remark: 85003K(131072K)] 181560K(249088K), 0.1099810 secs] [Times: user=0.10 sys=0.00, real=0.11 secs] 
2026-05-27T22:27:41.666+0800: 6364.142: [CMS-concurrent-sweep-start]
2026-05-27T22:27:41.677+0800: 6364.153: [CMS-concurrent-sweep: 0.012/0.012 secs] [Times: user=0.02 sys=0.00, real=0.02 secs] 
2026-05-27T22:27:41.678+0800: 6364.154: [CMS-concurrent-reset-start]
2026-05-27T22:27:41.678+0800: 6364.154: [CMS-concurrent-reset: 0.000/0.000 secs] [Times: user=0.00 sys=0.00, real=0.00 secs] 
2026-05-27T22:27:43.679+0800: 6366.155: [GC (CMS Initial Mark) [1 CMS-initial-mark: 85003K(131072K)] 181742K(249088K), 0.0732248 secs] [Times: user=0.07 sys=0.00, real=0.07 secs] 
2026-05-27T22:27:43.753+0800: 6366.229: [CMS-concurrent-mark-start]
2026-05-27T22:27:43.810+0800: 6366.286: [CMS-concurrent-mark: 0.057/0.057 secs] [Times: user=0.06 sys=0.00, real=0.06 secs] 
2026-05-27T22:27:43.811+0800: 6366.287: [CMS-concurrent-preclean-start]
2026-05-27T22:27:43.813+0800: 6366.289: [CMS-concurrent-preclean: 0.002/0.002 secs] [Times: user=0.00 sys=0.00, real=0.00 secs] 
2026-05-27T22:27:43.813+0800: 6366.289: [CMS-concurrent-abortable-preclean-start]
 CMS: abort preclean due to time 2026-05-27T22:27:48.920+0800: 6371.398: [CMS-concurrent-abortable-preclean: 0.648/5.109 secs] [Times: user=1.42 sys=0.01, real=5.11 secs] 
2026-05-27T22:27:48.922+0800: 6371.400: [GC (CMS Final Remark) [YG occupancy: 96956 K (118016 K)]2026-05-27T22:27:48.922+0800: 6371.400: [Rescan (non-parallel) 2026-05-27T22:27:48.922+0800: 6371.401: [grey object rescan, 0.0005169 secs]2026-05-27T22:27:48.923+0800: 6371.402: [root rescan, 0.0576146 secs]2026-05-27T22:27:48.981+0800: 6371.460: [visit unhandled CLDs, 0.0003624 secs]2026-05-27T22:27:48.982+0800: 6371.460: [dirty klass scan, 0.0019578 secs], 0.0622294 secs]2026-05-27T22:27:48.985+0800: 6371.463: [weak refs processing, 0.0004088 secs]2026-05-27T22:27:48.985+0800: 6371.464: [class unloading, 0.0156246 secs]2026-05-27T22:27:49.002+0800: 6371.480: [scrub symbol table, 0.0214126 secs]2026-05-27T22:27:49.023+0800: 6371.502: [scrub string table, 0.0009944 secs][1 CMS-remark: 85003K(131072K)] 181959K(249088K), 0.1038304 secs] [Times: user=0.10 sys=0.00, real=0.11 secs] 
2026-05-27T22:27:49.027+0800: 6371.505: [CMS-concurrent-sweep-start]
2026-05-27T22:27:49.038+0800: 6371.517: [CMS-concurrent-sweep: 0.012/0.012 secs] [Times: user=0.01 sys=0.00, real=0.01 secs] 
2026-05-27T22:27:49.039+0800: 6371.517: [CMS-concurrent-reset-start]
2026-05-27T22:27:49.039+0800: 6371.517: [CMS-concurrent-reset: 0.000/0.000 secs] [Times: user=0.00 sys=0.00, real=0.00 secs] 
2026-05-27T22:27:51.039+0800: 6373.517: [GC (CMS Initial Mark) [1 CMS-initial-mark: 85003K(131072K)] 182024K(249088K), 0.0562794 secs] [Times: user=0.06 sys=0.00, real=0.06 secs] 
2026-05-27T22:27:51.097+0800: 6373.575: [CMS-concurrent-mark-start]
2026-05-27T22:27:51.152+0800: 6373.630: [CMS-concurrent-mark: 0.055/0.055 secs] [Times: user=0.06 sys=0.00, real=0.05 secs] 
2026-05-27T22:27:51.153+0800: 6373.631: [CMS-concurrent-preclean-start]
2026-05-27T22:27:51.155+0800: 6373.634: [CMS-concurrent-preclean: 0.002/0.002 secs] [Times: user=0.00 sys=0.00, real=0.01 secs] 
2026-05-27T22:27:51.156+0800: 6373.634: [CMS-concurrent-abortable-preclean-start]
 CMS: abort preclean due to time 2026-05-27T22:27:56.193+0800: 6378.672: [CMS-concurrent-abortable-preclean: 0.629/5.037 secs] [Times: user=0.68 sys=0.00, real=5.04 secs] 
2026-05-27T22:27:56.195+0800: 6378.673: [GC (CMS Final Remark) [YG occupancy: 97205 K (118016 K)]2026-05-27T22:27:56.196+0800: 6378.674: [Rescan (non-parallel) 2026-05-27T22:27:56.196+0800: 6378.674: [grey object rescan, 0.0005237 secs]2026-05-27T22:27:56.197+0800: 6378.675: [root rescan, 0.0602227 secs]2026-05-27T22:27:56.258+0800: 6378.736: [visit unhandled CLDs, 0.0004249 secs]2026-05-27T22:27:56.258+0800: 6378.737: [dirty klass scan, 0.0019140 secs], 0.0650646 secs]2026-05-27T22:27:56.261+0800: 6378.739: [weak refs processing, 0.0004246 secs]2026-05-27T22:27:56.262+0800: 6378.740: [class unloading, 0.0151318 secs]2026-05-27T22:27:56.278+0800: 6378.756: [scrub symbol table, 0.0252540 secs]2026-05-27T22:27:56.304+0800: 6378.782: [scrub string table, 0.0010955 secs][1 CMS-remark: 85003K(131072K)] 182208K(249088K), 0.1103220 secs] [Times: user=0.10 sys=0.00, real=0.11 secs] 
2026-05-27T22:27:56.307+0800: 6378.785: [CMS-concurrent-sweep-start]
2026-05-27T22:27:56.318+0800: 6378.796: [CMS-concurrent-sweep: 0.011/0.011 secs] [Times: user=0.02 sys=0.00, real=0.01 secs] 
2026-05-27T22:27:56.318+0800: 6378.797: [CMS-concurrent-reset-start]
2026-05-27T22:27:56.318+0800: 6378.797: [CMS-concurrent-reset: 0.000/0.000 secs] [Times: user=0.00 sys=0.00, real=0.00 secs] 
2026-05-27T22:27:58.320+0800: 6380.798: [GC (CMS Initial Mark) [1 CMS-initial-mark: 85002K(131072K)] 182551K(249088K), 0.1134876 secs] [Times: user=0.10 sys=0.00, real=0.12 secs] 
2026-05-27T22:27:58.434+0800: 6380.912: [CMS-concurrent-mark-start]
2026-05-27T22:27:58.510+0800: 6380.988: [CMS-concurrent-mark: 0.076/0.076 secs] [Times: user=0.08 sys=0.00, real=0.07 secs] 
2026-05-27T22:27:58.510+0800: 6380.989: [CMS-concurrent-preclean-start]
2026-05-27T22:27:58.513+0800: 6380.991: [CMS-concurrent-preclean: 0.002/0.002 secs] [Times: user=0.00 sys=0.00, real=0.00 secs] 
2026-05-27T22:27:58.513+0800: 6380.991: [CMS-concurrent-abortable-preclean-start]
 CMS: abort preclean due to time 2026-05-27T22:28:03.601+0800: 6386.079: [CMS-concurrent-abortable-preclean: 0.673/5.088 secs] [Times: user=0.73 sys=0.01, real=5.09 secs] 
2026-05-27T22:28:03.602+0800: 6386.081: [GC (CMS Final Remark) [YG occupancy: 97943 K (118016 K)]2026-05-27T22:28:03.603+0800: 6386.081: [Rescan (non-parallel) 2026-05-27T22:28:03.603+0800: 6386.082: [grey object rescan, 0.0003735 secs]2026-05-27T22:28:03.604+0800: 6386.082: [root rescan, 0.0651660 secs]2026-05-27T22:28:03.669+0800: 6386.148: [visit unhandled CLDs, 0.0003862 secs]2026-05-27T22:28:03.670+0800: 6386.148: [dirty klass scan, 0.0019387 secs], 0.0695129 secs]2026-05-27T22:28:03.673+0800: 6386.151: [weak refs processing, 0.0004774 secs]2026-05-27T22:28:03.674+0800: 6386.152: [class unloading, 0.0167383 secs]2026-05-27T22:28:03.691+0800: 6386.170: [scrub symbol table, 0.0214441 secs]2026-05-27T22:28:03.713+0800: 6386.192: [scrub string table, 0.0010670 secs][1 CMS-remark: 85002K(131072K)] 182946K(249088K), 0.1128413 secs] [Times: user=0.11 sys=0.00, real=0.12 secs] 
2026-05-27T22:28:03.716+0800: 6386.195: [CMS-concurrent-sweep-start]
2026-05-27T22:28:03.728+0800: 6386.206: [CMS-concurrent-sweep: 0.012/0.012 secs] [Times: user=0.01 sys=0.00, real=0.01 secs] 
2026-05-27T22:28:03.729+0800: 6386.207: [CMS-concurrent-reset-start]
2026-05-27T22:28:03.729+0800: 6386.207: [CMS-concurrent-reset: 0.000/0.000 secs] [Times: user=0.00 sys=0.00, real=0.00 secs] 
2026-05-27T22:28:05.729+0800: 6388.208: [GC (CMS Initial Mark) [1 CMS-initial-mark: 85002K(131072K)] 183129K(249088K), 0.0604060 secs] [Times: user=0.06 sys=0.00, real=0.06 secs] 
2026-05-27T22:28:05.791+0800: 6388.270: [CMS-concurrent-mark-start]
2026-05-27T22:28:05.848+0800: 6388.326: [CMS-concurrent-mark: 0.057/0.057 secs] [Times: user=0.06 sys=0.00, real=0.06 secs] 
2026-05-27T22:28:05.849+0800: 6388.327: [CMS-concurrent-preclean-start]
2026-05-27T22:28:05.851+0800: 6388.330: [CMS-concurrent-preclean: 0.002/0.002 secs] [Times: user=0.00 sys=0.00, real=0.00 secs] 
2026-05-27T22:28:05.852+0800: 6388.330: [CMS-concurrent-abortable-preclean-start]
 CMS: abort preclean due to time 2026-05-27T22:28:10.897+0800: 6393.375: [CMS-concurrent-abortable-preclean: 0.636/5.045 secs] [Times: user=0.68 sys=0.02, real=5.05 secs] 
2026-05-27T22:28:10.898+0800: 6393.377: [GC (CMS Final Remark) [YG occupancy: 98264 K (118016 K)]2026-05-27T22:28:10.899+0800: 6393.377: [Rescan (non-parallel) 2026-05-27T22:28:10.899+0800: 6393.377: [grey object rescan, 0.0004488 secs]2026-05-27T22:28:10.900+0800: 6393.378: [root rescan, 0.0581469 secs]2026-05-27T22:28:10.958+0800: 6393.437: [visit unhandled CLDs, 0.0003042 secs]2026-05-27T22:28:10.959+0800: 6393.437: [dirty klass scan, 0.0020576 secs], 0.0631793 secs]2026-05-27T22:28:10.962+0800: 6393.441: [weak refs processing, 0.0003569 secs]2026-05-27T22:28:10.963+0800: 6393.441: [class unloading, 0.0155392 secs]2026-05-27T22:28:10.979+0800: 6393.457: [scrub symbol table, 0.0215921 secs]2026-05-27T22:28:11.001+0800: 6393.479: [scrub string table, 0.0009192 secs][1 CMS-remark: 85002K(131072K)] 183266K(249088K), 0.1043569 secs] [Times: user=0.09 sys=0.01, real=0.10 secs] 
2026-05-27T22:28:11.004+0800: 6393.482: [CMS-concurrent-sweep-start]
2026-05-27T22:28:11.016+0800: 6393.494: [CMS-concurrent-sweep: 0.012/0.012 secs] [Times: user=0.01 sys=0.00, real=0.02 secs] 
2026-05-27T22:28:11.016+0800: 6393.495: [CMS-concurrent-reset-start]
2026-05-27T22:28:11.016+0800: 6393.495: [CMS-concurrent-reset: 0.000/0.000 secs] [Times: user=0.00 sys=0.00, real=0.00 secs] 
2026-05-27T22:28:13.017+0800: 6395.495: [GC (CMS Initial Mark) [1 CMS-initial-mark: 85002K(131072K)] 183387K(249088K), 0.0581621 secs] [Times: user=0.06 sys=0.00, real=0.06 secs] 
2026-05-27T22:28:13.076+0800: 6395.555: [CMS-concurrent-mark-start]
2026-05-27T22:28:13.138+0800: 6395.617: [CMS-concurrent-mark: 0.062/0.062 secs] [Times: user=0.06 sys=0.00, real=0.06 secs] 
2026-05-27T22:28:13.139+0800: 6395.617: [CMS-concurrent-preclean-start]
2026-05-27T22:28:13.142+0800: 6395.621: [CMS-concurrent-preclean: 0.003/0.003 secs] [Times: user=0.01 sys=0.00, real=0.00 secs] 
2026-05-27T22:28:13.143+0800: 6395.621: [CMS-concurrent-abortable-preclean-start]
 CMS: abort preclean due to time 2026-05-27T22:28:18.176+0800: 6400.656: [CMS-concurrent-abortable-preclean: 0.627/5.035 secs] [Times: user=0.69 sys=0.00, real=5.04 secs] 
2026-05-27T22:28:18.177+0800: 6400.658: [GC (CMS Final Remark) [YG occupancy: 98828 K (118016 K)]2026-05-27T22:28:18.178+0800: 6400.659: [Rescan (non-parallel) 2026-05-27T22:28:18.178+0800: 6400.659: [grey object rescan, 0.0006493 secs]2026-05-27T22:28:18.179+0800: 6400.660: [root rescan, 0.0589461 secs]2026-05-27T22:28:18.239+0800: 6400.719: [visit unhandled CLDs, 0.0002464 secs]2026-05-27T22:28:18.239+0800: 6400.720: [dirty klass scan, 0.0019758 secs], 0.0636673 secs]2026-05-27T22:28:18.242+0800: 6400.723: [weak refs processing, 0.0003978 secs]2026-05-27T22:28:18.243+0800: 6400.723: [class unloading, 0.0153537 secs]2026-05-27T22:28:18.259+0800: 6400.739: [scrub symbol table, 0.0226219 secs]2026-05-27T22:28:18.282+0800: 6400.762: [scrub string table, 0.0008911 secs][1 CMS-remark: 85002K(131072K)] 183830K(249088K), 0.1060713 secs] [Times: user=0.10 sys=0.00, real=0.11 secs] 
2026-05-27T22:28:18.285+0800: 6400.765: [CMS-concurrent-sweep-start]
2026-05-27T22:28:18.296+0800: 6400.777: [CMS-concurrent-sweep: 0.011/0.011 secs] [Times: user=0.01 sys=0.00, real=0.01 secs] 
2026-05-27T22:28:18.297+0800: 6400.777: [CMS-concurrent-reset-start]
2026-05-27T22:28:18.297+0800: 6400.777: [CMS-concurrent-reset: 0.000/0.000 secs] [Times: user=0.00 sys=0.00, real=0.00 secs] 
2026-05-27T22:28:20.298+0800: 6402.778: [GC (CMS Initial Mark) [1 CMS-initial-mark: 85002K(131072K)] 183983K(249088K), 0.0603532 secs] [Times: user=0.06 sys=0.00, real=0.06 secs] 
2026-05-27T22:28:20.359+0800: 6402.840: [CMS-concurrent-mark-start]
2026-05-27T22:28:20.416+0800: 6402.896: [CMS-concurrent-mark: 0.056/0.056 secs] [Times: user=0.05 sys=0.00, real=0.06 secs] 
2026-05-27T22:28:20.416+0800: 6402.897: [CMS-concurrent-preclean-start]
2026-05-27T22:28:20.418+0800: 6402.899: [CMS-concurrent-preclean: 0.002/0.002 secs] [Times: user=0.00 sys=0.00, real=0.00 secs] 
2026-05-27T22:28:20.419+0800: 6402.899: [CMS-concurrent-abortable-preclean-start]
 CMS: abort preclean due to time 2026-05-27T22:28:25.468+0800: 6407.948: [CMS-concurrent-abortable-preclean: 0.634/5.049 secs] [Times: user=0.69 sys=0.00, real=5.05 secs] 
2026-05-27T22:28:25.469+0800: 6407.950: [GC (CMS Final Remark) [YG occupancy: 99039 K (118016 K)]2026-05-27T22:28:25.470+0800: 6407.950: [Rescan (non-parallel) 2026-05-27T22:28:25.470+0800: 6407.951: [grey object rescan, 0.0005183 secs]2026-05-27T22:28:25.471+0800: 6407.952: [root rescan, 0.0594599 secs]2026-05-27T22:28:25.531+0800: 6408.012: [visit unhandled CLDs, 0.0004825 secs]2026-05-27T22:28:25.532+0800: 6408.013: [dirty klass scan, 0.0023722 secs], 0.0651892 secs]2026-05-27T22:28:25.535+0800: 6408.016: [weak refs processing, 0.0004162 secs]2026-05-27T22:28:25.536+0800: 6408.017: [class unloading, 0.0281357 secs]2026-05-27T22:28:25.565+0800: 6408.045: [scrub symbol table, 0.0236395 secs]2026-05-27T22:28:25.589+0800: 6408.069: [scrub string table, 0.0009539 secs][1 CMS-remark: 85002K(131072K)] 184042K(249088K), 0.1211780 secs] [Times: user=0.11 sys=0.00, real=0.13 secs] 
2026-05-27T22:28:25.592+0800: 6408.073: [CMS-concurrent-sweep-start]
2026-05-27T22:28:25.614+0800: 6408.095: [CMS-concurrent-sweep: 0.022/0.022 secs] [Times: user=0.03 sys=0.00, real=0.02 secs] 
2026-05-27T22:28:25.636+0800: 6408.116: [CMS-concurrent-reset-start]
2026-05-27T22:28:25.636+0800: 6408.117: [CMS-concurrent-reset: 0.000/0.000 secs] [Times: user=0.00 sys=0.00, real=0.00 secs] 
2026-05-27T22:28:27.639+0800: 6410.119: [GC (CMS Initial Mark) [1 CMS-initial-mark: 85002K(131072K)] 184346K(249088K), 0.0596413 secs] [Times: user=0.06 sys=0.00, real=0.06 secs] 
2026-05-27T22:28:27.700+0800: 6410.180: [CMS-concurrent-mark-start]
2026-05-27T22:28:27.755+0800: 6410.236: [CMS-concurrent-mark: 0.055/0.055 secs] [Times: user=0.06 sys=0.00, real=0.06 secs] 
2026-05-27T22:28:27.756+0800: 6410.236: [CMS-concurrent-preclean-start]
2026-05-27T22:28:27.759+0800: 6410.239: [CMS-concurrent-preclean: 0.003/0.003 secs] [Times: user=0.00 sys=0.00, real=0.00 secs] 
2026-05-27T22:28:27.759+0800: 6410.240: [CMS-concurrent-abortable-preclean-start]
 CMS: abort preclean due to time 2026-05-27T22:28:32.773+0800: 6415.254: [CMS-concurrent-abortable-preclean: 0.606/5.014 secs] [Times: user=0.66 sys=0.00, real=5.02 secs] 
2026-05-27T22:28:32.775+0800: 6415.256: [GC (CMS Final Remark) [YG occupancy: 99663 K (118016 K)]2026-05-27T22:28:32.776+0800: 6415.256: [Rescan (non-parallel) 2026-05-27T22:28:32.776+0800: 6415.256: [grey object rescan, 0.0003973 secs]2026-05-27T22:28:32.777+0800: 6415.257: [root rescan, 0.0602859 secs]2026-05-27T22:28:32.837+0800: 6415.318: [visit unhandled CLDs, 0.0003166 secs]2026-05-27T22:28:32.838+0800: 6415.318: [dirty klass scan, 0.0020593 secs], 0.0649778 secs]2026-05-27T22:28:32.841+0800: 6415.321: [weak refs processing, 0.0004207 secs]2026-05-27T22:28:32.842+0800: 6415.322: [class unloading, 0.0151786 secs]2026-05-27T22:28:32.857+0800: 6415.338: [scrub symbol table, 0.0213180 secs]2026-05-27T22:28:32.879+0800: 6415.360: [scrub string table, 0.0009026 secs][1 CMS-remark: 85002K(131072K)] 184666K(249088K), 0.1060260 secs] [Times: user=0.09 sys=0.00, real=0.10 secs] 
2026-05-27T22:28:32.882+0800: 6415.363: [CMS-concurrent-sweep-start]
2026-05-27T22:28:32.894+0800: 6415.374: [CMS-concurrent-sweep: 0.012/0.012 secs] [Times: user=0.02 sys=0.00, real=0.02 secs] 
2026-05-27T22:28:32.894+0800: 6415.375: [CMS-concurrent-reset-start]
2026-05-27T22:28:32.894+0800: 6415.375: [CMS-concurrent-reset: 0.000/0.000 secs] [Times: user=0.00 sys=0.00, real=0.00 secs] 
2026-05-27T22:28:34.895+0800: 6417.375: [GC (CMS Initial Mark) [1 CMS-initial-mark: 85002K(131072K)] 184830K(249088K), 0.0605296 secs] [Times: user=0.06 sys=0.00, real=0.06 secs] 
2026-05-27T22:28:34.956+0800: 6417.437: [CMS-concurrent-mark-start]
2026-05-27T22:28:35.014+0800: 6417.495: [CMS-concurrent-mark: 0.058/0.058 secs] [Times: user=0.06 sys=0.00, real=0.06 secs] 
2026-05-27T22:28:35.015+0800: 6417.495: [CMS-concurrent-preclean-start]
2026-05-27T22:28:35.017+0800: 6417.498: [CMS-concurrent-preclean: 0.002/0.002 secs] [Times: user=0.00 sys=0.00, real=0.00 secs] 
2026-05-27T22:28:35.018+0800: 6417.498: [CMS-concurrent-abortable-preclean-start]
 CMS: abort preclean due to time 2026-05-27T22:28:40.085+0800: 6422.565: [CMS-concurrent-abortable-preclean: 0.646/5.067 secs] [Times: user=0.73 sys=0.00, real=5.07 secs] 
2026-05-27T22:28:40.086+0800: 6422.567: [GC (CMS Final Remark) [YG occupancy: 100052 K (118016 K)]2026-05-27T22:28:40.087+0800: 6422.567: [Rescan (non-parallel) 2026-05-27T22:28:40.087+0800: 6422.568: [grey object rescan, 0.0005798 secs]2026-05-27T22:28:40.088+0800: 6422.569: [root rescan, 0.1037193 secs]2026-05-27T22:28:40.192+0800: 6422.673: [visit unhandled CLDs, 0.0010894 secs]2026-05-27T22:28:40.194+0800: 6422.675: [dirty klass scan, 0.0025803 secs], 0.1105613 secs]2026-05-27T22:28:40.198+0800: 6422.678: [weak refs processing, 0.0003250 secs]2026-05-27T22:28:40.198+0800: 6422.679: [class unloading, 0.0175034 secs]2026-05-27T22:28:40.216+0800: 6422.697: [scrub symbol table, 0.0214793 secs]2026-05-27T22:28:40.238+0800: 6422.719: [scrub string table, 0.0009981 secs][1 CMS-remark: 85002K(131072K)] 185055K(249088K), 0.1536586 secs] [Times: user=0.15 sys=0.00, real=0.15 secs] 
2026-05-27T22:28:40.241+0800: 6422.721: [CMS-concurrent-sweep-start]
2026-05-27T22:28:40.252+0800: 6422.733: [CMS-concurrent-sweep: 0.011/0.011 secs] [Times: user=0.01 sys=0.00, real=0.02 secs] 
2026-05-27T22:28:40.253+0800: 6422.733: [CMS-concurrent-reset-start]
2026-05-27T22:28:40.253+0800: 6422.734: [CMS-concurrent-reset: 0.000/0.000 secs] [Times: user=0.00 sys=0.00, real=0.00 secs] 
2026-05-27T22:28:42.253+0800: 6424.734: [GC (CMS Initial Mark) [1 CMS-initial-mark: 85002K(131072K)] 185171K(249088K), 0.0588866 secs] [Times: user=0.05 sys=0.00, real=0.06 secs] 
2026-05-27T22:28:42.313+0800: 6424.794: [CMS-concurrent-mark-start]
2026-05-27T22:28:42.371+0800: 6424.852: [CMS-concurrent-mark: 0.058/0.058 secs] [Times: user=0.06 sys=0.00, real=0.06 secs] 
2026-05-27T22:28:42.372+0800: 6424.852: [CMS-concurrent-preclean-start]
2026-05-27T22:28:42.374+0800: 6424.855: [CMS-concurrent-preclean: 0.002/0.002 secs] [Times: user=0.01 sys=0.00, real=0.00 secs] 
2026-05-27T22:28:42.375+0800: 6424.855: [CMS-concurrent-abortable-preclean-start]
 CMS: abort preclean due to time 2026-05-27T22:28:47.423+0800: 6429.905: [CMS-concurrent-abortable-preclean: 0.641/5.050 secs] [Times: user=0.69 sys=0.01, real=5.05 secs] 
2026-05-27T22:28:47.425+0800: 6429.907: [GC (CMS Final Remark) [YG occupancy: 100489 K (118016 K)]2026-05-27T22:28:47.426+0800: 6429.908: [Rescan (non-parallel) 2026-05-27T22:28:47.426+0800: 6429.908: [grey object rescan, 0.0004822 secs]2026-05-27T22:28:47.427+0800: 6429.909: [root rescan, 0.0623364 secs]2026-05-27T22:28:47.490+0800: 6429.972: [visit unhandled CLDs, 0.0004380 secs]2026-05-27T22:28:47.491+0800: 6429.973: [dirty klass scan, 0.0023387 secs], 0.0679873 secs]2026-05-27T22:28:47.494+0800: 6429.976: [weak refs processing, 0.0004483 secs]2026-05-27T22:28:47.495+0800: 6429.977: [class unloading, 0.0160294 secs]2026-05-27T22:28:47.511+0800: 6429.993: [scrub symbol table, 0.0222908 secs]2026-05-27T22:28:47.534+0800: 6430.016: [scrub string table, 0.0013317 secs][1 CMS-remark: 85002K(131072K)] 185491K(249088K), 0.1112089 secs] [Times: user=0.10 sys=0.00, real=0.11 secs] 
2026-05-27T22:28:47.537+0800: 6430.019: [CMS-concurrent-sweep-start]
2026-05-27T22:28:47.549+0800: 6430.031: [CMS-concurrent-sweep: 0.012/0.012 secs] [Times: user=0.01 sys=0.00, real=0.01 secs] 
2026-05-27T22:28:47.550+0800: 6430.032: [CMS-concurrent-reset-start]
2026-05-27T22:28:47.550+0800: 6430.032: [CMS-concurrent-reset: 0.000/0.000 secs] [Times: user=0.00 sys=0.00, real=0.00 secs] 
2026-05-27T22:28:49.550+0800: 6432.032: [GC (CMS Initial Mark) [1 CMS-initial-mark: 85002K(131072K)] 185697K(249088K), 0.0604636 secs] [Times: user=0.06 sys=0.00, real=0.06 secs] 
2026-05-27T22:28:49.612+0800: 6432.094: [CMS-concurrent-mark-start]
2026-05-27T22:28:49.668+0800: 6432.150: [CMS-concurrent-mark: 0.056/0.056 secs] [Times: user=0.05 sys=0.01, real=0.05 secs] 
2026-05-27T22:28:49.669+0800: 6432.151: [CMS-concurrent-preclean-start]
2026-05-27T22:28:49.671+0800: 6432.153: [CMS-concurrent-preclean: 0.002/0.002 secs] [Times: user=0.00 sys=0.00, real=0.01 secs] 
2026-05-27T22:28:49.672+0800: 6432.154: [CMS-concurrent-abortable-preclean-start]
 CMS: abort preclean due to time 2026-05-27T22:28:54.684+0800: 6437.166: [CMS-concurrent-abortable-preclean: 0.604/5.012 secs] [Times: user=0.65 sys=0.00, real=5.01 secs] 
2026-05-27T22:28:54.686+0800: 6437.168: [GC (CMS Final Remark) [YG occupancy: 100967 K (118016 K)]2026-05-27T22:28:54.686+0800: 6437.169: [Rescan (non-parallel) 2026-05-27T22:28:54.687+0800: 6437.169: [grey object rescan, 0.0004559 secs]2026-05-27T22:28:54.688+0800: 6437.170: [root rescan, 0.0617480 secs]2026-05-27T22:28:54.750+0800: 6437.232: [visit unhandled CLDs, 0.0004418 secs]2026-05-27T22:28:54.751+0800: 6437.233: [dirty klass scan, 0.0019395 secs], 0.0669752 secs]2026-05-27T22:28:54.754+0800: 6437.236: [weak refs processing, 0.0003792 secs]2026-05-27T22:28:54.754+0800: 6437.237: [class unloading, 0.0154524 secs]2026-05-27T22:28:54.770+0800: 6437.252: [scrub symbol table, 0.0219471 secs]2026-05-27T22:28:54.793+0800: 6437.275: [scrub string table, 0.0015822 secs][1 CMS-remark: 85002K(131072K)] 185969K(249088K), 0.1094563 secs] [Times: user=0.10 sys=0.00, real=0.11 secs] 
2026-05-27T22:28:54.797+0800: 6437.279: [CMS-concurrent-sweep-start]
2026-05-27T22:28:54.808+0800: 6437.290: [CMS-concurrent-sweep: 0.011/0.011 secs] [Times: user=0.01 sys=0.00, real=0.01 secs] 
2026-05-27T22:28:54.809+0800: 6437.291: [CMS-concurrent-reset-start]
2026-05-27T22:28:54.809+0800: 6437.291: [CMS-concurrent-reset: 0.000/0.000 secs] [Times: user=0.00 sys=0.00, real=0.00 secs] 
2026-05-27T22:28:56.810+0800: 6439.292: [GC (CMS Initial Mark) [1 CMS-initial-mark: 85002K(131072K)] 186007K(249088K), 0.0610030 secs] [Times: user=0.06 sys=0.00, real=0.06 secs] 
2026-05-27T22:28:56.872+0800: 6439.355: [CMS-concurrent-mark-start]
2026-05-27T22:28:56.926+0800: 6439.408: [CMS-concurrent-mark: 0.053/0.053 secs] [Times: user=0.06 sys=0.00, real=0.05 secs] 
2026-05-27T22:28:56.926+0800: 6439.408: [CMS-concurrent-preclean-start]
2026-05-27T22:28:56.929+0800: 6439.411: [CMS-concurrent-preclean: 0.002/0.002 secs] [Times: user=0.00 sys=0.00, real=0.00 secs] 
2026-05-27T22:28:56.929+0800: 6439.411: [CMS-concurrent-abortable-preclean-start]
 CMS: abort preclean due to time 2026-05-27T22:29:01.959+0800: 6444.441: [CMS-concurrent-abortable-preclean: 0.622/5.030 secs] [Times: user=0.66 sys=0.02, real=5.03 secs] 
2026-05-27T22:29:01.960+0800: 6444.442: [GC (CMS Final Remark) [YG occupancy: 101433 K (118016 K)]2026-05-27T22:29:01.961+0800: 6444.443: [Rescan (non-parallel) 2026-05-27T22:29:01.961+0800: 6444.443: [grey object rescan, 0.0004855 secs]2026-05-27T22:29:01.962+0800: 6444.444: [root rescan, 0.0622220 secs]2026-05-27T22:29:02.025+0800: 6444.507: [visit unhandled CLDs, 0.0003947 secs]2026-05-27T22:29:02.025+0800: 6444.508: [dirty klass scan, 0.0020733 secs], 0.0670544 secs]2026-05-27T22:29:02.028+0800: 6444.510: [weak refs processing, 0.0002481 secs]2026-05-27T22:29:02.028+0800: 6444.511: [class unloading, 0.0154220 secs]2026-05-27T22:29:02.044+0800: 6444.527: [scrub symbol table, 0.0249682 secs]2026-05-27T22:29:02.070+0800: 6444.552: [scrub string table, 0.0008299 secs][1 CMS-remark: 85002K(131072K)] 186435K(249088K), 0.1110542 secs] [Times: user=0.11 sys=0.00, real=0.12 secs] 
2026-05-27T22:29:02.072+0800: 6444.554: [CMS-concurrent-sweep-start]
2026-05-27T22:29:02.084+0800: 6444.566: [CMS-concurrent-sweep: 0.012/0.012 secs] [Times: user=0.01 sys=0.00, real=0.01 secs] 
2026-05-27T22:29:02.085+0800: 6444.567: [CMS-concurrent-reset-start]
2026-05-27T22:29:02.085+0800: 6444.567: [CMS-concurrent-reset: 0.000/0.000 secs] [Times: user=0.00 sys=0.00, real=0.00 secs] 
2026-05-27T22:29:04.086+0800: 6446.568: [GC (CMS Initial Mark) [1 CMS-initial-mark: 85002K(131072K)] 186604K(249088K), 0.0615854 secs] [Times: user=0.06 sys=0.00, real=0.06 secs] 
2026-05-27T22:29:04.149+0800: 6446.631: [CMS-concurrent-mark-start]
2026-05-27T22:29:04.206+0800: 6446.688: [CMS-concurrent-mark: 0.057/0.057 secs] [Times: user=0.06 sys=0.00, real=0.06 secs] 
2026-05-27T22:29:04.207+0800: 6446.689: [CMS-concurrent-preclean-start]
2026-05-27T22:29:04.209+0800: 6446.691: [CMS-concurrent-preclean: 0.002/0.002 secs] [Times: user=0.00 sys=0.00, real=0.00 secs] 
2026-05-27T22:29:04.210+0800: 6446.692: [CMS-concurrent-abortable-preclean-start]
 CMS: abort preclean due to time 2026-05-27T22:29:09.253+0800: 6451.735: [CMS-concurrent-abortable-preclean: 0.635/5.043 secs] [Times: user=0.69 sys=0.00, real=5.04 secs] 
2026-05-27T22:29:09.254+0800: 6451.736: [GC (CMS Final Remark) [YG occupancy: 102008 K (118016 K)]2026-05-27T22:29:09.255+0800: 6451.737: [Rescan (non-parallel) 2026-05-27T22:29:09.255+0800: 6451.737: [grey object rescan, 0.0003677 secs]2026-05-27T22:29:09.256+0800: 6451.738: [root rescan, 0.0625580 secs]2026-05-27T22:29:09.319+0800: 6451.801: [visit unhandled CLDs, 0.0003095 secs]2026-05-27T22:29:09.319+0800: 6451.801: [dirty klass scan, 0.0020496 secs], 0.0669511 secs]2026-05-27T22:29:09.322+0800: 6451.804: [weak refs processing, 0.0004349 secs]2026-05-27T22:29:09.323+0800: 6451.805: [class unloading, 0.0158114 secs]2026-05-27T22:29:09.339+0800: 6451.821: [scrub symbol table, 0.0219419 secs]2026-05-27T22:29:09.361+0800: 6451.844: [scrub string table, 0.0008798 secs][1 CMS-remark: 85002K(131072K)] 187011K(249088K), 0.1088480 secs] [Times: user=0.09 sys=0.00, real=0.11 secs] 
2026-05-27T22:29:09.364+0800: 6451.846: [CMS-concurrent-sweep-start]
2026-05-27T22:29:09.377+0800: 6451.859: [CMS-concurrent-sweep: 0.013/0.013 secs] [Times: user=0.02 sys=0.00, real=0.01 secs] 
2026-05-27T22:29:09.378+0800: 6451.860: [CMS-concurrent-reset-start]
2026-05-27T22:29:09.378+0800: 6451.860: [CMS-concurrent-reset: 0.000/0.000 secs] [Times: user=0.00 sys=0.00, real=0.00 secs] 
2026-05-27T22:29:11.379+0800: 6453.861: [GC (CMS Initial Mark) [1 CMS-initial-mark: 85002K(131072K)] 187048K(249088K), 0.0622272 secs] [Times: user=0.07 sys=0.00, real=0.07 secs] 
2026-05-27T22:29:11.442+0800: 6453.924: [CMS-concurrent-mark-start]
2026-05-27T22:29:11.542+0800: 6454.024: [CMS-concurrent-mark: 0.099/0.099 secs] [Times: user=0.10 sys=0.00, real=0.10 secs] 
2026-05-27T22:29:11.544+0800: 6454.026: [CMS-concurrent-preclean-start]
2026-05-27T22:29:11.551+0800: 6454.033: [CMS-concurrent-preclean: 0.007/0.007 secs] [Times: user=0.00 sys=0.00, real=0.01 secs] 
2026-05-27T22:29:11.554+0800: 6454.036: [CMS-concurrent-abortable-preclean-start]
 CMS: abort preclean due to time 2026-05-27T22:29:16.615+0800: 6459.099: [CMS-concurrent-abortable-preclean: 0.655/5.063 secs] [Times: user=0.71 sys=0.00, real=5.06 secs] 
2026-05-27T22:29:16.616+0800: 6459.101: [GC (CMS Final Remark) [YG occupancy: 102140 K (118016 K)]2026-05-27T22:29:16.617+0800: 6459.101: [Rescan (non-parallel) 2026-05-27T22:29:16.618+0800: 6459.102: [grey object rescan, 0.0005309 secs]2026-05-27T22:29:16.618+0800: 6459.103: [root rescan, 0.0603549 secs]2026-05-27T22:29:16.679+0800: 6459.164: [visit unhandled CLDs, 0.0004493 secs]2026-05-27T22:29:16.680+0800: 6459.165: [dirty klass scan, 0.0019780 secs], 0.0661225 secs]2026-05-27T22:29:16.683+0800: 6459.168: [weak refs processing, 0.0003337 secs]2026-05-27T22:29:16.684+0800: 6459.169: [class unloading, 0.0153832 secs]2026-05-27T22:29:16.700+0800: 6459.184: [scrub symbol table, 0.0215015 secs]2026-05-27T22:29:16.722+0800: 6459.206: [scrub string table, 0.0014121 secs][1 CMS-remark: 85002K(131072K)] 187142K(249088K), 0.1079333 secs] [Times: user=0.11 sys=0.00, real=0.11 secs] 
2026-05-27T22:29:16.725+0800: 6459.210: [CMS-concurrent-sweep-start]
2026-05-27T22:29:16.736+0800: 6459.221: [CMS-concurrent-sweep: 0.011/0.011 secs] [Times: user=0.01 sys=0.00, real=0.01 secs] 
2026-05-27T22:29:16.737+0800: 6459.222: [CMS-concurrent-reset-start]
2026-05-27T22:29:16.737+0800: 6459.222: [CMS-concurrent-reset: 0.000/0.000 secs] [Times: user=0.00 sys=0.00, real=0.00 secs] 
2026-05-27T22:29:18.737+0800: 6461.222: [GC (CMS Initial Mark) [1 CMS-initial-mark: 85002K(131072K)] 187308K(249088K), 0.0589705 secs] [Times: user=0.06 sys=0.00, real=0.06 secs] 
2026-05-27T22:29:18.798+0800: 6461.282: [CMS-concurrent-mark-start]
2026-05-27T22:29:18.850+0800: 6461.335: [CMS-concurrent-mark: 0.053/0.053 secs] [Times: user=0.05 sys=0.00, real=0.06 secs] 
2026-05-27T22:29:18.851+0800: 6461.335: [CMS-concurrent-preclean-start]
2026-05-27T22:29:18.853+0800: 6461.338: [CMS-concurrent-preclean: 0.002/0.002 secs] [Times: user=0.00 sys=0.00, real=0.00 secs] 
2026-05-27T22:29:18.854+0800: 6461.338: [CMS-concurrent-abortable-preclean-start]
 CMS: abort preclean due to time 2026-05-27T22:29:23.881+0800: 6466.366: [CMS-concurrent-abortable-preclean: 0.619/5.028 secs] [Times: user=0.65 sys=0.03, real=5.03 secs] 
2026-05-27T22:29:23.883+0800: 6466.367: [GC (CMS Final Remark) [YG occupancy: 102649 K (118016 K)]2026-05-27T22:29:23.883+0800: 6466.368: [Rescan (non-parallel) 2026-05-27T22:29:23.884+0800: 6466.368: [grey object rescan, 0.0005367 secs]2026-05-27T22:29:23.885+0800: 6466.369: [root rescan, 0.0672638 secs]2026-05-27T22:29:23.952+0800: 6466.437: [visit unhandled CLDs, 0.0006170 secs]2026-05-27T22:29:23.954+0800: 6466.438: [dirty klass scan, 0.0023408 secs], 0.0731679 secs]2026-05-27T22:29:23.957+0800: 6466.441: [weak refs processing, 0.0006099 secs]2026-05-27T22:29:23.958+0800: 6466.442: [class unloading, 0.0150887 secs]2026-05-27T22:29:23.973+0800: 6466.458: [scrub symbol table, 0.0207992 secs]2026-05-27T22:29:23.995+0800: 6466.479: [scrub string table, 0.0011532 secs][1 CMS-remark: 85002K(131072K)] 187652K(249088K), 0.1136946 secs] [Times: user=0.11 sys=0.00, real=0.11 secs] 
2026-05-27T22:29:23.998+0800: 6466.482: [CMS-concurrent-sweep-start]
2026-05-27T22:29:24.009+0800: 6466.493: [CMS-concurrent-sweep: 0.011/0.011 secs] [Times: user=0.01 sys=0.00, real=0.02 secs] 
2026-05-27T22:29:24.009+0800: 6466.494: [CMS-concurrent-reset-start]
2026-05-27T22:29:24.010+0800: 6466.494: [CMS-concurrent-reset: 0.000/0.000 secs] [Times: user=0.00 sys=0.00, real=0.00 secs] 
2026-05-27T22:29:26.010+0800: 6468.494: [GC (CMS Initial Mark) [1 CMS-initial-mark: 85002K(131072K)] 187832K(249088K), 0.0604637 secs] [Times: user=0.06 sys=0.00, real=0.06 secs] 
2026-05-27T22:29:26.072+0800: 6468.556: [CMS-concurrent-mark-start]
2026-05-27T22:29:26.128+0800: 6468.613: [CMS-concurrent-mark: 0.057/0.057 secs] [Times: user=0.06 sys=0.00, real=0.06 secs] 
2026-05-27T22:29:26.129+0800: 6468.613: [CMS-concurrent-preclean-start]
2026-05-27T22:29:26.131+0800: 6468.615: [CMS-concurrent-preclean: 0.002/0.002 secs] [Times: user=0.00 sys=0.00, real=0.00 secs] 
2026-05-27T22:29:26.131+0800: 6468.616: [CMS-concurrent-abortable-preclean-start]
 CMS: abort preclean due to time 2026-05-27T22:29:31.217+0800: 6473.702: [CMS-concurrent-abortable-preclean: 0.669/5.086 secs] [Times: user=0.74 sys=0.02, real=5.08 secs] 
2026-05-27T22:29:31.218+0800: 6473.703: [GC (CMS Final Remark) [YG occupancy: 103306 K (118016 K)]2026-05-27T22:29:31.219+0800: 6473.703: [Rescan (non-parallel) 2026-05-27T22:29:31.219+0800: 6473.704: [grey object rescan, 0.0003682 secs]2026-05-27T22:29:31.220+0800: 6473.704: [root rescan, 0.0606741 secs]2026-05-27T22:29:31.281+0800: 6473.765: [visit unhandled CLDs, 0.0003761 secs]2026-05-27T22:29:31.281+0800: 6473.766: [dirty klass scan, 0.0021260 secs], 0.0651945 secs]2026-05-27T22:29:31.284+0800: 6473.769: [weak refs processing, 0.0004174 secs]2026-05-27T22:29:31.285+0800: 6473.769: [class unloading, 0.0157881 secs]2026-05-27T22:29:31.301+0800: 6473.786: [scrub symbol table, 0.0210711 secs]2026-05-27T22:29:31.323+0800: 6473.807: [scrub string table, 0.0009414 secs][1 CMS-remark: 85002K(131072K)] 188308K(249088K), 0.1064607 secs] [Times: user=0.10 sys=0.00, real=0.11 secs] 
2026-05-27T22:29:31.326+0800: 6473.810: [CMS-concurrent-sweep-start]
2026-05-27T22:29:31.337+0800: 6473.821: [CMS-concurrent-sweep: 0.011/0.011 secs] [Times: user=0.01 sys=0.00, real=0.01 secs] 
2026-05-27T22:29:31.337+0800: 6473.822: [CMS-concurrent-reset-start]
2026-05-27T22:29:31.338+0800: 6473.822: [CMS-concurrent-reset: 0.000/0.000 secs] [Times: user=0.00 sys=0.00, real=0.00 secs] 
2026-05-27T22:29:33.339+0800: 6475.823: [GC (CMS Initial Mark) [1 CMS-initial-mark: 85002K(131072K)] 188352K(249088K), 0.0620050 secs] [Times: user=0.06 sys=0.00, real=0.07 secs] 
2026-05-27T22:29:33.402+0800: 6475.887: [CMS-concurrent-mark-start]
2026-05-27T22:29:33.456+0800: 6475.941: [CMS-concurrent-mark: 0.054/0.054 secs] [Times: user=0.06 sys=0.00, real=0.05 secs] 
2026-05-27T22:29:33.456+0800: 6475.941: [CMS-concurrent-preclean-start]
2026-05-27T22:29:33.459+0800: 6475.943: [CMS-concurrent-preclean: 0.002/0.002 secs] [Times: user=0.00 sys=0.00, real=0.01 secs] 
2026-05-27T22:29:33.459+0800: 6475.944: [CMS-concurrent-abortable-preclean-start]
 CMS: abort preclean due to time 2026-05-27T22:29:38.486+0800: 6480.970: [CMS-concurrent-abortable-preclean: 0.619/5.026 secs] [Times: user=0.69 sys=0.00, real=5.02 secs] 
2026-05-27T22:29:38.488+0800: 6480.972: [GC (CMS Final Remark) [YG occupancy: 103502 K (118016 K)]2026-05-27T22:29:38.488+0800: 6480.973: [Rescan (non-parallel) 2026-05-27T22:29:38.488+0800: 6480.973: [grey object rescan, 0.0004783 secs]2026-05-27T22:29:38.489+0800: 6480.974: [root rescan, 0.0646202 secs]2026-05-27T22:29:38.554+0800: 6481.039: [visit unhandled CLDs, 0.0004156 secs]2026-05-27T22:29:38.555+0800: 6481.040: [dirty klass scan, 0.0021665 secs], 0.0697365 secs]2026-05-27T22:29:38.558+0800: 6481.043: [weak refs processing, 0.0004130 secs]2026-05-27T22:29:38.559+0800: 6481.043: [class unloading, 0.0149510 secs]2026-05-27T22:29:38.574+0800: 6481.059: [scrub symbol table, 0.0222531 secs]2026-05-27T22:29:38.597+0800: 6481.082: [scrub string table, 0.0014203 secs][1 CMS-remark: 85002K(131072K)] 188505K(249088K), 0.1119984 secs] [Times: user=0.11 sys=0.00, real=0.11 secs] 
2026-05-27T22:29:38.601+0800: 6481.085: [CMS-concurrent-sweep-start]
2026-05-27T22:29:38.612+0800: 6481.097: [CMS-concurrent-sweep: 0.012/0.012 secs] [Times: user=0.01 sys=0.00, real=0.01 secs] 
2026-05-27T22:29:38.613+0800: 6481.098: [CMS-concurrent-reset-start]
2026-05-27T22:29:38.613+0800: 6481.098: [CMS-concurrent-reset: 0.000/0.000 secs] [Times: user=0.00 sys=0.00, real=0.00 secs] 
2026-05-27T22:29:40.614+0800: 6483.098: [GC (CMS Initial Mark) [1 CMS-initial-mark: 85002K(131072K)] 188599K(249088K), 0.0600996 secs] [Times: user=0.06 sys=0.00, real=0.06 secs] 
2026-05-27T22:29:40.675+0800: 6483.160: [CMS-concurrent-mark-start]
2026-05-27T22:29:40.730+0800: 6483.214: [CMS-concurrent-mark: 0.054/0.054 secs] [Times: user=0.06 sys=0.00, real=0.06 secs] 
2026-05-27T22:29:40.730+0800: 6483.215: [CMS-concurrent-preclean-start]
2026-05-27T22:29:40.733+0800: 6483.217: [CMS-concurrent-preclean: 0.002/0.002 secs] [Times: user=0.00 sys=0.00, real=0.00 secs] 
2026-05-27T22:29:40.733+0800: 6483.218: [CMS-concurrent-abortable-preclean-start]
 CMS: abort preclean due to time 2026-05-27T22:29:45.800+0800: 6488.287: [CMS-concurrent-abortable-preclean: 0.621/5.069 secs] [Times: user=0.68 sys=0.01, real=5.07 secs] 
2026-05-27T22:29:45.802+0800: 6488.289: [GC (CMS Final Remark) [YG occupancy: 104101 K (118016 K)]2026-05-27T22:29:45.803+0800: 6488.289: [Rescan (non-parallel) 2026-05-27T22:29:45.803+0800: 6488.290: [grey object rescan, 0.0004997 secs]2026-05-27T22:29:45.804+0800: 6488.291: [root rescan, 0.0615346 secs]2026-05-27T22:29:45.866+0800: 6488.353: [visit unhandled CLDs, 0.0005188 secs]2026-05-27T22:29:45.867+0800: 6488.353: [dirty klass scan, 0.0019483 secs], 0.0664840 secs]2026-05-27T22:29:45.869+0800: 6488.356: [weak refs processing, 0.0003035 secs]2026-05-27T22:29:45.870+0800: 6488.357: [class unloading, 0.0151614 secs]2026-05-27T22:29:45.886+0800: 6488.372: [scrub symbol table, 0.0212165 secs]2026-05-27T22:29:45.907+0800: 6488.394: [scrub string table, 0.0013017 secs][1 CMS-remark: 85002K(131072K)] 189104K(249088K), 0.1073341 secs] [Times: user=0.10 sys=0.00, real=0.11 secs] 
2026-05-27T22:29:45.910+0800: 6488.397: [CMS-concurrent-sweep-start]
2026-05-27T22:29:45.922+0800: 6488.408: [CMS-concurrent-sweep: 0.011/0.011 secs] [Times: user=0.01 sys=0.00, real=0.01 secs] 
2026-05-27T22:29:45.922+0800: 6488.409: [CMS-concurrent-reset-start]
2026-05-27T22:29:45.922+0800: 6488.409: [CMS-concurrent-reset: 0.000/0.000 secs] [Times: user=0.00 sys=0.00, real=0.00 secs] 
2026-05-27T22:29:47.923+0800: 6490.409: [GC (CMS Initial Mark) [1 CMS-initial-mark: 85002K(131072K)] 189334K(249088K), 0.0615181 secs] [Times: user=0.06 sys=0.00, real=0.06 secs] 
2026-05-27T22:29:47.985+0800: 6490.472: [CMS-concurrent-mark-start]
2026-05-27T22:29:48.039+0800: 6490.525: [CMS-concurrent-mark: 0.053/0.053 secs] [Times: user=0.05 sys=0.00, real=0.05 secs] 
2026-05-27T22:29:48.039+0800: 6490.526: [CMS-concurrent-preclean-start]
2026-05-27T22:29:48.042+0800: 6490.528: [CMS-concurrent-preclean: 0.002/0.002 secs] [Times: user=0.01 sys=0.00, real=0.00 secs] 
2026-05-27T22:29:48.042+0800: 6490.529: [CMS-concurrent-abortable-preclean-start]
 CMS: abort preclean due to time 2026-05-27T22:29:53.044+0800: 6495.531: [CMS-concurrent-abortable-preclean: 0.594/5.002 secs] [Times: user=0.63 sys=0.00, real=5.00 secs] 
2026-05-27T22:29:53.046+0800: 6495.532: [GC (CMS Final Remark) [YG occupancy: 104481 K (118016 K)]2026-05-27T22:29:53.046+0800: 6495.533: [Rescan (non-parallel) 2026-05-27T22:29:53.046+0800: 6495.533: [grey object rescan, 0.0006736 secs]2026-05-27T22:29:53.047+0800: 6495.534: [root rescan, 0.0637836 secs]2026-05-27T22:29:53.112+0800: 6495.599: [visit unhandled CLDs, 0.0005379 secs]2026-05-27T22:29:53.113+0800: 6495.600: [dirty klass scan, 0.0019226 secs], 0.0690630 secs]2026-05-27T22:29:53.116+0800: 6495.602: [weak refs processing, 0.0003701 secs]2026-05-27T22:29:53.116+0800: 6495.603: [class unloading, 0.0164106 secs]2026-05-27T22:29:53.133+0800: 6495.620: [scrub symbol table, 0.0206178 secs]2026-05-27T22:29:53.154+0800: 6495.641: [scrub string table, 0.0015214 secs][1 CMS-remark: 85002K(131072K)] 189483K(249088K), 0.1107213 secs] [Times: user=0.10 sys=0.00, real=0.10 secs] 
2026-05-27T22:29:53.158+0800: 6495.644: [CMS-concurrent-sweep-start]
2026-05-27T22:29:53.169+0800: 6495.656: [CMS-concurrent-sweep: 0.011/0.011 secs] [Times: user=0.01 sys=0.00, real=0.01 secs] 
2026-05-27T22:29:53.169+0800: 6495.656: [CMS-concurrent-reset-start]
2026-05-27T22:29:53.169+0800: 6495.656: [CMS-concurrent-reset: 0.000/0.000 secs] [Times: user=0.00 sys=0.00, real=0.00 secs] 
2026-05-27T22:29:55.170+0800: 6497.657: [GC (CMS Initial Mark) [1 CMS-initial-mark: 85002K(131072K)] 189628K(249088K), 0.0605690 secs] [Times: user=0.06 sys=0.00, real=0.06 secs] 
2026-05-27T22:29:55.232+0800: 6497.719: [CMS-concurrent-mark-start]
2026-05-27T22:29:55.285+0800: 6497.771: [CMS-concurrent-mark: 0.052/0.052 secs] [Times: user=0.05 sys=0.00, real=0.05 secs] 
2026-05-27T22:29:55.285+0800: 6497.772: [CMS-concurrent-preclean-start]
2026-05-27T22:29:55.288+0800: 6497.774: [CMS-concurrent-preclean: 0.002/0.002 secs] [Times: user=0.00 sys=0.00, real=0.00 secs] 
2026-05-27T22:29:55.288+0800: 6497.775: [CMS-concurrent-abortable-preclean-start]
 CMS: abort preclean due to time 2026-05-27T22:30:00.300+0800: 6502.787: [CMS-concurrent-abortable-preclean: 0.604/5.012 secs] [Times: user=0.64 sys=0.02, real=5.01 secs] 
2026-05-27T22:30:00.303+0800: 6502.790: [GC (CMS Final Remark) [YG occupancy: 105056 K (118016 K)]2026-05-27T22:30:00.303+0800: 6502.790: [Rescan (non-parallel) 2026-05-27T22:30:00.304+0800: 6502.790: [grey object rescan, 0.0005020 secs]2026-05-27T22:30:00.304+0800: 6502.791: [root rescan, 0.0693196 secs]2026-05-27T22:30:00.374+0800: 6502.861: [visit unhandled CLDs, 0.0007076 secs]2026-05-27T22:30:00.375+0800: 6502.862: [dirty klass scan, 0.0021283 secs], 0.0745171 secs]2026-05-27T22:30:00.378+0800: 6502.865: [weak refs processing, 0.0003632 secs]2026-05-27T22:30:00.379+0800: 6502.866: [class unloading, 0.0162637 secs]2026-05-27T22:30:00.396+0800: 6502.882: [scrub symbol table, 0.0234037 secs]2026-05-27T22:30:00.420+0800: 6502.906: [scrub string table, 0.0018022 secs][1 CMS-remark: 85002K(131072K)] 190059K(249088K), 0.1196862 secs] [Times: user=0.11 sys=0.00, real=0.12 secs] 
2026-05-27T22:30:00.424+0800: 6502.910: [CMS-concurrent-sweep-start]
2026-05-27T22:30:00.435+0800: 6502.922: [CMS-concurrent-sweep: 0.011/0.011 secs] [Times: user=0.01 sys=0.00, real=0.01 secs] 
2026-05-27T22:30:00.436+0800: 6502.923: [CMS-concurrent-reset-start]
2026-05-27T22:30:00.436+0800: 6502.923: [CMS-concurrent-reset: 0.000/0.000 secs] [Times: user=0.00 sys=0.00, real=0.00 secs] 
2026-05-27T22:30:02.437+0800: 6504.923: [GC (CMS Initial Mark) [1 CMS-initial-mark: 85002K(131072K)] 190130K(249088K), 0.0618974 secs] [Times: user=0.06 sys=0.01, real=0.07 secs] 
2026-05-27T22:30:02.500+0800: 6504.986: [CMS-concurrent-mark-start]
2026-05-27T22:30:02.563+0800: 6505.049: [CMS-concurrent-mark: 0.063/0.063 secs] [Times: user=0.06 sys=0.00, real=0.06 secs] 
2026-05-27T22:30:02.563+0800: 6505.050: [CMS-concurrent-preclean-start]
2026-05-27T22:30:02.565+0800: 6505.052: [CMS-concurrent-preclean: 0.002/0.002 secs] [Times: user=0.01 sys=0.00, real=0.01 secs] 
2026-05-27T22:30:02.566+0800: 6505.053: [CMS-concurrent-abortable-preclean-start]
 CMS: abort preclean due to time 2026-05-27T22:30:07.636+0800: 6510.123: [CMS-concurrent-abortable-preclean: 0.663/5.070 secs] [Times: user=0.70 sys=0.00, real=5.06 secs] 
2026-05-27T22:30:07.638+0800: 6510.125: [GC (CMS Final Remark) [YG occupancy: 105397 K (118016 K)]2026-05-27T22:30:07.638+0800: 6510.125: [Rescan (non-parallel) 2026-05-27T22:30:07.639+0800: 6510.125: [grey object rescan, 0.0004238 secs]2026-05-27T22:30:07.639+0800: 6510.126: [root rescan, 0.0639171 secs]2026-05-27T22:30:07.704+0800: 6510.191: [visit unhandled CLDs, 0.0004200 secs]2026-05-27T22:30:07.705+0800: 6510.191: [dirty klass scan, 0.0020305 secs], 0.0686802 secs]2026-05-27T22:30:07.707+0800: 6510.194: [weak refs processing, 0.0003378 secs]2026-05-27T22:30:07.708+0800: 6510.195: [class unloading, 0.0157859 secs]2026-05-27T22:30:07.724+0800: 6510.211: [scrub symbol table, 0.0212663 secs]2026-05-27T22:30:07.746+0800: 6510.233: [scrub string table, 0.0009633 secs][1 CMS-remark: 85002K(131072K)] 190400K(249088K), 0.1098947 secs] [Times: user=0.10 sys=0.00, real=0.11 secs] 
2026-05-27T22:30:07.749+0800: 6510.235: [CMS-concurrent-sweep-start]
2026-05-27T22:30:07.760+0800: 6510.246: [CMS-concurrent-sweep: 0.011/0.011 secs] [Times: user=0.01 sys=0.01, real=0.01 secs] 
2026-05-27T22:30:07.760+0800: 6510.247: [CMS-concurrent-reset-start]
2026-05-27T22:30:07.760+0800: 6510.247: [CMS-concurrent-reset: 0.000/0.000 secs] [Times: user=0.00 sys=0.00, real=0.00 secs] 
2026-05-27T22:30:09.762+0800: 6512.248: [GC (CMS Initial Mark) [1 CMS-initial-mark: 85002K(131072K)] 190487K(249088K), 0.0627979 secs] [Times: user=0.06 sys=0.00, real=0.07 secs] 
2026-05-27T22:30:09.826+0800: 6512.312: [CMS-concurrent-mark-start]
2026-05-27T22:30:09.887+0800: 6512.374: [CMS-concurrent-mark: 0.061/0.061 secs] [Times: user=0.06 sys=0.00, real=0.06 secs] 
2026-05-27T22:30:09.888+0800: 6512.374: [CMS-concurrent-preclean-start]
2026-05-27T22:30:09.892+0800: 6512.379: [CMS-concurrent-preclean: 0.004/0.004 secs] [Times: user=0.01 sys=0.00, real=0.00 secs] 
2026-05-27T22:30:09.892+0800: 6512.379: [CMS-concurrent-abortable-preclean-start]
 CMS: abort preclean due to time 2026-05-27T22:30:14.927+0800: 6517.417: [CMS-concurrent-abortable-preclean: 0.630/5.038 secs] [Times: user=0.69 sys=0.00, real=5.04 secs] 
2026-05-27T22:30:14.929+0800: 6517.419: [GC (CMS Final Remark) [YG occupancy: 105904 K (118016 K)]2026-05-27T22:30:14.929+0800: 6517.419: [Rescan (non-parallel) 2026-05-27T22:30:14.930+0800: 6517.420: [grey object rescan, 0.0003882 secs]2026-05-27T22:30:14.930+0800: 6517.420: [root rescan, 0.0674319 secs]2026-05-27T22:30:14.998+0800: 6517.488: [visit unhandled CLDs, 0.0004367 secs]2026-05-27T22:30:14.999+0800: 6517.489: [dirty klass scan, 0.0022551 secs], 0.0722767 secs]2026-05-27T22:30:15.002+0800: 6517.492: [weak refs processing, 0.0003289 secs]2026-05-27T22:30:15.002+0800: 6517.493: [class unloading, 0.0173453 secs]2026-05-27T22:30:15.020+0800: 6517.510: [scrub symbol table, 0.0227886 secs]2026-05-27T22:30:15.044+0800: 6517.534: [scrub string table, 0.0009480 secs][1 CMS-remark: 85002K(131072K)] 190906K(249088K), 0.1169941 secs] [Times: user=0.11 sys=0.00, real=0.12 secs] 
2026-05-27T22:30:15.047+0800: 6517.537: [CMS-concurrent-sweep-start]
2026-05-27T22:30:15.058+0800: 6517.548: [CMS-concurrent-sweep: 0.012/0.012 secs] [Times: user=0.01 sys=0.00, real=0.01 secs] 
2026-05-27T22:30:15.059+0800: 6517.549: [CMS-concurrent-reset-start]
2026-05-27T22:30:15.059+0800: 6517.549: [CMS-concurrent-reset: 0.000/0.000 secs] [Times: user=0.00 sys=0.00, real=0.00 secs] 
2026-05-27T22:30:17.060+0800: 6519.550: [GC (CMS Initial Mark) [1 CMS-initial-mark: 85002K(131072K)] 191080K(249088K), 0.0663549 secs] [Times: user=0.07 sys=0.00, real=0.07 secs] 
2026-05-27T22:30:17.127+0800: 6519.617: [CMS-concurrent-mark-start]
2026-05-27T22:30:17.182+0800: 6519.672: [CMS-concurrent-mark: 0.054/0.054 secs] [Times: user=0.05 sys=0.00, real=0.06 secs] 
2026-05-27T22:30:17.182+0800: 6519.672: [CMS-concurrent-preclean-start]
2026-05-27T22:30:17.184+0800: 6519.674: [CMS-concurrent-preclean: 0.002/0.002 secs] [Times: user=0.00 sys=0.00, real=0.00 secs] 
2026-05-27T22:30:17.185+0800: 6519.675: [CMS-concurrent-abortable-preclean-start]
 CMS: abort preclean due to time 2026-05-27T22:30:22.213+0800: 6524.703: [CMS-concurrent-abortable-preclean: 0.620/5.028 secs] [Times: user=0.65 sys=0.03, real=5.02 secs] 
2026-05-27T22:30:22.215+0800: 6524.705: [GC (CMS Final Remark) [YG occupancy: 106193 K (118016 K)]2026-05-27T22:30:22.215+0800: 6524.705: [Rescan (non-parallel) 2026-05-27T22:30:22.216+0800: 6524.706: [grey object rescan, 0.0003984 secs]2026-05-27T22:30:22.216+0800: 6524.706: [root rescan, 0.0637372 secs]2026-05-27T22:30:22.280+0800: 6524.771: [visit unhandled CLDs, 0.0003551 secs]2026-05-27T22:30:22.281+0800: 6524.771: [dirty klass scan, 0.0019670 secs], 0.0680756 secs]2026-05-27T22:30:22.284+0800: 6524.774: [weak refs processing, 0.0003205 secs]2026-05-27T22:30:22.284+0800: 6524.774: [class unloading, 0.0157859 secs]2026-05-27T22:30:22.301+0800: 6524.791: [scrub symbol table, 0.0204717 secs]2026-05-27T22:30:22.322+0800: 6524.812: [scrub string table, 0.0010487 secs][1 CMS-remark: 85002K(131072K)] 191196K(249088K), 0.1085199 secs] [Times: user=0.10 sys=0.00, real=0.11 secs] 
2026-05-27T22:30:22.325+0800: 6524.815: [CMS-concurrent-sweep-start]
2026-05-27T22:30:22.336+0800: 6524.826: [CMS-concurrent-sweep: 0.011/0.011 secs] [Times: user=0.01 sys=0.00, real=0.01 secs] 
2026-05-27T22:30:22.337+0800: 6524.827: [CMS-concurrent-reset-start]
2026-05-27T22:30:22.337+0800: 6524.827: [CMS-concurrent-reset: 0.000/0.000 secs] [Times: user=0.00 sys=0.00, real=0.00 secs] 
2026-05-27T22:30:24.337+0800: 6526.827: [GC (CMS Initial Mark) [1 CMS-initial-mark: 85002K(131072K)] 191274K(249088K), 0.0846388 secs] [Times: user=0.08 sys=0.00, real=0.09 secs] 
2026-05-27T22:30:24.424+0800: 6526.914: [CMS-concurrent-mark-start]
2026-05-27T22:30:24.486+0800: 6526.976: [CMS-concurrent-mark: 0.062/0.062 secs] [Times: user=0.07 sys=0.00, real=0.06 secs] 
2026-05-27T22:30:24.487+0800: 6526.977: [CMS-concurrent-preclean-start]
2026-05-27T22:30:24.489+0800: 6526.979: [CMS-concurrent-preclean: 0.002/0.002 secs] [Times: user=0.00 sys=0.00, real=0.00 secs] 
2026-05-27T22:30:24.490+0800: 6526.980: [CMS-concurrent-abortable-preclean-start]
 CMS: abort preclean due to time 2026-05-27T22:30:29.541+0800: 6532.031: [CMS-concurrent-abortable-preclean: 0.643/5.052 secs] [Times: user=0.69 sys=0.00, real=5.06 secs] 
2026-05-27T22:30:29.543+0800: 6532.033: [GC (CMS Final Remark) [YG occupancy: 106767 K (118016 K)]2026-05-27T22:30:29.543+0800: 6532.034: [Rescan (non-parallel) 2026-05-27T22:30:29.544+0800: 6532.034: [grey object rescan, 0.0005176 secs]2026-05-27T22:30:29.545+0800: 6532.035: [root rescan, 0.0643259 secs]2026-05-27T22:30:29.609+0800: 6532.100: [visit unhandled CLDs, 0.0003366 secs]2026-05-27T22:30:29.610+0800: 6532.100: [dirty klass scan, 0.0020727 secs], 0.0690014 secs]2026-05-27T22:30:29.613+0800: 6532.103: [weak refs processing, 0.0002799 secs]2026-05-27T22:30:29.613+0800: 6532.103: [class unloading, 0.0158194 secs]2026-05-27T22:30:29.629+0800: 6532.120: [scrub symbol table, 0.0222023 secs]2026-05-27T22:30:29.652+0800: 6532.142: [scrub string table, 0.0015134 secs][1 CMS-remark: 85002K(131072K)] 191769K(249088K), 0.1116985 secs] [Times: user=0.11 sys=0.00, real=0.11 secs] 
2026-05-27T22:30:29.656+0800: 6532.146: [CMS-concurrent-sweep-start]
2026-05-27T22:30:29.668+0800: 6532.158: [CMS-concurrent-sweep: 0.012/0.012 secs] [Times: user=0.01 sys=0.00, real=0.01 secs] 
2026-05-27T22:30:29.669+0800: 6532.159: [CMS-concurrent-reset-start]
2026-05-27T22:30:29.669+0800: 6532.159: [CMS-concurrent-reset: 0.000/0.000 secs] [Times: user=0.00 sys=0.00, real=0.00 secs] 
2026-05-27T22:30:31.671+0800: 6534.161: [GC (CMS Initial Mark) [1 CMS-initial-mark: 85002K(131072K)] 191872K(249088K), 0.0680289 secs] [Times: user=0.07 sys=0.00, real=0.07 secs] 
2026-05-27T22:30:31.741+0800: 6534.231: [CMS-concurrent-mark-start]
2026-05-27T22:30:31.806+0800: 6534.296: [CMS-concurrent-mark: 0.065/0.065 secs] [Times: user=0.07 sys=0.00, real=0.07 secs] 
2026-05-27T22:30:31.807+0800: 6534.297: [CMS-concurrent-preclean-start]
2026-05-27T22:30:31.810+0800: 6534.300: [CMS-concurrent-preclean: 0.003/0.003 secs] [Times: user=0.00 sys=0.00, real=0.00 secs] 
2026-05-27T22:30:31.810+0800: 6534.300: [CMS-concurrent-abortable-preclean-start]
 CMS: abort preclean due to time 2026-05-27T22:30:36.874+0800: 6539.364: [CMS-concurrent-abortable-preclean: 0.655/5.063 secs] [Times: user=0.71 sys=0.00, real=5.07 secs] 
2026-05-27T22:30:36.875+0800: 6539.365: [GC (CMS Final Remark) [YG occupancy: 107167 K (118016 K)]2026-05-27T22:30:36.875+0800: 6539.366: [Rescan (non-parallel) 2026-05-27T22:30:36.876+0800: 6539.366: [grey object rescan, 0.0006349 secs]2026-05-27T22:30:36.877+0800: 6539.367: [root rescan, 0.0731048 secs]2026-05-27T22:30:36.950+0800: 6539.441: [visit unhandled CLDs, 0.0003465 secs]2026-05-27T22:30:36.951+0800: 6539.441: [dirty klass scan, 0.0028145 secs], 0.0788468 secs]2026-05-27T22:30:36.955+0800: 6539.445: [weak refs processing, 0.0003608 secs]2026-05-27T22:30:36.955+0800: 6539.445: [class unloading, 0.0208320 secs]2026-05-27T22:30:36.977+0800: 6539.467: [scrub symbol table, 0.0244486 secs]2026-05-27T22:30:37.002+0800: 6539.492: [scrub string table, 0.0011302 secs][1 CMS-remark: 85002K(131072K)] 192169K(249088K), 0.1287341 secs] [Times: user=0.13 sys=0.00, real=0.13 secs] 
2026-05-27T22:30:37.005+0800: 6539.495: [CMS-concurrent-sweep-start]
2026-05-27T22:30:37.018+0800: 6539.508: [CMS-concurrent-sweep: 0.013/0.013 secs] [Times: user=0.01 sys=0.00, real=0.01 secs] 
2026-05-27T22:30:37.019+0800: 6539.509: [CMS-concurrent-reset-start]
2026-05-27T22:30:37.019+0800: 6539.509: [CMS-concurrent-reset: 0.000/0.000 secs] [Times: user=0.00 sys=0.00, real=0.00 secs] 
2026-05-27T22:30:39.020+0800: 6541.510: [GC (CMS Initial Mark) [1 CMS-initial-mark: 85002K(131072K)] 192286K(249088K), 0.0693028 secs] [Times: user=0.07 sys=0.00, real=0.07 secs] 
2026-05-27T22:30:39.090+0800: 6541.580: [CMS-concurrent-mark-start]
2026-05-27T22:30:39.152+0800: 6541.642: [CMS-concurrent-mark: 0.061/0.061 secs] [Times: user=0.05 sys=0.01, real=0.06 secs] 
2026-05-27T22:30:39.152+0800: 6541.642: [CMS-concurrent-preclean-start]
2026-05-27T22:30:39.155+0800: 6541.645: [CMS-concurrent-preclean: 0.003/0.003 secs] [Times: user=0.01 sys=0.00, real=0.01 secs] 
2026-05-27T22:30:39.155+0800: 6541.646: [CMS-concurrent-abortable-preclean-start]
 CMS: abort preclean due to time 2026-05-27T22:30:44.209+0800: 6546.701: [CMS-concurrent-abortable-preclean: 0.648/5.055 secs] [Times: user=0.72 sys=0.00, real=5.05 secs] 
2026-05-27T22:30:44.210+0800: 6546.702: [GC (CMS Final Remark) [YG occupancy: 107538 K (118016 K)]2026-05-27T22:30:44.211+0800: 6546.703: [Rescan (non-parallel) 2026-05-27T22:30:44.211+0800: 6546.703: [grey object rescan, 0.0003729 secs]2026-05-27T22:30:44.212+0800: 6546.704: [root rescan, 0.1009691 secs]2026-05-27T22:30:44.313+0800: 6546.805: [visit unhandled CLDs, 0.0002002 secs]2026-05-27T22:30:44.314+0800: 6546.805: [dirty klass scan, 0.0021245 secs], 0.1050694 secs]2026-05-27T22:30:44.316+0800: 6546.808: [weak refs processing, 0.0002722 secs]2026-05-27T22:30:44.317+0800: 6546.809: [class unloading, 0.0188804 secs]2026-05-27T22:30:44.336+0800: 6546.828: [scrub symbol table, 0.0218274 secs]2026-05-27T22:30:44.358+0800: 6546.850: [scrub string table, 0.0010093 secs][1 CMS-remark: 85002K(131072K)] 192541K(249088K), 0.1497647 secs] [Times: user=0.13 sys=0.00, real=0.16 secs] 
2026-05-27T22:30:44.361+0800: 6546.853: [CMS-concurrent-sweep-start]
2026-05-27T22:30:44.373+0800: 6546.865: [CMS-concurrent-sweep: 0.012/0.012 secs] [Times: user=0.01 sys=0.00, real=0.01 secs] 
2026-05-27T22:30:44.373+0800: 6546.865: [CMS-concurrent-reset-start]
2026-05-27T22:30:44.374+0800: 6546.866: [CMS-concurrent-reset: 0.000/0.000 secs] [Times: user=0.00 sys=0.00, real=0.00 secs] 
2026-05-27T22:30:46.375+0800: 6548.866: [GC (CMS Initial Mark) [1 CMS-initial-mark: 85002K(131072K)] 192598K(249088K), 0.0620717 secs] [Times: user=0.06 sys=0.00, real=0.06 secs] 
2026-05-27T22:30:46.438+0800: 6548.930: [CMS-concurrent-mark-start]
2026-05-27T22:30:46.493+0800: 6548.985: [CMS-concurrent-mark: 0.055/0.055 secs] [Times: user=0.06 sys=0.00, real=0.06 secs] 
2026-05-27T22:30:46.494+0800: 6548.986: [CMS-concurrent-preclean-start]
2026-05-27T22:30:46.496+0800: 6548.988: [CMS-concurrent-preclean: 0.002/0.002 secs] [Times: user=0.00 sys=0.00, real=0.00 secs] 
2026-05-27T22:30:46.497+0800: 6548.988: [CMS-concurrent-abortable-preclean-start]
 CMS: abort preclean due to time 2026-05-27T22:30:51.606+0800: 6554.097: [CMS-concurrent-abortable-preclean: 0.701/5.109 secs] [Times: user=0.76 sys=0.00, real=5.11 secs] 
2026-05-27T22:30:51.607+0800: 6554.099: [GC (CMS Final Remark) [YG occupancy: 107978 K (118016 K)]2026-05-27T22:30:51.607+0800: 6554.099: [Rescan (non-parallel) 2026-05-27T22:30:51.608+0800: 6554.100: [grey object rescan, 0.0004472 secs]2026-05-27T22:30:51.609+0800: 6554.101: [root rescan, 0.0689483 secs]2026-05-27T22:30:51.678+0800: 6554.170: [visit unhandled CLDs, 0.0004320 secs]2026-05-27T22:30:51.679+0800: 6554.171: [dirty klass scan, 0.0027520 secs], 0.0752889 secs]2026-05-27T22:30:51.683+0800: 6554.175: [weak refs processing, 0.0004406 secs]2026-05-27T22:30:51.684+0800: 6554.176: [class unloading, 0.0183890 secs]2026-05-27T22:30:51.703+0800: 6554.195: [scrub symbol table, 0.0271329 secs]2026-05-27T22:30:51.731+0800: 6554.222: [scrub string table, 0.0012872 secs][1 CMS-remark: 85002K(131072K)] 192981K(249088K), 0.1267986 secs] [Times: user=0.12 sys=0.00, real=0.13 secs] 
2026-05-27T22:30:51.735+0800: 6554.227: [CMS-concurrent-sweep-start]
2026-05-27T22:30:51.750+0800: 6554.242: [CMS-concurrent-sweep: 0.015/0.015 secs] [Times: user=0.01 sys=0.00, real=0.01 secs] 
2026-05-27T22:30:51.751+0800: 6554.243: [CMS-concurrent-reset-start]
2026-05-27T22:30:51.751+0800: 6554.243: [CMS-concurrent-reset: 0.000/0.000 secs] [Times: user=0.00 sys=0.00, real=0.00 secs] 
2026-05-27T22:30:53.751+0800: 6556.243: [GC (CMS Initial Mark) [1 CMS-initial-mark: 85002K(131072K)] 193068K(249088K), 0.0636749 secs] [Times: user=0.06 sys=0.00, real=0.07 secs] 
2026-05-27T22:30:53.816+0800: 6556.308: [CMS-concurrent-mark-start]
2026-05-27T22:30:53.871+0800: 6556.363: [CMS-concurrent-mark: 0.055/0.055 secs] [Times: user=0.05 sys=0.01, real=0.05 secs] 
2026-05-27T22:30:53.872+0800: 6556.364: [CMS-concurrent-preclean-start]
2026-05-27T22:30:53.874+0800: 6556.366: [CMS-concurrent-preclean: 0.002/0.002 secs] [Times: user=0.01 sys=0.00, real=0.00 secs] 
2026-05-27T22:30:53.875+0800: 6556.367: [CMS-concurrent-abortable-preclean-start]
 CMS: abort preclean due to time 2026-05-27T22:30:58.906+0800: 6561.398: [CMS-concurrent-abortable-preclean: 0.623/5.031 secs] [Times: user=0.67 sys=0.01, real=5.03 secs] 
2026-05-27T22:30:58.907+0800: 6561.399: [GC (CMS Final Remark) [YG occupancy: 108428 K (118016 K)]2026-05-27T22:30:58.908+0800: 6561.399: [Rescan (non-parallel) 2026-05-27T22:30:58.908+0800: 6561.400: [grey object rescan, 0.0003710 secs]2026-05-27T22:30:58.908+0800: 6561.400: [root rescan, 0.0675602 secs]2026-05-27T22:30:58.977+0800: 6561.468: [visit unhandled CLDs, 0.0004632 secs]2026-05-27T22:30:58.977+0800: 6561.469: [dirty klass scan, 0.0019860 secs], 0.0722976 secs]2026-05-27T22:30:58.980+0800: 6561.472: [weak refs processing, 0.0004207 secs]2026-05-27T22:30:58.981+0800: 6561.473: [class unloading, 0.0181095 secs]2026-05-27T22:30:58.999+0800: 6561.491: [scrub symbol table, 0.0223647 secs]2026-05-27T22:30:59.022+0800: 6561.514: [scrub string table, 0.0009398 secs][1 CMS-remark: 85002K(131072K)] 193431K(249088K), 0.1169794 secs] [Times: user=0.11 sys=0.00, real=0.12 secs] 
2026-05-27T22:30:59.025+0800: 6561.517: [CMS-concurrent-sweep-start]
2026-05-27T22:30:59.036+0800: 6561.528: [CMS-concurrent-sweep: 0.011/0.011 secs] [Times: user=0.01 sys=0.00, real=0.01 secs] 
2026-05-27T22:30:59.037+0800: 6561.529: [CMS-concurrent-reset-start]
2026-05-27T22:30:59.037+0800: 6561.529: [CMS-concurrent-reset: 0.000/0.000 secs] [Times: user=0.00 sys=0.00, real=0.00 secs] 
2026-05-27T22:31:01.038+0800: 6563.529: [GC (CMS Initial Mark) [1 CMS-initial-mark: 85002K(131072K)] 193571K(249088K), 0.0728862 secs] [Times: user=0.08 sys=0.00, real=0.07 secs] 
2026-05-27T22:31:01.112+0800: 6563.604: [CMS-concurrent-mark-start]
2026-05-27T22:31:01.172+0800: 6563.664: [CMS-concurrent-mark: 0.060/0.060 secs] [Times: user=0.05 sys=0.01, real=0.06 secs] 
2026-05-27T22:31:01.173+0800: 6563.665: [CMS-concurrent-preclean-start]
2026-05-27T22:31:01.175+0800: 6563.667: [CMS-concurrent-preclean: 0.002/0.002 secs] [Times: user=0.01 sys=0.00, real=0.00 secs] 
2026-05-27T22:31:01.176+0800: 6563.668: [CMS-concurrent-abortable-preclean-start]
 CMS: abort preclean due to time 2026-05-27T22:31:06.234+0800: 6568.726: [CMS-concurrent-abortable-preclean: 0.650/5.058 secs] [Times: user=0.70 sys=0.01, real=5.06 secs] 
2026-05-27T22:31:06.236+0800: 6568.727: [GC (CMS Final Remark) [YG occupancy: 108762 K (118016 K)]2026-05-27T22:31:06.236+0800: 6568.728: [Rescan (non-parallel) 2026-05-27T22:31:06.236+0800: 6568.728: [grey object rescan, 0.0003696 secs]2026-05-27T22:31:06.237+0800: 6568.729: [root rescan, 0.0726889 secs]2026-05-27T22:31:06.310+0800: 6568.802: [visit unhandled CLDs, 0.0007643 secs]2026-05-27T22:31:06.312+0800: 6568.803: [dirty klass scan, 0.0030067 secs], 0.0786944 secs]2026-05-27T22:31:06.315+0800: 6568.807: [weak refs processing, 0.0002599 secs]2026-05-27T22:31:06.316+0800: 6568.807: [class unloading, 0.0166326 secs]2026-05-27T22:31:06.333+0800: 6568.824: [scrub symbol table, 0.0221075 secs]2026-05-27T22:31:06.355+0800: 6568.847: [scrub string table, 0.0009225 secs][1 CMS-remark: 85002K(131072K)] 193765K(249088K), 0.1212529 secs] [Times: user=0.11 sys=0.00, real=0.12 secs] 
2026-05-27T22:31:06.358+0800: 6568.850: [CMS-concurrent-sweep-start]
2026-05-27T22:31:06.371+0800: 6568.862: [CMS-concurrent-sweep: 0.013/0.013 secs] [Times: user=0.02 sys=0.00, real=0.01 secs] 
2026-05-27T22:31:06.371+0800: 6568.863: [CMS-concurrent-reset-start]
2026-05-27T22:31:06.371+0800: 6568.863: [CMS-concurrent-reset: 0.000/0.000 secs] [Times: user=0.00 sys=0.00, real=0.00 secs] 
2026-05-27T22:31:08.372+0800: 6570.864: [GC (CMS Initial Mark) [1 CMS-initial-mark: 85002K(131072K)] 193947K(249088K), 0.0791413 secs] [Times: user=0.08 sys=0.00, real=0.08 secs] 
2026-05-27T22:31:08.453+0800: 6570.944: [CMS-concurrent-mark-start]
2026-05-27T22:31:08.512+0800: 6571.004: [CMS-concurrent-mark: 0.060/0.060 secs] [Times: user=0.06 sys=0.00, real=0.06 secs] 
2026-05-27T22:31:08.513+0800: 6571.005: [CMS-concurrent-preclean-start]
2026-05-27T22:31:08.515+0800: 6571.007: [CMS-concurrent-preclean: 0.002/0.002 secs] [Times: user=0.00 sys=0.00, real=0.00 secs] 
2026-05-27T22:31:08.516+0800: 6571.008: [CMS-concurrent-abortable-preclean-start]
 CMS: abort preclean due to time 2026-05-27T22:31:13.565+0800: 6576.057: [CMS-concurrent-abortable-preclean: 0.641/5.049 secs] [Times: user=0.69 sys=0.01, real=5.05 secs] 
2026-05-27T22:31:13.566+0800: 6576.058: [GC (CMS Final Remark) [YG occupancy: 109301 K (118016 K)]2026-05-27T22:31:13.567+0800: 6576.058: [Rescan (non-parallel) 2026-05-27T22:31:13.567+0800: 6576.059: [grey object rescan, 0.0005183 secs]2026-05-27T22:31:13.568+0800: 6576.060: [root rescan, 0.0665087 secs]2026-05-27T22:31:13.635+0800: 6576.127: [visit unhandled CLDs, 0.0005555 secs]2026-05-27T22:31:13.636+0800: 6576.128: [dirty klass scan, 0.0019560 secs], 0.0714727 secs]2026-05-27T22:31:13.639+0800: 6576.130: [weak refs processing, 0.0003485 secs]2026-05-27T22:31:13.639+0800: 6576.131: [class unloading, 0.0152281 secs]2026-05-27T22:31:13.655+0800: 6576.147: [scrub symbol table, 0.0217000 secs]2026-05-27T22:31:13.677+0800: 6576.169: [scrub string table, 0.0010727 secs][1 CMS-remark: 85002K(131072K)] 194304K(249088K), 0.1128535 secs] [Times: user=0.11 sys=0.00, real=0.11 secs] 
2026-05-27T22:31:13.680+0800: 6576.172: [CMS-concurrent-sweep-start]
2026-05-27T22:31:13.693+0800: 6576.185: [CMS-concurrent-sweep: 0.012/0.012 secs] [Times: user=0.02 sys=0.00, real=0.01 secs] 
2026-05-27T22:31:13.693+0800: 6576.185: [CMS-concurrent-reset-start]
2026-05-27T22:31:13.694+0800: 6576.185: [CMS-concurrent-reset: 0.000/0.000 secs] [Times: user=0.00 sys=0.00, real=0.00 secs] 
2026-05-27T22:31:15.691+0800: 6578.186: [GC (CMS Initial Mark) [1 CMS-initial-mark: 85002K(131072K)] 194346K(249088K), 0.0655440 secs] [Times: user=0.06 sys=0.00, real=0.07 secs] 
2026-05-27T22:31:15.758+0800: 6578.253: [CMS-concurrent-mark-start]
2026-05-27T22:31:15.811+0800: 6578.306: [CMS-concurrent-mark: 0.053/0.053 secs] [Times: user=0.06 sys=0.00, real=0.05 secs] 
2026-05-27T22:31:15.812+0800: 6578.307: [CMS-concurrent-preclean-start]
2026-05-27T22:31:15.814+0800: 6578.309: [CMS-concurrent-preclean: 0.002/0.002 secs] [Times: user=0.00 sys=0.00, real=0.00 secs] 
2026-05-27T22:31:15.815+0800: 6578.309: [CMS-concurrent-abortable-preclean-start]
 CMS: abort preclean due to time 2026-05-27T22:31:20.849+0800: 6583.343: [CMS-concurrent-abortable-preclean: 0.626/5.034 secs] [Times: user=0.66 sys=0.01, real=5.03 secs] 
2026-05-27T22:31:20.850+0800: 6583.345: [GC (CMS Final Remark) [YG occupancy: 109658 K (118016 K)]2026-05-27T22:31:20.850+0800: 6583.345: [Rescan (non-parallel) 2026-05-27T22:31:20.851+0800: 6583.346: [grey object rescan, 0.0004603 secs]2026-05-27T22:31:20.852+0800: 6583.346: [root rescan, 0.0657862 secs]2026-05-27T22:31:20.918+0800: 6583.413: [visit unhandled CLDs, 0.0004610 secs]2026-05-27T22:31:20.919+0800: 6583.413: [dirty klass scan, 0.0019507 secs], 0.0704562 secs]2026-05-27T22:31:20.921+0800: 6583.416: [weak refs processing, 0.0005439 secs]2026-05-27T22:31:20.922+0800: 6583.417: [class unloading, 0.0149996 secs]2026-05-27T22:31:20.938+0800: 6583.433: [scrub symbol table, 0.0220974 secs]2026-05-27T22:31:20.960+0800: 6583.455: [scrub string table, 0.0011660 secs][1 CMS-remark: 85002K(131072K)] 194661K(249088K), 0.1123516 secs] [Times: user=0.10 sys=0.00, real=0.11 secs] 
2026-05-27T22:31:20.963+0800: 6583.458: [CMS-concurrent-sweep-start]
2026-05-27T22:31:20.975+0800: 6583.470: [CMS-concurrent-sweep: 0.012/0.012 secs] [Times: user=0.02 sys=0.00, real=0.01 secs] 
2026-05-27T22:31:20.976+0800: 6583.471: [CMS-concurrent-reset-start]
2026-05-27T22:31:20.976+0800: 6583.471: [CMS-concurrent-reset: 0.000/0.000 secs] [Times: user=0.00 sys=0.00, real=0.00 secs] 
2026-05-27T22:31:22.976+0800: 6585.471: [GC (CMS Initial Mark) [1 CMS-initial-mark: 85002K(131072K)] 194742K(249088K), 0.0650326 secs] [Times: user=0.06 sys=0.00, real=0.07 secs] 
2026-05-27T22:31:23.043+0800: 6585.537: [CMS-concurrent-mark-start]
2026-05-27T22:31:23.096+0800: 6585.591: [CMS-concurrent-mark: 0.053/0.053 secs] [Times: user=0.06 sys=0.00, real=0.05 secs] 
2026-05-27T22:31:23.097+0800: 6585.592: [CMS-concurrent-preclean-start]
2026-05-27T22:31:23.100+0800: 6585.594: [CMS-concurrent-preclean: 0.003/0.003 secs] [Times: user=0.00 sys=0.00, real=0.00 secs] 
2026-05-27T22:31:23.100+0800: 6585.595: [CMS-concurrent-abortable-preclean-start]
 CMS: abort preclean due to time 2026-05-27T22:31:28.127+0800: 6590.622: [CMS-concurrent-abortable-preclean: 0.619/5.027 secs] [Times: user=0.67 sys=0.01, real=5.02 secs] 
2026-05-27T22:31:28.129+0800: 6590.624: [GC (CMS Final Remark) [YG occupancy: 110178 K (118016 K)]2026-05-27T22:31:28.129+0800: 6590.624: [Rescan (non-parallel) 2026-05-27T22:31:28.130+0800: 6590.625: [grey object rescan, 0.0004282 secs]2026-05-27T22:31:28.130+0800: 6590.625: [root rescan, 0.0664437 secs]2026-05-27T22:31:28.197+0800: 6590.692: [visit unhandled CLDs, 0.0004084 secs]2026-05-27T22:31:28.198+0800: 6590.693: [dirty klass scan, 0.0019795 secs], 0.0709272 secs]2026-05-27T22:31:28.201+0800: 6590.696: [weak refs processing, 0.0004136 secs]2026-05-27T22:31:28.202+0800: 6590.696: [class unloading, 0.0150959 secs]2026-05-27T22:31:28.217+0800: 6590.712: [scrub symbol table, 0.0216994 secs]2026-05-27T22:31:28.239+0800: 6590.734: [scrub string table, 0.0009130 secs][1 CMS-remark: 85002K(131072K)] 195181K(249088K), 0.1122584 secs] [Times: user=0.10 sys=0.00, real=0.11 secs] 
2026-05-27T22:31:28.242+0800: 6590.737: [CMS-concurrent-sweep-start]
2026-05-27T22:31:28.254+0800: 6590.749: [CMS-concurrent-sweep: 0.012/0.012 secs] [Times: user=0.01 sys=0.01, real=0.01 secs] 
2026-05-27T22:31:28.255+0800: 6590.750: [CMS-concurrent-reset-start]
2026-05-27T22:31:28.255+0800: 6590.750: [CMS-concurrent-reset: 0.000/0.000 secs] [Times: user=0.00 sys=0.00, real=0.00 secs] 
2026-05-27T22:31:30.256+0800: 6592.750: [GC (CMS Initial Mark) [1 CMS-initial-mark: 85002K(131072K)] 195377K(249088K), 0.0649972 secs] [Times: user=0.07 sys=0.00, real=0.07 secs] 
2026-05-27T22:31:30.322+0800: 6592.816: [CMS-concurrent-mark-start]
2026-05-27T22:31:30.375+0800: 6592.870: [CMS-concurrent-mark: 0.053/0.053 secs] [Times: user=0.05 sys=0.00, real=0.05 secs] 
2026-05-27T22:31:30.376+0800: 6592.870: [CMS-concurrent-preclean-start]
2026-05-27T22:31:30.378+0800: 6592.873: [CMS-concurrent-preclean: 0.002/0.002 secs] [Times: user=0.01 sys=0.00, real=0.01 secs] 
2026-05-27T22:31:30.378+0800: 6592.873: [CMS-concurrent-abortable-preclean-start]
 CMS: abort preclean due to time 2026-05-27T22:31:35.396+0800: 6597.891: [CMS-concurrent-abortable-preclean: 0.610/5.018 secs] [Times: user=0.66 sys=0.00, real=5.01 secs] 
2026-05-27T22:31:35.398+0800: 6597.892: [GC (CMS Final Remark) [YG occupancy: 110502 K (118016 K)]2026-05-27T22:31:35.398+0800: 6597.893: [Rescan (non-parallel) 2026-05-27T22:31:35.398+0800: 6597.893: [grey object rescan, 0.0003577 secs]2026-05-27T22:31:35.399+0800: 6597.894: [root rescan, 0.0675116 secs]2026-05-27T22:31:35.467+0800: 6597.962: [visit unhandled CLDs, 0.0002874 secs]2026-05-27T22:31:35.468+0800: 6597.962: [dirty klass scan, 0.0020675 secs], 0.0717652 secs]2026-05-27T22:31:35.470+0800: 6597.965: [weak refs processing, 0.0006212 secs]2026-05-27T22:31:35.471+0800: 6597.966: [class unloading, 0.0156262 secs]2026-05-27T22:31:35.488+0800: 6597.982: [scrub symbol table, 0.0217803 secs]2026-05-27T22:31:35.510+0800: 6598.005: [scrub string table, 0.0013073 secs][1 CMS-remark: 85002K(131072K)] 195505K(249088K), 0.1143525 secs] [Times: user=0.11 sys=0.00, real=0.11 secs] 
2026-05-27T22:31:35.513+0800: 6598.008: [CMS-concurrent-sweep-start]
2026-05-27T22:31:35.526+0800: 6598.021: [CMS-concurrent-sweep: 0.013/0.013 secs] [Times: user=0.01 sys=0.00, real=0.01 secs] 
2026-05-27T22:31:35.528+0800: 6598.023: [CMS-concurrent-reset-start]
2026-05-27T22:31:35.528+0800: 6598.023: [CMS-concurrent-reset: 0.000/0.000 secs] [Times: user=0.00 sys=0.00, real=0.00 secs] 
2026-05-27T22:31:37.530+0800: 6600.024: [GC (CMS Initial Mark) [1 CMS-initial-mark: 85002K(131072K)] 195703K(249088K), 0.0654641 secs] [Times: user=0.07 sys=0.00, real=0.06 secs] 
2026-05-27T22:31:37.597+0800: 6600.091: [CMS-concurrent-mark-start]
2026-05-27T22:31:37.651+0800: 6600.146: [CMS-concurrent-mark: 0.055/0.055 secs] [Times: user=0.05 sys=0.00, real=0.06 secs] 
2026-05-27T22:31:37.652+0800: 6600.147: [CMS-concurrent-preclean-start]
2026-05-27T22:31:37.655+0800: 6600.150: [CMS-concurrent-preclean: 0.003/0.003 secs] [Times: user=0.00 sys=0.00, real=0.00 secs] 
2026-05-27T22:31:37.656+0800: 6600.150: [CMS-concurrent-abortable-preclean-start]
 CMS: abort preclean due to time 2026-05-27T22:31:42.767+0800: 6605.262: [CMS-concurrent-abortable-preclean: 0.603/5.111 secs] [Times: user=0.64 sys=0.01, real=5.11 secs] 
2026-05-27T22:31:42.769+0800: 6605.264: [GC (CMS Final Remark) [YG occupancy: 110913 K (118016 K)]2026-05-27T22:31:42.770+0800: 6605.264: [Rescan (non-parallel) 2026-05-27T22:31:42.770+0800: 6605.265: [grey object rescan, 0.0003950 secs]2026-05-27T22:31:42.771+0800: 6605.265: [root rescan, 0.0684639 secs]2026-05-27T22:31:42.840+0800: 6605.334: [visit unhandled CLDs, 0.0003671 secs]2026-05-27T22:31:42.841+0800: 6605.336: [dirty klass scan, 0.0021156 secs], 0.0737300 secs]2026-05-27T22:31:42.844+0800: 6605.338: [weak refs processing, 0.0003478 secs]2026-05-27T22:31:42.844+0800: 6605.339: [class unloading, 0.0162065 secs]2026-05-27T22:31:42.861+0800: 6605.356: [scrub symbol table, 0.0204365 secs]2026-05-27T22:31:42.882+0800: 6605.377: [scrub string table, 0.0010734 secs][1 CMS-remark: 85002K(131072K)] 195916K(249088K), 0.1147027 secs] [Times: user=0.11 sys=0.00, real=0.11 secs] 
2026-05-27T22:31:42.885+0800: 6605.379: [CMS-concurrent-sweep-start]
2026-05-27T22:31:42.896+0800: 6605.390: [CMS-concurrent-sweep: 0.011/0.011 secs] [Times: user=0.01 sys=0.01, real=0.01 secs] 
2026-05-27T22:31:42.896+0800: 6605.391: [CMS-concurrent-reset-start]
2026-05-27T22:31:42.896+0800: 6605.391: [CMS-concurrent-reset: 0.000/0.000 secs] [Times: user=0.00 sys=0.00, real=0.00 secs] 
2026-05-27T22:31:44.895+0800: 6607.392: [GC (CMS Initial Mark) [1 CMS-initial-mark: 85002K(131072K)] 196127K(249088K), 0.0648437 secs] [Times: user=0.07 sys=0.00, real=0.06 secs] 
2026-05-27T22:31:44.961+0800: 6607.458: [CMS-concurrent-mark-start]
2026-05-27T22:31:45.016+0800: 6607.513: [CMS-concurrent-mark: 0.055/0.055 secs] [Times: user=0.05 sys=0.00, real=0.06 secs] 
2026-05-27T22:31:45.017+0800: 6607.514: [CMS-concurrent-preclean-start]
2026-05-27T22:31:45.019+0800: 6607.516: [CMS-concurrent-preclean: 0.002/0.002 secs] [Times: user=0.00 sys=0.00, real=0.00 secs] 
2026-05-27T22:31:45.020+0800: 6607.517: [CMS-concurrent-abortable-preclean-start]
2026-05-27T22:31:47.014+0800: 6609.511: [GC (Allocation Failure) 2026-05-27T22:31:47.014+0800: 6609.511: [DefNew: 111222K->3141K(118016K), 0.0216656 secs] 196225K->88143K(249088K), 0.0230456 secs] [Times: user=0.02 sys=0.00, real=0.03 secs] 
 CMS: abort preclean due to time 2026-05-27T22:31:50.027+0800: 6612.525: [CMS-concurrent-abortable-preclean: 0.635/5.007 secs] [Times: user=0.70 sys=0.01, real=5.01 secs] 
2026-05-27T22:31:50.029+0800: 6612.526: [GC (CMS Final Remark) [YG occupancy: 4798 K (118016 K)]2026-05-27T22:31:50.029+0800: 6612.526: [Rescan (non-parallel) 2026-05-27T22:31:50.030+0800: 6612.527: [grey object rescan, 0.0004344 secs]2026-05-27T22:31:50.030+0800: 6612.528: [root rescan, 0.0042489 secs]2026-05-27T22:31:50.035+0800: 6612.532: [visit unhandled CLDs, 0.0003766 secs]2026-05-27T22:31:50.036+0800: 6612.533: [dirty klass scan, 0.0018831 secs], 0.0088165 secs]2026-05-27T22:31:50.039+0800: 6612.536: [weak refs processing, 0.0004449 secs]2026-05-27T22:31:50.039+0800: 6612.536: [class unloading, 0.0158567 secs]2026-05-27T22:31:50.056+0800: 6612.553: [scrub symbol table, 0.0210291 secs]2026-05-27T22:31:50.078+0800: 6612.575: [scrub string table, 0.0008348 secs][1 CMS-remark: 85002K(131072K)] 89800K(249088K), 0.0502236 secs] [Times: user=0.04 sys=0.00, real=0.05 secs] 
2026-05-27T22:31:50.080+0800: 6612.577: [CMS-concurrent-sweep-start]
2026-05-27T22:31:50.091+0800: 6612.588: [CMS-concurrent-sweep: 0.011/0.011 secs] [Times: user=0.01 sys=0.00, real=0.01 secs] 
2026-05-27T22:31:50.092+0800: 6612.589: [CMS-concurrent-reset-start]
2026-05-27T22:31:50.092+0800: 6612.589: [CMS-concurrent-reset: 0.000/0.000 secs] [Times: user=0.00 sys=0.00, real=0.00 secs] 
